test	Set up job	ï»¿2025-12-21T16:28:02.4351048Z Current runner version: '2.330.0'
test	Set up job	2025-12-21T16:28:02.4385963Z ##[group]Runner Image Provisioner
test	Set up job	2025-12-21T16:28:02.4387636Z Hosted Compute Agent
test	Set up job	2025-12-21T16:28:02.4388616Z Version: 20251211.462
test	Set up job	2025-12-21T16:28:02.4389600Z Commit: 6cbad8c2bb55d58165063d031ccabf57e2d2db61
test	Set up job	2025-12-21T16:28:02.4390715Z Build Date: 2025-12-11T16:28:49Z
test	Set up job	2025-12-21T16:28:02.4391921Z Worker ID: {65f12e23-9ad0-4979-ae56-39fb0863c882}
test	Set up job	2025-12-21T16:28:02.4393130Z ##[endgroup]
test	Set up job	2025-12-21T16:28:02.4393944Z ##[group]Operating System
test	Set up job	2025-12-21T16:28:02.4395014Z Ubuntu
test	Set up job	2025-12-21T16:28:02.4395808Z 24.04.3
test	Set up job	2025-12-21T16:28:02.4396851Z LTS
test	Set up job	2025-12-21T16:28:02.4397701Z ##[endgroup]
test	Set up job	2025-12-21T16:28:02.4398613Z ##[group]Runner Image
test	Set up job	2025-12-21T16:28:02.4399495Z Image: ubuntu-24.04
test	Set up job	2025-12-21T16:28:02.4400358Z Version: 20251215.174.1
test	Set up job	2025-12-21T16:28:02.4402202Z Included Software: https://github.com/actions/runner-images/blob/ubuntu24/20251215.174/images/ubuntu/Ubuntu2404-Readme.md
test	Set up job	2025-12-21T16:28:02.4404715Z Image Release: https://github.com/actions/runner-images/releases/tag/ubuntu24%2F20251215.174
test	Set up job	2025-12-21T16:28:02.4407084Z ##[endgroup]
test	Set up job	2025-12-21T16:28:02.4408944Z ##[group]GITHUB_TOKEN Permissions
test	Set up job	2025-12-21T16:28:02.4411936Z Contents: read
test	Set up job	2025-12-21T16:28:02.4412882Z Metadata: read
test	Set up job	2025-12-21T16:28:02.4413701Z Packages: read
test	Set up job	2025-12-21T16:28:02.4414746Z ##[endgroup]
test	Set up job	2025-12-21T16:28:02.4418342Z Secret source: Actions
test	Set up job	2025-12-21T16:28:02.4419448Z Prepare workflow directory
test	Set up job	2025-12-21T16:28:02.4904105Z Prepare all required actions
test	Set up job	2025-12-21T16:28:02.4961888Z Getting action download info
test	Set up job	2025-12-21T16:28:02.7948890Z Download action repository 'actions/checkout@v4' (SHA:34e114876b0b11c390a56381ad16ebd13914f8d5)
test	Set up job	2025-12-21T16:28:02.9033813Z Download action repository 'actions/setup-java@v4' (SHA:c1e323688fd81a25caa38c78aa6df2d33d3e20d9)
test	Set up job	2025-12-21T16:28:03.6482914Z Download action repository 'subosito/flutter-action@v2' (SHA:fd55f4c5af5b953cc57a2be44cb082c8f6635e8e)
test	Set up job	2025-12-21T16:28:03.9909623Z Download action repository 'actions/upload-artifact@v4' (SHA:ea165f8d65b6e75b540449e92b4886f43607fa02)
test	Set up job	2025-12-21T16:28:04.5379270Z Download action repository 'actions/cache@v4' (SHA:0057852bfaa89a56745cba8c7296529d2fc39830)
test	Set up job	2025-12-21T16:28:04.7800050Z Getting action download info
test	Set up job	2025-12-21T16:28:04.9203405Z Complete job name: test
test	Run actions/checkout@v4	ï»¿2025-12-21T16:28:04.9875662Z ##[group]Run actions/checkout@v4
test	Run actions/checkout@v4	2025-12-21T16:28:04.9876480Z with:
test	Run actions/checkout@v4	2025-12-21T16:28:04.9876748Z   repository: hfcs/simple_match
test	Run actions/checkout@v4	2025-12-21T16:28:04.9877191Z   token: ***
test	Run actions/checkout@v4	2025-12-21T16:28:04.9877416Z   ssh-strict: true
test	Run actions/checkout@v4	2025-12-21T16:28:04.9877648Z   ssh-user: git
test	Run actions/checkout@v4	2025-12-21T16:28:04.9877882Z   persist-credentials: true
test	Run actions/checkout@v4	2025-12-21T16:28:04.9878140Z   clean: true
test	Run actions/checkout@v4	2025-12-21T16:28:04.9878374Z   sparse-checkout-cone-mode: true
test	Run actions/checkout@v4	2025-12-21T16:28:04.9878651Z   fetch-depth: 1
test	Run actions/checkout@v4	2025-12-21T16:28:04.9878877Z   fetch-tags: false
test	Run actions/checkout@v4	2025-12-21T16:28:04.9879108Z   show-progress: true
test	Run actions/checkout@v4	2025-12-21T16:28:04.9943341Z   lfs: false
test	Run actions/checkout@v4	2025-12-21T16:28:04.9943673Z   submodules: false
test	Run actions/checkout@v4	2025-12-21T16:28:04.9944036Z   set-safe-directory: true
test	Run actions/checkout@v4	2025-12-21T16:28:04.9947202Z ##[endgroup]
test	Run actions/checkout@v4	2025-12-21T16:28:05.1006660Z Syncing repository: hfcs/simple_match
test	Run actions/checkout@v4	2025-12-21T16:28:05.1008185Z ##[group]Getting Git version info
test	Run actions/checkout@v4	2025-12-21T16:28:05.1008657Z Working directory is '/home/runner/work/simple_match/simple_match'
test	Run actions/checkout@v4	2025-12-21T16:28:05.1009257Z [command]/usr/bin/git version
test	Run actions/checkout@v4	2025-12-21T16:28:05.1084106Z git version 2.52.0
test	Run actions/checkout@v4	2025-12-21T16:28:05.1109853Z ##[endgroup]
test	Run actions/checkout@v4	2025-12-21T16:28:05.1123087Z Temporarily overriding HOME='/home/runner/work/_temp/86ae1ac9-7774-4111-9c29-dd672c674c8a' before making global git config changes
test	Run actions/checkout@v4	2025-12-21T16:28:05.1124074Z Adding repository directory to the temporary git global config as a safe directory
test	Run actions/checkout@v4	2025-12-21T16:28:05.1128726Z [command]/usr/bin/git config --global --add safe.directory /home/runner/work/simple_match/simple_match
test	Run actions/checkout@v4	2025-12-21T16:28:05.1170685Z Deleting the contents of '/home/runner/work/simple_match/simple_match'
test	Run actions/checkout@v4	2025-12-21T16:28:05.1174376Z ##[group]Initializing the repository
test	Run actions/checkout@v4	2025-12-21T16:28:05.1179179Z [command]/usr/bin/git init /home/runner/work/simple_match/simple_match
test	Run actions/checkout@v4	2025-12-21T16:28:05.1296456Z hint: Using 'master' as the name for the initial branch. This default branch name
test	Run actions/checkout@v4	2025-12-21T16:28:05.1297548Z hint: will change to "main" in Git 3.0. To configure the initial branch name
test	Run actions/checkout@v4	2025-12-21T16:28:05.1298294Z hint: to use in all of your new repositories, which will suppress this warning,
test	Run actions/checkout@v4	2025-12-21T16:28:05.1298752Z hint: call:
test	Run actions/checkout@v4	2025-12-21T16:28:05.1299125Z hint:
test	Run actions/checkout@v4	2025-12-21T16:28:05.1299449Z hint: 	git config --global init.defaultBranch <name>
test	Run actions/checkout@v4	2025-12-21T16:28:05.1299790Z hint:
test	Run actions/checkout@v4	2025-12-21T16:28:05.1300189Z hint: Names commonly chosen instead of 'master' are 'main', 'trunk' and
test	Run actions/checkout@v4	2025-12-21T16:28:05.1301191Z hint: 'development'. The just-created branch can be renamed via this command:
test	Run actions/checkout@v4	2025-12-21T16:28:05.1301785Z hint:
test	Run actions/checkout@v4	2025-12-21T16:28:05.1302032Z hint: 	git branch -m <name>
test	Run actions/checkout@v4	2025-12-21T16:28:05.1302287Z hint:
test	Run actions/checkout@v4	2025-12-21T16:28:05.1302928Z hint: Disable this message with "git config set advice.defaultBranchName false"
test	Run actions/checkout@v4	2025-12-21T16:28:05.1304113Z Initialized empty Git repository in /home/runner/work/simple_match/simple_match/.git/
test	Run actions/checkout@v4	2025-12-21T16:28:05.1313694Z [command]/usr/bin/git remote add origin https://github.com/hfcs/simple_match
test	Run actions/checkout@v4	2025-12-21T16:28:05.1346982Z ##[endgroup]
test	Run actions/checkout@v4	2025-12-21T16:28:05.1347730Z ##[group]Disabling automatic garbage collection
test	Run actions/checkout@v4	2025-12-21T16:28:05.1351800Z [command]/usr/bin/git config --local gc.auto 0
test	Run actions/checkout@v4	2025-12-21T16:28:05.1379878Z ##[endgroup]
test	Run actions/checkout@v4	2025-12-21T16:28:05.1380715Z ##[group]Setting up auth
test	Run actions/checkout@v4	2025-12-21T16:28:05.1387479Z [command]/usr/bin/git config --local --name-only --get-regexp core\.sshCommand
test	Run actions/checkout@v4	2025-12-21T16:28:05.1416951Z [command]/usr/bin/git submodule foreach --recursive sh -c "git config --local --name-only --get-regexp 'core\.sshCommand' && git config --local --unset-all 'core.sshCommand' || :"
test	Run actions/checkout@v4	2025-12-21T16:28:05.1820390Z [command]/usr/bin/git config --local --name-only --get-regexp http\.https\:\/\/github\.com\/\.extraheader
test	Run actions/checkout@v4	2025-12-21T16:28:05.1849354Z [command]/usr/bin/git submodule foreach --recursive sh -c "git config --local --name-only --get-regexp 'http\.https\:\/\/github\.com\/\.extraheader' && git config --local --unset-all 'http.https://github.com/.extraheader' || :"
test	Run actions/checkout@v4	2025-12-21T16:28:05.2063333Z [command]/usr/bin/git config --local --name-only --get-regexp ^includeIf\.gitdir:
test	Run actions/checkout@v4	2025-12-21T16:28:05.2092664Z [command]/usr/bin/git submodule foreach --recursive git config --local --show-origin --name-only --get-regexp remote.origin.url
test	Run actions/checkout@v4	2025-12-21T16:28:05.2309738Z [command]/usr/bin/git config --local http.https://github.com/.extraheader AUTHORIZATION: basic ***
test	Run actions/checkout@v4	2025-12-21T16:28:05.2343279Z ##[endgroup]
test	Run actions/checkout@v4	2025-12-21T16:28:05.2343872Z ##[group]Fetching the repository
test	Run actions/checkout@v4	2025-12-21T16:28:05.2351313Z [command]/usr/bin/git -c protocol.version=2 fetch --no-tags --prune --no-recurse-submodules --depth=1 origin +0785d870eb27ad962c231e4bd077fc4a58a08af6:refs/remotes/origin/main
test	Run actions/checkout@v4	2025-12-21T16:28:05.5687443Z From https://github.com/hfcs/simple_match
test	Run actions/checkout@v4	2025-12-21T16:28:05.5689698Z  * [new ref]         0785d870eb27ad962c231e4bd077fc4a58a08af6 -> origin/main
test	Run actions/checkout@v4	2025-12-21T16:28:05.5712273Z ##[endgroup]
test	Run actions/checkout@v4	2025-12-21T16:28:05.5712917Z ##[group]Determining the checkout info
test	Run actions/checkout@v4	2025-12-21T16:28:05.5714179Z ##[endgroup]
test	Run actions/checkout@v4	2025-12-21T16:28:05.5720536Z [command]/usr/bin/git sparse-checkout disable
test	Run actions/checkout@v4	2025-12-21T16:28:05.5763590Z [command]/usr/bin/git config --local --unset-all extensions.worktreeConfig
test	Run actions/checkout@v4	2025-12-21T16:28:05.5793723Z ##[group]Checking out the ref
test	Run actions/checkout@v4	2025-12-21T16:28:05.5795223Z [command]/usr/bin/git checkout --progress --force -B main refs/remotes/origin/main
test	Run actions/checkout@v4	2025-12-21T16:28:05.6028503Z Switched to a new branch 'main'
test	Run actions/checkout@v4	2025-12-21T16:28:05.6031847Z branch 'main' set up to track 'origin/main'.
test	Run actions/checkout@v4	2025-12-21T16:28:05.6038549Z ##[endgroup]
test	Run actions/checkout@v4	2025-12-21T16:28:05.6073412Z [command]/usr/bin/git log -1 --format=%H
test	Run actions/checkout@v4	2025-12-21T16:28:05.6094816Z 0785d870eb27ad962c231e4bd077fc4a58a08af6
test	Setup JDK 21	ï»¿2025-12-21T16:28:05.6328689Z ##[group]Run actions/setup-java@v4
test	Setup JDK 21	2025-12-21T16:28:05.6328976Z with:
test	Setup JDK 21	2025-12-21T16:28:05.6329145Z   distribution: temurin
test	Setup JDK 21	2025-12-21T16:28:05.6329534Z   java-version: 21
test	Setup JDK 21	2025-12-21T16:28:05.6329714Z   java-package: jdk
test	Setup JDK 21	2025-12-21T16:28:05.6329899Z   check-latest: false
test	Setup JDK 21	2025-12-21T16:28:05.6330081Z   server-id: github
test	Setup JDK 21	2025-12-21T16:28:05.6330267Z   server-username: GITHUB_ACTOR
test	Setup JDK 21	2025-12-21T16:28:05.6330492Z   server-password: GITHUB_TOKEN
test	Setup JDK 21	2025-12-21T16:28:05.6330705Z   overwrite-settings: true
test	Setup JDK 21	2025-12-21T16:28:05.6330905Z   job-status: success
test	Setup JDK 21	2025-12-21T16:28:05.6331199Z   token: ***
test	Setup JDK 21	2025-12-21T16:28:05.6331374Z ##[endgroup]
test	Setup JDK 21	2025-12-21T16:28:05.8331769Z ##[group]Installed distributions
test	Setup JDK 21	2025-12-21T16:28:05.8405587Z Resolved Java 21.0.9+10 from tool-cache
test	Setup JDK 21	2025-12-21T16:28:05.8406903Z Setting Java 21.0.9+10 as the default
test	Setup JDK 21	2025-12-21T16:28:05.8420393Z Creating toolchains.xml for JDK version 21 from temurin
test	Setup JDK 21	2025-12-21T16:28:05.8497599Z Writing to /home/runner/.m2/toolchains.xml
test	Setup JDK 21	2025-12-21T16:28:05.8498507Z 
test	Setup JDK 21	2025-12-21T16:28:05.8499142Z Java configuration:
test	Setup JDK 21	2025-12-21T16:28:05.8501542Z   Distribution: temurin
test	Setup JDK 21	2025-12-21T16:28:05.8501965Z   Version: 21.0.9+10
test	Setup JDK 21	2025-12-21T16:28:05.8502510Z   Path: /opt/hostedtoolcache/Java_Temurin-Hotspot_jdk/21.0.9-10/x64
test	Setup JDK 21	2025-12-21T16:28:05.8504627Z 
test	Setup JDK 21	2025-12-21T16:28:05.8505121Z ##[endgroup]
test	Setup JDK 21	2025-12-21T16:28:05.8525964Z Creating settings.xml with server-id: github
test	Setup JDK 21	2025-12-21T16:28:05.8526749Z Writing to /home/runner/.m2/settings.xml
test	Debug: show Java/Gradle info	ï»¿2025-12-21T16:28:05.8632627Z ##[group]Run echo "JAVA_HOME=$JAVA_HOME"
test	Debug: show Java/Gradle info	2025-12-21T16:28:05.8633002Z [36;1mecho "JAVA_HOME=$JAVA_HOME"[0m
test	Debug: show Java/Gradle info	2025-12-21T16:28:05.8633282Z [36;1mjava -version || true[0m
test	Debug: show Java/Gradle info	2025-12-21T16:28:05.8633507Z [36;1mjavac -version || true[0m
test	Debug: show Java/Gradle info	2025-12-21T16:28:05.8633758Z [36;1m./gradlew --version || true[0m
test	Debug: show Java/Gradle info	2025-12-21T16:28:05.8670811Z shell: /usr/bin/bash -e {0}
test	Debug: show Java/Gradle info	2025-12-21T16:28:05.8671060Z env:
test	Debug: show Java/Gradle info	2025-12-21T16:28:05.8671340Z   JAVA_HOME: /opt/hostedtoolcache/Java_Temurin-Hotspot_jdk/21.0.9-10/x64
test	Debug: show Java/Gradle info	2025-12-21T16:28:05.8671852Z   JAVA_HOME_21_X64: /opt/hostedtoolcache/Java_Temurin-Hotspot_jdk/21.0.9-10/x64
test	Debug: show Java/Gradle info	2025-12-21T16:28:05.8672193Z ##[endgroup]
test	Debug: show Java/Gradle info	2025-12-21T16:28:05.8745240Z JAVA_HOME=/opt/hostedtoolcache/Java_Temurin-Hotspot_jdk/21.0.9-10/x64
test	Debug: show Java/Gradle info	2025-12-21T16:28:06.7635601Z openjdk version "21.0.9" 2025-10-21 LTS
test	Debug: show Java/Gradle info	2025-12-21T16:28:06.7637164Z OpenJDK Runtime Environment Temurin-21.0.9+10 (build 21.0.9+10-LTS)
test	Debug: show Java/Gradle info	2025-12-21T16:28:06.7638433Z OpenJDK 64-Bit Server VM Temurin-21.0.9+10 (build 21.0.9+10-LTS, mixed mode, sharing)
test	Debug: show Java/Gradle info	2025-12-21T16:28:07.5099643Z javac 21.0.9
test	Debug: show Java/Gradle info	2025-12-21T16:28:07.5570589Z /home/runner/work/_temp/c68bb830-7ef9-4a3b-b110-d819e1ae9546.sh: line 4: ./gradlew: No such file or directory
test	Setup Flutter	ï»¿2025-12-21T16:28:07.5730465Z ##[group]Run subosito/flutter-action@v2
test	Setup Flutter	2025-12-21T16:28:07.5730757Z with:
test	Setup Flutter	2025-12-21T16:28:07.5730919Z   channel: stable
test	Setup Flutter	2025-12-21T16:28:07.5731106Z   architecture: X64
test	Setup Flutter	2025-12-21T16:28:07.5731288Z   cache: false
test	Setup Flutter	2025-12-21T16:28:07.5731468Z   pub-cache-path: default
test	Setup Flutter	2025-12-21T16:28:07.5731678Z   dry-run: false
test	Setup Flutter	2025-12-21T16:28:07.5731911Z   git-source: https://github.com/flutter/flutter.git
test	Setup Flutter	2025-12-21T16:28:07.5732218Z env:
test	Setup Flutter	2025-12-21T16:28:07.5732500Z   JAVA_HOME: /opt/hostedtoolcache/Java_Temurin-Hotspot_jdk/21.0.9-10/x64
test	Setup Flutter	2025-12-21T16:28:07.5732978Z   JAVA_HOME_21_X64: /opt/hostedtoolcache/Java_Temurin-Hotspot_jdk/21.0.9-10/x64
test	Setup Flutter	2025-12-21T16:28:07.5733309Z ##[endgroup]
test	Setup Flutter	2025-12-21T16:28:07.5810837Z ##[group]Run chmod +x "$GITHUB_ACTION_PATH/setup.sh"
test	Setup Flutter	2025-12-21T16:28:07.5811203Z [36;1mchmod +x "$GITHUB_ACTION_PATH/setup.sh"[0m
test	Setup Flutter	2025-12-21T16:28:07.5844482Z shell: /usr/bin/bash --noprofile --norc -e -o pipefail {0}
test	Setup Flutter	2025-12-21T16:28:07.5844868Z env:
test	Setup Flutter	2025-12-21T16:28:07.5845155Z   JAVA_HOME: /opt/hostedtoolcache/Java_Temurin-Hotspot_jdk/21.0.9-10/x64
test	Setup Flutter	2025-12-21T16:28:07.5845655Z   JAVA_HOME_21_X64: /opt/hostedtoolcache/Java_Temurin-Hotspot_jdk/21.0.9-10/x64
test	Setup Flutter	2025-12-21T16:28:07.5846008Z ##[endgroup]
test	Setup Flutter	2025-12-21T16:28:07.5952455Z ##[group]Run $GITHUB_ACTION_PATH/setup.sh -p \
test	Setup Flutter	2025-12-21T16:28:07.5952808Z [36;1m$GITHUB_ACTION_PATH/setup.sh -p \[0m
test	Setup Flutter	2025-12-21T16:28:07.5953075Z [36;1m  -n '' \[0m
test	Setup Flutter	2025-12-21T16:28:07.5953439Z [36;1m  -f '' \[0m
test	Setup Flutter	2025-12-21T16:28:07.5953616Z [36;1m  -a 'X64' \[0m
test	Setup Flutter	2025-12-21T16:28:07.5953817Z [36;1m  -k '' \[0m
test	Setup Flutter	2025-12-21T16:28:07.5954020Z [36;1m  -c '' \[0m
test	Setup Flutter	2025-12-21T16:28:07.5954184Z [36;1m  -l '' \[0m
test	Setup Flutter	2025-12-21T16:28:07.5954364Z [36;1m  -d 'default' \[0m
test	Setup Flutter	2025-12-21T16:28:07.5954635Z [36;1m  -g 'https://github.com/flutter/flutter.git' \[0m
test	Setup Flutter	2025-12-21T16:28:07.5954920Z [36;1m  stable[0m
test	Setup Flutter	2025-12-21T16:28:07.5984940Z shell: /usr/bin/bash --noprofile --norc -e -o pipefail {0}
test	Setup Flutter	2025-12-21T16:28:07.5985257Z env:
test	Setup Flutter	2025-12-21T16:28:07.5985539Z   JAVA_HOME: /opt/hostedtoolcache/Java_Temurin-Hotspot_jdk/21.0.9-10/x64
test	Setup Flutter	2025-12-21T16:28:07.5986010Z   JAVA_HOME_21_X64: /opt/hostedtoolcache/Java_Temurin-Hotspot_jdk/21.0.9-10/x64
test	Setup Flutter	2025-12-21T16:28:07.5986617Z ##[endgroup]
test	Setup Flutter	2025-12-21T16:28:07.7530879Z ##[group]Run $GITHUB_ACTION_PATH/setup.sh \
test	Setup Flutter	2025-12-21T16:28:07.7531230Z [36;1m$GITHUB_ACTION_PATH/setup.sh \[0m
test	Setup Flutter	2025-12-21T16:28:07.7531475Z [36;1m  -n '3.38.5' \[0m
test	Setup Flutter	2025-12-21T16:28:07.7531685Z [36;1m  -a 'x64' \[0m
test	Setup Flutter	2025-12-21T16:28:07.7531979Z [36;1m  -c '/opt/hostedtoolcache/flutter/stable-3.38.5-x64' \[0m
test	Setup Flutter	2025-12-21T16:28:07.7532320Z [36;1m  -d '/home/runner/.pub-cache' \[0m
test	Setup Flutter	2025-12-21T16:28:07.7532565Z [36;1m  stable[0m
test	Setup Flutter	2025-12-21T16:28:07.7564696Z shell: /usr/bin/bash --noprofile --norc -e -o pipefail {0}
test	Setup Flutter	2025-12-21T16:28:07.7565029Z env:
test	Setup Flutter	2025-12-21T16:28:07.7565312Z   JAVA_HOME: /opt/hostedtoolcache/Java_Temurin-Hotspot_jdk/21.0.9-10/x64
test	Setup Flutter	2025-12-21T16:28:07.7565759Z   JAVA_HOME_21_X64: /opt/hostedtoolcache/Java_Temurin-Hotspot_jdk/21.0.9-10/x64
test	Setup Flutter	2025-12-21T16:28:07.7566329Z ##[endgroup]
test	Setup Flutter	2025-12-21T16:28:07.9048130Z   % Total    % Received % Xferd  Average Speed   Time    Time     Time  Current
test	Setup Flutter	2025-12-21T16:28:07.9048868Z                                  Dload  Upload   Total   Spent    Left  Speed
test	Setup Flutter	2025-12-21T16:28:07.9049133Z 
test	Setup Flutter	2025-12-21T16:28:08.6387298Z   0     0    0     0    0     0      0      0 --:--:-- --:--:-- --:--:--     0
test	Setup Flutter	2025-12-21T16:28:09.6388945Z   8 1396M    8  119M    0     0   162M      0  0:00:08 --:--:--  0:00:08  162M
test	Setup Flutter	2025-12-21T16:28:10.6414335Z  23 1396M   23  333M    0     0   192M      0  0:00:07  0:00:01  0:00:06  192M
test	Setup Flutter	2025-12-21T16:28:11.6390685Z  38 1396M   38  544M    0     0   198M      0  0:00:07  0:00:02  0:00:05  198M
test	Setup Flutter	2025-12-21T16:28:12.6453411Z  54 1396M   54  758M    0     0   203M      0  0:00:06  0:00:03  0:00:03  203M
test	Setup Flutter	2025-12-21T16:28:13.6387676Z  69 1396M   69  971M    0     0   204M      0  0:00:06  0:00:04  0:00:02  204M
test	Setup Flutter	2025-12-21T16:28:14.6388814Z  84 1396M   84 1185M    0     0   206M      0  0:00:06  0:00:05  0:00:01  213M
test	Setup Flutter	2025-12-21T16:28:14.6636030Z  99 1396M   99 1391M    0     0   206M      0  0:00:06  0:00:06 --:--:--  211M
test	Setup Flutter	2025-12-21T16:28:14.6636896Z 100 1396M  100 1396M    0     0   206M      0  0:00:06  0:00:06 --:--:--  211M
test	Verify Flutter	ï»¿2025-12-21T16:29:03.7228224Z ##[group]Run flutter --version
test	Verify Flutter	2025-12-21T16:29:03.7228651Z [36;1mflutter --version[0m
test	Verify Flutter	2025-12-21T16:29:03.7261674Z shell: /usr/bin/bash -e {0}
test	Verify Flutter	2025-12-21T16:29:03.7261897Z env:
test	Verify Flutter	2025-12-21T16:29:03.7262183Z   JAVA_HOME: /opt/hostedtoolcache/Java_Temurin-Hotspot_jdk/21.0.9-10/x64
test	Verify Flutter	2025-12-21T16:29:03.7262638Z   JAVA_HOME_21_X64: /opt/hostedtoolcache/Java_Temurin-Hotspot_jdk/21.0.9-10/x64
test	Verify Flutter	2025-12-21T16:29:03.7263059Z   FLUTTER_ROOT: /opt/hostedtoolcache/flutter/stable-3.38.5-x64
test	Verify Flutter	2025-12-21T16:29:03.7263372Z   PUB_CACHE: /home/runner/.pub-cache
test	Verify Flutter	2025-12-21T16:29:03.7263608Z ##[endgroup]
test	Verify Flutter	2025-12-21T16:29:03.9721500Z Flutter 3.38.5 â€¢ channel stable â€¢ https://github.com/flutter/flutter.git
test	Verify Flutter	2025-12-21T16:29:03.9722522Z Framework â€¢ revision f6ff1529fd (10 days ago) â€¢ 2025-12-11 11:50:07 -0500
test	Verify Flutter	2025-12-21T16:29:03.9723680Z Engine â€¢ hash c108a94d7a8273e112339e6c6833daa06e723a54 (revision 1527ae0ec5) (10 days ago) â€¢ 2025-12-11 15:04:31.000Z
test	Verify Flutter	2025-12-21T16:29:03.9724642Z Tools â€¢ Dart 3.10.4 â€¢ DevTools 2.51.1
test	Install coverage tools (lcov, poppler-utils, git-lfs)	ï»¿2025-12-21T16:29:03.9783559Z ##[group]Run sudo apt-get update
test	Install coverage tools (lcov, poppler-utils, git-lfs)	2025-12-21T16:29:03.9783849Z [36;1msudo apt-get update[0m
test	Install coverage tools (lcov, poppler-utils, git-lfs)	2025-12-21T16:29:03.9784124Z [36;1msudo apt-get install -y lcov poppler-utils git-lfs[0m
test	Install coverage tools (lcov, poppler-utils, git-lfs)	2025-12-21T16:29:03.9784635Z [36;1mgit lfs install --system || true[0m
test	Install coverage tools (lcov, poppler-utils, git-lfs)	2025-12-21T16:29:03.9817014Z shell: /usr/bin/bash -e {0}
test	Install coverage tools (lcov, poppler-utils, git-lfs)	2025-12-21T16:29:03.9817236Z env:
test	Install coverage tools (lcov, poppler-utils, git-lfs)	2025-12-21T16:29:03.9817516Z   JAVA_HOME: /opt/hostedtoolcache/Java_Temurin-Hotspot_jdk/21.0.9-10/x64
test	Install coverage tools (lcov, poppler-utils, git-lfs)	2025-12-21T16:29:03.9817990Z   JAVA_HOME_21_X64: /opt/hostedtoolcache/Java_Temurin-Hotspot_jdk/21.0.9-10/x64
test	Install coverage tools (lcov, poppler-utils, git-lfs)	2025-12-21T16:29:03.9818419Z   FLUTTER_ROOT: /opt/hostedtoolcache/flutter/stable-3.38.5-x64
test	Install coverage tools (lcov, poppler-utils, git-lfs)	2025-12-21T16:29:03.9818734Z   PUB_CACHE: /home/runner/.pub-cache
test	Install coverage tools (lcov, poppler-utils, git-lfs)	2025-12-21T16:29:03.9818955Z ##[endgroup]
test	Install coverage tools (lcov, poppler-utils, git-lfs)	2025-12-21T16:29:04.0916981Z Get:1 file:/etc/apt/apt-mirrors.txt Mirrorlist [144 B]
test	Install coverage tools (lcov, poppler-utils, git-lfs)	2025-12-21T16:29:04.1351702Z Hit:2 http://azure.archive.ubuntu.com/ubuntu noble InRelease
test	Install coverage tools (lcov, poppler-utils, git-lfs)	2025-12-21T16:29:04.1371905Z Get:3 http://azure.archive.ubuntu.com/ubuntu noble-updates InRelease [126 kB]
test	Install coverage tools (lcov, poppler-utils, git-lfs)	2025-12-21T16:29:04.1386037Z Hit:6 https://packages.microsoft.com/repos/azure-cli noble InRelease
test	Install coverage tools (lcov, poppler-utils, git-lfs)	2025-12-21T16:29:04.1435620Z Get:4 http://azure.archive.ubuntu.com/ubuntu noble-backports InRelease [126 kB]
test	Install coverage tools (lcov, poppler-utils, git-lfs)	2025-12-21T16:29:04.1483514Z Get:7 https://packages.microsoft.com/ubuntu/24.04/prod noble InRelease [3600 B]
test	Install coverage tools (lcov, poppler-utils, git-lfs)	2025-12-21T16:29:04.1494468Z Get:5 http://azure.archive.ubuntu.com/ubuntu noble-security InRelease [126 kB]
test	Install coverage tools (lcov, poppler-utils, git-lfs)	2025-12-21T16:29:04.3533912Z Get:8 http://azure.archive.ubuntu.com/ubuntu noble-updates/main amd64 Packages [1684 kB]
test	Install coverage tools (lcov, poppler-utils, git-lfs)	2025-12-21T16:29:04.3806749Z Get:9 http://azure.archive.ubuntu.com/ubuntu noble-updates/main Translation-en [311 kB]
test	Install coverage tools (lcov, poppler-utils, git-lfs)	2025-12-21T16:29:04.3845956Z Get:10 http://azure.archive.ubuntu.com/ubuntu noble-updates/main amd64 Components [175 kB]
test	Install coverage tools (lcov, poppler-utils, git-lfs)	2025-12-21T16:29:04.3852719Z Get:11 http://azure.archive.ubuntu.com/ubuntu noble-updates/main amd64 c-n-f Metadata [15.8 kB]
test	Install coverage tools (lcov, poppler-utils, git-lfs)	2025-12-21T16:29:04.3877715Z Get:12 http://azure.archive.ubuntu.com/ubuntu noble-updates/universe amd64 Packages [1506 kB]
test	Install coverage tools (lcov, poppler-utils, git-lfs)	2025-12-21T16:29:04.3958715Z Get:13 http://azure.archive.ubuntu.com/ubuntu noble-updates/universe Translation-en [306 kB]
test	Install coverage tools (lcov, poppler-utils, git-lfs)	2025-12-21T16:29:04.4046048Z Get:14 http://azure.archive.ubuntu.com/ubuntu noble-updates/universe amd64 Components [378 kB]
test	Install coverage tools (lcov, poppler-utils, git-lfs)	2025-12-21T16:29:04.4093551Z Get:15 http://azure.archive.ubuntu.com/ubuntu noble-updates/universe amd64 c-n-f Metadata [31.4 kB]
test	Install coverage tools (lcov, poppler-utils, git-lfs)	2025-12-21T16:29:04.4094696Z Get:16 http://azure.archive.ubuntu.com/ubuntu noble-updates/restricted amd64 Packages [2413 kB]
test	Install coverage tools (lcov, poppler-utils, git-lfs)	2025-12-21T16:29:04.4216274Z Get:17 http://azure.archive.ubuntu.com/ubuntu noble-updates/restricted Translation-en [550 kB]
test	Install coverage tools (lcov, poppler-utils, git-lfs)	2025-12-21T16:29:04.4671102Z Get:18 http://azure.archive.ubuntu.com/ubuntu noble-updates/restricted amd64 Components [212 B]
test	Install coverage tools (lcov, poppler-utils, git-lfs)	2025-12-21T16:29:04.4679325Z Get:19 http://azure.archive.ubuntu.com/ubuntu noble-updates/restricted amd64 c-n-f Metadata [516 B]
test	Install coverage tools (lcov, poppler-utils, git-lfs)	2025-12-21T16:29:04.4684665Z Get:33 https://packages.microsoft.com/ubuntu/24.04/prod noble/main armhf Packages [11.4 kB]
test	Install coverage tools (lcov, poppler-utils, git-lfs)	2025-12-21T16:29:04.4690404Z Get:20 http://azure.archive.ubuntu.com/ubuntu noble-updates/multiverse amd64 Packages [30.3 kB]
test	Install coverage tools (lcov, poppler-utils, git-lfs)	2025-12-21T16:29:04.4702454Z Get:21 http://azure.archive.ubuntu.com/ubuntu noble-updates/multiverse Translation-en [6048 B]
test	Install coverage tools (lcov, poppler-utils, git-lfs)	2025-12-21T16:29:04.4710234Z Get:22 http://azure.archive.ubuntu.com/ubuntu noble-updates/multiverse amd64 Components [940 B]
test	Install coverage tools (lcov, poppler-utils, git-lfs)	2025-12-21T16:29:04.4715936Z Get:34 https://packages.microsoft.com/ubuntu/24.04/prod noble/main amd64 Packages [77.3 kB]
test	Install coverage tools (lcov, poppler-utils, git-lfs)	2025-12-21T16:29:04.4725779Z Get:23 http://azure.archive.ubuntu.com/ubuntu noble-updates/multiverse amd64 c-n-f Metadata [488 B]
test	Install coverage tools (lcov, poppler-utils, git-lfs)	2025-12-21T16:29:04.4738703Z Get:24 http://azure.archive.ubuntu.com/ubuntu noble-backports/main amd64 Packages [40.4 kB]
test	Install coverage tools (lcov, poppler-utils, git-lfs)	2025-12-21T16:29:04.4748906Z Get:35 https://packages.microsoft.com/ubuntu/24.04/prod noble/main arm64 Packages [58.7 kB]
test	Install coverage tools (lcov, poppler-utils, git-lfs)	2025-12-21T16:29:04.4755416Z Get:25 http://azure.archive.ubuntu.com/ubuntu noble-backports/main amd64 Components [7304 B]
test	Install coverage tools (lcov, poppler-utils, git-lfs)	2025-12-21T16:29:04.4764722Z Get:26 http://azure.archive.ubuntu.com/ubuntu noble-backports/main amd64 c-n-f Metadata [368 B]
test	Install coverage tools (lcov, poppler-utils, git-lfs)	2025-12-21T16:29:04.4773192Z Get:27 http://azure.archive.ubuntu.com/ubuntu noble-backports/universe amd64 Packages [29.5 kB]
test	Install coverage tools (lcov, poppler-utils, git-lfs)	2025-12-21T16:29:04.4786826Z Get:28 http://azure.archive.ubuntu.com/ubuntu noble-backports/universe Translation-en [17.9 kB]
test	Install coverage tools (lcov, poppler-utils, git-lfs)	2025-12-21T16:29:04.4798382Z Get:29 http://azure.archive.ubuntu.com/ubuntu noble-backports/universe amd64 Components [10.5 kB]
test	Install coverage tools (lcov, poppler-utils, git-lfs)	2025-12-21T16:29:04.4807189Z Get:30 http://azure.archive.ubuntu.com/ubuntu noble-backports/universe amd64 c-n-f Metadata [1444 B]
test	Install coverage tools (lcov, poppler-utils, git-lfs)	2025-12-21T16:29:04.4815612Z Get:31 http://azure.archive.ubuntu.com/ubuntu noble-backports/restricted amd64 Components [216 B]
test	Install coverage tools (lcov, poppler-utils, git-lfs)	2025-12-21T16:29:04.5270604Z Get:32 http://azure.archive.ubuntu.com/ubuntu noble-backports/multiverse amd64 Components [212 B]
test	Install coverage tools (lcov, poppler-utils, git-lfs)	2025-12-21T16:29:04.5286752Z Get:36 http://azure.archive.ubuntu.com/ubuntu noble-security/main Translation-en [225 kB]
test	Install coverage tools (lcov, poppler-utils, git-lfs)	2025-12-21T16:29:04.5309525Z Get:37 http://azure.archive.ubuntu.com/ubuntu noble-security/main amd64 Components [21.5 kB]
test	Install coverage tools (lcov, poppler-utils, git-lfs)	2025-12-21T16:29:04.5321265Z Get:38 http://azure.archive.ubuntu.com/ubuntu noble-security/main amd64 c-n-f Metadata [9504 B]
test	Install coverage tools (lcov, poppler-utils, git-lfs)	2025-12-21T16:29:04.5332247Z Get:39 http://azure.archive.ubuntu.com/ubuntu noble-security/universe amd64 Components [71.4 kB]
test	Install coverage tools (lcov, poppler-utils, git-lfs)	2025-12-21T16:29:04.5344511Z Get:40 http://azure.archive.ubuntu.com/ubuntu noble-security/restricted amd64 Components [212 B]
test	Install coverage tools (lcov, poppler-utils, git-lfs)	2025-12-21T16:29:04.5354031Z Get:41 http://azure.archive.ubuntu.com/ubuntu noble-security/multiverse amd64 Components [212 B]
test	Install coverage tools (lcov, poppler-utils, git-lfs)	2025-12-21T16:29:13.1505572Z Fetched 8375 kB in 1s (7208 kB/s)
test	Install coverage tools (lcov, poppler-utils, git-lfs)	2025-12-21T16:29:13.8829540Z Reading package lists...
test	Install coverage tools (lcov, poppler-utils, git-lfs)	2025-12-21T16:29:13.9153753Z Reading package lists...
test	Install coverage tools (lcov, poppler-utils, git-lfs)	2025-12-21T16:29:14.0799454Z Building dependency tree...
test	Install coverage tools (lcov, poppler-utils, git-lfs)	2025-12-21T16:29:14.0807125Z Reading state information...
test	Install coverage tools (lcov, poppler-utils, git-lfs)	2025-12-21T16:29:14.2420405Z git-lfs is already the newest version (3.7.1).
test	Install coverage tools (lcov, poppler-utils, git-lfs)	2025-12-21T16:29:14.2421085Z The following additional packages will be installed:
test	Install coverage tools (lcov, poppler-utils, git-lfs)	2025-12-21T16:29:14.2421823Z   libalgorithm-c3-perl libb-hooks-endofscope-perl libb-hooks-op-check-perl
test	Install coverage tools (lcov, poppler-utils, git-lfs)	2025-12-21T16:29:14.2422772Z   libcapture-tiny-perl libclass-c3-perl libclass-c3-xs-perl
test	Install coverage tools (lcov, poppler-utils, git-lfs)	2025-12-21T16:29:14.2423598Z   libclass-data-inheritable-perl libclass-inspector-perl
test	Install coverage tools (lcov, poppler-utils, git-lfs)	2025-12-21T16:29:14.2424250Z   libclass-method-modifiers-perl libclass-singleton-perl
test	Install coverage tools (lcov, poppler-utils, git-lfs)	2025-12-21T16:29:14.2425222Z   libclass-xsaccessor-perl libdata-optlist-perl libdatetime-locale-perl
test	Install coverage tools (lcov, poppler-utils, git-lfs)	2025-12-21T16:29:14.2426543Z   libdatetime-perl libdatetime-timezone-perl libdevel-callchecker-perl
test	Install coverage tools (lcov, poppler-utils, git-lfs)	2025-12-21T16:29:14.2427567Z   libdevel-caller-perl libdevel-lexalias-perl libdevel-stacktrace-perl
test	Install coverage tools (lcov, poppler-utils, git-lfs)	2025-12-21T16:29:14.2428665Z   libdynaloader-functions-perl libeval-closure-perl libexception-class-perl
test	Install coverage tools (lcov, poppler-utils, git-lfs)	2025-12-21T16:29:14.2429773Z   libfile-sharedir-perl libgd-perl libmodule-implementation-perl
test	Install coverage tools (lcov, poppler-utils, git-lfs)	2025-12-21T16:29:14.2430693Z   libmodule-runtime-perl libmro-compat-perl libnamespace-autoclean-perl
test	Install coverage tools (lcov, poppler-utils, git-lfs)	2025-12-21T16:29:14.2431382Z   libnamespace-clean-perl libpackage-stash-perl libpackage-stash-xs-perl
test	Install coverage tools (lcov, poppler-utils, git-lfs)	2025-12-21T16:29:14.2431969Z   libpadwalker-perl libparams-classify-perl libparams-util-perl
test	Install coverage tools (lcov, poppler-utils, git-lfs)	2025-12-21T16:29:14.2432747Z   libparams-validationcompiler-perl libperlio-gzip-perl libpoppler134
test	Install coverage tools (lcov, poppler-utils, git-lfs)	2025-12-21T16:29:14.2433633Z   libreadonly-perl libref-util-perl libref-util-xs-perl librole-tiny-perl
test	Install coverage tools (lcov, poppler-utils, git-lfs)	2025-12-21T16:29:14.2434230Z   libspecio-perl libsub-exporter-perl libsub-exporter-progressive-perl
test	Install coverage tools (lcov, poppler-utils, git-lfs)	2025-12-21T16:29:14.2434850Z   libsub-identify-perl libsub-install-perl libsub-name-perl libsub-quote-perl
test	Install coverage tools (lcov, poppler-utils, git-lfs)	2025-12-21T16:29:14.2435472Z   libtry-tiny-perl libvariable-magic-perl libxstring-perl poppler-data
test	Install coverage tools (lcov, poppler-utils, git-lfs)	2025-12-21T16:29:14.2435904Z Suggested packages:
test	Install coverage tools (lcov, poppler-utils, git-lfs)	2025-12-21T16:29:14.2436588Z   libscalar-number-perl libtest-fatal-perl ghostscript fonts-japanese-mincho
test	Install coverage tools (lcov, poppler-utils, git-lfs)	2025-12-21T16:29:14.2437200Z   | fonts-ipafont-mincho fonts-japanese-gothic | fonts-ipafont-gothic
test	Install coverage tools (lcov, poppler-utils, git-lfs)	2025-12-21T16:29:14.2437683Z   fonts-arphic-ukai fonts-arphic-uming fonts-nanum
test	Install coverage tools (lcov, poppler-utils, git-lfs)	2025-12-21T16:29:14.2821001Z The following NEW packages will be installed:
test	Install coverage tools (lcov, poppler-utils, git-lfs)	2025-12-21T16:29:14.2822295Z   lcov libalgorithm-c3-perl libb-hooks-endofscope-perl
test	Install coverage tools (lcov, poppler-utils, git-lfs)	2025-12-21T16:29:14.2823119Z   libb-hooks-op-check-perl libcapture-tiny-perl libclass-c3-perl
test	Install coverage tools (lcov, poppler-utils, git-lfs)	2025-12-21T16:29:14.2824153Z   libclass-c3-xs-perl libclass-data-inheritable-perl libclass-inspector-perl
test	Install coverage tools (lcov, poppler-utils, git-lfs)	2025-12-21T16:29:14.2824716Z   libclass-method-modifiers-perl libclass-singleton-perl
test	Install coverage tools (lcov, poppler-utils, git-lfs)	2025-12-21T16:29:14.2825533Z   libclass-xsaccessor-perl libdata-optlist-perl libdatetime-locale-perl
test	Install coverage tools (lcov, poppler-utils, git-lfs)	2025-12-21T16:29:14.2826712Z   libdatetime-perl libdatetime-timezone-perl libdevel-callchecker-perl
test	Install coverage tools (lcov, poppler-utils, git-lfs)	2025-12-21T16:29:14.2827297Z   libdevel-caller-perl libdevel-lexalias-perl libdevel-stacktrace-perl
test	Install coverage tools (lcov, poppler-utils, git-lfs)	2025-12-21T16:29:14.2828258Z   libdynaloader-functions-perl libeval-closure-perl libexception-class-perl
test	Install coverage tools (lcov, poppler-utils, git-lfs)	2025-12-21T16:29:14.2828858Z   libfile-sharedir-perl libgd-perl libmodule-implementation-perl
test	Install coverage tools (lcov, poppler-utils, git-lfs)	2025-12-21T16:29:14.2829705Z   libmodule-runtime-perl libmro-compat-perl libnamespace-autoclean-perl
test	Install coverage tools (lcov, poppler-utils, git-lfs)	2025-12-21T16:29:14.2830358Z   libnamespace-clean-perl libpackage-stash-perl libpackage-stash-xs-perl
test	Install coverage tools (lcov, poppler-utils, git-lfs)	2025-12-21T16:29:14.2830983Z   libpadwalker-perl libparams-classify-perl libparams-util-perl
test	Install coverage tools (lcov, poppler-utils, git-lfs)	2025-12-21T16:29:14.2831586Z   libparams-validationcompiler-perl libperlio-gzip-perl libpoppler134
test	Install coverage tools (lcov, poppler-utils, git-lfs)	2025-12-21T16:29:14.2832214Z   libreadonly-perl libref-util-perl libref-util-xs-perl librole-tiny-perl
test	Install coverage tools (lcov, poppler-utils, git-lfs)	2025-12-21T16:29:14.2832817Z   libspecio-perl libsub-exporter-perl libsub-exporter-progressive-perl
test	Install coverage tools (lcov, poppler-utils, git-lfs)	2025-12-21T16:29:14.2833432Z   libsub-identify-perl libsub-install-perl libsub-name-perl libsub-quote-perl
test	Install coverage tools (lcov, poppler-utils, git-lfs)	2025-12-21T16:29:14.2834047Z   libtry-tiny-perl libvariable-magic-perl libxstring-perl poppler-data
test	Install coverage tools (lcov, poppler-utils, git-lfs)	2025-12-21T16:29:14.2834480Z   poppler-utils
test	Install coverage tools (lcov, poppler-utils, git-lfs)	2025-12-21T16:29:14.3021456Z 0 upgraded, 54 newly installed, 0 to remove and 69 not upgraded.
test	Install coverage tools (lcov, poppler-utils, git-lfs)	2025-12-21T16:29:14.3021852Z Need to get 7808 kB of archives.
test	Install coverage tools (lcov, poppler-utils, git-lfs)	2025-12-21T16:29:14.3022161Z After this operation, 49.5 MB of additional disk space will be used.
test	Install coverage tools (lcov, poppler-utils, git-lfs)	2025-12-21T16:29:14.3022592Z Get:1 file:/etc/apt/apt-mirrors.txt Mirrorlist [144 B]
test	Install coverage tools (lcov, poppler-utils, git-lfs)	2025-12-21T16:29:14.3846802Z Get:2 http://azure.archive.ubuntu.com/ubuntu noble/main amd64 poppler-data all 0.4.12-1 [2060 kB]
test	Install coverage tools (lcov, poppler-utils, git-lfs)	2025-12-21T16:29:14.4235637Z Get:3 http://azure.archive.ubuntu.com/ubuntu noble/main amd64 libcapture-tiny-perl all 0.48-2 [20.2 kB]
test	Install coverage tools (lcov, poppler-utils, git-lfs)	2025-12-21T16:29:14.4455328Z Get:4 http://azure.archive.ubuntu.com/ubuntu noble/main amd64 libclass-inspector-perl all 1.36-3 [15.4 kB]
test	Install coverage tools (lcov, poppler-utils, git-lfs)	2025-12-21T16:29:14.4673419Z Get:5 http://azure.archive.ubuntu.com/ubuntu noble/main amd64 libfile-sharedir-perl all 1.118-3 [14.0 kB]
test	Install coverage tools (lcov, poppler-utils, git-lfs)	2025-12-21T16:29:14.4890959Z Get:6 http://azure.archive.ubuntu.com/ubuntu noble/main amd64 libb-hooks-op-check-perl amd64 0.22-3build1 [9518 B]
test	Install coverage tools (lcov, poppler-utils, git-lfs)	2025-12-21T16:29:14.5104622Z Get:7 http://azure.archive.ubuntu.com/ubuntu noble/main amd64 libdynaloader-functions-perl all 0.003-3 [12.1 kB]
test	Install coverage tools (lcov, poppler-utils, git-lfs)	2025-12-21T16:29:14.5318572Z Get:8 http://azure.archive.ubuntu.com/ubuntu noble/main amd64 libdevel-callchecker-perl amd64 0.008-2build3 [13.2 kB]
test	Install coverage tools (lcov, poppler-utils, git-lfs)	2025-12-21T16:29:14.5534788Z Get:9 http://azure.archive.ubuntu.com/ubuntu noble/main amd64 libparams-classify-perl amd64 0.015-2build5 [20.1 kB]
test	Install coverage tools (lcov, poppler-utils, git-lfs)	2025-12-21T16:29:14.5749956Z Get:10 http://azure.archive.ubuntu.com/ubuntu noble/main amd64 libmodule-runtime-perl all 0.016-2 [16.4 kB]
test	Install coverage tools (lcov, poppler-utils, git-lfs)	2025-12-21T16:29:14.5963166Z Get:11 http://azure.archive.ubuntu.com/ubuntu noble/main amd64 libtry-tiny-perl all 0.31-2 [20.8 kB]
test	Install coverage tools (lcov, poppler-utils, git-lfs)	2025-12-21T16:29:14.6180041Z Get:12 http://azure.archive.ubuntu.com/ubuntu noble/main amd64 libmodule-implementation-perl all 0.09-2 [12.0 kB]
test	Install coverage tools (lcov, poppler-utils, git-lfs)	2025-12-21T16:29:14.6395219Z Get:13 http://azure.archive.ubuntu.com/ubuntu noble/main amd64 libsub-exporter-progressive-perl all 0.001013-3 [6718 B]
test	Install coverage tools (lcov, poppler-utils, git-lfs)	2025-12-21T16:29:14.6617665Z Get:14 http://azure.archive.ubuntu.com/ubuntu noble/main amd64 libvariable-magic-perl amd64 0.63-1build3 [35.1 kB]
test	Install coverage tools (lcov, poppler-utils, git-lfs)	2025-12-21T16:29:14.6834326Z Get:15 http://azure.archive.ubuntu.com/ubuntu noble/main amd64 libb-hooks-endofscope-perl all 0.28-1 [15.8 kB]
test	Install coverage tools (lcov, poppler-utils, git-lfs)	2025-12-21T16:29:14.7052587Z Get:16 http://azure.archive.ubuntu.com/ubuntu noble/main amd64 libpackage-stash-perl all 0.40-1 [19.5 kB]
test	Install coverage tools (lcov, poppler-utils, git-lfs)	2025-12-21T16:29:14.7270472Z Get:17 http://azure.archive.ubuntu.com/ubuntu noble/main amd64 libsub-identify-perl amd64 0.14-3build3 [9786 B]
test	Install coverage tools (lcov, poppler-utils, git-lfs)	2025-12-21T16:29:14.7485924Z Get:18 http://azure.archive.ubuntu.com/ubuntu noble/main amd64 libsub-name-perl amd64 0.27-1build3 [10.8 kB]
test	Install coverage tools (lcov, poppler-utils, git-lfs)	2025-12-21T16:29:14.8118252Z Get:19 http://azure.archive.ubuntu.com/ubuntu noble/main amd64 libnamespace-clean-perl all 0.27-2 [14.0 kB]
test	Install coverage tools (lcov, poppler-utils, git-lfs)	2025-12-21T16:29:14.8334904Z Get:20 http://azure.archive.ubuntu.com/ubuntu noble/universe amd64 libnamespace-autoclean-perl all 0.29-2 [11.7 kB]
test	Install coverage tools (lcov, poppler-utils, git-lfs)	2025-12-21T16:29:14.8552398Z Get:21 http://azure.archive.ubuntu.com/ubuntu noble/main amd64 libparams-util-perl amd64 1.102-2build3 [21.2 kB]
test	Install coverage tools (lcov, poppler-utils, git-lfs)	2025-12-21T16:29:14.8808974Z Get:22 http://azure.archive.ubuntu.com/ubuntu noble/main amd64 libsub-install-perl all 0.929-1 [9764 B]
test	Install coverage tools (lcov, poppler-utils, git-lfs)	2025-12-21T16:29:14.9027109Z Get:23 http://azure.archive.ubuntu.com/ubuntu noble/main amd64 libdata-optlist-perl all 0.114-1 [9708 B]
test	Install coverage tools (lcov, poppler-utils, git-lfs)	2025-12-21T16:29:14.9242599Z Get:24 http://azure.archive.ubuntu.com/ubuntu noble/main amd64 libsub-exporter-perl all 0.990-1 [49.0 kB]
test	Install coverage tools (lcov, poppler-utils, git-lfs)	2025-12-21T16:29:14.9461044Z Get:25 http://azure.archive.ubuntu.com/ubuntu noble/universe amd64 libeval-closure-perl all 0.14-3 [10.1 kB]
test	Install coverage tools (lcov, poppler-utils, git-lfs)	2025-12-21T16:29:14.9676552Z Get:26 http://azure.archive.ubuntu.com/ubuntu noble/main amd64 libclass-data-inheritable-perl all 0.08-3 [8084 B]
test	Install coverage tools (lcov, poppler-utils, git-lfs)	2025-12-21T16:29:14.9891387Z Get:27 http://azure.archive.ubuntu.com/ubuntu noble/main amd64 libdevel-stacktrace-perl all 2.0500-1 [22.1 kB]
test	Install coverage tools (lcov, poppler-utils, git-lfs)	2025-12-21T16:29:15.0109760Z Get:28 http://azure.archive.ubuntu.com/ubuntu noble/main amd64 libexception-class-perl all 1.45-1 [28.6 kB]
test	Install coverage tools (lcov, poppler-utils, git-lfs)	2025-12-21T16:29:15.0328441Z Get:29 http://azure.archive.ubuntu.com/ubuntu noble/universe amd64 libparams-validationcompiler-perl all 0.31-1 [28.3 kB]
test	Install coverage tools (lcov, poppler-utils, git-lfs)	2025-12-21T16:29:15.0556868Z Get:30 http://azure.archive.ubuntu.com/ubuntu noble/universe amd64 libalgorithm-c3-perl all 0.11-2 [10.2 kB]
test	Install coverage tools (lcov, poppler-utils, git-lfs)	2025-12-21T16:29:15.0776444Z Get:31 http://azure.archive.ubuntu.com/ubuntu noble/universe amd64 libclass-c3-perl all 0.35-2 [18.4 kB]
test	Install coverage tools (lcov, poppler-utils, git-lfs)	2025-12-21T16:29:15.1065772Z Get:32 http://azure.archive.ubuntu.com/ubuntu noble/universe amd64 libmro-compat-perl all 0.15-2 [10.1 kB]
test	Install coverage tools (lcov, poppler-utils, git-lfs)	2025-12-21T16:29:15.1311764Z Get:33 http://azure.archive.ubuntu.com/ubuntu noble/main amd64 libclass-method-modifiers-perl all 2.15-1 [16.1 kB]
test	Install coverage tools (lcov, poppler-utils, git-lfs)	2025-12-21T16:29:15.1584509Z Get:34 http://azure.archive.ubuntu.com/ubuntu noble/main amd64 librole-tiny-perl all 2.002004-1 [16.3 kB]
test	Install coverage tools (lcov, poppler-utils, git-lfs)	2025-12-21T16:29:15.1859533Z Get:35 http://azure.archive.ubuntu.com/ubuntu noble/main amd64 libsub-quote-perl all 2.006008-1ubuntu1 [20.7 kB]
test	Install coverage tools (lcov, poppler-utils, git-lfs)	2025-12-21T16:29:15.2635812Z Get:36 http://azure.archive.ubuntu.com/ubuntu noble/universe amd64 libxstring-perl amd64 0.005-2build3 [7852 B]
test	Install coverage tools (lcov, poppler-utils, git-lfs)	2025-12-21T16:29:15.2868940Z Get:37 http://azure.archive.ubuntu.com/ubuntu noble/universe amd64 libspecio-perl all 0.48-1 [137 kB]
test	Install coverage tools (lcov, poppler-utils, git-lfs)	2025-12-21T16:29:15.3553319Z Get:38 http://azure.archive.ubuntu.com/ubuntu noble/universe amd64 libdatetime-locale-perl all 1:1.37-1 [2833 kB]
test	Install coverage tools (lcov, poppler-utils, git-lfs)	2025-12-21T16:29:15.4849361Z Get:39 http://azure.archive.ubuntu.com/ubuntu noble/universe amd64 libclass-singleton-perl all 1.6-2 [11.5 kB]
test	Install coverage tools (lcov, poppler-utils, git-lfs)	2025-12-21T16:29:15.5068450Z Get:40 http://azure.archive.ubuntu.com/ubuntu noble/universe amd64 libdatetime-timezone-perl all 1:2.62-1+2024a [262 kB]
test	Install coverage tools (lcov, poppler-utils, git-lfs)	2025-12-21T16:29:15.5315017Z Get:41 http://azure.archive.ubuntu.com/ubuntu noble/universe amd64 libdatetime-perl amd64 2:1.65-1build2 [95.8 kB]
test	Install coverage tools (lcov, poppler-utils, git-lfs)	2025-12-21T16:29:15.5539022Z Get:42 http://azure.archive.ubuntu.com/ubuntu noble/main amd64 libperlio-gzip-perl amd64 0.20-1build4 [14.6 kB]
test	Install coverage tools (lcov, poppler-utils, git-lfs)	2025-12-21T16:29:15.5755591Z Get:43 http://azure.archive.ubuntu.com/ubuntu noble/universe amd64 lcov all 2.0-4ubuntu2 [223 kB]
test	Install coverage tools (lcov, poppler-utils, git-lfs)	2025-12-21T16:29:15.5989814Z Get:44 http://azure.archive.ubuntu.com/ubuntu noble/universe amd64 libclass-c3-xs-perl amd64 0.15-1build6 [16.3 kB]
test	Install coverage tools (lcov, poppler-utils, git-lfs)	2025-12-21T16:29:15.6223044Z Get:45 http://azure.archive.ubuntu.com/ubuntu noble/main amd64 libclass-xsaccessor-perl amd64 1.19-4build4 [33.1 kB]
test	Install coverage tools (lcov, poppler-utils, git-lfs)	2025-12-21T16:29:15.6445130Z Get:46 http://azure.archive.ubuntu.com/ubuntu noble/universe amd64 libpadwalker-perl amd64 2.5-1build6 [15.5 kB]
test	Install coverage tools (lcov, poppler-utils, git-lfs)	2025-12-21T16:29:15.6662986Z Get:47 http://azure.archive.ubuntu.com/ubuntu noble/universe amd64 libdevel-caller-perl amd64 2.07-1build3 [9766 B]
test	Install coverage tools (lcov, poppler-utils, git-lfs)	2025-12-21T16:29:15.6880791Z Get:48 http://azure.archive.ubuntu.com/ubuntu noble/universe amd64 libdevel-lexalias-perl amd64 0.05-3build4 [8014 B]
test	Install coverage tools (lcov, poppler-utils, git-lfs)	2025-12-21T16:29:15.7096677Z Get:49 http://azure.archive.ubuntu.com/ubuntu noble/main amd64 libpackage-stash-xs-perl amd64 0.30-1build4 [18.7 kB]
test	Install coverage tools (lcov, poppler-utils, git-lfs)	2025-12-21T16:29:15.7314963Z Get:50 http://azure.archive.ubuntu.com/ubuntu noble-updates/main amd64 libpoppler134 amd64 24.02.0-1ubuntu9.8 [1118 kB]
test	Install coverage tools (lcov, poppler-utils, git-lfs)	2025-12-21T16:29:15.7615810Z Get:51 http://azure.archive.ubuntu.com/ubuntu noble/universe amd64 libreadonly-perl all 2.050-3 [19.9 kB]
test	Install coverage tools (lcov, poppler-utils, git-lfs)	2025-12-21T16:29:15.7831967Z Get:52 http://azure.archive.ubuntu.com/ubuntu noble/universe amd64 libref-util-perl all 0.204-2 [15.1 kB]
test	Install coverage tools (lcov, poppler-utils, git-lfs)	2025-12-21T16:29:15.8050070Z Get:53 http://azure.archive.ubuntu.com/ubuntu noble/universe amd64 libref-util-xs-perl amd64 0.117-2build4 [12.6 kB]
test	Install coverage tools (lcov, poppler-utils, git-lfs)	2025-12-21T16:29:15.8681697Z Get:54 http://azure.archive.ubuntu.com/ubuntu noble-updates/main amd64 poppler-utils amd64 24.02.0-1ubuntu9.8 [212 kB]
test	Install coverage tools (lcov, poppler-utils, git-lfs)	2025-12-21T16:29:15.8917438Z Get:55 http://azure.archive.ubuntu.com/ubuntu noble/main amd64 libgd-perl amd64 2.78-1build3 [129 kB]
test	Install coverage tools (lcov, poppler-utils, git-lfs)	2025-12-21T16:29:16.1838929Z Fetched 7808 kB in 2s (4877 kB/s)
test	Install coverage tools (lcov, poppler-utils, git-lfs)	2025-12-21T16:29:16.2367090Z Selecting previously unselected package poppler-data.
test	Install coverage tools (lcov, poppler-utils, git-lfs)	2025-12-21T16:29:16.2710303Z (Reading database ... 
test	Install coverage tools (lcov, poppler-utils, git-lfs)	2025-12-21T16:29:16.2710870Z (Reading database ... 5%
test	Install coverage tools (lcov, poppler-utils, git-lfs)	2025-12-21T16:29:16.2711333Z (Reading database ... 10%
test	Install coverage tools (lcov, poppler-utils, git-lfs)	2025-12-21T16:29:16.2711689Z (Reading database ... 15%
test	Install coverage tools (lcov, poppler-utils, git-lfs)	2025-12-21T16:29:16.2712006Z (Reading database ... 20%
test	Install coverage tools (lcov, poppler-utils, git-lfs)	2025-12-21T16:29:16.2712319Z (Reading database ... 25%
test	Install coverage tools (lcov, poppler-utils, git-lfs)	2025-12-21T16:29:16.2712622Z (Reading database ... 30%
test	Install coverage tools (lcov, poppler-utils, git-lfs)	2025-12-21T16:29:16.2712933Z (Reading database ... 35%
test	Install coverage tools (lcov, poppler-utils, git-lfs)	2025-12-21T16:29:16.2713270Z (Reading database ... 40%
test	Install coverage tools (lcov, poppler-utils, git-lfs)	2025-12-21T16:29:16.2713575Z (Reading database ... 45%
test	Install coverage tools (lcov, poppler-utils, git-lfs)	2025-12-21T16:29:16.2713883Z (Reading database ... 50%
test	Install coverage tools (lcov, poppler-utils, git-lfs)	2025-12-21T16:29:16.3044316Z (Reading database ... 55%
test	Install coverage tools (lcov, poppler-utils, git-lfs)	2025-12-21T16:29:16.5623024Z (Reading database ... 60%
test	Install coverage tools (lcov, poppler-utils, git-lfs)	2025-12-21T16:29:16.6892396Z (Reading database ... 65%
test	Install coverage tools (lcov, poppler-utils, git-lfs)	2025-12-21T16:29:16.7599472Z (Reading database ... 70%
test	Install coverage tools (lcov, poppler-utils, git-lfs)	2025-12-21T16:29:16.8742806Z (Reading database ... 75%
test	Install coverage tools (lcov, poppler-utils, git-lfs)	2025-12-21T16:29:17.2346982Z (Reading database ... 80%
test	Install coverage tools (lcov, poppler-utils, git-lfs)	2025-12-21T16:29:17.6794210Z (Reading database ... 85%
test	Install coverage tools (lcov, poppler-utils, git-lfs)	2025-12-21T16:29:18.1673062Z (Reading database ... 90%
test	Install coverage tools (lcov, poppler-utils, git-lfs)	2025-12-21T16:29:18.5500601Z (Reading database ... 95%
test	Install coverage tools (lcov, poppler-utils, git-lfs)	2025-12-21T16:29:18.5501108Z (Reading database ... 100%
test	Install coverage tools (lcov, poppler-utils, git-lfs)	2025-12-21T16:29:18.5501585Z (Reading database ... 217374 files and directories currently installed.)
test	Install coverage tools (lcov, poppler-utils, git-lfs)	2025-12-21T16:29:18.5545255Z Preparing to unpack .../00-poppler-data_0.4.12-1_all.deb ...
test	Install coverage tools (lcov, poppler-utils, git-lfs)	2025-12-21T16:29:18.5568064Z Unpacking poppler-data (0.4.12-1) ...
test	Install coverage tools (lcov, poppler-utils, git-lfs)	2025-12-21T16:29:18.6831239Z Selecting previously unselected package libcapture-tiny-perl.
test	Install coverage tools (lcov, poppler-utils, git-lfs)	2025-12-21T16:29:18.6965182Z Preparing to unpack .../01-libcapture-tiny-perl_0.48-2_all.deb ...
test	Install coverage tools (lcov, poppler-utils, git-lfs)	2025-12-21T16:29:18.6973122Z Unpacking libcapture-tiny-perl (0.48-2) ...
test	Install coverage tools (lcov, poppler-utils, git-lfs)	2025-12-21T16:29:18.7193376Z Selecting previously unselected package libclass-inspector-perl.
test	Install coverage tools (lcov, poppler-utils, git-lfs)	2025-12-21T16:29:18.7326347Z Preparing to unpack .../02-libclass-inspector-perl_1.36-3_all.deb ...
test	Install coverage tools (lcov, poppler-utils, git-lfs)	2025-12-21T16:29:18.7333987Z Unpacking libclass-inspector-perl (1.36-3) ...
test	Install coverage tools (lcov, poppler-utils, git-lfs)	2025-12-21T16:29:18.7547979Z Selecting previously unselected package libfile-sharedir-perl.
test	Install coverage tools (lcov, poppler-utils, git-lfs)	2025-12-21T16:29:18.7681330Z Preparing to unpack .../03-libfile-sharedir-perl_1.118-3_all.deb ...
test	Install coverage tools (lcov, poppler-utils, git-lfs)	2025-12-21T16:29:18.7689986Z Unpacking libfile-sharedir-perl (1.118-3) ...
test	Install coverage tools (lcov, poppler-utils, git-lfs)	2025-12-21T16:29:18.7905221Z Selecting previously unselected package libb-hooks-op-check-perl:amd64.
test	Install coverage tools (lcov, poppler-utils, git-lfs)	2025-12-21T16:29:18.8037817Z Preparing to unpack .../04-libb-hooks-op-check-perl_0.22-3build1_amd64.deb ...
test	Install coverage tools (lcov, poppler-utils, git-lfs)	2025-12-21T16:29:18.8045588Z Unpacking libb-hooks-op-check-perl:amd64 (0.22-3build1) ...
test	Install coverage tools (lcov, poppler-utils, git-lfs)	2025-12-21T16:29:18.8256884Z Selecting previously unselected package libdynaloader-functions-perl.
test	Install coverage tools (lcov, poppler-utils, git-lfs)	2025-12-21T16:29:18.8385419Z Preparing to unpack .../05-libdynaloader-functions-perl_0.003-3_all.deb ...
test	Install coverage tools (lcov, poppler-utils, git-lfs)	2025-12-21T16:29:18.8392859Z Unpacking libdynaloader-functions-perl (0.003-3) ...
test	Install coverage tools (lcov, poppler-utils, git-lfs)	2025-12-21T16:29:18.8602612Z Selecting previously unselected package libdevel-callchecker-perl:amd64.
test	Install coverage tools (lcov, poppler-utils, git-lfs)	2025-12-21T16:29:18.8730729Z Preparing to unpack .../06-libdevel-callchecker-perl_0.008-2build3_amd64.deb ...
test	Install coverage tools (lcov, poppler-utils, git-lfs)	2025-12-21T16:29:18.8740784Z Unpacking libdevel-callchecker-perl:amd64 (0.008-2build3) ...
test	Install coverage tools (lcov, poppler-utils, git-lfs)	2025-12-21T16:29:18.8941554Z Selecting previously unselected package libparams-classify-perl:amd64.
test	Install coverage tools (lcov, poppler-utils, git-lfs)	2025-12-21T16:29:18.9068191Z Preparing to unpack .../07-libparams-classify-perl_0.015-2build5_amd64.deb ...
test	Install coverage tools (lcov, poppler-utils, git-lfs)	2025-12-21T16:29:18.9076674Z Unpacking libparams-classify-perl:amd64 (0.015-2build5) ...
test	Install coverage tools (lcov, poppler-utils, git-lfs)	2025-12-21T16:29:18.9271405Z Selecting previously unselected package libmodule-runtime-perl.
test	Install coverage tools (lcov, poppler-utils, git-lfs)	2025-12-21T16:29:18.9397602Z Preparing to unpack .../08-libmodule-runtime-perl_0.016-2_all.deb ...
test	Install coverage tools (lcov, poppler-utils, git-lfs)	2025-12-21T16:29:18.9405054Z Unpacking libmodule-runtime-perl (0.016-2) ...
test	Install coverage tools (lcov, poppler-utils, git-lfs)	2025-12-21T16:29:18.9596495Z Selecting previously unselected package libtry-tiny-perl.
test	Install coverage tools (lcov, poppler-utils, git-lfs)	2025-12-21T16:29:18.9723362Z Preparing to unpack .../09-libtry-tiny-perl_0.31-2_all.deb ...
test	Install coverage tools (lcov, poppler-utils, git-lfs)	2025-12-21T16:29:18.9731818Z Unpacking libtry-tiny-perl (0.31-2) ...
test	Install coverage tools (lcov, poppler-utils, git-lfs)	2025-12-21T16:29:18.9929394Z Selecting previously unselected package libmodule-implementation-perl.
test	Install coverage tools (lcov, poppler-utils, git-lfs)	2025-12-21T16:29:19.0057361Z Preparing to unpack .../10-libmodule-implementation-perl_0.09-2_all.deb ...
test	Install coverage tools (lcov, poppler-utils, git-lfs)	2025-12-21T16:29:19.0065076Z Unpacking libmodule-implementation-perl (0.09-2) ...
test	Install coverage tools (lcov, poppler-utils, git-lfs)	2025-12-21T16:29:19.0257552Z Selecting previously unselected package libsub-exporter-progressive-perl.
test	Install coverage tools (lcov, poppler-utils, git-lfs)	2025-12-21T16:29:19.0387044Z Preparing to unpack .../11-libsub-exporter-progressive-perl_0.001013-3_all.deb ...
test	Install coverage tools (lcov, poppler-utils, git-lfs)	2025-12-21T16:29:19.0394195Z Unpacking libsub-exporter-progressive-perl (0.001013-3) ...
test	Install coverage tools (lcov, poppler-utils, git-lfs)	2025-12-21T16:29:19.0584207Z Selecting previously unselected package libvariable-magic-perl.
test	Install coverage tools (lcov, poppler-utils, git-lfs)	2025-12-21T16:29:19.0713897Z Preparing to unpack .../12-libvariable-magic-perl_0.63-1build3_amd64.deb ...
test	Install coverage tools (lcov, poppler-utils, git-lfs)	2025-12-21T16:29:19.0720891Z Unpacking libvariable-magic-perl (0.63-1build3) ...
test	Install coverage tools (lcov, poppler-utils, git-lfs)	2025-12-21T16:29:19.0959509Z Selecting previously unselected package libb-hooks-endofscope-perl.
test	Install coverage tools (lcov, poppler-utils, git-lfs)	2025-12-21T16:29:19.1087519Z Preparing to unpack .../13-libb-hooks-endofscope-perl_0.28-1_all.deb ...
test	Install coverage tools (lcov, poppler-utils, git-lfs)	2025-12-21T16:29:19.1095649Z Unpacking libb-hooks-endofscope-perl (0.28-1) ...
test	Install coverage tools (lcov, poppler-utils, git-lfs)	2025-12-21T16:29:19.1296995Z Selecting previously unselected package libpackage-stash-perl.
test	Install coverage tools (lcov, poppler-utils, git-lfs)	2025-12-21T16:29:19.1424813Z Preparing to unpack .../14-libpackage-stash-perl_0.40-1_all.deb ...
test	Install coverage tools (lcov, poppler-utils, git-lfs)	2025-12-21T16:29:19.1431839Z Unpacking libpackage-stash-perl (0.40-1) ...
test	Install coverage tools (lcov, poppler-utils, git-lfs)	2025-12-21T16:29:19.1628739Z Selecting previously unselected package libsub-identify-perl.
test	Install coverage tools (lcov, poppler-utils, git-lfs)	2025-12-21T16:29:19.1756933Z Preparing to unpack .../15-libsub-identify-perl_0.14-3build3_amd64.deb ...
test	Install coverage tools (lcov, poppler-utils, git-lfs)	2025-12-21T16:29:19.1764388Z Unpacking libsub-identify-perl (0.14-3build3) ...
test	Install coverage tools (lcov, poppler-utils, git-lfs)	2025-12-21T16:29:19.1956645Z Selecting previously unselected package libsub-name-perl:amd64.
test	Install coverage tools (lcov, poppler-utils, git-lfs)	2025-12-21T16:29:19.2084192Z Preparing to unpack .../16-libsub-name-perl_0.27-1build3_amd64.deb ...
test	Install coverage tools (lcov, poppler-utils, git-lfs)	2025-12-21T16:29:19.2092136Z Unpacking libsub-name-perl:amd64 (0.27-1build3) ...
test	Install coverage tools (lcov, poppler-utils, git-lfs)	2025-12-21T16:29:19.2286784Z Selecting previously unselected package libnamespace-clean-perl.
test	Install coverage tools (lcov, poppler-utils, git-lfs)	2025-12-21T16:29:19.2416937Z Preparing to unpack .../17-libnamespace-clean-perl_0.27-2_all.deb ...
test	Install coverage tools (lcov, poppler-utils, git-lfs)	2025-12-21T16:29:19.2423654Z Unpacking libnamespace-clean-perl (0.27-2) ...
test	Install coverage tools (lcov, poppler-utils, git-lfs)	2025-12-21T16:29:19.2614758Z Selecting previously unselected package libnamespace-autoclean-perl.
test	Install coverage tools (lcov, poppler-utils, git-lfs)	2025-12-21T16:29:19.2745353Z Preparing to unpack .../18-libnamespace-autoclean-perl_0.29-2_all.deb ...
test	Install coverage tools (lcov, poppler-utils, git-lfs)	2025-12-21T16:29:19.2752850Z Unpacking libnamespace-autoclean-perl (0.29-2) ...
test	Install coverage tools (lcov, poppler-utils, git-lfs)	2025-12-21T16:29:19.2939464Z Selecting previously unselected package libparams-util-perl.
test	Install coverage tools (lcov, poppler-utils, git-lfs)	2025-12-21T16:29:19.3069602Z Preparing to unpack .../19-libparams-util-perl_1.102-2build3_amd64.deb ...
test	Install coverage tools (lcov, poppler-utils, git-lfs)	2025-12-21T16:29:19.3077719Z Unpacking libparams-util-perl (1.102-2build3) ...
test	Install coverage tools (lcov, poppler-utils, git-lfs)	2025-12-21T16:29:19.3278650Z Selecting previously unselected package libsub-install-perl.
test	Install coverage tools (lcov, poppler-utils, git-lfs)	2025-12-21T16:29:19.3406500Z Preparing to unpack .../20-libsub-install-perl_0.929-1_all.deb ...
test	Install coverage tools (lcov, poppler-utils, git-lfs)	2025-12-21T16:29:19.3413539Z Unpacking libsub-install-perl (0.929-1) ...
test	Install coverage tools (lcov, poppler-utils, git-lfs)	2025-12-21T16:29:19.3608443Z Selecting previously unselected package libdata-optlist-perl.
test	Install coverage tools (lcov, poppler-utils, git-lfs)	2025-12-21T16:29:19.3736549Z Preparing to unpack .../21-libdata-optlist-perl_0.114-1_all.deb ...
test	Install coverage tools (lcov, poppler-utils, git-lfs)	2025-12-21T16:29:19.3745156Z Unpacking libdata-optlist-perl (0.114-1) ...
test	Install coverage tools (lcov, poppler-utils, git-lfs)	2025-12-21T16:29:19.3942271Z Selecting previously unselected package libsub-exporter-perl.
test	Install coverage tools (lcov, poppler-utils, git-lfs)	2025-12-21T16:29:19.4071304Z Preparing to unpack .../22-libsub-exporter-perl_0.990-1_all.deb ...
test	Install coverage tools (lcov, poppler-utils, git-lfs)	2025-12-21T16:29:19.4109726Z Unpacking libsub-exporter-perl (0.990-1) ...
test	Install coverage tools (lcov, poppler-utils, git-lfs)	2025-12-21T16:29:19.4331380Z Selecting previously unselected package libeval-closure-perl.
test	Install coverage tools (lcov, poppler-utils, git-lfs)	2025-12-21T16:29:19.4458722Z Preparing to unpack .../23-libeval-closure-perl_0.14-3_all.deb ...
test	Install coverage tools (lcov, poppler-utils, git-lfs)	2025-12-21T16:29:19.4467601Z Unpacking libeval-closure-perl (0.14-3) ...
test	Install coverage tools (lcov, poppler-utils, git-lfs)	2025-12-21T16:29:19.4682361Z Selecting previously unselected package libclass-data-inheritable-perl.
test	Install coverage tools (lcov, poppler-utils, git-lfs)	2025-12-21T16:29:19.4812778Z Preparing to unpack .../24-libclass-data-inheritable-perl_0.08-3_all.deb ...
test	Install coverage tools (lcov, poppler-utils, git-lfs)	2025-12-21T16:29:19.4819598Z Unpacking libclass-data-inheritable-perl (0.08-3) ...
test	Install coverage tools (lcov, poppler-utils, git-lfs)	2025-12-21T16:29:19.5021648Z Selecting previously unselected package libdevel-stacktrace-perl.
test	Install coverage tools (lcov, poppler-utils, git-lfs)	2025-12-21T16:29:19.5150093Z Preparing to unpack .../25-libdevel-stacktrace-perl_2.0500-1_all.deb ...
test	Install coverage tools (lcov, poppler-utils, git-lfs)	2025-12-21T16:29:19.5157102Z Unpacking libdevel-stacktrace-perl (2.0500-1) ...
test	Install coverage tools (lcov, poppler-utils, git-lfs)	2025-12-21T16:29:19.5353021Z Selecting previously unselected package libexception-class-perl.
test	Install coverage tools (lcov, poppler-utils, git-lfs)	2025-12-21T16:29:19.5481393Z Preparing to unpack .../26-libexception-class-perl_1.45-1_all.deb ...
test	Install coverage tools (lcov, poppler-utils, git-lfs)	2025-12-21T16:29:19.5492098Z Unpacking libexception-class-perl (1.45-1) ...
test	Install coverage tools (lcov, poppler-utils, git-lfs)	2025-12-21T16:29:19.5689210Z Selecting previously unselected package libparams-validationcompiler-perl.
test	Install coverage tools (lcov, poppler-utils, git-lfs)	2025-12-21T16:29:19.5818066Z Preparing to unpack .../27-libparams-validationcompiler-perl_0.31-1_all.deb ...
test	Install coverage tools (lcov, poppler-utils, git-lfs)	2025-12-21T16:29:19.5824906Z Unpacking libparams-validationcompiler-perl (0.31-1) ...
test	Install coverage tools (lcov, poppler-utils, git-lfs)	2025-12-21T16:29:19.6034490Z Selecting previously unselected package libalgorithm-c3-perl.
test	Install coverage tools (lcov, poppler-utils, git-lfs)	2025-12-21T16:29:19.6164266Z Preparing to unpack .../28-libalgorithm-c3-perl_0.11-2_all.deb ...
test	Install coverage tools (lcov, poppler-utils, git-lfs)	2025-12-21T16:29:19.6172478Z Unpacking libalgorithm-c3-perl (0.11-2) ...
test	Install coverage tools (lcov, poppler-utils, git-lfs)	2025-12-21T16:29:19.6360615Z Selecting previously unselected package libclass-c3-perl.
test	Install coverage tools (lcov, poppler-utils, git-lfs)	2025-12-21T16:29:19.6490200Z Preparing to unpack .../29-libclass-c3-perl_0.35-2_all.deb ...
test	Install coverage tools (lcov, poppler-utils, git-lfs)	2025-12-21T16:29:19.6497757Z Unpacking libclass-c3-perl (0.35-2) ...
test	Install coverage tools (lcov, poppler-utils, git-lfs)	2025-12-21T16:29:19.6688825Z Selecting previously unselected package libmro-compat-perl.
test	Install coverage tools (lcov, poppler-utils, git-lfs)	2025-12-21T16:29:19.6818280Z Preparing to unpack .../30-libmro-compat-perl_0.15-2_all.deb ...
test	Install coverage tools (lcov, poppler-utils, git-lfs)	2025-12-21T16:29:19.6825380Z Unpacking libmro-compat-perl (0.15-2) ...
test	Install coverage tools (lcov, poppler-utils, git-lfs)	2025-12-21T16:29:19.7017658Z Selecting previously unselected package libclass-method-modifiers-perl.
test	Install coverage tools (lcov, poppler-utils, git-lfs)	2025-12-21T16:29:19.7147453Z Preparing to unpack .../31-libclass-method-modifiers-perl_2.15-1_all.deb ...
test	Install coverage tools (lcov, poppler-utils, git-lfs)	2025-12-21T16:29:19.7155128Z Unpacking libclass-method-modifiers-perl (2.15-1) ...
test	Install coverage tools (lcov, poppler-utils, git-lfs)	2025-12-21T16:29:19.7347927Z Selecting previously unselected package librole-tiny-perl.
test	Install coverage tools (lcov, poppler-utils, git-lfs)	2025-12-21T16:29:19.7478296Z Preparing to unpack .../32-librole-tiny-perl_2.002004-1_all.deb ...
test	Install coverage tools (lcov, poppler-utils, git-lfs)	2025-12-21T16:29:19.7486325Z Unpacking librole-tiny-perl (2.002004-1) ...
test	Install coverage tools (lcov, poppler-utils, git-lfs)	2025-12-21T16:29:19.7699251Z Selecting previously unselected package libsub-quote-perl.
test	Install coverage tools (lcov, poppler-utils, git-lfs)	2025-12-21T16:29:19.7830543Z Preparing to unpack .../33-libsub-quote-perl_2.006008-1ubuntu1_all.deb ...
test	Install coverage tools (lcov, poppler-utils, git-lfs)	2025-12-21T16:29:19.7840826Z Unpacking libsub-quote-perl (2.006008-1ubuntu1) ...
test	Install coverage tools (lcov, poppler-utils, git-lfs)	2025-12-21T16:29:19.8037461Z Selecting previously unselected package libxstring-perl:amd64.
test	Install coverage tools (lcov, poppler-utils, git-lfs)	2025-12-21T16:29:19.8168151Z Preparing to unpack .../34-libxstring-perl_0.005-2build3_amd64.deb ...
test	Install coverage tools (lcov, poppler-utils, git-lfs)	2025-12-21T16:29:19.8176938Z Unpacking libxstring-perl:amd64 (0.005-2build3) ...
test	Install coverage tools (lcov, poppler-utils, git-lfs)	2025-12-21T16:29:19.8370549Z Selecting previously unselected package libspecio-perl.
test	Install coverage tools (lcov, poppler-utils, git-lfs)	2025-12-21T16:29:19.8501658Z Preparing to unpack .../35-libspecio-perl_0.48-1_all.deb ...
test	Install coverage tools (lcov, poppler-utils, git-lfs)	2025-12-21T16:29:19.8510281Z Unpacking libspecio-perl (0.48-1) ...
test	Install coverage tools (lcov, poppler-utils, git-lfs)	2025-12-21T16:29:19.8851701Z Selecting previously unselected package libdatetime-locale-perl.
test	Install coverage tools (lcov, poppler-utils, git-lfs)	2025-12-21T16:29:19.8984898Z Preparing to unpack .../36-libdatetime-locale-perl_1%3a1.37-1_all.deb ...
test	Install coverage tools (lcov, poppler-utils, git-lfs)	2025-12-21T16:29:19.8993248Z Unpacking libdatetime-locale-perl (1:1.37-1) ...
test	Install coverage tools (lcov, poppler-utils, git-lfs)	2025-12-21T16:29:20.4130476Z Selecting previously unselected package libclass-singleton-perl.
test	Install coverage tools (lcov, poppler-utils, git-lfs)	2025-12-21T16:29:20.4274717Z Preparing to unpack .../37-libclass-singleton-perl_1.6-2_all.deb ...
test	Install coverage tools (lcov, poppler-utils, git-lfs)	2025-12-21T16:29:20.4283134Z Unpacking libclass-singleton-perl (1.6-2) ...
test	Install coverage tools (lcov, poppler-utils, git-lfs)	2025-12-21T16:29:20.4481876Z Selecting previously unselected package libdatetime-timezone-perl.
test	Install coverage tools (lcov, poppler-utils, git-lfs)	2025-12-21T16:29:20.4619179Z Preparing to unpack .../38-libdatetime-timezone-perl_1%3a2.62-1+2024a_all.deb ...
test	Install coverage tools (lcov, poppler-utils, git-lfs)	2025-12-21T16:29:20.4628322Z Unpacking libdatetime-timezone-perl (1:2.62-1+2024a) ...
test	Install coverage tools (lcov, poppler-utils, git-lfs)	2025-12-21T16:29:20.5580132Z Selecting previously unselected package libdatetime-perl.
test	Install coverage tools (lcov, poppler-utils, git-lfs)	2025-12-21T16:29:20.5717039Z Preparing to unpack .../39-libdatetime-perl_2%3a1.65-1build2_amd64.deb ...
test	Install coverage tools (lcov, poppler-utils, git-lfs)	2025-12-21T16:29:20.5725118Z Unpacking libdatetime-perl (2:1.65-1build2) ...
test	Install coverage tools (lcov, poppler-utils, git-lfs)	2025-12-21T16:29:20.5961539Z Selecting previously unselected package libperlio-gzip-perl.
test	Install coverage tools (lcov, poppler-utils, git-lfs)	2025-12-21T16:29:20.6095659Z Preparing to unpack .../40-libperlio-gzip-perl_0.20-1build4_amd64.deb ...
test	Install coverage tools (lcov, poppler-utils, git-lfs)	2025-12-21T16:29:20.6104731Z Unpacking libperlio-gzip-perl (0.20-1build4) ...
test	Install coverage tools (lcov, poppler-utils, git-lfs)	2025-12-21T16:29:20.6319487Z Selecting previously unselected package lcov.
test	Install coverage tools (lcov, poppler-utils, git-lfs)	2025-12-21T16:29:20.6452779Z Preparing to unpack .../41-lcov_2.0-4ubuntu2_all.deb ...
test	Install coverage tools (lcov, poppler-utils, git-lfs)	2025-12-21T16:29:20.6461754Z Unpacking lcov (2.0-4ubuntu2) ...
test	Install coverage tools (lcov, poppler-utils, git-lfs)	2025-12-21T16:29:20.6800651Z Selecting previously unselected package libclass-c3-xs-perl.
test	Install coverage tools (lcov, poppler-utils, git-lfs)	2025-12-21T16:29:20.6937110Z Preparing to unpack .../42-libclass-c3-xs-perl_0.15-1build6_amd64.deb ...
test	Install coverage tools (lcov, poppler-utils, git-lfs)	2025-12-21T16:29:20.6945267Z Unpacking libclass-c3-xs-perl (0.15-1build6) ...
test	Install coverage tools (lcov, poppler-utils, git-lfs)	2025-12-21T16:29:20.7155937Z Selecting previously unselected package libclass-xsaccessor-perl.
test	Install coverage tools (lcov, poppler-utils, git-lfs)	2025-12-21T16:29:20.7292262Z Preparing to unpack .../43-libclass-xsaccessor-perl_1.19-4build4_amd64.deb ...
test	Install coverage tools (lcov, poppler-utils, git-lfs)	2025-12-21T16:29:20.7301781Z Unpacking libclass-xsaccessor-perl (1.19-4build4) ...
test	Install coverage tools (lcov, poppler-utils, git-lfs)	2025-12-21T16:29:20.7509075Z Selecting previously unselected package libpadwalker-perl.
test	Install coverage tools (lcov, poppler-utils, git-lfs)	2025-12-21T16:29:20.7644199Z Preparing to unpack .../44-libpadwalker-perl_2.5-1build6_amd64.deb ...
test	Install coverage tools (lcov, poppler-utils, git-lfs)	2025-12-21T16:29:20.7651755Z Unpacking libpadwalker-perl (2.5-1build6) ...
test	Install coverage tools (lcov, poppler-utils, git-lfs)	2025-12-21T16:29:20.7851955Z Selecting previously unselected package libdevel-caller-perl:amd64.
test	Install coverage tools (lcov, poppler-utils, git-lfs)	2025-12-21T16:29:20.7985810Z Preparing to unpack .../45-libdevel-caller-perl_2.07-1build3_amd64.deb ...
test	Install coverage tools (lcov, poppler-utils, git-lfs)	2025-12-21T16:29:20.7993488Z Unpacking libdevel-caller-perl:amd64 (2.07-1build3) ...
test	Install coverage tools (lcov, poppler-utils, git-lfs)	2025-12-21T16:29:20.8198144Z Selecting previously unselected package libdevel-lexalias-perl.
test	Install coverage tools (lcov, poppler-utils, git-lfs)	2025-12-21T16:29:20.8333172Z Preparing to unpack .../46-libdevel-lexalias-perl_0.05-3build4_amd64.deb ...
test	Install coverage tools (lcov, poppler-utils, git-lfs)	2025-12-21T16:29:20.8340792Z Unpacking libdevel-lexalias-perl (0.05-3build4) ...
test	Install coverage tools (lcov, poppler-utils, git-lfs)	2025-12-21T16:29:20.8554703Z Selecting previously unselected package libpackage-stash-xs-perl:amd64.
test	Install coverage tools (lcov, poppler-utils, git-lfs)	2025-12-21T16:29:20.8690017Z Preparing to unpack .../47-libpackage-stash-xs-perl_0.30-1build4_amd64.deb ...
test	Install coverage tools (lcov, poppler-utils, git-lfs)	2025-12-21T16:29:20.8697870Z Unpacking libpackage-stash-xs-perl:amd64 (0.30-1build4) ...
test	Install coverage tools (lcov, poppler-utils, git-lfs)	2025-12-21T16:29:20.8906526Z Selecting previously unselected package libpoppler134:amd64.
test	Install coverage tools (lcov, poppler-utils, git-lfs)	2025-12-21T16:29:20.9040497Z Preparing to unpack .../48-libpoppler134_24.02.0-1ubuntu9.8_amd64.deb ...
test	Install coverage tools (lcov, poppler-utils, git-lfs)	2025-12-21T16:29:20.9060202Z Unpacking libpoppler134:amd64 (24.02.0-1ubuntu9.8) ...
test	Install coverage tools (lcov, poppler-utils, git-lfs)	2025-12-21T16:29:20.9399555Z Selecting previously unselected package libreadonly-perl.
test	Install coverage tools (lcov, poppler-utils, git-lfs)	2025-12-21T16:29:20.9536694Z Preparing to unpack .../49-libreadonly-perl_2.050-3_all.deb ...
test	Install coverage tools (lcov, poppler-utils, git-lfs)	2025-12-21T16:29:20.9544993Z Unpacking libreadonly-perl (2.050-3) ...
test	Install coverage tools (lcov, poppler-utils, git-lfs)	2025-12-21T16:29:20.9760306Z Selecting previously unselected package libref-util-perl.
test	Install coverage tools (lcov, poppler-utils, git-lfs)	2025-12-21T16:29:20.9896378Z Preparing to unpack .../50-libref-util-perl_0.204-2_all.deb ...
test	Install coverage tools (lcov, poppler-utils, git-lfs)	2025-12-21T16:29:20.9905578Z Unpacking libref-util-perl (0.204-2) ...
test	Install coverage tools (lcov, poppler-utils, git-lfs)	2025-12-21T16:29:21.0117154Z Selecting previously unselected package libref-util-xs-perl.
test	Install coverage tools (lcov, poppler-utils, git-lfs)	2025-12-21T16:29:21.0253666Z Preparing to unpack .../51-libref-util-xs-perl_0.117-2build4_amd64.deb ...
test	Install coverage tools (lcov, poppler-utils, git-lfs)	2025-12-21T16:29:21.0261293Z Unpacking libref-util-xs-perl (0.117-2build4) ...
test	Install coverage tools (lcov, poppler-utils, git-lfs)	2025-12-21T16:29:21.0460048Z Selecting previously unselected package poppler-utils.
test	Install coverage tools (lcov, poppler-utils, git-lfs)	2025-12-21T16:29:21.0595763Z Preparing to unpack .../52-poppler-utils_24.02.0-1ubuntu9.8_amd64.deb ...
test	Install coverage tools (lcov, poppler-utils, git-lfs)	2025-12-21T16:29:21.0634972Z Unpacking poppler-utils (24.02.0-1ubuntu9.8) ...
test	Install coverage tools (lcov, poppler-utils, git-lfs)	2025-12-21T16:29:21.1003736Z Selecting previously unselected package libgd-perl.
test	Install coverage tools (lcov, poppler-utils, git-lfs)	2025-12-21T16:29:21.1139647Z Preparing to unpack .../53-libgd-perl_2.78-1build3_amd64.deb ...
test	Install coverage tools (lcov, poppler-utils, git-lfs)	2025-12-21T16:29:21.1146844Z Unpacking libgd-perl (2.78-1build3) ...
test	Install coverage tools (lcov, poppler-utils, git-lfs)	2025-12-21T16:29:21.1621166Z Setting up libclass-inspector-perl (1.36-3) ...
test	Install coverage tools (lcov, poppler-utils, git-lfs)	2025-12-21T16:29:21.1643979Z Setting up libdynaloader-functions-perl (0.003-3) ...
test	Install coverage tools (lcov, poppler-utils, git-lfs)	2025-12-21T16:29:21.1663315Z Setting up libclass-method-modifiers-perl (2.15-1) ...
test	Install coverage tools (lcov, poppler-utils, git-lfs)	2025-12-21T16:29:21.1682527Z Setting up libref-util-xs-perl (0.117-2build4) ...
test	Install coverage tools (lcov, poppler-utils, git-lfs)	2025-12-21T16:29:21.1715997Z Setting up libpoppler134:amd64 (24.02.0-1ubuntu9.8) ...
test	Install coverage tools (lcov, poppler-utils, git-lfs)	2025-12-21T16:29:21.1738872Z Setting up libsub-identify-perl (0.14-3build3) ...
test	Install coverage tools (lcov, poppler-utils, git-lfs)	2025-12-21T16:29:21.1760158Z Setting up libtry-tiny-perl (0.31-2) ...
test	Install coverage tools (lcov, poppler-utils, git-lfs)	2025-12-21T16:29:21.1781585Z Setting up libclass-singleton-perl (1.6-2) ...
test	Install coverage tools (lcov, poppler-utils, git-lfs)	2025-12-21T16:29:21.1801762Z Setting up libpadwalker-perl (2.5-1build6) ...
test	Install coverage tools (lcov, poppler-utils, git-lfs)	2025-12-21T16:29:21.1821920Z Setting up libxstring-perl:amd64 (0.005-2build3) ...
test	Install coverage tools (lcov, poppler-utils, git-lfs)	2025-12-21T16:29:21.1844589Z Setting up libclass-c3-xs-perl (0.15-1build6) ...
test	Install coverage tools (lcov, poppler-utils, git-lfs)	2025-12-21T16:29:21.1866311Z Setting up libdevel-caller-perl:amd64 (2.07-1build3) ...
test	Install coverage tools (lcov, poppler-utils, git-lfs)	2025-12-21T16:29:21.1886847Z Setting up libsub-install-perl (0.929-1) ...
test	Install coverage tools (lcov, poppler-utils, git-lfs)	2025-12-21T16:29:21.1907385Z Setting up poppler-data (0.4.12-1) ...
test	Install coverage tools (lcov, poppler-utils, git-lfs)	2025-12-21T16:29:21.1975944Z Setting up libgd-perl (2.78-1build3) ...
test	Install coverage tools (lcov, poppler-utils, git-lfs)	2025-12-21T16:29:21.1998492Z Setting up libreadonly-perl (2.050-3) ...
test	Install coverage tools (lcov, poppler-utils, git-lfs)	2025-12-21T16:29:21.2021068Z Setting up libdevel-lexalias-perl (0.05-3build4) ...
test	Install coverage tools (lcov, poppler-utils, git-lfs)	2025-12-21T16:29:21.2043697Z Setting up libpackage-stash-xs-perl:amd64 (0.30-1build4) ...
test	Install coverage tools (lcov, poppler-utils, git-lfs)	2025-12-21T16:29:21.2064823Z Setting up libclass-data-inheritable-perl (0.08-3) ...
test	Install coverage tools (lcov, poppler-utils, git-lfs)	2025-12-21T16:29:21.2085601Z Setting up libalgorithm-c3-perl (0.11-2) ...
test	Install coverage tools (lcov, poppler-utils, git-lfs)	2025-12-21T16:29:21.2105840Z Setting up libref-util-perl (0.204-2) ...
test	Install coverage tools (lcov, poppler-utils, git-lfs)	2025-12-21T16:29:21.2127974Z Setting up libvariable-magic-perl (0.63-1build3) ...
test	Install coverage tools (lcov, poppler-utils, git-lfs)	2025-12-21T16:29:21.2147982Z Setting up libb-hooks-op-check-perl:amd64 (0.22-3build1) ...
test	Install coverage tools (lcov, poppler-utils, git-lfs)	2025-12-21T16:29:21.2171007Z Setting up libparams-util-perl (1.102-2build3) ...
test	Install coverage tools (lcov, poppler-utils, git-lfs)	2025-12-21T16:29:21.2192588Z Setting up libsub-exporter-progressive-perl (0.001013-3) ...
test	Install coverage tools (lcov, poppler-utils, git-lfs)	2025-12-21T16:29:21.2213049Z Setting up libcapture-tiny-perl (0.48-2) ...
test	Install coverage tools (lcov, poppler-utils, git-lfs)	2025-12-21T16:29:21.2235294Z Setting up libsub-name-perl:amd64 (0.27-1build3) ...
test	Install coverage tools (lcov, poppler-utils, git-lfs)	2025-12-21T16:29:21.2254703Z Setting up librole-tiny-perl (2.002004-1) ...
test	Install coverage tools (lcov, poppler-utils, git-lfs)	2025-12-21T16:29:21.2274877Z Setting up libfile-sharedir-perl (1.118-3) ...
test	Install coverage tools (lcov, poppler-utils, git-lfs)	2025-12-21T16:29:21.2296390Z Setting up libsub-quote-perl (2.006008-1ubuntu1) ...
test	Install coverage tools (lcov, poppler-utils, git-lfs)	2025-12-21T16:29:21.2315472Z Setting up libdevel-stacktrace-perl (2.0500-1) ...
test	Install coverage tools (lcov, poppler-utils, git-lfs)	2025-12-21T16:29:21.2338325Z Setting up libclass-xsaccessor-perl (1.19-4build4) ...
test	Install coverage tools (lcov, poppler-utils, git-lfs)	2025-12-21T16:29:21.2361099Z Setting up poppler-utils (24.02.0-1ubuntu9.8) ...
test	Install coverage tools (lcov, poppler-utils, git-lfs)	2025-12-21T16:29:21.2382301Z Setting up libperlio-gzip-perl (0.20-1build4) ...
test	Install coverage tools (lcov, poppler-utils, git-lfs)	2025-12-21T16:29:21.2405739Z Setting up libexception-class-perl (1.45-1) ...
test	Install coverage tools (lcov, poppler-utils, git-lfs)	2025-12-21T16:29:21.2426884Z Setting up libclass-c3-perl (0.35-2) ...
test	Install coverage tools (lcov, poppler-utils, git-lfs)	2025-12-21T16:29:21.2448002Z Setting up libdevel-callchecker-perl:amd64 (0.008-2build3) ...
test	Install coverage tools (lcov, poppler-utils, git-lfs)	2025-12-21T16:29:21.2470048Z Setting up libdata-optlist-perl (0.114-1) ...
test	Install coverage tools (lcov, poppler-utils, git-lfs)	2025-12-21T16:29:21.2497478Z Setting up libmro-compat-perl (0.15-2) ...
test	Install coverage tools (lcov, poppler-utils, git-lfs)	2025-12-21T16:29:21.2525173Z Setting up libsub-exporter-perl (0.990-1) ...
test	Install coverage tools (lcov, poppler-utils, git-lfs)	2025-12-21T16:29:21.2546601Z Setting up libeval-closure-perl (0.14-3) ...
test	Install coverage tools (lcov, poppler-utils, git-lfs)	2025-12-21T16:29:21.2567698Z Setting up libparams-validationcompiler-perl (0.31-1) ...
test	Install coverage tools (lcov, poppler-utils, git-lfs)	2025-12-21T16:29:21.2588030Z Setting up libparams-classify-perl:amd64 (0.015-2build5) ...
test	Install coverage tools (lcov, poppler-utils, git-lfs)	2025-12-21T16:29:21.2606837Z Setting up libmodule-runtime-perl (0.016-2) ...
test	Install coverage tools (lcov, poppler-utils, git-lfs)	2025-12-21T16:29:21.2625529Z Setting up libmodule-implementation-perl (0.09-2) ...
test	Install coverage tools (lcov, poppler-utils, git-lfs)	2025-12-21T16:29:21.2649080Z Setting up libpackage-stash-perl (0.40-1) ...
test	Install coverage tools (lcov, poppler-utils, git-lfs)	2025-12-21T16:29:21.2670608Z Setting up libspecio-perl (0.48-1) ...
test	Install coverage tools (lcov, poppler-utils, git-lfs)	2025-12-21T16:29:21.2691457Z Setting up libb-hooks-endofscope-perl (0.28-1) ...
test	Install coverage tools (lcov, poppler-utils, git-lfs)	2025-12-21T16:29:21.2711756Z Setting up libnamespace-clean-perl (0.27-2) ...
test	Install coverage tools (lcov, poppler-utils, git-lfs)	2025-12-21T16:29:21.2732651Z Setting up libnamespace-autoclean-perl (0.29-2) ...
test	Install coverage tools (lcov, poppler-utils, git-lfs)	2025-12-21T16:29:21.2752539Z Setting up libdatetime-locale-perl (1:1.37-1) ...
test	Install coverage tools (lcov, poppler-utils, git-lfs)	2025-12-21T16:29:21.2774575Z Setting up libdatetime-timezone-perl (1:2.62-1+2024a) ...
test	Install coverage tools (lcov, poppler-utils, git-lfs)	2025-12-21T16:29:21.2794123Z Setting up libdatetime-perl (2:1.65-1build2) ...
test	Install coverage tools (lcov, poppler-utils, git-lfs)	2025-12-21T16:29:21.2838490Z Setting up lcov (2.0-4ubuntu2) ...
test	Install coverage tools (lcov, poppler-utils, git-lfs)	2025-12-21T16:29:21.2892477Z Processing triggers for fontconfig (2.15.0-1.1ubuntu2) ...
test	Install coverage tools (lcov, poppler-utils, git-lfs)	2025-12-21T16:29:21.4173963Z Processing triggers for libc-bin (2.39-0ubuntu8.6) ...
test	Install coverage tools (lcov, poppler-utils, git-lfs)	2025-12-21T16:29:21.4739917Z Processing triggers for man-db (2.12.0-4build2) ...
test	Install coverage tools (lcov, poppler-utils, git-lfs)	2025-12-21T16:29:21.4811619Z Not building database; man-db/auto-update is not 'true'.
test	Install coverage tools (lcov, poppler-utils, git-lfs)	2025-12-21T16:29:22.5825958Z 
test	Install coverage tools (lcov, poppler-utils, git-lfs)	2025-12-21T16:29:22.5826724Z Running kernel seems to be up-to-date.
test	Install coverage tools (lcov, poppler-utils, git-lfs)	2025-12-21T16:29:22.5827139Z 
test	Install coverage tools (lcov, poppler-utils, git-lfs)	2025-12-21T16:29:22.5827318Z No services need to be restarted.
test	Install coverage tools (lcov, poppler-utils, git-lfs)	2025-12-21T16:29:22.5827638Z 
test	Install coverage tools (lcov, poppler-utils, git-lfs)	2025-12-21T16:29:22.5827810Z No containers need to be restarted.
test	Install coverage tools (lcov, poppler-utils, git-lfs)	2025-12-21T16:29:22.5828128Z 
test	Install coverage tools (lcov, poppler-utils, git-lfs)	2025-12-21T16:29:22.5828348Z No user sessions are running outdated binaries.
test	Install coverage tools (lcov, poppler-utils, git-lfs)	2025-12-21T16:29:22.5828730Z 
test	Install coverage tools (lcov, poppler-utils, git-lfs)	2025-12-21T16:29:22.5829093Z No VM guests are running outdated hypervisor (qemu) binaries on this host.
test	Install coverage tools (lcov, poppler-utils, git-lfs)	2025-12-21T16:29:23.9607744Z warning: current user is not root/admin, system install is likely to fail.
test	Install coverage tools (lcov, poppler-utils, git-lfs)	2025-12-21T16:29:23.9889419Z Updated Git hooks.
test	Install coverage tools (lcov, poppler-utils, git-lfs)	2025-12-21T16:29:23.9889828Z Git LFS initialized.
test	Write CI diagnostics	ï»¿2025-12-21T16:29:23.9967387Z ##[group]Run set -eux
test	Write CI diagnostics	2025-12-21T16:29:23.9967680Z [36;1mset -eux[0m
test	Write CI diagnostics	2025-12-21T16:29:23.9967872Z [36;1mout=ci-diagnostics.txt[0m
test	Write CI diagnostics	2025-12-21T16:29:23.9968140Z [36;1mecho "=== CI Diagnostics: $(date -u) ===" > "$out"[0m
test	Write CI diagnostics	2025-12-21T16:29:23.9968506Z [36;1mecho "Java:" >> "$out"; java -version 2>&1 | sed -n '1,5p' >> "$out" || true[0m
test	Write CI diagnostics	2025-12-21T16:29:23.9968952Z [36;1mecho "Javac:" >> "$out"; javac -version 2>&1 | sed -n '1,5p' >> "$out" || true[0m
test	Write CI diagnostics	2025-12-21T16:29:23.9969396Z [36;1mecho "Flutter:" >> "$out"; flutter --version 2>&1 | sed -n '1,5p' >> "$out" || true[0m
test	Write CI diagnostics	2025-12-21T16:29:23.9969811Z [36;1mecho "Which flutter: $(which flutter || true)" >> "$out"[0m
test	Write CI diagnostics	2025-12-21T16:29:23.9970285Z [36;1mecho "pdftotext:" >> "$out"; pdftotext -v 2>&1 | sed -n '1,5p' >> "$out" || echo "pdftotext not installed" >> "$out"[0m
test	Write CI diagnostics	2025-12-21T16:29:23.9970843Z [36;1mecho "git-lfs:" >> "$out"; git lfs --version 2>&1 | sed -n '1,5p' >> "$out" || echo "git-lfs not installed" >> "$out"[0m
test	Write CI diagnostics	2025-12-21T16:29:23.9971400Z [36;1mecho "lcov:" >> "$out"; lcov --version 2>&1 | sed -n '1,5p' >> "$out" || echo "lcov not installed" >> "$out"[0m
test	Write CI diagnostics	2025-12-21T16:29:24.0003540Z shell: /usr/bin/bash -e {0}
test	Write CI diagnostics	2025-12-21T16:29:24.0003758Z env:
test	Write CI diagnostics	2025-12-21T16:29:24.0004036Z   JAVA_HOME: /opt/hostedtoolcache/Java_Temurin-Hotspot_jdk/21.0.9-10/x64
test	Write CI diagnostics	2025-12-21T16:29:24.0004487Z   JAVA_HOME_21_X64: /opt/hostedtoolcache/Java_Temurin-Hotspot_jdk/21.0.9-10/x64
test	Write CI diagnostics	2025-12-21T16:29:24.0004926Z   FLUTTER_ROOT: /opt/hostedtoolcache/flutter/stable-3.38.5-x64
test	Write CI diagnostics	2025-12-21T16:29:24.0005248Z   PUB_CACHE: /home/runner/.pub-cache
test	Write CI diagnostics	2025-12-21T16:29:24.0005476Z ##[endgroup]
test	Write CI diagnostics	2025-12-21T16:29:24.0058807Z + out=ci-diagnostics.txt
test	Write CI diagnostics	2025-12-21T16:29:24.0061511Z ++ date -u
test	Write CI diagnostics	2025-12-21T16:29:24.0072161Z + echo '=== CI Diagnostics: Sun Dec 21 16:29:24 UTC 2025 ==='
test	Write CI diagnostics	2025-12-21T16:29:24.0073042Z + echo Java:
test	Write CI diagnostics	2025-12-21T16:29:24.0075706Z + java -version
test	Write CI diagnostics	2025-12-21T16:29:24.0077275Z + sed -n 1,5p
test	Write CI diagnostics	2025-12-21T16:29:24.0431392Z + echo Javac:
test	Write CI diagnostics	2025-12-21T16:29:24.0434753Z + javac -version
test	Write CI diagnostics	2025-12-21T16:29:24.0447488Z + sed -n 1,5p
test	Write CI diagnostics	2025-12-21T16:29:24.4273575Z + echo Flutter:
test	Write CI diagnostics	2025-12-21T16:29:24.4277093Z + flutter --version
test	Write CI diagnostics	2025-12-21T16:29:24.4279254Z + sed -n 1,5p
test	Write CI diagnostics	2025-12-21T16:29:24.5462941Z ++ which flutter
test	Write CI diagnostics	2025-12-21T16:29:24.7249493Z + echo 'Which flutter: /opt/hostedtoolcache/flutter/stable-3.38.5-x64/bin/flutter'
test	Write CI diagnostics	2025-12-21T16:29:24.7250105Z + echo pdftotext:
test	Write CI diagnostics	2025-12-21T16:29:24.7252579Z + pdftotext -v
test	Write CI diagnostics	2025-12-21T16:29:24.7253770Z + sed -n 1,5p
test	Write CI diagnostics	2025-12-21T16:29:24.7577588Z + echo git-lfs:
test	Write CI diagnostics	2025-12-21T16:29:24.7580173Z + git lfs --version
test	Write CI diagnostics	2025-12-21T16:29:24.7581123Z + sed -n 1,5p
test	Write CI diagnostics	2025-12-21T16:29:24.7675079Z + echo lcov:
test	Write CI diagnostics	2025-12-21T16:29:24.7677367Z + lcov --version
test	Write CI diagnostics	2025-12-21T16:29:24.7679406Z + sed -n 1,5p
test	Upload CI diagnostics	ï»¿2025-12-21T16:29:25.2191906Z ##[group]Run actions/upload-artifact@v4
test	Upload CI diagnostics	2025-12-21T16:29:25.2192176Z with:
test	Upload CI diagnostics	2025-12-21T16:29:25.2192343Z   name: ci-diagnostics
test	Upload CI diagnostics	2025-12-21T16:29:25.2192539Z   path: ci-diagnostics.txt
test	Upload CI diagnostics	2025-12-21T16:29:25.2192764Z   if-no-files-found: warn
test	Upload CI diagnostics	2025-12-21T16:29:25.2192965Z   compression-level: 6
test	Upload CI diagnostics	2025-12-21T16:29:25.2193145Z   overwrite: false
test	Upload CI diagnostics	2025-12-21T16:29:25.2193330Z   include-hidden-files: false
test	Upload CI diagnostics	2025-12-21T16:29:25.2193524Z env:
test	Upload CI diagnostics	2025-12-21T16:29:25.2193788Z   JAVA_HOME: /opt/hostedtoolcache/Java_Temurin-Hotspot_jdk/21.0.9-10/x64
test	Upload CI diagnostics	2025-12-21T16:29:25.2194229Z   JAVA_HOME_21_X64: /opt/hostedtoolcache/Java_Temurin-Hotspot_jdk/21.0.9-10/x64
test	Upload CI diagnostics	2025-12-21T16:29:25.2194640Z   FLUTTER_ROOT: /opt/hostedtoolcache/flutter/stable-3.38.5-x64
test	Upload CI diagnostics	2025-12-21T16:29:25.2194939Z   PUB_CACHE: /home/runner/.pub-cache
test	Upload CI diagnostics	2025-12-21T16:29:25.2195163Z ##[endgroup]
test	Upload CI diagnostics	2025-12-21T16:29:25.4316985Z With the provided path, there will be 1 file uploaded
test	Upload CI diagnostics	2025-12-21T16:29:25.4317809Z Artifact name is valid!
test	Upload CI diagnostics	2025-12-21T16:29:25.4318173Z Root directory input is valid!
test	Upload CI diagnostics	2025-12-21T16:29:25.5486455Z Beginning upload of artifact content to blob storage
test	Upload CI diagnostics	2025-12-21T16:29:25.6658416Z Uploaded bytes 715
test	Upload CI diagnostics	2025-12-21T16:29:25.6953900Z Finished uploading artifact content to blob storage!
test	Upload CI diagnostics	2025-12-21T16:29:25.6957284Z SHA256 digest of uploaded artifact zip is 2f9bd972efd6f3fbf8608fc2b638532ebd16ffae2d94594a9acc0b98a157c43d
test	Upload CI diagnostics	2025-12-21T16:29:25.6958734Z Finalizing artifact upload
test	Upload CI diagnostics	2025-12-21T16:29:25.7917375Z Artifact ci-diagnostics.zip successfully finalized. Artifact ID 4937312424
test	Upload CI diagnostics	2025-12-21T16:29:25.7918586Z Artifact ci-diagnostics has been successfully uploaded! Final size is 715 bytes. Artifact ID is 4937312424
test	Upload CI diagnostics	2025-12-21T16:29:25.7925160Z Artifact download URL: https://github.com/hfcs/simple_match/actions/runs/20412648623/artifacts/4937312424
test	Debug: print environment and tools	ï»¿2025-12-21T16:29:25.8015405Z ##[group]Run set -eux
test	Debug: print environment and tools	2025-12-21T16:29:25.8015655Z [36;1mset -eux[0m
test	Debug: print environment and tools	2025-12-21T16:29:25.8015838Z [36;1mecho "===== ENV ====="[0m
test	Debug: print environment and tools	2025-12-21T16:29:25.8016420Z [36;1muname -a || true[0m
test	Debug: print environment and tools	2025-12-21T16:29:25.8016795Z [36;1mecho "JAVA_HOME=$JAVA_HOME"[0m
test	Debug: print environment and tools	2025-12-21T16:29:25.8017177Z [36;1mjava -version || true[0m
test	Debug: print environment and tools	2025-12-21T16:29:25.8017532Z [36;1mjavac -version || true[0m
test	Debug: print environment and tools	2025-12-21T16:29:25.8017973Z [36;1mecho "Flutter:" && flutter --version || true[0m
test	Debug: print environment and tools	2025-12-21T16:29:25.8018491Z [36;1mecho "Which flutter: $(which flutter || true)"[0m
test	Debug: print environment and tools	2025-12-21T16:29:25.8018873Z [36;1mecho "pdftotext:" && pdftotext -v || echo "pdftotext not installed"[0m
test	Debug: print environment and tools	2025-12-21T16:29:25.8019319Z [36;1mecho "git-lfs:" && git lfs --version || echo "git-lfs not installed"[0m
test	Debug: print environment and tools	2025-12-21T16:29:25.8019714Z [36;1mecho "lcov:" && lcov --version || echo "lcov not installed"[0m
test	Debug: print environment and tools	2025-12-21T16:29:25.8052491Z shell: /usr/bin/bash -e {0}
test	Debug: print environment and tools	2025-12-21T16:29:25.8052716Z env:
test	Debug: print environment and tools	2025-12-21T16:29:25.8052995Z   JAVA_HOME: /opt/hostedtoolcache/Java_Temurin-Hotspot_jdk/21.0.9-10/x64
test	Debug: print environment and tools	2025-12-21T16:29:25.8053474Z   JAVA_HOME_21_X64: /opt/hostedtoolcache/Java_Temurin-Hotspot_jdk/21.0.9-10/x64
test	Debug: print environment and tools	2025-12-21T16:29:25.8053910Z   FLUTTER_ROOT: /opt/hostedtoolcache/flutter/stable-3.38.5-x64
test	Debug: print environment and tools	2025-12-21T16:29:25.8054239Z   PUB_CACHE: /home/runner/.pub-cache
test	Debug: print environment and tools	2025-12-21T16:29:25.8054471Z ##[endgroup]
test	Debug: print environment and tools	2025-12-21T16:29:25.8105995Z + echo '===== ENV ====='
test	Debug: print environment and tools	2025-12-21T16:29:25.8106611Z ===== ENV =====
test	Debug: print environment and tools	2025-12-21T16:29:25.8106809Z + uname -a
test	Debug: print environment and tools	2025-12-21T16:29:25.8115351Z Linux runnervmh13bl 6.11.0-1018-azure #18~24.04.1-Ubuntu SMP Sat Jun 28 04:46:03 UTC 2025 x86_64 x86_64 x86_64 GNU/Linux
test	Debug: print environment and tools	2025-12-21T16:29:25.8117422Z + echo JAVA_HOME=/opt/hostedtoolcache/Java_Temurin-Hotspot_jdk/21.0.9-10/x64
test	Debug: print environment and tools	2025-12-21T16:29:25.8118170Z JAVA_HOME=/opt/hostedtoolcache/Java_Temurin-Hotspot_jdk/21.0.9-10/x64
test	Debug: print environment and tools	2025-12-21T16:29:25.8118526Z + java -version
test	Debug: print environment and tools	2025-12-21T16:29:25.8357439Z openjdk version "21.0.9" 2025-10-21 LTS
test	Debug: print environment and tools	2025-12-21T16:29:25.8359289Z OpenJDK Runtime Environment Temurin-21.0.9+10 (build 21.0.9+10-LTS)
test	Debug: print environment and tools	2025-12-21T16:29:25.8360183Z OpenJDK 64-Bit Server VM Temurin-21.0.9+10 (build 21.0.9+10-LTS, mixed mode, sharing)
test	Debug: print environment and tools	2025-12-21T16:29:25.8402319Z + javac -version
test	Debug: print environment and tools	2025-12-21T16:29:25.9558212Z javac 21.0.9
test	Debug: print environment and tools	2025-12-21T16:29:25.9702691Z + echo Flutter:
test	Debug: print environment and tools	2025-12-21T16:29:25.9702991Z Flutter:
test	Debug: print environment and tools	2025-12-21T16:29:25.9703188Z + flutter --version
test	Debug: print environment and tools	2025-12-21T16:29:26.0726929Z Flutter 3.38.5 â€¢ channel stable â€¢ https://github.com/flutter/flutter.git
test	Debug: print environment and tools	2025-12-21T16:29:26.0727678Z Framework â€¢ revision f6ff1529fd (10 days ago) â€¢ 2025-12-11 11:50:07 -0500
test	Debug: print environment and tools	2025-12-21T16:29:26.0728512Z Engine â€¢ hash c108a94d7a8273e112339e6c6833daa06e723a54 (revision 1527ae0ec5) (10 days ago) â€¢ 2025-12-11 15:04:31.000Z
test	Debug: print environment and tools	2025-12-21T16:29:26.0729407Z Tools â€¢ Dart 3.10.4 â€¢ DevTools 2.51.1
test	Debug: print environment and tools	2025-12-21T16:29:26.0765266Z ++ which flutter
test	Debug: print environment and tools	2025-12-21T16:29:26.0777627Z + echo 'Which flutter: /opt/hostedtoolcache/flutter/stable-3.38.5-x64/bin/flutter'
test	Debug: print environment and tools	2025-12-21T16:29:26.0778496Z Which flutter: /opt/hostedtoolcache/flutter/stable-3.38.5-x64/bin/flutter
test	Debug: print environment and tools	2025-12-21T16:29:26.0779188Z + echo pdftotext:
test	Debug: print environment and tools	2025-12-21T16:29:26.0779513Z + pdftotext -v
test	Debug: print environment and tools	2025-12-21T16:29:26.0779798Z pdftotext:
test	Debug: print environment and tools	2025-12-21T16:29:26.0847520Z pdftotext version 24.02.0
test	Debug: print environment and tools	2025-12-21T16:29:26.0848005Z Copyright 2005-2024 The Poppler Developers - http://poppler.freedesktop.org
test	Debug: print environment and tools	2025-12-21T16:29:26.0848460Z Copyright 1996-2011, 2022 Glyph & Cog, LLC
test	Debug: print environment and tools	2025-12-21T16:29:26.0856736Z + echo git-lfs:
test	Debug: print environment and tools	2025-12-21T16:29:26.0857074Z git-lfs:
test	Debug: print environment and tools	2025-12-21T16:29:26.0857356Z + git lfs --version
test	Debug: print environment and tools	2025-12-21T16:29:26.0940389Z git-lfs/3.7.1 (GitHub; linux amd64; go 1.24.4)
test	Debug: print environment and tools	2025-12-21T16:29:26.0949206Z + echo lcov:
test	Debug: print environment and tools	2025-12-21T16:29:26.0949532Z lcov:
test	Debug: print environment and tools	2025-12-21T16:29:26.0949957Z + lcov --version
test	Debug: print environment and tools	2025-12-21T16:29:26.2587046Z lcov: LCOV version 2.0-1
test	Cache Flutter Pub packages	ï»¿2025-12-21T16:29:26.3619934Z ##[group]Run actions/cache@v4
test	Cache Flutter Pub packages	2025-12-21T16:29:26.3620216Z with:
test	Cache Flutter Pub packages	2025-12-21T16:29:26.3620417Z   path: ~/.pub-cache
test	Cache Flutter Pub packages	
test	Cache Flutter Pub packages	2025-12-21T16:29:26.3620827Z   key: Linux-pub-11c962e0daf3758977c45a8dc3e808d1118c607c88c7d4d6cf9e1482829858fc
test	Cache Flutter Pub packages	2025-12-21T16:29:26.3621305Z   restore-keys: Linux-pub-
test	Cache Flutter Pub packages	
test	Cache Flutter Pub packages	2025-12-21T16:29:26.3621572Z   enableCrossOsArchive: false
test	Cache Flutter Pub packages	2025-12-21T16:29:26.3621838Z   fail-on-cache-miss: false
test	Cache Flutter Pub packages	2025-12-21T16:29:26.3622087Z   lookup-only: false
test	Cache Flutter Pub packages	2025-12-21T16:29:26.3622304Z   save-always: false
test	Cache Flutter Pub packages	2025-12-21T16:29:26.3622510Z env:
test	Cache Flutter Pub packages	2025-12-21T16:29:26.3622826Z   JAVA_HOME: /opt/hostedtoolcache/Java_Temurin-Hotspot_jdk/21.0.9-10/x64
test	Cache Flutter Pub packages	2025-12-21T16:29:26.3623371Z   JAVA_HOME_21_X64: /opt/hostedtoolcache/Java_Temurin-Hotspot_jdk/21.0.9-10/x64
test	Cache Flutter Pub packages	2025-12-21T16:29:26.3623873Z   FLUTTER_ROOT: /opt/hostedtoolcache/flutter/stable-3.38.5-x64
test	Cache Flutter Pub packages	2025-12-21T16:29:26.3624256Z   PUB_CACHE: /home/runner/.pub-cache
test	Cache Flutter Pub packages	2025-12-21T16:29:26.3624530Z ##[endgroup]
test	Cache Flutter Pub packages	2025-12-21T16:29:26.6331168Z Cache hit for: Linux-pub-11c962e0daf3758977c45a8dc3e808d1118c607c88c7d4d6cf9e1482829858fc
test	Cache Flutter Pub packages	2025-12-21T16:29:27.2294621Z Received 40113154 of 40113154 (100.0%), 77.4 MBs/sec
test	Cache Flutter Pub packages	2025-12-21T16:29:27.2295659Z Cache Size: ~38 MB (40113154 B)
test	Cache Flutter Pub packages	2025-12-21T16:29:27.2326479Z [command]/usr/bin/tar -xf /home/runner/work/_temp/dcaae865-3c3c-499c-b16c-f9023391c2ab/cache.tzst -P -C /home/runner/work/simple_match/simple_match --use-compress-program unzstd
test	Cache Flutter Pub packages	2025-12-21T16:29:27.8254584Z Cache restored successfully
test	Cache Flutter Pub packages	2025-12-21T16:29:27.8411659Z Cache restored from key: Linux-pub-11c962e0daf3758977c45a8dc3e808d1118c607c88c7d4d6cf9e1482829858fc
test	Install dependencies	ï»¿2025-12-21T16:29:27.8500814Z ##[group]Run flutter pub get
test	Install dependencies	2025-12-21T16:29:27.8501276Z [36;1mflutter pub get[0m
test	Install dependencies	2025-12-21T16:29:27.8533840Z shell: /usr/bin/bash -e {0}
test	Install dependencies	2025-12-21T16:29:27.8534076Z env:
test	Install dependencies	2025-12-21T16:29:27.8534363Z   JAVA_HOME: /opt/hostedtoolcache/Java_Temurin-Hotspot_jdk/21.0.9-10/x64
test	Install dependencies	2025-12-21T16:29:27.8534846Z   JAVA_HOME_21_X64: /opt/hostedtoolcache/Java_Temurin-Hotspot_jdk/21.0.9-10/x64
test	Install dependencies	2025-12-21T16:29:27.8535295Z   FLUTTER_ROOT: /opt/hostedtoolcache/flutter/stable-3.38.5-x64
test	Install dependencies	2025-12-21T16:29:27.8535636Z   PUB_CACHE: /home/runner/.pub-cache
test	Install dependencies	2025-12-21T16:29:27.8535871Z ##[endgroup]
test	Install dependencies	2025-12-21T16:29:28.2192622Z Resolving dependencies...
test	Install dependencies	2025-12-21T16:29:28.3818660Z Downloading packages...
test	Install dependencies	2025-12-21T16:29:28.4151332Z   _fe_analyzer_shared 89.0.0 (92.0.0 available)
test	Install dependencies	2025-12-21T16:29:28.4151856Z   analyzer 8.2.0 (9.0.0 available)
test	Install dependencies	2025-12-21T16:29:28.4152312Z   build 4.0.0 (4.0.3 available)
test	Install dependencies	2025-12-21T16:29:28.4152606Z   build_daemon 4.0.4 (4.1.1 available)
test	Install dependencies	2025-12-21T16:29:28.4152927Z   build_runner 2.8.0 (2.10.4 available)
test	Install dependencies	2025-12-21T16:29:28.4153318Z   built_value 8.12.0 (8.12.1 available)
test	Install dependencies	2025-12-21T16:29:28.4153650Z   characters 1.4.0 (1.4.1 available)
test	Install dependencies	2025-12-21T16:29:28.4153952Z   crypto 3.0.6 (3.0.7 available)
test	Install dependencies	2025-12-21T16:29:28.4154250Z   dart_style 3.1.2 (3.1.3 available)
test	Install dependencies	2025-12-21T16:29:28.4154568Z   flutter_lints 5.0.0 (6.0.0 available)
test	Install dependencies	2025-12-21T16:29:28.4154905Z   http 1.5.0 (1.6.0 available)
test	Install dependencies	2025-12-21T16:29:28.4155238Z   image 4.5.4 (4.7.1 available)
test	Install dependencies	2025-12-21T16:29:28.4155582Z   lints 5.1.1 (6.0.0 available)
test	Install dependencies	2025-12-21T16:29:28.4155916Z   matcher 0.12.17 (0.12.18 available)
test	Install dependencies	2025-12-21T16:29:28.4156507Z   material_color_utilities 0.11.1 (0.13.0 available)
test	Install dependencies	2025-12-21T16:29:28.4156985Z > meta 1.17.0 (was 1.16.0)
test	Install dependencies	2025-12-21T16:29:28.4157393Z   mockito 5.5.1 (5.6.1 available)
test	Install dependencies	2025-12-21T16:29:28.4157736Z   path_provider_android 2.2.18 (2.2.22 available)
test	Install dependencies	2025-12-21T16:29:28.4158137Z   path_provider_foundation 2.4.2 (2.5.1 available)
test	Install dependencies	2025-12-21T16:29:28.4158508Z   shared_preferences 2.5.3 (2.5.4 available)
test	Install dependencies	2025-12-21T16:29:28.4158910Z   shared_preferences_android 2.4.13 (2.4.18 available)
test	Install dependencies	2025-12-21T16:29:28.4159330Z   shared_preferences_foundation 2.5.4 (2.5.6 available)
test	Install dependencies	2025-12-21T16:29:28.4159703Z   source_gen 4.0.1 (4.1.1 available)
test	Install dependencies	2025-12-21T16:29:28.4160026Z > test_api 0.7.7 (was 0.7.6) (0.7.8 available)
test	Install dependencies	2025-12-21T16:29:28.4160358Z   watcher 1.1.3 (1.2.0 available)
test	Install dependencies	2025-12-21T16:29:28.4160650Z Changed 2 dependencies!
test	Install dependencies	2025-12-21T16:29:28.4161073Z 24 packages have newer versions incompatible with dependency constraints.
test	Install dependencies	2025-12-21T16:29:28.4161587Z Try `flutter pub outdated` for more information.
test	Install pdftotext (poppler-utils)	ï»¿2025-12-21T16:29:28.8420169Z ##[group]Run sudo apt-get update
test	Install pdftotext (poppler-utils)	2025-12-21T16:29:28.8420493Z [36;1msudo apt-get update[0m
test	Install pdftotext (poppler-utils)	2025-12-21T16:29:28.8420766Z [36;1msudo apt-get install -y poppler-utils[0m
test	Install pdftotext (poppler-utils)	2025-12-21T16:29:28.8453619Z shell: /usr/bin/bash -e {0}
test	Install pdftotext (poppler-utils)	2025-12-21T16:29:28.8453855Z env:
test	Install pdftotext (poppler-utils)	2025-12-21T16:29:28.8454139Z   JAVA_HOME: /opt/hostedtoolcache/Java_Temurin-Hotspot_jdk/21.0.9-10/x64
test	Install pdftotext (poppler-utils)	2025-12-21T16:29:28.8454599Z   JAVA_HOME_21_X64: /opt/hostedtoolcache/Java_Temurin-Hotspot_jdk/21.0.9-10/x64
test	Install pdftotext (poppler-utils)	2025-12-21T16:29:28.8455038Z   FLUTTER_ROOT: /opt/hostedtoolcache/flutter/stable-3.38.5-x64
test	Install pdftotext (poppler-utils)	2025-12-21T16:29:28.8455368Z   PUB_CACHE: /home/runner/.pub-cache
test	Install pdftotext (poppler-utils)	2025-12-21T16:29:28.8455608Z ##[endgroup]
test	Install pdftotext (poppler-utils)	2025-12-21T16:29:28.9085285Z Get:1 file:/etc/apt/apt-mirrors.txt Mirrorlist [144 B]
test	Install pdftotext (poppler-utils)	2025-12-21T16:29:28.9389322Z Hit:2 http://azure.archive.ubuntu.com/ubuntu noble InRelease
test	Install pdftotext (poppler-utils)	2025-12-21T16:29:28.9393548Z Hit:6 https://packages.microsoft.com/repos/azure-cli noble InRelease
test	Install pdftotext (poppler-utils)	2025-12-21T16:29:28.9395395Z Hit:7 https://packages.microsoft.com/ubuntu/24.04/prod noble InRelease
test	Install pdftotext (poppler-utils)	2025-12-21T16:29:28.9403524Z Hit:3 http://azure.archive.ubuntu.com/ubuntu noble-updates InRelease
test	Install pdftotext (poppler-utils)	2025-12-21T16:29:28.9412006Z Hit:4 http://azure.archive.ubuntu.com/ubuntu noble-backports InRelease
test	Install pdftotext (poppler-utils)	2025-12-21T16:29:28.9419460Z Hit:5 http://azure.archive.ubuntu.com/ubuntu noble-security InRelease
test	Install pdftotext (poppler-utils)	2025-12-21T16:29:30.1342348Z Reading package lists...
test	Install pdftotext (poppler-utils)	2025-12-21T16:29:30.1662056Z Reading package lists...
test	Install pdftotext (poppler-utils)	2025-12-21T16:29:30.3254146Z Building dependency tree...
test	Install pdftotext (poppler-utils)	2025-12-21T16:29:30.3262144Z Reading state information...
test	Install pdftotext (poppler-utils)	2025-12-21T16:29:30.4935590Z poppler-utils is already the newest version (24.02.0-1ubuntu9.8).
test	Install pdftotext (poppler-utils)	2025-12-21T16:29:30.4936318Z 0 upgraded, 0 newly installed, 0 to remove and 69 not upgraded.
test	Verify installed tools	ï»¿2025-12-21T16:29:30.4977826Z ##[group]Run echo "Flutter:" && flutter --version || true
test	Verify installed tools	2025-12-21T16:29:30.4978229Z [36;1mecho "Flutter:" && flutter --version || true[0m
test	Verify installed tools	2025-12-21T16:29:30.4978636Z [36;1mecho "pdftotext (poppler):" && pdftotext -v || echo "pdftotext not present"[0m
test	Verify installed tools	2025-12-21T16:29:30.4979096Z [36;1mecho "git-lfs:" && git lfs --version || echo "git-lfs not present"[0m
test	Verify installed tools	2025-12-21T16:29:30.5011384Z shell: /usr/bin/bash -e {0}
test	Verify installed tools	2025-12-21T16:29:30.5011610Z env:
test	Verify installed tools	2025-12-21T16:29:30.5011898Z   JAVA_HOME: /opt/hostedtoolcache/Java_Temurin-Hotspot_jdk/21.0.9-10/x64
test	Verify installed tools	2025-12-21T16:29:30.5012349Z   JAVA_HOME_21_X64: /opt/hostedtoolcache/Java_Temurin-Hotspot_jdk/21.0.9-10/x64
test	Verify installed tools	2025-12-21T16:29:30.5012820Z   FLUTTER_ROOT: /opt/hostedtoolcache/flutter/stable-3.38.5-x64
test	Verify installed tools	2025-12-21T16:29:30.5013154Z   PUB_CACHE: /home/runner/.pub-cache
test	Verify installed tools	2025-12-21T16:29:30.5013394Z ##[endgroup]
test	Verify installed tools	2025-12-21T16:29:30.5064206Z Flutter:
test	Verify installed tools	2025-12-21T16:29:30.6098597Z Flutter 3.38.5 â€¢ channel stable â€¢ https://github.com/flutter/flutter.git
test	Verify installed tools	2025-12-21T16:29:30.6099637Z Framework â€¢ revision f6ff1529fd (10 days ago) â€¢ 2025-12-11 11:50:07 -0500
test	Verify installed tools	2025-12-21T16:29:30.6100811Z Engine â€¢ hash c108a94d7a8273e112339e6c6833daa06e723a54 (revision 1527ae0ec5) (10 days ago) â€¢ 2025-12-11 15:04:31.000Z
test	Verify installed tools	2025-12-21T16:29:30.6101737Z Tools â€¢ Dart 3.10.4 â€¢ DevTools 2.51.1
test	Verify installed tools	2025-12-21T16:29:30.6140985Z pdftotext (poppler):
test	Verify installed tools	2025-12-21T16:29:30.6210402Z pdftotext version 24.02.0
test	Verify installed tools	2025-12-21T16:29:30.6211043Z Copyright 2005-2024 The Poppler Developers - http://poppler.freedesktop.org
test	Verify installed tools	2025-12-21T16:29:30.6211511Z Copyright 1996-2011, 2022 Glyph & Cog, LLC
test	Verify installed tools	2025-12-21T16:29:30.6219759Z git-lfs:
test	Verify installed tools	2025-12-21T16:29:30.6303476Z git-lfs/3.7.1 (GitHub; linux amd64; go 1.24.4)
test	Run tests with coverage	ï»¿2025-12-21T16:29:30.6338213Z ##[group]Run flutter test --coverage --no-shard
test	Run tests with coverage	2025-12-21T16:29:30.6338603Z [36;1mflutter test --coverage --no-shard[0m
test	Run tests with coverage	2025-12-21T16:29:30.6371395Z shell: /usr/bin/bash -e {0}
test	Run tests with coverage	2025-12-21T16:29:30.6371634Z env:
test	Run tests with coverage	2025-12-21T16:29:30.6371932Z   JAVA_HOME: /opt/hostedtoolcache/Java_Temurin-Hotspot_jdk/21.0.9-10/x64
test	Run tests with coverage	2025-12-21T16:29:30.6372402Z   JAVA_HOME_21_X64: /opt/hostedtoolcache/Java_Temurin-Hotspot_jdk/21.0.9-10/x64
test	Run tests with coverage	2025-12-21T16:29:30.6372838Z   FLUTTER_ROOT: /opt/hostedtoolcache/flutter/stable-3.38.5-x64
test	Run tests with coverage	2025-12-21T16:29:30.6373168Z   PUB_CACHE: /home/runner/.pub-cache
test	Run tests with coverage	2025-12-21T16:29:30.6373410Z ##[endgroup]
test	Run tests with coverage	2025-12-21T16:29:30.7331493Z Could not find an option named "--no-shard".
test	Run tests with coverage	2025-12-21T16:29:30.7331899Z 
test	Run tests with coverage	2025-12-21T16:29:30.7332319Z Run 'flutter -h' (or 'flutter <command> -h') for available flutter commands and options.
test	Run tests with coverage	2025-12-21T16:29:30.7384446Z ##[error]Process completed with exit code 64.
test	Post Setup Flutter	ï»¿2025-12-21T16:29:30.7523437Z Post job cleanup.
test	Post Setup JDK 21	ï»¿2025-12-21T16:29:30.7571015Z Post job cleanup.
test	Post Run actions/checkout@v4	ï»¿2025-12-21T16:29:30.9298157Z Post job cleanup.
test	Post Run actions/checkout@v4	2025-12-21T16:29:31.0295475Z [command]/usr/bin/git version
test	Post Run actions/checkout@v4	2025-12-21T16:29:31.0333992Z git version 2.52.0
test	Post Run actions/checkout@v4	2025-12-21T16:29:31.0377355Z Temporarily overriding HOME='/home/runner/work/_temp/2cf54b00-97ed-4be8-87c4-7781f7e1b72a' before making global git config changes
test	Post Run actions/checkout@v4	2025-12-21T16:29:31.0378707Z Adding repository directory to the temporary git global config as a safe directory
test	Post Run actions/checkout@v4	2025-12-21T16:29:31.0390566Z [command]/usr/bin/git config --global --add safe.directory /home/runner/work/simple_match/simple_match
test	Post Run actions/checkout@v4	2025-12-21T16:29:31.0424901Z [command]/usr/bin/git config --local --name-only --get-regexp core\.sshCommand
test	Post Run actions/checkout@v4	2025-12-21T16:29:31.0457877Z [command]/usr/bin/git submodule foreach --recursive sh -c "git config --local --name-only --get-regexp 'core\.sshCommand' && git config --local --unset-all 'core.sshCommand' || :"
test	Post Run actions/checkout@v4	2025-12-21T16:29:31.0682660Z [command]/usr/bin/git config --local --name-only --get-regexp http\.https\:\/\/github\.com\/\.extraheader
test	Post Run actions/checkout@v4	2025-12-21T16:29:31.0703299Z http.https://github.com/.extraheader
test	Post Run actions/checkout@v4	2025-12-21T16:29:31.0715902Z [command]/usr/bin/git config --local --unset-all http.https://github.com/.extraheader
test	Post Run actions/checkout@v4	2025-12-21T16:29:31.0746013Z [command]/usr/bin/git submodule foreach --recursive sh -c "git config --local --name-only --get-regexp 'http\.https\:\/\/github\.com\/\.extraheader' && git config --local --unset-all 'http.https://github.com/.extraheader' || :"
test	Post Run actions/checkout@v4	2025-12-21T16:29:31.0963617Z [command]/usr/bin/git config --local --name-only --get-regexp ^includeIf\.gitdir:
test	Post Run actions/checkout@v4	2025-12-21T16:29:31.0993580Z [command]/usr/bin/git submodule foreach --recursive git config --local --show-origin --name-only --get-regexp remote.origin.url
test	Complete job	ï»¿2025-12-21T16:29:31.1311098Z Cleaning up orphan processes
