build_and_deploy	UNKNOWN STEP	ï»¿2025-12-21T16:44:31.8794803Z Current runner version: '2.330.0'
build_and_deploy	UNKNOWN STEP	2025-12-21T16:44:31.8819493Z ##[group]Runner Image Provisioner
build_and_deploy	UNKNOWN STEP	2025-12-21T16:44:31.8820681Z Hosted Compute Agent
build_and_deploy	UNKNOWN STEP	2025-12-21T16:44:31.8821433Z Version: 20251211.462
build_and_deploy	UNKNOWN STEP	2025-12-21T16:44:31.8822346Z Commit: 6cbad8c2bb55d58165063d031ccabf57e2d2db61
build_and_deploy	UNKNOWN STEP	2025-12-21T16:44:31.8823477Z Build Date: 2025-12-11T16:28:49Z
build_and_deploy	UNKNOWN STEP	2025-12-21T16:44:31.8824549Z Worker ID: ***a4eb7cd8-7fa7-4f6a-a981-44787fe0311c***
build_and_deploy	UNKNOWN STEP	2025-12-21T16:44:31.8825487Z ##[endgroup]
build_and_deploy	UNKNOWN STEP	2025-12-21T16:44:31.8826312Z ##[group]Operating System
build_and_deploy	UNKNOWN STEP	2025-12-21T16:44:31.8827151Z Ubuntu
build_and_deploy	UNKNOWN STEP	2025-12-21T16:44:31.8827927Z 24.04.3
build_and_deploy	UNKNOWN STEP	2025-12-21T16:44:31.8828574Z LTS
build_and_deploy	UNKNOWN STEP	2025-12-21T16:44:31.8829336Z ##[endgroup]
build_and_deploy	UNKNOWN STEP	2025-12-21T16:44:31.8830084Z ##[group]Runner Image
build_and_deploy	UNKNOWN STEP	2025-12-21T16:44:31.8830898Z Image: ubuntu-24.04
build_and_deploy	UNKNOWN STEP	2025-12-21T16:44:31.8831664Z Version: 20251215.174.1
build_and_deploy	UNKNOWN STEP	2025-12-21T16:44:31.8833381Z Included Software: https://github.com/actions/runner-images/blob/ubuntu24/20251215.174/images/ubuntu/Ubuntu2404-Readme.md
build_and_deploy	UNKNOWN STEP	2025-12-21T16:44:31.8835398Z Image Release: https://github.com/actions/runner-images/releases/tag/ubuntu24%2F20251215.174
build_and_deploy	UNKNOWN STEP	2025-12-21T16:44:31.8836818Z ##[endgroup]
build_and_deploy	UNKNOWN STEP	2025-12-21T16:44:31.8838449Z ##[group]GITHUB_TOKEN Permissions
build_and_deploy	UNKNOWN STEP	2025-12-21T16:44:31.8840541Z Contents: read
build_and_deploy	UNKNOWN STEP	2025-12-21T16:44:31.8841340Z Metadata: read
build_and_deploy	UNKNOWN STEP	2025-12-21T16:44:31.8842114Z Packages: read
build_and_deploy	UNKNOWN STEP	2025-12-21T16:44:31.8842873Z ##[endgroup]
build_and_deploy	UNKNOWN STEP	2025-12-21T16:44:31.8845678Z Secret source: Actions
build_and_deploy	UNKNOWN STEP	2025-12-21T16:44:31.8846574Z Prepare workflow directory
build_and_deploy	UNKNOWN STEP	2025-12-21T16:44:31.9180735Z Prepare all required actions
build_and_deploy	UNKNOWN STEP	2025-12-21T16:44:31.9218610Z Getting action download info
build_and_deploy	UNKNOWN STEP	2025-12-21T16:44:32.3197342Z Download action repository 'actions/checkout@v4' (SHA:34e114876b0b11c390a56381ad16ebd13914f8d5)
build_and_deploy	UNKNOWN STEP	2025-12-21T16:44:32.4341160Z Download action repository 'subosito/flutter-action@v2' (SHA:fd55f4c5af5b953cc57a2be44cb082c8f6635e8e)
build_and_deploy	UNKNOWN STEP	2025-12-21T16:44:33.1489180Z Download action repository 'actions/cache@v4' (SHA:0057852bfaa89a56745cba8c7296529d2fc39830)
build_and_deploy	UNKNOWN STEP	2025-12-21T16:44:33.3111433Z Download action repository 'FirebaseExtended/action-hosting-deploy@v0' (SHA:e2eda2e106cfa35cdbcf4ac9ddaf6c4756df2c8c)
build_and_deploy	UNKNOWN STEP	2025-12-21T16:44:33.9453848Z Getting action download info
build_and_deploy	UNKNOWN STEP	2025-12-21T16:44:34.1600713Z Complete job name: build_and_deploy
build_and_deploy	UNKNOWN STEP	2025-12-21T16:44:34.2499057Z ##[group]Run actions/checkout@v4
build_and_deploy	UNKNOWN STEP	2025-12-21T16:44:34.2500510Z with:
build_and_deploy	UNKNOWN STEP	2025-12-21T16:44:34.2501445Z   repository: hfcs/simple_match
build_and_deploy	UNKNOWN STEP	2025-12-21T16:44:34.2502813Z   token: ***
build_and_deploy	UNKNOWN STEP	2025-12-21T16:44:34.2503898Z   ssh-strict: true
build_and_deploy	UNKNOWN STEP	2025-12-21T16:44:34.2504850Z   ssh-user: git
build_and_deploy	UNKNOWN STEP	2025-12-21T16:44:34.2505820Z   persist-credentials: true
build_and_deploy	UNKNOWN STEP	2025-12-21T16:44:34.2506867Z   clean: true
build_and_deploy	UNKNOWN STEP	2025-12-21T16:44:34.2507846Z   sparse-checkout-cone-mode: true
build_and_deploy	UNKNOWN STEP	2025-12-21T16:44:34.2508987Z   fetch-depth: 1
build_and_deploy	UNKNOWN STEP	2025-12-21T16:44:34.2509934Z   fetch-tags: false
build_and_deploy	UNKNOWN STEP	2025-12-21T16:44:34.2510892Z   show-progress: true
build_and_deploy	UNKNOWN STEP	2025-12-21T16:44:34.2511885Z   lfs: false
build_and_deploy	UNKNOWN STEP	2025-12-21T16:44:34.2512794Z   submodules: false
build_and_deploy	UNKNOWN STEP	2025-12-21T16:44:34.2513891Z   set-safe-directory: true
build_and_deploy	UNKNOWN STEP	2025-12-21T16:44:34.2515198Z ##[endgroup]
build_and_deploy	UNKNOWN STEP	2025-12-21T16:44:34.3646228Z Syncing repository: hfcs/simple_match
build_and_deploy	UNKNOWN STEP	2025-12-21T16:44:34.3649190Z ##[group]Getting Git version info
build_and_deploy	UNKNOWN STEP	2025-12-21T16:44:34.3650897Z Working directory is '/home/runner/work/simple_match/simple_match'
build_and_deploy	UNKNOWN STEP	2025-12-21T16:44:34.3653499Z [command]/usr/bin/git version
build_and_deploy	UNKNOWN STEP	2025-12-21T16:44:34.3685211Z git version 2.52.0
build_and_deploy	UNKNOWN STEP	2025-12-21T16:44:34.3713725Z ##[endgroup]
build_and_deploy	UNKNOWN STEP	2025-12-21T16:44:34.3730676Z Temporarily overriding HOME='/home/runner/work/_temp/ee52c13a-4cd9-4fff-8ab1-570236837b72' before making global git config changes
build_and_deploy	UNKNOWN STEP	2025-12-21T16:44:34.3735751Z Adding repository directory to the temporary git global config as a safe directory
build_and_deploy	UNKNOWN STEP	2025-12-21T16:44:34.3744960Z [command]/usr/bin/git config --global --add safe.directory /home/runner/work/simple_match/simple_match
build_and_deploy	UNKNOWN STEP	2025-12-21T16:44:34.3784120Z Deleting the contents of '/home/runner/work/simple_match/simple_match'
build_and_deploy	UNKNOWN STEP	2025-12-21T16:44:34.3787491Z ##[group]Initializing the repository
build_and_deploy	UNKNOWN STEP	2025-12-21T16:44:34.3791947Z [command]/usr/bin/git init /home/runner/work/simple_match/simple_match
build_and_deploy	UNKNOWN STEP	2025-12-21T16:44:34.3884473Z hint: Using 'master' as the name for the initial branch. This default branch name
build_and_deploy	UNKNOWN STEP	2025-12-21T16:44:34.3887257Z hint: will change to "main" in Git 3.0. To configure the initial branch name
build_and_deploy	UNKNOWN STEP	2025-12-21T16:44:34.3890107Z hint: to use in all of your new repositories, which will suppress this warning,
build_and_deploy	UNKNOWN STEP	2025-12-21T16:44:34.3892816Z hint: call:
build_and_deploy	UNKNOWN STEP	2025-12-21T16:44:34.3894612Z hint:
build_and_deploy	UNKNOWN STEP	2025-12-21T16:44:34.3896692Z hint: 	git config --global init.defaultBranch <name>
build_and_deploy	UNKNOWN STEP	2025-12-21T16:44:34.3898932Z hint:
build_and_deploy	UNKNOWN STEP	2025-12-21T16:44:34.3901163Z hint: Names commonly chosen instead of 'master' are 'main', 'trunk' and
build_and_deploy	UNKNOWN STEP	2025-12-21T16:44:34.3904768Z hint: 'development'. The just-created branch can be renamed via this command:
build_and_deploy	UNKNOWN STEP	2025-12-21T16:44:34.3907382Z hint:
build_and_deploy	UNKNOWN STEP	2025-12-21T16:44:34.3908351Z hint: 	git branch -m <name>
build_and_deploy	UNKNOWN STEP	2025-12-21T16:44:34.3909390Z hint:
build_and_deploy	UNKNOWN STEP	2025-12-21T16:44:34.3910728Z hint: Disable this message with "git config set advice.defaultBranchName false"
build_and_deploy	UNKNOWN STEP	2025-12-21T16:44:34.3913927Z Initialized empty Git repository in /home/runner/work/simple_match/simple_match/.git/
build_and_deploy	UNKNOWN STEP	2025-12-21T16:44:34.3918790Z [command]/usr/bin/git remote add origin https://github.com/hfcs/simple_match
build_and_deploy	UNKNOWN STEP	2025-12-21T16:44:34.3937309Z ##[endgroup]
build_and_deploy	UNKNOWN STEP	2025-12-21T16:44:34.3940311Z ##[group]Disabling automatic garbage collection
build_and_deploy	UNKNOWN STEP	2025-12-21T16:44:34.3942778Z [command]/usr/bin/git config --local gc.auto 0
build_and_deploy	UNKNOWN STEP	2025-12-21T16:44:34.3971671Z ##[endgroup]
build_and_deploy	UNKNOWN STEP	2025-12-21T16:44:34.3974630Z ##[group]Setting up auth
build_and_deploy	UNKNOWN STEP	2025-12-21T16:44:34.3979159Z [command]/usr/bin/git config --local --name-only --get-regexp core\.sshCommand
build_and_deploy	UNKNOWN STEP	2025-12-21T16:44:34.4012127Z [command]/usr/bin/git submodule foreach --recursive sh -c "git config --local --name-only --get-regexp 'core\.sshCommand' && git config --local --unset-all 'core.sshCommand' || :"
build_and_deploy	UNKNOWN STEP	2025-12-21T16:44:34.4326053Z [command]/usr/bin/git config --local --name-only --get-regexp http\.https\:\/\/github\.com\/\.extraheader
build_and_deploy	UNKNOWN STEP	2025-12-21T16:44:34.4356923Z [command]/usr/bin/git submodule foreach --recursive sh -c "git config --local --name-only --get-regexp 'http\.https\:\/\/github\.com\/\.extraheader' && git config --local --unset-all 'http.https://github.com/.extraheader' || :"
build_and_deploy	UNKNOWN STEP	2025-12-21T16:44:34.4576980Z [command]/usr/bin/git config --local --name-only --get-regexp ^includeIf\.gitdir:
build_and_deploy	UNKNOWN STEP	2025-12-21T16:44:34.4607647Z [command]/usr/bin/git submodule foreach --recursive git config --local --show-origin --name-only --get-regexp remote.origin.url
build_and_deploy	UNKNOWN STEP	2025-12-21T16:44:34.4841552Z [command]/usr/bin/git config --local http.https://github.com/.extraheader AUTHORIZATION: basic ***
build_and_deploy	UNKNOWN STEP	2025-12-21T16:44:34.4876185Z ##[endgroup]
build_and_deploy	UNKNOWN STEP	2025-12-21T16:44:34.4877871Z ##[group]Fetching the repository
build_and_deploy	UNKNOWN STEP	2025-12-21T16:44:34.4885621Z [command]/usr/bin/git -c protocol.version=2 fetch --no-tags --prune --no-recurse-submodules --depth=1 origin +e2d1f8bcf41b89f3a028b27be0e9b51712a0a197:refs/remotes/origin/main
build_and_deploy	UNKNOWN STEP	2025-12-21T16:44:35.0224199Z From https://github.com/hfcs/simple_match
build_and_deploy	UNKNOWN STEP	2025-12-21T16:44:35.0225218Z  * [new ref]         e2d1f8bcf41b89f3a028b27be0e9b51712a0a197 -> origin/main
build_and_deploy	UNKNOWN STEP	2025-12-21T16:44:35.0255276Z ##[endgroup]
build_and_deploy	UNKNOWN STEP	2025-12-21T16:44:35.0256016Z ##[group]Determining the checkout info
build_and_deploy	UNKNOWN STEP	2025-12-21T16:44:35.0257957Z ##[endgroup]
build_and_deploy	UNKNOWN STEP	2025-12-21T16:44:35.0262585Z [command]/usr/bin/git sparse-checkout disable
build_and_deploy	UNKNOWN STEP	2025-12-21T16:44:35.0300796Z [command]/usr/bin/git config --local --unset-all extensions.worktreeConfig
build_and_deploy	UNKNOWN STEP	2025-12-21T16:44:35.0326027Z ##[group]Checking out the ref
build_and_deploy	UNKNOWN STEP	2025-12-21T16:44:35.0329442Z [command]/usr/bin/git checkout --progress --force -B main refs/remotes/origin/main
build_and_deploy	UNKNOWN STEP	2025-12-21T16:44:35.0560256Z Switched to a new branch 'main'
build_and_deploy	UNKNOWN STEP	2025-12-21T16:44:35.0563735Z branch 'main' set up to track 'origin/main'.
build_and_deploy	UNKNOWN STEP	2025-12-21T16:44:35.0570793Z ##[endgroup]
build_and_deploy	UNKNOWN STEP	2025-12-21T16:44:35.0606667Z [command]/usr/bin/git log -1 --format=%H
build_and_deploy	UNKNOWN STEP	2025-12-21T16:44:35.0628850Z e2d1f8bcf41b89f3a028b27be0e9b51712a0a197
build_and_deploy	UNKNOWN STEP	2025-12-21T16:44:35.0921736Z ##[group]Run subosito/flutter-action@v2
build_and_deploy	UNKNOWN STEP	2025-12-21T16:44:35.0922164Z with:
build_and_deploy	UNKNOWN STEP	2025-12-21T16:44:35.0922457Z   channel: stable
build_and_deploy	UNKNOWN STEP	2025-12-21T16:44:35.0922777Z   architecture: X64
build_and_deploy	UNKNOWN STEP	2025-12-21T16:44:35.0923665Z   cache: false
build_and_deploy	UNKNOWN STEP	2025-12-21T16:44:35.0923979Z   pub-cache-path: default
build_and_deploy	UNKNOWN STEP	2025-12-21T16:44:35.0924317Z   dry-run: false
build_and_deploy	UNKNOWN STEP	2025-12-21T16:44:35.0924693Z   git-source: https://github.com/flutter/flutter.git
build_and_deploy	UNKNOWN STEP	2025-12-21T16:44:35.0925107Z ##[endgroup]
build_and_deploy	UNKNOWN STEP	2025-12-21T16:44:35.1031441Z ##[group]Run chmod +x "$GITHUB_ACTION_PATH/setup.sh"
build_and_deploy	UNKNOWN STEP	2025-12-21T16:44:35.1032222Z [36;1mchmod +x "$GITHUB_ACTION_PATH/setup.sh"[0m
build_and_deploy	UNKNOWN STEP	2025-12-21T16:44:35.1069541Z shell: /usr/bin/bash --noprofile --norc -e -o pipefail ***0***
build_and_deploy	UNKNOWN STEP	2025-12-21T16:44:35.1070034Z ##[endgroup]
build_and_deploy	UNKNOWN STEP	2025-12-21T16:44:35.1210677Z ##[group]Run $GITHUB_ACTION_PATH/setup.sh -p \
build_and_deploy	UNKNOWN STEP	2025-12-21T16:44:35.1211191Z [36;1m$GITHUB_ACTION_PATH/setup.sh -p \[0m
build_and_deploy	UNKNOWN STEP	2025-12-21T16:44:35.1211601Z [36;1m  -n '' \[0m
build_and_deploy	UNKNOWN STEP	2025-12-21T16:44:35.1211926Z [36;1m  -f '' \[0m
build_and_deploy	UNKNOWN STEP	2025-12-21T16:44:35.1212264Z [36;1m  -a 'X64' \[0m
build_and_deploy	UNKNOWN STEP	2025-12-21T16:44:35.1212581Z [36;1m  -k '' \[0m
build_and_deploy	UNKNOWN STEP	2025-12-21T16:44:35.1213136Z [36;1m  -c '' \[0m
build_and_deploy	UNKNOWN STEP	2025-12-21T16:44:35.1213464Z [36;1m  -l '' \[0m
build_and_deploy	UNKNOWN STEP	2025-12-21T16:44:35.1213783Z [36;1m  -d 'default' \[0m
build_and_deploy	UNKNOWN STEP	2025-12-21T16:44:35.1214217Z [36;1m  -g 'https://github.com/flutter/flutter.git' \[0m
build_and_deploy	UNKNOWN STEP	2025-12-21T16:44:35.1214642Z [36;1m  stable[0m
build_and_deploy	UNKNOWN STEP	2025-12-21T16:44:35.1244826Z shell: /usr/bin/bash --noprofile --norc -e -o pipefail ***0***
build_and_deploy	UNKNOWN STEP	2025-12-21T16:44:35.1245310Z ##[endgroup]
build_and_deploy	UNKNOWN STEP	2025-12-21T16:44:35.3553705Z ##[group]Run $GITHUB_ACTION_PATH/setup.sh \
build_and_deploy	UNKNOWN STEP	2025-12-21T16:44:35.3554180Z [36;1m$GITHUB_ACTION_PATH/setup.sh \[0m
build_and_deploy	UNKNOWN STEP	2025-12-21T16:44:35.3554559Z [36;1m  -n '3.38.5' \[0m
build_and_deploy	UNKNOWN STEP	2025-12-21T16:44:35.3554886Z [36;1m  -a 'x64' \[0m
build_and_deploy	UNKNOWN STEP	2025-12-21T16:44:35.3555306Z [36;1m  -c '/opt/hostedtoolcache/flutter/stable-3.38.5-x64' \[0m
build_and_deploy	UNKNOWN STEP	2025-12-21T16:44:35.3555777Z [36;1m  -d '/home/runner/.pub-cache' \[0m
build_and_deploy	UNKNOWN STEP	2025-12-21T16:44:35.3556150Z [36;1m  stable[0m
build_and_deploy	UNKNOWN STEP	2025-12-21T16:44:35.3588661Z shell: /usr/bin/bash --noprofile --norc -e -o pipefail ***0***
build_and_deploy	UNKNOWN STEP	2025-12-21T16:44:35.3589148Z ##[endgroup]
build_and_deploy	UNKNOWN STEP	2025-12-21T16:44:35.5810485Z   % Total    % Received % Xferd  Average Speed   Time    Time     Time  Current
build_and_deploy	UNKNOWN STEP	2025-12-21T16:44:35.5812259Z                                  Dload  Upload   Total   Spent    Left  Speed
build_and_deploy	UNKNOWN STEP	2025-12-21T16:44:35.5813318Z 
build_and_deploy	UNKNOWN STEP	2025-12-21T16:44:35.8527916Z   0     0    0     0    0     0      0      0 --:--:-- --:--:-- --:--:--     0
build_and_deploy	UNKNOWN STEP	2025-12-21T16:44:36.8429048Z   2 1396M    2 35.5M    0     0   130M      0  0:00:10 --:--:--  0:00:10  130M
build_and_deploy	UNKNOWN STEP	2025-12-21T16:44:37.8373516Z  27 1396M   27  386M    0     0   306M      0  0:00:04  0:00:01  0:00:03  305M
build_and_deploy	UNKNOWN STEP	2025-12-21T16:44:38.8370717Z  54 1396M   54  758M    0     0   336M      0  0:00:04  0:00:02  0:00:02  336M
build_and_deploy	UNKNOWN STEP	2025-12-21T16:44:39.5378013Z  81 1396M   81 1134M    0     0   348M      0  0:00:04  0:00:03  0:00:01  348M
build_and_deploy	UNKNOWN STEP	2025-12-21T16:45:28.7908060Z 100 1396M  100 1396M    0     0   352M      0  0:00:03  0:00:03 --:--:--  352M
build_and_deploy	UNKNOWN STEP	2025-12-21T16:45:28.7999761Z ##[group]Run flutter --version
build_and_deploy	UNKNOWN STEP	2025-12-21T16:45:28.8000138Z [36;1mflutter --version[0m
build_and_deploy	UNKNOWN STEP	2025-12-21T16:45:28.8034962Z shell: /usr/bin/bash -e ***0***
build_and_deploy	UNKNOWN STEP	2025-12-21T16:45:28.8035290Z env:
build_and_deploy	UNKNOWN STEP	2025-12-21T16:45:28.8035614Z   FLUTTER_ROOT: /opt/hostedtoolcache/flutter/stable-3.38.5-x64
build_and_deploy	UNKNOWN STEP	2025-12-21T16:45:28.8036053Z   PUB_CACHE: /home/runner/.pub-cache
build_and_deploy	UNKNOWN STEP	2025-12-21T16:45:28.8036353Z ##[endgroup]
build_and_deploy	UNKNOWN STEP	2025-12-21T16:45:29.0978319Z Flutter 3.38.5 â€¢ channel stable â€¢ https://github.com/flutter/flutter.git
build_and_deploy	UNKNOWN STEP	2025-12-21T16:45:29.0981030Z Framework â€¢ revision f6ff1529fd (10 days ago) â€¢ 2025-12-11 11:50:07 -0500
build_and_deploy	UNKNOWN STEP	2025-12-21T16:45:29.0983407Z Engine â€¢ hash c108a94d7a8273e112339e6c6833daa06e723a54 (revision 1527ae0ec5) (10 days ago) â€¢ 2025-12-11 15:04:31.000Z
build_and_deploy	UNKNOWN STEP	2025-12-21T16:45:29.0985385Z Tools â€¢ Dart 3.10.4 â€¢ DevTools 2.51.1
build_and_deploy	UNKNOWN STEP	2025-12-21T16:45:29.2014698Z ##[group]Run actions/cache@v4
build_and_deploy	UNKNOWN STEP	2025-12-21T16:45:29.2015036Z with:
build_and_deploy	UNKNOWN STEP	2025-12-21T16:45:29.2015277Z   path: ~/.pub-cache
build_and_deploy	UNKNOWN STEP	
build_and_deploy	UNKNOWN STEP	2025-12-21T16:45:29.2015713Z   key: Linux-pub-11c962e0daf3758977c45a8dc3e808d1118c607c88c7d4d6cf9e1482829858fc
build_and_deploy	UNKNOWN STEP	2025-12-21T16:45:29.2016187Z   restore-keys: Linux-pub-
build_and_deploy	UNKNOWN STEP	
build_and_deploy	UNKNOWN STEP	2025-12-21T16:45:29.2016484Z   enableCrossOsArchive: false
build_and_deploy	UNKNOWN STEP	2025-12-21T16:45:29.2016802Z   fail-on-cache-miss: false
build_and_deploy	UNKNOWN STEP	2025-12-21T16:45:29.2017300Z   lookup-only: false
build_and_deploy	UNKNOWN STEP	2025-12-21T16:45:29.2017552Z   save-always: false
build_and_deploy	UNKNOWN STEP	2025-12-21T16:45:29.2017782Z env:
build_and_deploy	UNKNOWN STEP	2025-12-21T16:45:29.2018084Z   FLUTTER_ROOT: /opt/hostedtoolcache/flutter/stable-3.38.5-x64
build_and_deploy	UNKNOWN STEP	2025-12-21T16:45:29.2018481Z   PUB_CACHE: /home/runner/.pub-cache
build_and_deploy	UNKNOWN STEP	2025-12-21T16:45:29.2018769Z ##[endgroup]
build_and_deploy	UNKNOWN STEP	2025-12-21T16:45:29.5452661Z Cache hit for: Linux-pub-11c962e0daf3758977c45a8dc3e808d1118c607c88c7d4d6cf9e1482829858fc
build_and_deploy	UNKNOWN STEP	2025-12-21T16:45:30.6689824Z Received 40113154 of 40113154 (100.0%), 41.7 MBs/sec
build_and_deploy	UNKNOWN STEP	2025-12-21T16:45:30.6690911Z Cache Size: ~38 MB (40113154 B)
build_and_deploy	UNKNOWN STEP	2025-12-21T16:45:30.6723621Z [command]/usr/bin/tar -xf /home/runner/work/_temp/92e84471-dfbb-4042-bcf5-2875fb3dfd33/cache.tzst -P -C /home/runner/work/simple_match/simple_match --use-compress-program unzstd
build_and_deploy	UNKNOWN STEP	2025-12-21T16:45:31.3500938Z Cache restored successfully
build_and_deploy	UNKNOWN STEP	2025-12-21T16:45:31.3661687Z Cache restored from key: Linux-pub-11c962e0daf3758977c45a8dc3e808d1118c607c88c7d4d6cf9e1482829858fc
build_and_deploy	UNKNOWN STEP	2025-12-21T16:45:31.3760384Z ##[group]Run flutter pub get
build_and_deploy	UNKNOWN STEP	2025-12-21T16:45:31.3760757Z [36;1mflutter pub get[0m
build_and_deploy	UNKNOWN STEP	2025-12-21T16:45:31.3793556Z shell: /usr/bin/bash -e ***0***
build_and_deploy	UNKNOWN STEP	2025-12-21T16:45:31.3793898Z env:
build_and_deploy	UNKNOWN STEP	2025-12-21T16:45:31.3794229Z   FLUTTER_ROOT: /opt/hostedtoolcache/flutter/stable-3.38.5-x64
build_and_deploy	UNKNOWN STEP	2025-12-21T16:45:31.3794658Z   PUB_CACHE: /home/runner/.pub-cache
build_and_deploy	UNKNOWN STEP	2025-12-21T16:45:31.3794961Z ##[endgroup]
build_and_deploy	UNKNOWN STEP	2025-12-21T16:45:31.8497279Z Resolving dependencies...
build_and_deploy	UNKNOWN STEP	2025-12-21T16:45:32.0401824Z Downloading packages...
build_and_deploy	UNKNOWN STEP	2025-12-21T16:45:32.1052731Z   _fe_analyzer_shared 89.0.0 (92.0.0 available)
build_and_deploy	UNKNOWN STEP	2025-12-21T16:45:32.1053584Z   analyzer 8.2.0 (9.0.0 available)
build_and_deploy	UNKNOWN STEP	2025-12-21T16:45:32.1054089Z   build 4.0.0 (4.0.3 available)
build_and_deploy	UNKNOWN STEP	2025-12-21T16:45:32.1054511Z   build_daemon 4.0.4 (4.1.1 available)
build_and_deploy	UNKNOWN STEP	2025-12-21T16:45:32.1054841Z   build_runner 2.8.0 (2.10.4 available)
build_and_deploy	UNKNOWN STEP	2025-12-21T16:45:32.1055153Z   built_value 8.12.0 (8.12.1 available)
build_and_deploy	UNKNOWN STEP	2025-12-21T16:45:32.1055448Z   characters 1.4.0 (1.4.1 available)
build_and_deploy	UNKNOWN STEP	2025-12-21T16:45:32.1055842Z   crypto 3.0.6 (3.0.7 available)
build_and_deploy	UNKNOWN STEP	2025-12-21T16:45:32.1056148Z   dart_style 3.1.2 (3.1.3 available)
build_and_deploy	UNKNOWN STEP	2025-12-21T16:45:32.1056445Z   flutter_lints 5.0.0 (6.0.0 available)
build_and_deploy	UNKNOWN STEP	2025-12-21T16:45:32.1056745Z   http 1.5.0 (1.6.0 available)
build_and_deploy	UNKNOWN STEP	2025-12-21T16:45:32.1057080Z   image 4.5.4 (4.7.1 available)
build_and_deploy	UNKNOWN STEP	2025-12-21T16:45:32.1057551Z   lints 5.1.1 (6.0.0 available)
build_and_deploy	UNKNOWN STEP	2025-12-21T16:45:32.1058026Z   matcher 0.12.17 (0.12.18 available)
build_and_deploy	UNKNOWN STEP	2025-12-21T16:45:32.1058411Z   material_color_utilities 0.11.1 (0.13.0 available)
build_and_deploy	UNKNOWN STEP	2025-12-21T16:45:32.1058743Z > meta 1.17.0 (was 1.16.0)
build_and_deploy	UNKNOWN STEP	2025-12-21T16:45:32.1059008Z   mockito 5.5.1 (5.6.1 available)
build_and_deploy	UNKNOWN STEP	2025-12-21T16:45:32.1059331Z   path_provider_android 2.2.18 (2.2.22 available)
build_and_deploy	UNKNOWN STEP	2025-12-21T16:45:32.1059695Z   path_provider_foundation 2.4.2 (2.5.1 available)
build_and_deploy	UNKNOWN STEP	2025-12-21T16:45:32.1060046Z   shared_preferences 2.5.3 (2.5.4 available)
build_and_deploy	UNKNOWN STEP	2025-12-21T16:45:32.1060413Z   shared_preferences_android 2.4.13 (2.4.18 available)
build_and_deploy	UNKNOWN STEP	2025-12-21T16:45:32.1060795Z   shared_preferences_foundation 2.5.4 (2.5.6 available)
build_and_deploy	UNKNOWN STEP	2025-12-21T16:45:32.1061142Z   source_gen 4.0.1 (4.1.1 available)
build_and_deploy	UNKNOWN STEP	2025-12-21T16:45:32.1061468Z > test_api 0.7.7 (was 0.7.6) (0.7.8 available)
build_and_deploy	UNKNOWN STEP	2025-12-21T16:45:32.1061801Z   watcher 1.1.3 (1.2.0 available)
build_and_deploy	UNKNOWN STEP	2025-12-21T16:45:32.1062091Z Changed 2 dependencies!
build_and_deploy	UNKNOWN STEP	2025-12-21T16:45:32.1062486Z 24 packages have newer versions incompatible with dependency constraints.
build_and_deploy	UNKNOWN STEP	2025-12-21T16:45:32.1063189Z Try `flutter pub outdated` for more information.
build_and_deploy	UNKNOWN STEP	2025-12-21T16:45:32.5268735Z ##[group]Run ./build.sh web --release
build_and_deploy	UNKNOWN STEP	2025-12-21T16:45:32.5269137Z [36;1m./build.sh web --release[0m
build_and_deploy	UNKNOWN STEP	2025-12-21T16:45:32.5301440Z shell: /usr/bin/bash -e ***0***
build_and_deploy	UNKNOWN STEP	2025-12-21T16:45:32.5301750Z env:
build_and_deploy	UNKNOWN STEP	2025-12-21T16:45:32.5302075Z   FLUTTER_ROOT: /opt/hostedtoolcache/flutter/stable-3.38.5-x64
build_and_deploy	UNKNOWN STEP	2025-12-21T16:45:32.5302483Z   PUB_CACHE: /home/runner/.pub-cache
build_and_deploy	UNKNOWN STEP	2025-12-21T16:45:32.5302786Z ##[endgroup]
build_and_deploy	UNKNOWN STEP	2025-12-21T16:45:32.5392056Z Downloading NotoSerifHK from https://github.com/notofonts/noto-cjk/raw/refs/heads/main/google-fonts/NotoSerifHK%5Bwght%5D.ttf and saving as NotoSerifHK-wght.ttf...
build_and_deploy	UNKNOWN STEP	2025-12-21T16:45:32.5442173Z   % Total    % Received % Xferd  Average Speed   Time    Time     Time  Current
build_and_deploy	UNKNOWN STEP	2025-12-21T16:45:32.5443239Z                                  Dload  Upload   Total   Spent    Left  Speed
build_and_deploy	UNKNOWN STEP	2025-12-21T16:45:32.5444046Z 
build_and_deploy	UNKNOWN STEP	2025-12-21T16:45:32.7679039Z   0     0    0     0    0     0      0      0 --:--:-- --:--:-- --:--:--     0
build_and_deploy	UNKNOWN STEP	2025-12-21T16:45:32.7679831Z   0     0    0     0    0     0      0      0 --:--:-- --:--:-- --:--:--     0
build_and_deploy	UNKNOWN STEP	2025-12-21T16:45:32.8468429Z 
build_and_deploy	UNKNOWN STEP	2025-12-21T16:45:33.0060685Z   0 16.0M    0  7714    0     0  25478      0  0:11:00 --:--:--  0:11:00 25478
build_and_deploy	UNKNOWN STEP	2025-12-21T16:45:33.0061195Z 100 16.0M  100 16.0M    0     0  34.7M      0 --:--:-- --:--:-- --:--:--  100M
build_and_deploy	UNKNOWN STEP	2025-12-21T16:45:33.0277449Z Font downloaded to assets/fonts/NotoSerifHK-wght.ttf.
build_and_deploy	UNKNOWN STEP	2025-12-21T16:45:33.0402684Z Also created compatibility copy assets/fonts/NotoSerifHK[wght].ttf if permissions allow.
build_and_deploy	UNKNOWN STEP	2025-12-21T16:46:19.6350808Z Compiling lib/main.dart for the Web...                          
build_and_deploy	UNKNOWN STEP	2025-12-21T16:46:19.6359481Z Wasm dry run findings:
build_and_deploy	UNKNOWN STEP	2025-12-21T16:46:19.6362851Z Found incompatibilities with WebAssembly.
build_and_deploy	UNKNOWN STEP	2025-12-21T16:46:19.6363570Z 
build_and_deploy	UNKNOWN STEP	2025-12-21T16:46:19.6363878Z package:simple_match/views/export_utils_web.dart 4:1 - dart:html unsupported (0)
build_and_deploy	UNKNOWN STEP	2025-12-21T16:46:19.6364511Z package:simple_match/views/io_file_helpers_web.dart 6:1 - dart:html unsupported (0)
build_and_deploy	UNKNOWN STEP	2025-12-21T16:46:19.6365298Z package:simple_match/views/io_file_helpers_web.dart 7:1 - JS interop library 'dart:js_util' can't be imported when compiling to Wasm. (2)
build_and_deploy	UNKNOWN STEP	2025-12-21T16:46:19.6366351Z file:///home/runner/.pub-cache/hosted/pub.dev/image-4.5.4/lib/src/exif/ifd_directory.dart 174:26 - avoid_double_and_int_checks lint violation: Explicit check for double or int. (13)
build_and_deploy	UNKNOWN STEP	2025-12-21T16:46:19.6367795Z file:///home/runner/.pub-cache/hosted/pub.dev/image-4.5.4/lib/src/exif/ifd_directory.dart 183:26 - avoid_double_and_int_checks lint violation: Explicit check for double or int. (13)
build_and_deploy	UNKNOWN STEP	2025-12-21T16:46:19.6368425Z 
build_and_deploy	UNKNOWN STEP	2025-12-21T16:46:19.6368852Z Consider addressing these issues to enable wasm builds. See docs for more info: https://docs.flutter.dev/platform-integration/web/wasm
build_and_deploy	UNKNOWN STEP	2025-12-21T16:46:19.6369359Z 
build_and_deploy	UNKNOWN STEP	2025-12-21T16:46:19.6369763Z Use --no-wasm-dry-run to disable these warnings.
build_and_deploy	UNKNOWN STEP	2025-12-21T16:46:21.4721089Z Font asset "CupertinoIcons.ttf" was tree-shaken, reducing it from 257628 to 1472 bytes (99.4% reduction). Tree-shaking can be disabled by providing the --no-tree-shake-icons flag when building your app.
build_and_deploy	UNKNOWN STEP	2025-12-21T16:46:21.4736150Z Font asset "MaterialIcons-Regular.otf" was tree-shaken, reducing it from 1645184 to 10348 bytes (99.4% reduction). Tree-shaking can be disabled by providing the --no-tree-shake-icons flag when building your app.
build_and_deploy	UNKNOWN STEP	2025-12-21T16:46:22.3585505Z Compiling lib/main.dart for the Web...                             48.8s
build_and_deploy	UNKNOWN STEP	2025-12-21T16:46:22.3593747Z âœ“ Built build/web
build_and_deploy	UNKNOWN STEP	2025-12-21T16:46:22.3807948Z ##[group]Run FirebaseExtended/action-hosting-deploy@v0
build_and_deploy	UNKNOWN STEP	2025-12-21T16:46:22.3808352Z with:
build_and_deploy	UNKNOWN STEP	2025-12-21T16:46:22.3808726Z   repoToken: ***
build_and_deploy	UNKNOWN STEP	2025-12-21T16:46:22.3818259Z   firebaseServiceAccount: ***
build_and_deploy	UNKNOWN STEP	
build_and_deploy	UNKNOWN STEP	2025-12-21T16:46:22.3818585Z   channelId: live
build_and_deploy	UNKNOWN STEP	2025-12-21T16:46:22.3818851Z   projectId: dt-simple-match
build_and_deploy	UNKNOWN STEP	2025-12-21T16:46:22.3819135Z   expires: 7d
build_and_deploy	UNKNOWN STEP	2025-12-21T16:46:22.3819370Z   entryPoint: .
build_and_deploy	UNKNOWN STEP	2025-12-21T16:46:22.3819621Z   firebaseToolsVersion: latest
build_and_deploy	UNKNOWN STEP	2025-12-21T16:46:22.3819903Z   disableComment: false
build_and_deploy	UNKNOWN STEP	2025-12-21T16:46:22.3820156Z   force: false
build_and_deploy	UNKNOWN STEP	2025-12-21T16:46:22.3820389Z env:
build_and_deploy	UNKNOWN STEP	2025-12-21T16:46:22.3820689Z   FLUTTER_ROOT: /opt/hostedtoolcache/flutter/stable-3.38.5-x64
build_and_deploy	UNKNOWN STEP	2025-12-21T16:46:22.3821079Z   PUB_CACHE: /home/runner/.pub-cache
build_and_deploy	UNKNOWN STEP	2025-12-21T16:46:22.3821409Z   FIREBASE_CLI_EXPERIMENTS: webframeworks
build_and_deploy	UNKNOWN STEP	2025-12-21T16:46:22.3821718Z ##[endgroup]
build_and_deploy	UNKNOWN STEP	2025-12-21T16:46:22.4463259Z ##[group]Verifying firebase.json exists
build_and_deploy	UNKNOWN STEP	2025-12-21T16:46:22.4469432Z firebase.json file found. Continuing deploy.
build_and_deploy	UNKNOWN STEP	2025-12-21T16:46:22.4473744Z ##[endgroup]
build_and_deploy	UNKNOWN STEP	2025-12-21T16:46:22.4474454Z ##[group]Setting up CLI credentials
build_and_deploy	UNKNOWN STEP	2025-12-21T16:46:22.4492063Z Created a temporary file with Application Default Credentials.
build_and_deploy	UNKNOWN STEP	2025-12-21T16:46:22.4493482Z ##[endgroup]
build_and_deploy	UNKNOWN STEP	2025-12-21T16:46:22.4509546Z ##[group]Deploying to production site
build_and_deploy	UNKNOWN STEP	2025-12-21T16:46:22.4540100Z [command]/usr/local/bin/npx firebase-tools@latest deploy --only hosting --project dt-simple-match --json
build_and_deploy	UNKNOWN STEP	2025-12-21T16:46:30.3780784Z npm warn exec The following package was not found and will be installed: firebase-tools@15.1.0
build_and_deploy	UNKNOWN STEP	2025-12-21T16:46:44.9966830Z npm warn deprecated node-domexception@1.0.0: Use your platform's native DOMException instead
build_and_deploy	UNKNOWN STEP	2025-12-21T16:47:36.4588412Z Compiling lib/main.dart for the Web...                          
build_and_deploy	UNKNOWN STEP	2025-12-21T16:47:36.4596750Z Wasm dry run findings:
build_and_deploy	UNKNOWN STEP	2025-12-21T16:47:36.4597876Z Found incompatibilities with WebAssembly.
build_and_deploy	UNKNOWN STEP	2025-12-21T16:47:36.4598285Z 
build_and_deploy	UNKNOWN STEP	2025-12-21T16:47:36.4598750Z package:simple_match/views/export_utils_web.dart 4:1 - dart:html unsupported (0)
build_and_deploy	UNKNOWN STEP	2025-12-21T16:47:36.4599805Z package:simple_match/views/io_file_helpers_web.dart 6:1 - dart:html unsupported (0)
build_and_deploy	UNKNOWN STEP	2025-12-21T16:47:36.4601186Z package:simple_match/views/io_file_helpers_web.dart 7:1 - JS interop library 'dart:js_util' can't be imported when compiling to Wasm. (2)
build_and_deploy	UNKNOWN STEP	2025-12-21T16:47:36.4603319Z file:///home/runner/.pub-cache/hosted/pub.dev/image-4.5.4/lib/src/exif/ifd_directory.dart 174:26 - avoid_double_and_int_checks lint violation: Explicit check for double or int. (13)
build_and_deploy	UNKNOWN STEP	2025-12-21T16:47:36.4605454Z file:///home/runner/.pub-cache/hosted/pub.dev/image-4.5.4/lib/src/exif/ifd_directory.dart 183:26 - avoid_double_and_int_checks lint violation: Explicit check for double or int. (13)
build_and_deploy	UNKNOWN STEP	2025-12-21T16:47:36.4606598Z 
build_and_deploy	UNKNOWN STEP	2025-12-21T16:47:36.4607377Z Consider addressing these issues to enable wasm builds. See docs for more info: https://docs.flutter.dev/platform-integration/web/wasm
build_and_deploy	UNKNOWN STEP	2025-12-21T16:47:36.4608218Z 
build_and_deploy	UNKNOWN STEP	2025-12-21T16:47:36.4608453Z Use --no-wasm-dry-run to disable these warnings.
build_and_deploy	UNKNOWN STEP	2025-12-21T16:47:37.2216926Z Compiling lib/main.dart for the Web...                             42.5s
build_and_deploy	UNKNOWN STEP	2025-12-21T16:47:37.2237495Z âœ“ Built build/web
build_and_deploy	UNKNOWN STEP	2025-12-21T16:47:40.0689977Z ***
build_and_deploy	UNKNOWN STEP	2025-12-21T16:47:40.0690467Z   "status": "success",
build_and_deploy	UNKNOWN STEP	2025-12-21T16:47:40.0690937Z   "result": ***
build_and_deploy	UNKNOWN STEP	2025-12-21T16:47:40.0691442Z     "hosting": "projects/564627646033/sites/dt-simple-match/versions/58cff1e17c55f708"
build_and_deploy	UNKNOWN STEP	2025-12-21T16:47:40.0691993Z   ***
build_and_deploy	UNKNOWN STEP	2025-12-21T16:47:40.1104938Z ***::endgroup::
build_and_deploy	UNKNOWN STEP	2025-12-21T16:47:40.1113709Z ***
build_and_deploy	UNKNOWN STEP	2025-12-21T16:47:40.1114289Z   details_url: 'https://dt-simple-match.web.app/',
build_and_deploy	UNKNOWN STEP	2025-12-21T16:47:40.1114920Z   conclusion: 'success',
build_and_deploy	UNKNOWN STEP	2025-12-21T16:47:40.1115423Z   output: ***
build_and_deploy	UNKNOWN STEP	2025-12-21T16:47:40.1115869Z     title: 'Production deploy succeeded',
build_and_deploy	UNKNOWN STEP	2025-12-21T16:47:40.1116569Z     summary: '[dt-simple-match.web.app](https://dt-simple-match.web.app/)'
build_and_deploy	UNKNOWN STEP	2025-12-21T16:47:40.1117271Z   ***
build_and_deploy	UNKNOWN STEP	2025-12-21T16:47:40.1117633Z ***
build_and_deploy	UNKNOWN STEP	2025-12-21T16:47:40.2365873Z Post job cleanup.
build_and_deploy	UNKNOWN STEP	2025-12-21T16:47:40.3660514Z Cache hit occurred on the primary key Linux-pub-11c962e0daf3758977c45a8dc3e808d1118c607c88c7d4d6cf9e1482829858fc, not saving cache.
build_and_deploy	UNKNOWN STEP	2025-12-21T16:47:40.3815295Z Post job cleanup.
build_and_deploy	UNKNOWN STEP	2025-12-21T16:47:40.3871167Z Post job cleanup.
build_and_deploy	UNKNOWN STEP	2025-12-21T16:47:40.4818801Z [command]/usr/bin/git version
build_and_deploy	UNKNOWN STEP	2025-12-21T16:47:40.4855537Z git version 2.52.0
build_and_deploy	UNKNOWN STEP	2025-12-21T16:47:40.4899282Z Temporarily overriding HOME='/home/runner/work/_temp/b569e716-4976-4139-8895-e7144ca99cae' before making global git config changes
build_and_deploy	UNKNOWN STEP	2025-12-21T16:47:40.4900738Z Adding repository directory to the temporary git global config as a safe directory
build_and_deploy	UNKNOWN STEP	2025-12-21T16:47:40.4904930Z [command]/usr/bin/git config --global --add safe.directory /home/runner/work/simple_match/simple_match
build_and_deploy	UNKNOWN STEP	2025-12-21T16:47:40.4940813Z [command]/usr/bin/git config --local --name-only --get-regexp core\.sshCommand
build_and_deploy	UNKNOWN STEP	2025-12-21T16:47:40.4976132Z [command]/usr/bin/git submodule foreach --recursive sh -c "git config --local --name-only --get-regexp 'core\.sshCommand' && git config --local --unset-all 'core.sshCommand' || :"
build_and_deploy	UNKNOWN STEP	2025-12-21T16:47:40.5209595Z [command]/usr/bin/git config --local --name-only --get-regexp http\.https\:\/\/github\.com\/\.extraheader
build_and_deploy	UNKNOWN STEP	2025-12-21T16:47:40.5230790Z http.https://github.com/.extraheader
build_and_deploy	UNKNOWN STEP	2025-12-21T16:47:40.5243620Z [command]/usr/bin/git config --local --unset-all http.https://github.com/.extraheader
build_and_deploy	UNKNOWN STEP	2025-12-21T16:47:40.5274358Z [command]/usr/bin/git submodule foreach --recursive sh -c "git config --local --name-only --get-regexp 'http\.https\:\/\/github\.com\/\.extraheader' && git config --local --unset-all 'http.https://github.com/.extraheader' || :"
build_and_deploy	UNKNOWN STEP	2025-12-21T16:47:40.5505057Z [command]/usr/bin/git config --local --name-only --get-regexp ^includeIf\.gitdir:
build_and_deploy	UNKNOWN STEP	2025-12-21T16:47:40.5536371Z [command]/usr/bin/git submodule foreach --recursive git config --local --show-origin --name-only --get-regexp remote.origin.url
build_and_deploy	UNKNOWN STEP	2025-12-21T16:47:40.5865277Z Cleaning up orphan processes
