test	UNKNOWN STEP	ï»¿2025-12-23T16:57:10.6526398Z Current runner version: '2.330.0'
test	UNKNOWN STEP	2025-12-23T16:57:10.6551384Z ##[group]Runner Image Provisioner
test	UNKNOWN STEP	2025-12-23T16:57:10.6552285Z Hosted Compute Agent
test	UNKNOWN STEP	2025-12-23T16:57:10.6552822Z Version: 20251211.462
test	UNKNOWN STEP	2025-12-23T16:57:10.6553417Z Commit: 6cbad8c2bb55d58165063d031ccabf57e2d2db61
test	UNKNOWN STEP	2025-12-23T16:57:10.6554055Z Build Date: 2025-12-11T16:28:49Z
test	UNKNOWN STEP	2025-12-23T16:57:10.6554787Z Worker ID: {6a26b502-64a0-4528-baad-7c3da090cc19}
test	UNKNOWN STEP	2025-12-23T16:57:10.6555659Z ##[endgroup]
test	UNKNOWN STEP	2025-12-23T16:57:10.6556146Z ##[group]Operating System
test	UNKNOWN STEP	2025-12-23T16:57:10.6556784Z Ubuntu
test	UNKNOWN STEP	2025-12-23T16:57:10.6557222Z 24.04.3
test	UNKNOWN STEP	2025-12-23T16:57:10.6557660Z LTS
test	UNKNOWN STEP	2025-12-23T16:57:10.6558140Z ##[endgroup]
test	UNKNOWN STEP	2025-12-23T16:57:10.6558662Z ##[group]Runner Image
test	UNKNOWN STEP	2025-12-23T16:57:10.6559165Z Image: ubuntu-24.04
test	UNKNOWN STEP	2025-12-23T16:57:10.6559713Z Version: 20251215.174.1
test	UNKNOWN STEP	2025-12-23T16:57:10.6560733Z Included Software: https://github.com/actions/runner-images/blob/ubuntu24/20251215.174/images/ubuntu/Ubuntu2404-Readme.md
test	UNKNOWN STEP	2025-12-23T16:57:10.6562296Z Image Release: https://github.com/actions/runner-images/releases/tag/ubuntu24%2F20251215.174
test	UNKNOWN STEP	2025-12-23T16:57:10.6563303Z ##[endgroup]
test	UNKNOWN STEP	2025-12-23T16:57:10.6564401Z ##[group]GITHUB_TOKEN Permissions
test	UNKNOWN STEP	2025-12-23T16:57:10.6566713Z Contents: read
test	UNKNOWN STEP	2025-12-23T16:57:10.6567276Z Metadata: read
test	UNKNOWN STEP	2025-12-23T16:57:10.6567815Z Packages: read
test	UNKNOWN STEP	2025-12-23T16:57:10.6568331Z ##[endgroup]
test	UNKNOWN STEP	2025-12-23T16:57:10.6570446Z Secret source: Actions
test	UNKNOWN STEP	2025-12-23T16:57:10.6571219Z Prepare workflow directory
test	UNKNOWN STEP	2025-12-23T16:57:10.6895337Z Prepare all required actions
test	UNKNOWN STEP	2025-12-23T16:57:10.6932826Z Getting action download info
test	UNKNOWN STEP	2025-12-23T16:57:11.2159030Z Download action repository 'actions/checkout@v4' (SHA:34e114876b0b11c390a56381ad16ebd13914f8d5)
test	UNKNOWN STEP	2025-12-23T16:57:11.3328070Z Download action repository 'actions/setup-java@v4' (SHA:c1e323688fd81a25caa38c78aa6df2d33d3e20d9)
test	UNKNOWN STEP	2025-12-23T16:57:11.9811110Z Download action repository 'subosito/flutter-action@v2' (SHA:fd55f4c5af5b953cc57a2be44cb082c8f6635e8e)
test	UNKNOWN STEP	2025-12-23T16:57:12.4536991Z Download action repository 'actions/upload-artifact@v4' (SHA:ea165f8d65b6e75b540449e92b4886f43607fa02)
test	UNKNOWN STEP	2025-12-23T16:57:12.5736788Z Download action repository 'actions/cache@v4' (SHA:0057852bfaa89a56745cba8c7296529d2fc39830)
test	UNKNOWN STEP	2025-12-23T16:57:12.8123640Z Getting action download info
test	UNKNOWN STEP	2025-12-23T16:57:13.0290704Z Complete job name: test
test	UNKNOWN STEP	2025-12-23T16:57:13.1235692Z ##[group]Run actions/checkout@v4
test	UNKNOWN STEP	2025-12-23T16:57:13.1237002Z with:
test	UNKNOWN STEP	2025-12-23T16:57:13.1237618Z   lfs: true
test	UNKNOWN STEP	2025-12-23T16:57:13.1238234Z   fetch-depth: 0
test	UNKNOWN STEP	2025-12-23T16:57:13.1238913Z   repository: hfcs/simple_match
test	UNKNOWN STEP	2025-12-23T16:57:13.1240009Z   token: ***
test	UNKNOWN STEP	2025-12-23T16:57:13.1240640Z   ssh-strict: true
test	UNKNOWN STEP	2025-12-23T16:57:13.1241293Z   ssh-user: git
test	UNKNOWN STEP	2025-12-23T16:57:13.1241971Z   persist-credentials: true
test	UNKNOWN STEP	2025-12-23T16:57:13.1242709Z   clean: true
test	UNKNOWN STEP	2025-12-23T16:57:13.1243410Z   sparse-checkout-cone-mode: true
test	UNKNOWN STEP	2025-12-23T16:57:13.1244201Z   fetch-tags: false
test	UNKNOWN STEP	2025-12-23T16:57:13.1244880Z   show-progress: true
test	UNKNOWN STEP	2025-12-23T16:57:13.1245839Z   submodules: false
test	UNKNOWN STEP	2025-12-23T16:57:13.1246530Z   set-safe-directory: true
test	UNKNOWN STEP	2025-12-23T16:57:13.1247534Z ##[endgroup]
test	UNKNOWN STEP	2025-12-23T16:57:13.2374646Z Syncing repository: hfcs/simple_match
test	UNKNOWN STEP	2025-12-23T16:57:13.2377830Z ##[group]Getting Git version info
test	UNKNOWN STEP	2025-12-23T16:57:13.2378974Z Working directory is '/home/runner/work/simple_match/simple_match'
test	UNKNOWN STEP	2025-12-23T16:57:13.2380620Z [command]/usr/bin/git version
test	UNKNOWN STEP	2025-12-23T16:57:13.2450063Z git version 2.52.0
test	UNKNOWN STEP	2025-12-23T16:57:13.2507345Z [command]/usr/bin/git lfs version
test	UNKNOWN STEP	2025-12-23T16:57:14.0180936Z git-lfs/3.7.1 (GitHub; linux amd64; go 1.24.4)
test	UNKNOWN STEP	2025-12-23T16:57:14.0195091Z ##[endgroup]
test	UNKNOWN STEP	2025-12-23T16:57:14.0213253Z Temporarily overriding HOME='/home/runner/work/_temp/4a16bdb2-6c71-4034-a801-8d013e6f6280' before making global git config changes
test	UNKNOWN STEP	2025-12-23T16:57:14.0214879Z Adding repository directory to the temporary git global config as a safe directory
test	UNKNOWN STEP	2025-12-23T16:57:14.0220346Z [command]/usr/bin/git config --global --add safe.directory /home/runner/work/simple_match/simple_match
test	UNKNOWN STEP	2025-12-23T16:57:14.0261661Z Deleting the contents of '/home/runner/work/simple_match/simple_match'
test	UNKNOWN STEP	2025-12-23T16:57:14.0265902Z ##[group]Initializing the repository
test	UNKNOWN STEP	2025-12-23T16:57:14.0270911Z [command]/usr/bin/git init /home/runner/work/simple_match/simple_match
test	UNKNOWN STEP	2025-12-23T16:57:14.0396690Z hint: Using 'master' as the name for the initial branch. This default branch name
test	UNKNOWN STEP	2025-12-23T16:57:14.0404991Z hint: will change to "main" in Git 3.0. To configure the initial branch name
test	UNKNOWN STEP	2025-12-23T16:57:14.0406390Z hint: to use in all of your new repositories, which will suppress this warning,
test	UNKNOWN STEP	2025-12-23T16:57:14.0407291Z hint: call:
test	UNKNOWN STEP	2025-12-23T16:57:14.0407816Z hint:
test	UNKNOWN STEP	2025-12-23T16:57:14.0408570Z hint: 	git config --global init.defaultBranch <name>
test	UNKNOWN STEP	2025-12-23T16:57:14.0409358Z hint:
test	UNKNOWN STEP	2025-12-23T16:57:14.0410151Z hint: Names commonly chosen instead of 'master' are 'main', 'trunk' and
test	UNKNOWN STEP	2025-12-23T16:57:14.0411346Z hint: 'development'. The just-created branch can be renamed via this command:
test	UNKNOWN STEP	2025-12-23T16:57:14.0412323Z hint:
test	UNKNOWN STEP	2025-12-23T16:57:14.0412926Z hint: 	git branch -m <name>
test	UNKNOWN STEP	2025-12-23T16:57:14.0413604Z hint:
test	UNKNOWN STEP	2025-12-23T16:57:14.0414475Z hint: Disable this message with "git config set advice.defaultBranchName false"
test	UNKNOWN STEP	2025-12-23T16:57:14.0416107Z Initialized empty Git repository in /home/runner/work/simple_match/simple_match/.git/
test	UNKNOWN STEP	2025-12-23T16:57:14.0418485Z [command]/usr/bin/git remote add origin https://github.com/hfcs/simple_match
test	UNKNOWN STEP	2025-12-23T16:57:14.0460324Z ##[endgroup]
test	UNKNOWN STEP	2025-12-23T16:57:14.0461460Z ##[group]Disabling automatic garbage collection
test	UNKNOWN STEP	2025-12-23T16:57:14.0466757Z [command]/usr/bin/git config --local gc.auto 0
test	UNKNOWN STEP	2025-12-23T16:57:14.0498008Z ##[endgroup]
test	UNKNOWN STEP	2025-12-23T16:57:14.0499024Z ##[group]Setting up auth
test	UNKNOWN STEP	2025-12-23T16:57:14.0506496Z [command]/usr/bin/git config --local --name-only --get-regexp core\.sshCommand
test	UNKNOWN STEP	2025-12-23T16:57:14.0539580Z [command]/usr/bin/git submodule foreach --recursive sh -c "git config --local --name-only --get-regexp 'core\.sshCommand' && git config --local --unset-all 'core.sshCommand' || :"
test	UNKNOWN STEP	2025-12-23T16:57:14.0809966Z [command]/usr/bin/git config --local --name-only --get-regexp http\.https\:\/\/github\.com\/\.extraheader
test	UNKNOWN STEP	2025-12-23T16:57:14.0843833Z [command]/usr/bin/git submodule foreach --recursive sh -c "git config --local --name-only --get-regexp 'http\.https\:\/\/github\.com\/\.extraheader' && git config --local --unset-all 'http.https://github.com/.extraheader' || :"
test	UNKNOWN STEP	2025-12-23T16:57:14.1069246Z [command]/usr/bin/git config --local --name-only --get-regexp ^includeIf\.gitdir:
test	UNKNOWN STEP	2025-12-23T16:57:14.1102440Z [command]/usr/bin/git submodule foreach --recursive git config --local --show-origin --name-only --get-regexp remote.origin.url
test	UNKNOWN STEP	2025-12-23T16:57:14.1329286Z [command]/usr/bin/git config --local http.https://github.com/.extraheader AUTHORIZATION: basic ***
test	UNKNOWN STEP	2025-12-23T16:57:14.1367014Z ##[endgroup]
test	UNKNOWN STEP	2025-12-23T16:57:14.1370096Z [command]/usr/bin/git lfs install --local
test	UNKNOWN STEP	2025-12-23T16:57:14.1721890Z Updated Git hooks.
test	UNKNOWN STEP	2025-12-23T16:57:14.1723704Z Git LFS initialized.
test	UNKNOWN STEP	2025-12-23T16:57:14.1736245Z ##[group]Fetching the repository
test	UNKNOWN STEP	2025-12-23T16:57:14.1746834Z [command]/usr/bin/git -c protocol.version=2 fetch --prune --no-recurse-submodules origin +refs/heads/*:refs/remotes/origin/* +refs/tags/*:refs/tags/*
test	UNKNOWN STEP	2025-12-23T16:57:14.7717539Z From https://github.com/hfcs/simple_match
test	UNKNOWN STEP	2025-12-23T16:57:14.7719970Z  * [new branch]      ci/add-dispatch       -> origin/ci/add-dispatch
test	UNKNOWN STEP	2025-12-23T16:57:14.7720713Z  * [new branch]      ci/diagnostics-direct -> origin/ci/diagnostics-direct
test	UNKNOWN STEP	2025-12-23T16:57:14.7721296Z  * [new branch]      ci/fix-lcov-inline    -> origin/ci/fix-lcov-inline
test	UNKNOWN STEP	2025-12-23T16:57:14.7721813Z  * [new branch]      ci/install-lcov       -> origin/ci/install-lcov
test	UNKNOWN STEP	2025-12-23T16:57:14.7722372Z  * [new branch]      fix/web-export-import -> origin/fix/web-export-import
test	UNKNOWN STEP	2025-12-23T16:57:14.7722976Z  * [new branch]      fix/web-export-import-tests -> origin/fix/web-export-import-tests
test	UNKNOWN STEP	2025-12-23T16:57:14.7723535Z  * [new branch]      main                  -> origin/main
test	UNKNOWN STEP	2025-12-23T16:57:14.7766829Z [command]/usr/bin/git branch --list --remote origin/main
test	UNKNOWN STEP	2025-12-23T16:57:14.7790904Z   origin/main
test	UNKNOWN STEP	2025-12-23T16:57:14.7800412Z [command]/usr/bin/git rev-parse refs/remotes/origin/main
test	UNKNOWN STEP	2025-12-23T16:57:14.7821485Z 10fd5a7fcf6505c3bf4fdd3b6fa0545564cead4a
test	UNKNOWN STEP	2025-12-23T16:57:14.7826569Z ##[endgroup]
test	UNKNOWN STEP	2025-12-23T16:57:14.7827284Z ##[group]Determining the checkout info
test	UNKNOWN STEP	2025-12-23T16:57:14.7828155Z ##[endgroup]
test	UNKNOWN STEP	2025-12-23T16:57:14.7828901Z ##[group]Fetching LFS objects
test	UNKNOWN STEP	2025-12-23T16:57:14.7832398Z [command]/usr/bin/git lfs fetch origin refs/remotes/origin/main
test	UNKNOWN STEP	2025-12-23T16:57:14.8048525Z Fetching reference refs/remotes/origin/main
test	UNKNOWN STEP	2025-12-23T16:57:14.8265842Z ##[endgroup]
test	UNKNOWN STEP	2025-12-23T16:57:14.8270683Z [command]/usr/bin/git sparse-checkout disable
test	UNKNOWN STEP	2025-12-23T16:57:14.8312164Z [command]/usr/bin/git config --local --unset-all extensions.worktreeConfig
test	UNKNOWN STEP	2025-12-23T16:57:14.8339205Z ##[group]Checking out the ref
test	UNKNOWN STEP	2025-12-23T16:57:14.8343230Z [command]/usr/bin/git checkout --progress --force -B main refs/remotes/origin/main
test	UNKNOWN STEP	2025-12-23T16:57:14.8590407Z Switched to a new branch 'main'
test	UNKNOWN STEP	2025-12-23T16:57:14.8591453Z branch 'main' set up to track 'origin/main'.
test	UNKNOWN STEP	2025-12-23T16:57:14.8844302Z ##[endgroup]
test	UNKNOWN STEP	2025-12-23T16:57:14.8880869Z [command]/usr/bin/git log -1 --format=%H
test	UNKNOWN STEP	2025-12-23T16:57:14.8903746Z 10fd5a7fcf6505c3bf4fdd3b6fa0545564cead4a
test	UNKNOWN STEP	2025-12-23T16:57:14.9081807Z ##[group]Run git --version || true
test	UNKNOWN STEP	2025-12-23T16:57:14.9082265Z [36;1mgit --version || true[0m
test	UNKNOWN STEP	2025-12-23T16:57:14.9082663Z [36;1mgit lfs version || echo "git-lfs not available"[0m
test	UNKNOWN STEP	2025-12-23T16:57:14.9083070Z [36;1mgit lfs ls-files --all || true[0m
test	UNKNOWN STEP	2025-12-23T16:57:14.9083533Z [36;1mecho "--- .gitattributes ---"; sed -n '1,120p' .gitattributes || true[0m
test	UNKNOWN STEP	2025-12-23T16:57:14.9084156Z [36;1mecho "--- git status (porcelain) ---"; git status --porcelain --untracked-files=all || true[0m
test	UNKNOWN STEP	2025-12-23T16:57:14.9121677Z shell: /usr/bin/bash -e {0}
test	UNKNOWN STEP	2025-12-23T16:57:14.9122026Z ##[endgroup]
test	UNKNOWN STEP	2025-12-23T16:57:14.9207617Z git version 2.52.0
test	UNKNOWN STEP	2025-12-23T16:57:14.9291420Z git-lfs/3.7.1 (GitHub; linux amd64; go 1.24.4)
test	UNKNOWN STEP	2025-12-23T16:57:15.0221940Z --- .gitattributes ---
test	UNKNOWN STEP	2025-12-23T16:57:15.0234866Z sed: can't read .gitattributes: No such file or directory
test	UNKNOWN STEP	2025-12-23T16:57:15.0236931Z --- git status (porcelain) ---
test	UNKNOWN STEP	2025-12-23T16:57:15.0377018Z ##[group]Run git lfs install --system || true
test	UNKNOWN STEP	2025-12-23T16:57:15.0377479Z [36;1mgit lfs install --system || true[0m
test	UNKNOWN STEP	2025-12-23T16:57:15.0377894Z [36;1mgit lfs pull --include="assets/fonts/*" || true[0m
test	UNKNOWN STEP	2025-12-23T16:57:15.0378360Z [36;1mecho "Listing assets/fonts:"; ls -la assets/fonts || true[0m
test	UNKNOWN STEP	2025-12-23T16:57:15.0413243Z shell: /usr/bin/bash -e {0}
test	UNKNOWN STEP	2025-12-23T16:57:15.0413581Z ##[endgroup]
test	UNKNOWN STEP	2025-12-23T16:57:15.0550508Z warning: current user is not root/admin, system install is likely to fail.
test	UNKNOWN STEP	2025-12-23T16:57:15.0694007Z Updated Git hooks.
test	UNKNOWN STEP	2025-12-23T16:57:15.0694579Z Git LFS initialized.
test	UNKNOWN STEP	2025-12-23T16:57:15.0965017Z Listing assets/fonts:
test	UNKNOWN STEP	2025-12-23T16:57:15.0976714Z ls: cannot access 'assets/fonts': No such file or directory
test	UNKNOWN STEP	2025-12-23T16:57:15.1096833Z ##[group]Run actions/setup-java@v4
test	UNKNOWN STEP	2025-12-23T16:57:15.1097259Z with:
test	UNKNOWN STEP	2025-12-23T16:57:15.1097532Z   distribution: temurin
test	UNKNOWN STEP	2025-12-23T16:57:15.1097838Z   java-version: 21
test	UNKNOWN STEP	2025-12-23T16:57:15.1098113Z   java-package: jdk
test	UNKNOWN STEP	2025-12-23T16:57:15.1098401Z   check-latest: false
test	UNKNOWN STEP	2025-12-23T16:57:15.1098683Z   server-id: github
test	UNKNOWN STEP	2025-12-23T16:57:15.1098980Z   server-username: GITHUB_ACTOR
test	UNKNOWN STEP	2025-12-23T16:57:15.1099312Z   server-password: GITHUB_TOKEN
test	UNKNOWN STEP	2025-12-23T16:57:15.1099656Z   overwrite-settings: true
test	UNKNOWN STEP	2025-12-23T16:57:15.1099981Z   job-status: success
test	UNKNOWN STEP	2025-12-23T16:57:15.1100420Z   token: ***
test	UNKNOWN STEP	2025-12-23T16:57:15.1100693Z ##[endgroup]
test	UNKNOWN STEP	2025-12-23T16:57:15.3238010Z ##[group]Installed distributions
test	UNKNOWN STEP	2025-12-23T16:57:15.3496979Z Resolved Java 21.0.9+10 from tool-cache
test	UNKNOWN STEP	2025-12-23T16:57:15.3498106Z Setting Java 21.0.9+10 as the default
test	UNKNOWN STEP	2025-12-23T16:57:15.3513768Z Creating toolchains.xml for JDK version 21 from temurin
test	UNKNOWN STEP	2025-12-23T16:57:15.3602815Z Writing to /home/runner/.m2/toolchains.xml
test	UNKNOWN STEP	2025-12-23T16:57:15.3603602Z 
test	UNKNOWN STEP	2025-12-23T16:57:15.3604435Z Java configuration:
test	UNKNOWN STEP	2025-12-23T16:57:15.3605316Z   Distribution: temurin
test	UNKNOWN STEP	2025-12-23T16:57:15.3606566Z   Version: 21.0.9+10
test	UNKNOWN STEP	2025-12-23T16:57:15.3609503Z   Path: /opt/hostedtoolcache/Java_Temurin-Hotspot_jdk/21.0.9-10/x64
test	UNKNOWN STEP	2025-12-23T16:57:15.3610264Z 
test	UNKNOWN STEP	2025-12-23T16:57:15.3611144Z ##[endgroup]
test	UNKNOWN STEP	2025-12-23T16:57:15.3630024Z Creating settings.xml with server-id: github
test	UNKNOWN STEP	2025-12-23T16:57:15.3630649Z Writing to /home/runner/.m2/settings.xml
test	UNKNOWN STEP	2025-12-23T16:57:15.3734246Z ##[group]Run echo "JAVA_HOME=$JAVA_HOME"
test	UNKNOWN STEP	2025-12-23T16:57:15.3734684Z [36;1mecho "JAVA_HOME=$JAVA_HOME"[0m
test	UNKNOWN STEP	2025-12-23T16:57:15.3736051Z [36;1mjava -version || true[0m
test	UNKNOWN STEP	2025-12-23T16:57:15.3736544Z [36;1mjavac -version || true[0m
test	UNKNOWN STEP	2025-12-23T16:57:15.3736941Z [36;1m./gradlew --version || true[0m
test	UNKNOWN STEP	2025-12-23T16:57:15.3775304Z shell: /usr/bin/bash -e {0}
test	UNKNOWN STEP	2025-12-23T16:57:15.3775830Z env:
test	UNKNOWN STEP	2025-12-23T16:57:15.3776240Z   JAVA_HOME: /opt/hostedtoolcache/Java_Temurin-Hotspot_jdk/21.0.9-10/x64
test	UNKNOWN STEP	2025-12-23T16:57:15.3776849Z   JAVA_HOME_21_X64: /opt/hostedtoolcache/Java_Temurin-Hotspot_jdk/21.0.9-10/x64
test	UNKNOWN STEP	2025-12-23T16:57:15.3777320Z ##[endgroup]
test	UNKNOWN STEP	2025-12-23T16:57:15.3844749Z JAVA_HOME=/opt/hostedtoolcache/Java_Temurin-Hotspot_jdk/21.0.9-10/x64
test	UNKNOWN STEP	2025-12-23T16:57:16.6415711Z openjdk version "21.0.9" 2025-10-21 LTS
test	UNKNOWN STEP	2025-12-23T16:57:16.6416477Z OpenJDK Runtime Environment Temurin-21.0.9+10 (build 21.0.9+10-LTS)
test	UNKNOWN STEP	2025-12-23T16:57:16.6417723Z OpenJDK 64-Bit Server VM Temurin-21.0.9+10 (build 21.0.9+10-LTS, mixed mode, sharing)
test	UNKNOWN STEP	2025-12-23T16:57:17.3818045Z javac 21.0.9
test	UNKNOWN STEP	2025-12-23T16:57:17.4596221Z /home/runner/work/_temp/5162912a-15a9-4cab-98a8-33d40d3d56cc.sh: line 4: ./gradlew: No such file or directory
test	UNKNOWN STEP	2025-12-23T16:57:17.4738346Z ##[group]Run subosito/flutter-action@v2
test	UNKNOWN STEP	2025-12-23T16:57:17.4738661Z with:
test	UNKNOWN STEP	2025-12-23T16:57:17.4738829Z   channel: stable
test	UNKNOWN STEP	2025-12-23T16:57:17.4739027Z   architecture: X64
test	UNKNOWN STEP	2025-12-23T16:57:17.4739216Z   cache: false
test	UNKNOWN STEP	2025-12-23T16:57:17.4739400Z   pub-cache-path: default
test	UNKNOWN STEP	2025-12-23T16:57:17.4739610Z   dry-run: false
test	UNKNOWN STEP	2025-12-23T16:57:17.4739867Z   git-source: https://github.com/flutter/flutter.git
test	UNKNOWN STEP	2025-12-23T16:57:17.4740149Z env:
test	UNKNOWN STEP	2025-12-23T16:57:17.4740439Z   JAVA_HOME: /opt/hostedtoolcache/Java_Temurin-Hotspot_jdk/21.0.9-10/x64
test	UNKNOWN STEP	2025-12-23T16:57:17.4740902Z   JAVA_HOME_21_X64: /opt/hostedtoolcache/Java_Temurin-Hotspot_jdk/21.0.9-10/x64
test	UNKNOWN STEP	2025-12-23T16:57:17.4741228Z ##[endgroup]
test	UNKNOWN STEP	2025-12-23T16:57:17.4825245Z ##[group]Run chmod +x "$GITHUB_ACTION_PATH/setup.sh"
test	UNKNOWN STEP	2025-12-23T16:57:17.4825791Z [36;1mchmod +x "$GITHUB_ACTION_PATH/setup.sh"[0m
test	UNKNOWN STEP	2025-12-23T16:57:17.4860128Z shell: /usr/bin/bash --noprofile --norc -e -o pipefail {0}
test	UNKNOWN STEP	2025-12-23T16:57:17.4860489Z env:
test	UNKNOWN STEP	2025-12-23T16:57:17.4860820Z   JAVA_HOME: /opt/hostedtoolcache/Java_Temurin-Hotspot_jdk/21.0.9-10/x64
test	UNKNOWN STEP	2025-12-23T16:57:17.4861268Z   JAVA_HOME_21_X64: /opt/hostedtoolcache/Java_Temurin-Hotspot_jdk/21.0.9-10/x64
test	UNKNOWN STEP	2025-12-23T16:57:17.4861616Z ##[endgroup]
test	UNKNOWN STEP	2025-12-23T16:57:17.4981503Z ##[group]Run $GITHUB_ACTION_PATH/setup.sh -p \
test	UNKNOWN STEP	2025-12-23T16:57:17.4981898Z [36;1m$GITHUB_ACTION_PATH/setup.sh -p \[0m
test	UNKNOWN STEP	2025-12-23T16:57:17.4982176Z [36;1m  -n '' \[0m
test	UNKNOWN STEP	2025-12-23T16:57:17.4982358Z [36;1m  -f '' \[0m
test	UNKNOWN STEP	2025-12-23T16:57:17.4982535Z [36;1m  -a 'X64' \[0m
test	UNKNOWN STEP	2025-12-23T16:57:17.4982750Z [36;1m  -k '' \[0m
test	UNKNOWN STEP	2025-12-23T16:57:17.4982960Z [36;1m  -c '' \[0m
test	UNKNOWN STEP	2025-12-23T16:57:17.4983131Z [36;1m  -l '' \[0m
test	UNKNOWN STEP	2025-12-23T16:57:17.4983316Z [36;1m  -d 'default' \[0m
test	UNKNOWN STEP	2025-12-23T16:57:17.4983590Z [36;1m  -g 'https://github.com/flutter/flutter.git' \[0m
test	UNKNOWN STEP	2025-12-23T16:57:17.4983879Z [36;1m  stable[0m
test	UNKNOWN STEP	2025-12-23T16:57:17.5017400Z shell: /usr/bin/bash --noprofile --norc -e -o pipefail {0}
test	UNKNOWN STEP	2025-12-23T16:57:17.5017740Z env:
test	UNKNOWN STEP	2025-12-23T16:57:17.5018044Z   JAVA_HOME: /opt/hostedtoolcache/Java_Temurin-Hotspot_jdk/21.0.9-10/x64
test	UNKNOWN STEP	2025-12-23T16:57:17.5018502Z   JAVA_HOME_21_X64: /opt/hostedtoolcache/Java_Temurin-Hotspot_jdk/21.0.9-10/x64
test	UNKNOWN STEP	2025-12-23T16:57:17.5018834Z ##[endgroup]
test	UNKNOWN STEP	2025-12-23T16:57:17.6626287Z ##[group]Run $GITHUB_ACTION_PATH/setup.sh \
test	UNKNOWN STEP	2025-12-23T16:57:17.6626617Z [36;1m$GITHUB_ACTION_PATH/setup.sh \[0m
test	UNKNOWN STEP	2025-12-23T16:57:17.6627056Z [36;1m  -n '3.38.5' \[0m
test	UNKNOWN STEP	2025-12-23T16:57:17.6627269Z [36;1m  -a 'x64' \[0m
test	UNKNOWN STEP	2025-12-23T16:57:17.6627537Z [36;1m  -c '/opt/hostedtoolcache/flutter/stable-3.38.5-x64' \[0m
test	UNKNOWN STEP	2025-12-23T16:57:17.6627863Z [36;1m  -d '/home/runner/.pub-cache' \[0m
test	UNKNOWN STEP	2025-12-23T16:57:17.6628103Z [36;1m  stable[0m
test	UNKNOWN STEP	2025-12-23T16:57:17.6659817Z shell: /usr/bin/bash --noprofile --norc -e -o pipefail {0}
test	UNKNOWN STEP	2025-12-23T16:57:17.6660132Z env:
test	UNKNOWN STEP	2025-12-23T16:57:17.6660416Z   JAVA_HOME: /opt/hostedtoolcache/Java_Temurin-Hotspot_jdk/21.0.9-10/x64
test	UNKNOWN STEP	2025-12-23T16:57:17.6660880Z   JAVA_HOME_21_X64: /opt/hostedtoolcache/Java_Temurin-Hotspot_jdk/21.0.9-10/x64
test	UNKNOWN STEP	2025-12-23T16:57:17.6661222Z ##[endgroup]
test	UNKNOWN STEP	2025-12-23T16:57:17.8163001Z   % Total    % Received % Xferd  Average Speed   Time    Time     Time  Current
test	UNKNOWN STEP	2025-12-23T16:57:17.8163743Z                                  Dload  Upload   Total   Spent    Left  Speed
test	UNKNOWN STEP	2025-12-23T16:57:17.8164101Z 
test	UNKNOWN STEP	2025-12-23T16:57:17.9707269Z   0     0    0     0    0     0      0      0 --:--:-- --:--:-- --:--:--     0
test	UNKNOWN STEP	2025-12-23T16:57:18.9697698Z   0 1396M    0 5594k    0     0  35.3M      0  0:00:39 --:--:--  0:00:39 35.2M
test	UNKNOWN STEP	2025-12-23T16:57:19.9707379Z  11 1396M   11  159M    0     0   138M      0  0:00:10  0:00:01  0:00:09  138M
test	UNKNOWN STEP	2025-12-23T16:57:20.9704964Z  22 1396M   22  311M    0     0   144M      0  0:00:09  0:00:02  0:00:07  144M
test	UNKNOWN STEP	2025-12-23T16:57:21.9697080Z  33 1396M   33  466M    0     0   147M      0  0:00:09  0:00:03  0:00:06  147M
test	UNKNOWN STEP	2025-12-23T16:57:22.9696580Z  45 1396M   45  628M    0     0   151M      0  0:00:09  0:00:04  0:00:05  151M
test	UNKNOWN STEP	2025-12-23T16:57:23.9713849Z  56 1396M   56  784M    0     0   152M      0  0:00:09  0:00:05  0:00:04  155M
test	UNKNOWN STEP	2025-12-23T16:57:24.9703510Z  67 1396M   67  944M    0     0   153M      0  0:00:09  0:00:06  0:00:03  157M
test	UNKNOWN STEP	2025-12-23T16:57:25.9698496Z  78 1396M   78 1098M    0     0   153M      0  0:00:09  0:00:07  0:00:02  157M
test	UNKNOWN STEP	2025-12-23T16:57:26.9569209Z  88 1396M   88 1241M    0     0   152M      0  0:00:09  0:00:08  0:00:01  155M
test	UNKNOWN STEP	2025-12-23T16:57:26.9569941Z 100 1396M  100 1396M    0     0   152M      0  0:00:09  0:00:09 --:--:--  154M
test	UNKNOWN STEP	2025-12-23T16:58:16.6622117Z ##[group]Run flutter --version
test	UNKNOWN STEP	2025-12-23T16:58:16.6622399Z [36;1mflutter --version[0m
test	UNKNOWN STEP	2025-12-23T16:58:16.6655216Z shell: /usr/bin/bash -e {0}
test	UNKNOWN STEP	2025-12-23T16:58:16.6655636Z env:
test	UNKNOWN STEP	2025-12-23T16:58:16.6655937Z   JAVA_HOME: /opt/hostedtoolcache/Java_Temurin-Hotspot_jdk/21.0.9-10/x64
test	UNKNOWN STEP	2025-12-23T16:58:16.6656377Z   JAVA_HOME_21_X64: /opt/hostedtoolcache/Java_Temurin-Hotspot_jdk/21.0.9-10/x64
test	UNKNOWN STEP	2025-12-23T16:58:16.6656787Z   FLUTTER_ROOT: /opt/hostedtoolcache/flutter/stable-3.38.5-x64
test	UNKNOWN STEP	2025-12-23T16:58:16.6657103Z   PUB_CACHE: /home/runner/.pub-cache
test	UNKNOWN STEP	2025-12-23T16:58:16.6657331Z ##[endgroup]
test	UNKNOWN STEP	2025-12-23T16:58:16.9490607Z Flutter 3.38.5 â€¢ channel stable â€¢ https://github.com/flutter/flutter.git
test	UNKNOWN STEP	2025-12-23T16:58:16.9491643Z Framework â€¢ revision f6ff1529fd (12 days ago) â€¢ 2025-12-11 11:50:07 -0500
test	UNKNOWN STEP	2025-12-23T16:58:16.9492802Z Engine â€¢ hash c108a94d7a8273e112339e6c6833daa06e723a54 (revision 1527ae0ec5) (12 days ago) â€¢ 2025-12-11 15:04:31.000Z
test	UNKNOWN STEP	2025-12-23T16:58:16.9493896Z Tools â€¢ Dart 3.10.4 â€¢ DevTools 2.51.1
test	UNKNOWN STEP	2025-12-23T16:58:16.9554585Z ##[group]Run sudo apt-get update
test	UNKNOWN STEP	2025-12-23T16:58:16.9554884Z [36;1msudo apt-get update[0m
test	UNKNOWN STEP	2025-12-23T16:58:16.9555168Z [36;1msudo apt-get install -y lcov poppler-utils git-lfs[0m
test	UNKNOWN STEP	2025-12-23T16:58:16.9556013Z [36;1mgit lfs install --system || true[0m
test	UNKNOWN STEP	2025-12-23T16:58:16.9556305Z [36;1mgit lfs pull --include="assets/fonts/*" || true[0m
test	UNKNOWN STEP	2025-12-23T16:58:16.9587985Z shell: /usr/bin/bash -e {0}
test	UNKNOWN STEP	2025-12-23T16:58:16.9588203Z env:
test	UNKNOWN STEP	2025-12-23T16:58:16.9588470Z   JAVA_HOME: /opt/hostedtoolcache/Java_Temurin-Hotspot_jdk/21.0.9-10/x64
test	UNKNOWN STEP	2025-12-23T16:58:16.9588917Z   JAVA_HOME_21_X64: /opt/hostedtoolcache/Java_Temurin-Hotspot_jdk/21.0.9-10/x64
test	UNKNOWN STEP	2025-12-23T16:58:16.9589327Z   FLUTTER_ROOT: /opt/hostedtoolcache/flutter/stable-3.38.5-x64
test	UNKNOWN STEP	2025-12-23T16:58:16.9589630Z   PUB_CACHE: /home/runner/.pub-cache
test	UNKNOWN STEP	2025-12-23T16:58:16.9589852Z ##[endgroup]
test	UNKNOWN STEP	2025-12-23T16:58:17.0447706Z Get:1 file:/etc/apt/apt-mirrors.txt Mirrorlist [144 B]
test	UNKNOWN STEP	2025-12-23T16:58:17.0797637Z Hit:2 http://azure.archive.ubuntu.com/ubuntu noble InRelease
test	UNKNOWN STEP	2025-12-23T16:58:17.0802483Z Hit:6 https://packages.microsoft.com/repos/azure-cli noble InRelease
test	UNKNOWN STEP	2025-12-23T16:58:17.0803289Z Get:7 https://packages.microsoft.com/ubuntu/24.04/prod noble InRelease [3600 B]
test	UNKNOWN STEP	2025-12-23T16:58:17.0828001Z Get:3 http://azure.archive.ubuntu.com/ubuntu noble-updates InRelease [126 kB]
test	UNKNOWN STEP	2025-12-23T16:58:17.0932624Z Get:4 http://azure.archive.ubuntu.com/ubuntu noble-backports InRelease [126 kB]
test	UNKNOWN STEP	2025-12-23T16:58:17.0954179Z Get:5 http://azure.archive.ubuntu.com/ubuntu noble-security InRelease [126 kB]
test	UNKNOWN STEP	2025-12-23T16:58:17.2805871Z Get:8 https://packages.microsoft.com/ubuntu/24.04/prod noble/main arm64 Packages [58.9 kB]
test	UNKNOWN STEP	2025-12-23T16:58:17.2930215Z Get:9 https://packages.microsoft.com/ubuntu/24.04/prod noble/main amd64 Packages [77.7 kB]
test	UNKNOWN STEP	2025-12-23T16:58:17.2970116Z Get:10 https://packages.microsoft.com/ubuntu/24.04/prod noble/main armhf Packages [11.4 kB]
test	UNKNOWN STEP	2025-12-23T16:58:17.3410570Z Get:11 http://azure.archive.ubuntu.com/ubuntu noble-updates/main amd64 Packages [1684 kB]
test	UNKNOWN STEP	2025-12-23T16:58:17.3507779Z Get:12 http://azure.archive.ubuntu.com/ubuntu noble-updates/main Translation-en [311 kB]
test	UNKNOWN STEP	2025-12-23T16:58:17.3538803Z Get:13 http://azure.archive.ubuntu.com/ubuntu noble-updates/main amd64 Components [175 kB]
test	UNKNOWN STEP	2025-12-23T16:58:17.3556992Z Get:14 http://azure.archive.ubuntu.com/ubuntu noble-updates/main amd64 c-n-f Metadata [15.8 kB]
test	UNKNOWN STEP	2025-12-23T16:58:17.3572708Z Get:15 http://azure.archive.ubuntu.com/ubuntu noble-updates/universe amd64 Packages [1506 kB]
test	UNKNOWN STEP	2025-12-23T16:58:17.3653614Z Get:16 http://azure.archive.ubuntu.com/ubuntu noble-updates/universe Translation-en [306 kB]
test	UNKNOWN STEP	2025-12-23T16:58:17.3687420Z Get:17 http://azure.archive.ubuntu.com/ubuntu noble-updates/universe amd64 Components [377 kB]
test	UNKNOWN STEP	2025-12-23T16:58:17.3715813Z Get:18 http://azure.archive.ubuntu.com/ubuntu noble-updates/universe amd64 c-n-f Metadata [31.4 kB]
test	UNKNOWN STEP	2025-12-23T16:58:17.3729233Z Get:19 http://azure.archive.ubuntu.com/ubuntu noble-updates/restricted amd64 Packages [2413 kB]
test	UNKNOWN STEP	2025-12-23T16:58:17.3855254Z Get:20 http://azure.archive.ubuntu.com/ubuntu noble-updates/restricted Translation-en [550 kB]
test	UNKNOWN STEP	2025-12-23T16:58:17.4342374Z Get:21 http://azure.archive.ubuntu.com/ubuntu noble-updates/restricted amd64 Components [212 B]
test	UNKNOWN STEP	2025-12-23T16:58:17.4353370Z Get:22 http://azure.archive.ubuntu.com/ubuntu noble-updates/restricted amd64 c-n-f Metadata [516 B]
test	UNKNOWN STEP	2025-12-23T16:58:17.4359140Z Get:23 http://azure.archive.ubuntu.com/ubuntu noble-updates/multiverse amd64 Packages [30.3 kB]
test	UNKNOWN STEP	2025-12-23T16:58:17.4371460Z Get:24 http://azure.archive.ubuntu.com/ubuntu noble-updates/multiverse Translation-en [6048 B]
test	UNKNOWN STEP	2025-12-23T16:58:17.4380091Z Get:25 http://azure.archive.ubuntu.com/ubuntu noble-updates/multiverse amd64 Components [940 B]
test	UNKNOWN STEP	2025-12-23T16:58:17.4389593Z Get:26 http://azure.archive.ubuntu.com/ubuntu noble-updates/multiverse amd64 c-n-f Metadata [488 B]
test	UNKNOWN STEP	2025-12-23T16:58:17.4402392Z Get:27 http://azure.archive.ubuntu.com/ubuntu noble-backports/main amd64 Packages [40.4 kB]
test	UNKNOWN STEP	2025-12-23T16:58:17.4437366Z Get:28 http://azure.archive.ubuntu.com/ubuntu noble-backports/main amd64 Components [7332 B]
test	UNKNOWN STEP	2025-12-23T16:58:17.4446074Z Get:29 http://azure.archive.ubuntu.com/ubuntu noble-backports/main amd64 c-n-f Metadata [368 B]
test	UNKNOWN STEP	2025-12-23T16:58:17.4471296Z Get:30 http://azure.archive.ubuntu.com/ubuntu noble-backports/universe amd64 Packages [29.5 kB]
test	UNKNOWN STEP	2025-12-23T16:58:17.4487889Z Get:31 http://azure.archive.ubuntu.com/ubuntu noble-backports/universe Translation-en [17.9 kB]
test	UNKNOWN STEP	2025-12-23T16:58:17.4501016Z Get:32 http://azure.archive.ubuntu.com/ubuntu noble-backports/universe amd64 Components [10.5 kB]
test	UNKNOWN STEP	2025-12-23T16:58:17.4508877Z Get:33 http://azure.archive.ubuntu.com/ubuntu noble-backports/universe amd64 c-n-f Metadata [1444 B]
test	UNKNOWN STEP	2025-12-23T16:58:17.4516259Z Get:34 http://azure.archive.ubuntu.com/ubuntu noble-backports/restricted amd64 Components [216 B]
test	UNKNOWN STEP	2025-12-23T16:58:17.4937048Z Get:35 http://azure.archive.ubuntu.com/ubuntu noble-backports/multiverse amd64 Components [212 B]
test	UNKNOWN STEP	2025-12-23T16:58:17.4950844Z Get:36 http://azure.archive.ubuntu.com/ubuntu noble-security/main Translation-en [225 kB]
test	UNKNOWN STEP	2025-12-23T16:58:17.4974108Z Get:37 http://azure.archive.ubuntu.com/ubuntu noble-security/main amd64 Components [21.5 kB]
test	UNKNOWN STEP	2025-12-23T16:58:17.4983562Z Get:38 http://azure.archive.ubuntu.com/ubuntu noble-security/main amd64 c-n-f Metadata [9504 B]
test	UNKNOWN STEP	2025-12-23T16:58:17.4993456Z Get:39 http://azure.archive.ubuntu.com/ubuntu noble-security/universe amd64 Components [71.4 kB]
test	UNKNOWN STEP	2025-12-23T16:58:17.5003983Z Get:40 http://azure.archive.ubuntu.com/ubuntu noble-security/restricted amd64 Components [212 B]
test	UNKNOWN STEP	2025-12-23T16:58:17.5011981Z Get:41 http://azure.archive.ubuntu.com/ubuntu noble-security/multiverse amd64 Components [212 B]
test	UNKNOWN STEP	2025-12-23T16:58:26.4375876Z Fetched 8375 kB in 1s (7033 kB/s)
test	UNKNOWN STEP	2025-12-23T16:58:27.2773553Z Reading package lists...
test	UNKNOWN STEP	2025-12-23T16:58:27.3141311Z Reading package lists...
test	UNKNOWN STEP	2025-12-23T16:58:27.5520486Z Building dependency tree...
test	UNKNOWN STEP	2025-12-23T16:58:27.5528368Z Reading state information...
test	UNKNOWN STEP	2025-12-23T16:58:27.7945069Z git-lfs is already the newest version (3.7.1).
test	UNKNOWN STEP	2025-12-23T16:58:27.7946033Z The following additional packages will be installed:
test	UNKNOWN STEP	2025-12-23T16:58:27.7946886Z   libalgorithm-c3-perl libb-hooks-endofscope-perl libb-hooks-op-check-perl
test	UNKNOWN STEP	2025-12-23T16:58:27.7947841Z   libcapture-tiny-perl libclass-c3-perl libclass-c3-xs-perl
test	UNKNOWN STEP	2025-12-23T16:58:27.7948400Z   libclass-data-inheritable-perl libclass-inspector-perl
test	UNKNOWN STEP	2025-12-23T16:58:27.7949007Z   libclass-method-modifiers-perl libclass-singleton-perl
test	UNKNOWN STEP	2025-12-23T16:58:27.7949956Z   libclass-xsaccessor-perl libdata-optlist-perl libdatetime-locale-perl
test	UNKNOWN STEP	2025-12-23T16:58:27.7950866Z   libdatetime-perl libdatetime-timezone-perl libdevel-callchecker-perl
test	UNKNOWN STEP	2025-12-23T16:58:27.7951539Z   libdevel-caller-perl libdevel-lexalias-perl libdevel-stacktrace-perl
test	UNKNOWN STEP	2025-12-23T16:58:27.7952258Z   libdynaloader-functions-perl libeval-closure-perl libexception-class-perl
test	UNKNOWN STEP	2025-12-23T16:58:27.7952923Z   libfile-sharedir-perl libgd-perl libmodule-implementation-perl
test	UNKNOWN STEP	2025-12-23T16:58:27.7953478Z   libmodule-runtime-perl libmro-compat-perl libnamespace-autoclean-perl
test	UNKNOWN STEP	2025-12-23T16:58:27.7954041Z   libnamespace-clean-perl libpackage-stash-perl libpackage-stash-xs-perl
test	UNKNOWN STEP	2025-12-23T16:58:27.7954564Z   libpadwalker-perl libparams-classify-perl libparams-util-perl
test	UNKNOWN STEP	2025-12-23T16:58:27.7955181Z   libparams-validationcompiler-perl libperlio-gzip-perl libpoppler134
test	UNKNOWN STEP	2025-12-23T16:58:27.7956200Z   libreadonly-perl libref-util-perl libref-util-xs-perl librole-tiny-perl
test	UNKNOWN STEP	2025-12-23T16:58:27.7956777Z   libspecio-perl libsub-exporter-perl libsub-exporter-progressive-perl
test	UNKNOWN STEP	2025-12-23T16:58:27.7957350Z   libsub-identify-perl libsub-install-perl libsub-name-perl libsub-quote-perl
test	UNKNOWN STEP	2025-12-23T16:58:27.7957914Z   libtry-tiny-perl libvariable-magic-perl libxstring-perl poppler-data
test	UNKNOWN STEP	2025-12-23T16:58:27.7965911Z Suggested packages:
test	UNKNOWN STEP	2025-12-23T16:58:27.7966475Z   libscalar-number-perl libtest-fatal-perl ghostscript fonts-japanese-mincho
test	UNKNOWN STEP	2025-12-23T16:58:27.7966987Z   | fonts-ipafont-mincho fonts-japanese-gothic | fonts-ipafont-gothic
test	UNKNOWN STEP	2025-12-23T16:58:27.7967727Z   fonts-arphic-ukai fonts-arphic-uming fonts-nanum
test	UNKNOWN STEP	2025-12-23T16:58:27.8298688Z The following NEW packages will be installed:
test	UNKNOWN STEP	2025-12-23T16:58:27.8299261Z   lcov libalgorithm-c3-perl libb-hooks-endofscope-perl
test	UNKNOWN STEP	2025-12-23T16:58:27.8299813Z   libb-hooks-op-check-perl libcapture-tiny-perl libclass-c3-perl
test	UNKNOWN STEP	2025-12-23T16:58:27.8300530Z   libclass-c3-xs-perl libclass-data-inheritable-perl libclass-inspector-perl
test	UNKNOWN STEP	2025-12-23T16:58:27.8301287Z   libclass-method-modifiers-perl libclass-singleton-perl
test	UNKNOWN STEP	2025-12-23T16:58:27.8302050Z   libclass-xsaccessor-perl libdata-optlist-perl libdatetime-locale-perl
test	UNKNOWN STEP	2025-12-23T16:58:27.8302918Z   libdatetime-perl libdatetime-timezone-perl libdevel-callchecker-perl
test	UNKNOWN STEP	2025-12-23T16:58:27.8303796Z   libdevel-caller-perl libdevel-lexalias-perl libdevel-stacktrace-perl
test	UNKNOWN STEP	2025-12-23T16:58:27.8304681Z   libdynaloader-functions-perl libeval-closure-perl libexception-class-perl
test	UNKNOWN STEP	2025-12-23T16:58:27.8306222Z   libfile-sharedir-perl libgd-perl libmodule-implementation-perl
test	UNKNOWN STEP	2025-12-23T16:58:27.8307055Z   libmodule-runtime-perl libmro-compat-perl libnamespace-autoclean-perl
test	UNKNOWN STEP	2025-12-23T16:58:27.8307953Z   libnamespace-clean-perl libpackage-stash-perl libpackage-stash-xs-perl
test	UNKNOWN STEP	2025-12-23T16:58:27.8308659Z   libpadwalker-perl libparams-classify-perl libparams-util-perl
test	UNKNOWN STEP	2025-12-23T16:58:27.8309195Z   libparams-validationcompiler-perl libperlio-gzip-perl libpoppler134
test	UNKNOWN STEP	2025-12-23T16:58:27.8309762Z   libreadonly-perl libref-util-perl libref-util-xs-perl librole-tiny-perl
test	UNKNOWN STEP	2025-12-23T16:58:27.8310617Z   libspecio-perl libsub-exporter-perl libsub-exporter-progressive-perl
test	UNKNOWN STEP	2025-12-23T16:58:27.8311504Z   libsub-identify-perl libsub-install-perl libsub-name-perl libsub-quote-perl
test	UNKNOWN STEP	2025-12-23T16:58:27.8312198Z   libtry-tiny-perl libvariable-magic-perl libxstring-perl poppler-data
test	UNKNOWN STEP	2025-12-23T16:58:27.8312614Z   poppler-utils
test	UNKNOWN STEP	2025-12-23T16:58:27.8533750Z 0 upgraded, 54 newly installed, 0 to remove and 69 not upgraded.
test	UNKNOWN STEP	2025-12-23T16:58:27.8534464Z Need to get 7808 kB of archives.
test	UNKNOWN STEP	2025-12-23T16:58:27.8535108Z After this operation, 49.5 MB of additional disk space will be used.
test	UNKNOWN STEP	2025-12-23T16:58:27.8536070Z Get:1 file:/etc/apt/apt-mirrors.txt Mirrorlist [144 B]
test	UNKNOWN STEP	2025-12-23T16:58:27.9313867Z Get:2 http://azure.archive.ubuntu.com/ubuntu noble/main amd64 poppler-data all 0.4.12-1 [2060 kB]
test	UNKNOWN STEP	2025-12-23T16:58:28.4289513Z Get:3 http://azure.archive.ubuntu.com/ubuntu noble/main amd64 libcapture-tiny-perl all 0.48-2 [20.2 kB]
test	UNKNOWN STEP	2025-12-23T16:58:28.5164809Z Get:4 http://azure.archive.ubuntu.com/ubuntu noble/main amd64 libclass-inspector-perl all 1.36-3 [15.4 kB]
test	UNKNOWN STEP	2025-12-23T16:58:28.5954090Z Get:5 http://azure.archive.ubuntu.com/ubuntu noble/main amd64 libfile-sharedir-perl all 1.118-3 [14.0 kB]
test	UNKNOWN STEP	2025-12-23T16:58:28.6755687Z Get:6 http://azure.archive.ubuntu.com/ubuntu noble/main amd64 libb-hooks-op-check-perl amd64 0.22-3build1 [9518 B]
test	UNKNOWN STEP	2025-12-23T16:58:28.7454734Z Get:7 http://azure.archive.ubuntu.com/ubuntu noble/main amd64 libdynaloader-functions-perl all 0.003-3 [12.1 kB]
test	UNKNOWN STEP	2025-12-23T16:58:28.8207827Z Get:8 http://azure.archive.ubuntu.com/ubuntu noble/main amd64 libdevel-callchecker-perl amd64 0.008-2build3 [13.2 kB]
test	UNKNOWN STEP	2025-12-23T16:58:28.8953274Z Get:9 http://azure.archive.ubuntu.com/ubuntu noble/main amd64 libparams-classify-perl amd64 0.015-2build5 [20.1 kB]
test	UNKNOWN STEP	2025-12-23T16:58:28.9830547Z Get:10 http://azure.archive.ubuntu.com/ubuntu noble/main amd64 libmodule-runtime-perl all 0.016-2 [16.4 kB]
test	UNKNOWN STEP	2025-12-23T16:58:29.0601305Z Get:11 http://azure.archive.ubuntu.com/ubuntu noble/main amd64 libtry-tiny-perl all 0.31-2 [20.8 kB]
test	UNKNOWN STEP	2025-12-23T16:58:29.1497215Z Get:12 http://azure.archive.ubuntu.com/ubuntu noble/main amd64 libmodule-implementation-perl all 0.09-2 [12.0 kB]
test	UNKNOWN STEP	2025-12-23T16:58:29.2243287Z Get:13 http://azure.archive.ubuntu.com/ubuntu noble/main amd64 libsub-exporter-progressive-perl all 0.001013-3 [6718 B]
test	UNKNOWN STEP	2025-12-23T16:58:29.2908981Z Get:14 http://azure.archive.ubuntu.com/ubuntu noble/main amd64 libvariable-magic-perl amd64 0.63-1build3 [35.1 kB]
test	UNKNOWN STEP	2025-12-23T16:58:29.3981671Z Get:15 http://azure.archive.ubuntu.com/ubuntu noble/main amd64 libb-hooks-endofscope-perl all 0.28-1 [15.8 kB]
test	UNKNOWN STEP	2025-12-23T16:58:29.4724699Z Get:16 http://azure.archive.ubuntu.com/ubuntu noble/main amd64 libpackage-stash-perl all 0.40-1 [19.5 kB]
test	UNKNOWN STEP	2025-12-23T16:58:29.5496242Z Get:17 http://azure.archive.ubuntu.com/ubuntu noble/main amd64 libsub-identify-perl amd64 0.14-3build3 [9786 B]
test	UNKNOWN STEP	2025-12-23T16:58:29.6171867Z Get:18 http://azure.archive.ubuntu.com/ubuntu noble/main amd64 libsub-name-perl amd64 0.27-1build3 [10.8 kB]
test	UNKNOWN STEP	2025-12-23T16:58:29.6870562Z Get:19 http://azure.archive.ubuntu.com/ubuntu noble/main amd64 libnamespace-clean-perl all 0.27-2 [14.0 kB]
test	UNKNOWN STEP	2025-12-23T16:58:29.7610634Z Get:20 http://azure.archive.ubuntu.com/ubuntu noble/universe amd64 libnamespace-autoclean-perl all 0.29-2 [11.7 kB]
test	UNKNOWN STEP	2025-12-23T16:58:29.8317221Z Get:21 http://azure.archive.ubuntu.com/ubuntu noble/main amd64 libparams-util-perl amd64 1.102-2build3 [21.2 kB]
test	UNKNOWN STEP	2025-12-23T16:58:29.9149996Z Get:22 http://azure.archive.ubuntu.com/ubuntu noble/main amd64 libsub-install-perl all 0.929-1 [9764 B]
test	UNKNOWN STEP	2025-12-23T16:58:29.9829354Z Get:23 http://azure.archive.ubuntu.com/ubuntu noble/main amd64 libdata-optlist-perl all 0.114-1 [9708 B]
test	UNKNOWN STEP	2025-12-23T16:58:30.0441240Z Get:24 http://azure.archive.ubuntu.com/ubuntu noble/main amd64 libsub-exporter-perl all 0.990-1 [49.0 kB]
test	UNKNOWN STEP	2025-12-23T16:58:30.1056253Z Get:25 http://azure.archive.ubuntu.com/ubuntu noble/universe amd64 libeval-closure-perl all 0.14-3 [10.1 kB]
test	UNKNOWN STEP	2025-12-23T16:58:30.1666081Z Get:26 http://azure.archive.ubuntu.com/ubuntu noble/main amd64 libclass-data-inheritable-perl all 0.08-3 [8084 B]
test	UNKNOWN STEP	2025-12-23T16:58:30.2280387Z Get:27 http://azure.archive.ubuntu.com/ubuntu noble/main amd64 libdevel-stacktrace-perl all 2.0500-1 [22.1 kB]
test	UNKNOWN STEP	2025-12-23T16:58:30.2896421Z Get:28 http://azure.archive.ubuntu.com/ubuntu noble/main amd64 libexception-class-perl all 1.45-1 [28.6 kB]
test	UNKNOWN STEP	2025-12-23T16:58:30.3527416Z Get:29 http://azure.archive.ubuntu.com/ubuntu noble/universe amd64 libparams-validationcompiler-perl all 0.31-1 [28.3 kB]
test	UNKNOWN STEP	2025-12-23T16:58:30.4695774Z Get:30 http://azure.archive.ubuntu.com/ubuntu noble/universe amd64 libalgorithm-c3-perl all 0.11-2 [10.2 kB]
test	UNKNOWN STEP	2025-12-23T16:58:30.5388222Z Get:31 http://azure.archive.ubuntu.com/ubuntu noble/universe amd64 libclass-c3-perl all 0.35-2 [18.4 kB]
test	UNKNOWN STEP	2025-12-23T16:58:30.6084229Z Get:32 http://azure.archive.ubuntu.com/ubuntu noble/universe amd64 libmro-compat-perl all 0.15-2 [10.1 kB]
test	UNKNOWN STEP	2025-12-23T16:58:30.6698225Z Get:33 http://azure.archive.ubuntu.com/ubuntu noble/main amd64 libclass-method-modifiers-perl all 2.15-1 [16.1 kB]
test	UNKNOWN STEP	2025-12-23T16:58:30.7321370Z Get:34 http://azure.archive.ubuntu.com/ubuntu noble/main amd64 librole-tiny-perl all 2.002004-1 [16.3 kB]
test	UNKNOWN STEP	2025-12-23T16:58:30.7936310Z Get:35 http://azure.archive.ubuntu.com/ubuntu noble/main amd64 libsub-quote-perl all 2.006008-1ubuntu1 [20.7 kB]
test	UNKNOWN STEP	2025-12-23T16:58:30.8553336Z Get:36 http://azure.archive.ubuntu.com/ubuntu noble/universe amd64 libxstring-perl amd64 0.005-2build3 [7852 B]
test	UNKNOWN STEP	2025-12-23T16:58:30.9179216Z Get:37 http://azure.archive.ubuntu.com/ubuntu noble/universe amd64 libspecio-perl all 0.48-1 [137 kB]
test	UNKNOWN STEP	2025-12-23T16:58:30.9844777Z Get:38 http://azure.archive.ubuntu.com/ubuntu noble/universe amd64 libdatetime-locale-perl all 1:1.37-1 [2833 kB]
test	UNKNOWN STEP	2025-12-23T16:58:31.1470356Z Get:39 http://azure.archive.ubuntu.com/ubuntu noble/universe amd64 libclass-singleton-perl all 1.6-2 [11.5 kB]
test	UNKNOWN STEP	2025-12-23T16:58:31.2082421Z Get:40 http://azure.archive.ubuntu.com/ubuntu noble/universe amd64 libdatetime-timezone-perl all 1:2.62-1+2024a [262 kB]
test	UNKNOWN STEP	2025-12-23T16:58:31.2747461Z Get:41 http://azure.archive.ubuntu.com/ubuntu noble/universe amd64 libdatetime-perl amd64 2:1.65-1build2 [95.8 kB]
test	UNKNOWN STEP	2025-12-23T16:58:31.3378255Z Get:42 http://azure.archive.ubuntu.com/ubuntu noble/main amd64 libperlio-gzip-perl amd64 0.20-1build4 [14.6 kB]
test	UNKNOWN STEP	2025-12-23T16:58:31.3994569Z Get:43 http://azure.archive.ubuntu.com/ubuntu noble/universe amd64 lcov all 2.0-4ubuntu2 [223 kB]
test	UNKNOWN STEP	2025-12-23T16:58:31.4661770Z Get:44 http://azure.archive.ubuntu.com/ubuntu noble/universe amd64 libclass-c3-xs-perl amd64 0.15-1build6 [16.3 kB]
test	UNKNOWN STEP	2025-12-23T16:58:31.5282279Z Get:45 http://azure.archive.ubuntu.com/ubuntu noble/main amd64 libclass-xsaccessor-perl amd64 1.19-4build4 [33.1 kB]
test	UNKNOWN STEP	2025-12-23T16:58:31.5909963Z Get:46 http://azure.archive.ubuntu.com/ubuntu noble/universe amd64 libpadwalker-perl amd64 2.5-1build6 [15.5 kB]
test	UNKNOWN STEP	2025-12-23T16:58:31.6589315Z Get:47 http://azure.archive.ubuntu.com/ubuntu noble/universe amd64 libdevel-caller-perl amd64 2.07-1build3 [9766 B]
test	UNKNOWN STEP	2025-12-23T16:58:31.7247333Z Get:48 http://azure.archive.ubuntu.com/ubuntu noble/universe amd64 libdevel-lexalias-perl amd64 0.05-3build4 [8014 B]
test	UNKNOWN STEP	2025-12-23T16:58:31.7899673Z Get:49 http://azure.archive.ubuntu.com/ubuntu noble/main amd64 libpackage-stash-xs-perl amd64 0.30-1build4 [18.7 kB]
test	UNKNOWN STEP	2025-12-23T16:58:31.8572015Z Get:50 http://azure.archive.ubuntu.com/ubuntu noble-updates/main amd64 libpoppler134 amd64 24.02.0-1ubuntu9.8 [1118 kB]
test	UNKNOWN STEP	2025-12-23T16:58:32.0619778Z Get:51 http://azure.archive.ubuntu.com/ubuntu noble/universe amd64 libreadonly-perl all 2.050-3 [19.9 kB]
test	UNKNOWN STEP	2025-12-23T16:58:32.1301171Z Get:52 http://azure.archive.ubuntu.com/ubuntu noble/universe amd64 libref-util-perl all 0.204-2 [15.1 kB]
test	UNKNOWN STEP	2025-12-23T16:58:32.1999393Z Get:53 http://azure.archive.ubuntu.com/ubuntu noble/universe amd64 libref-util-xs-perl amd64 0.117-2build4 [12.6 kB]
test	UNKNOWN STEP	2025-12-23T16:58:32.2663322Z Get:54 http://azure.archive.ubuntu.com/ubuntu noble-updates/main amd64 poppler-utils amd64 24.02.0-1ubuntu9.8 [212 kB]
test	UNKNOWN STEP	2025-12-23T16:58:32.3339723Z Get:55 http://azure.archive.ubuntu.com/ubuntu noble/main amd64 libgd-perl amd64 2.78-1build3 [129 kB]
test	UNKNOWN STEP	2025-12-23T16:58:32.6538411Z Fetched 7808 kB in 4s (1738 kB/s)
test	UNKNOWN STEP	2025-12-23T16:58:32.6774413Z Selecting previously unselected package poppler-data.
test	UNKNOWN STEP	2025-12-23T16:58:32.7074524Z (Reading database ... 
test	UNKNOWN STEP	2025-12-23T16:58:32.7074944Z (Reading database ... 5%
test	UNKNOWN STEP	2025-12-23T16:58:32.7075326Z (Reading database ... 10%
test	UNKNOWN STEP	2025-12-23T16:58:32.7075878Z (Reading database ... 15%
test	UNKNOWN STEP	2025-12-23T16:58:32.7076258Z (Reading database ... 20%
test	UNKNOWN STEP	2025-12-23T16:58:32.7076604Z (Reading database ... 25%
test	UNKNOWN STEP	2025-12-23T16:58:32.7076957Z (Reading database ... 30%
test	UNKNOWN STEP	2025-12-23T16:58:32.7077296Z (Reading database ... 35%
test	UNKNOWN STEP	2025-12-23T16:58:32.7077630Z (Reading database ... 40%
test	UNKNOWN STEP	2025-12-23T16:58:32.7077958Z (Reading database ... 45%
test	UNKNOWN STEP	2025-12-23T16:58:32.7078157Z (Reading database ... 50%
test	UNKNOWN STEP	2025-12-23T16:58:32.7170560Z (Reading database ... 55%
test	UNKNOWN STEP	2025-12-23T16:58:32.8686258Z (Reading database ... 60%
test	UNKNOWN STEP	2025-12-23T16:58:32.9564381Z (Reading database ... 65%
test	UNKNOWN STEP	2025-12-23T16:58:33.0261759Z (Reading database ... 70%
test	UNKNOWN STEP	2025-12-23T16:58:33.1118178Z (Reading database ... 75%
test	UNKNOWN STEP	2025-12-23T16:58:33.3206178Z (Reading database ... 80%
test	UNKNOWN STEP	2025-12-23T16:58:33.5163891Z (Reading database ... 85%
test	UNKNOWN STEP	2025-12-23T16:58:33.7444328Z (Reading database ... 90%
test	UNKNOWN STEP	2025-12-23T16:58:33.9076804Z (Reading database ... 95%
test	UNKNOWN STEP	2025-12-23T16:58:33.9077159Z (Reading database ... 100%
test	UNKNOWN STEP	2025-12-23T16:58:33.9077552Z (Reading database ... 217374 files and directories currently installed.)
test	UNKNOWN STEP	2025-12-23T16:58:33.9122964Z Preparing to unpack .../00-poppler-data_0.4.12-1_all.deb ...
test	UNKNOWN STEP	2025-12-23T16:58:33.9146160Z Unpacking poppler-data (0.4.12-1) ...
test	UNKNOWN STEP	2025-12-23T16:58:34.0445940Z Selecting previously unselected package libcapture-tiny-perl.
test	UNKNOWN STEP	2025-12-23T16:58:34.0581825Z Preparing to unpack .../01-libcapture-tiny-perl_0.48-2_all.deb ...
test	UNKNOWN STEP	2025-12-23T16:58:34.0592130Z Unpacking libcapture-tiny-perl (0.48-2) ...
test	UNKNOWN STEP	2025-12-23T16:58:34.0870507Z Selecting previously unselected package libclass-inspector-perl.
test	UNKNOWN STEP	2025-12-23T16:58:34.1006286Z Preparing to unpack .../02-libclass-inspector-perl_1.36-3_all.deb ...
test	UNKNOWN STEP	2025-12-23T16:58:34.1015671Z Unpacking libclass-inspector-perl (1.36-3) ...
test	UNKNOWN STEP	2025-12-23T16:58:34.1242202Z Selecting previously unselected package libfile-sharedir-perl.
test	UNKNOWN STEP	2025-12-23T16:58:34.1375589Z Preparing to unpack .../03-libfile-sharedir-perl_1.118-3_all.deb ...
test	UNKNOWN STEP	2025-12-23T16:58:34.1384700Z Unpacking libfile-sharedir-perl (1.118-3) ...
test	UNKNOWN STEP	2025-12-23T16:58:34.1611643Z Selecting previously unselected package libb-hooks-op-check-perl:amd64.
test	UNKNOWN STEP	2025-12-23T16:58:34.1743797Z Preparing to unpack .../04-libb-hooks-op-check-perl_0.22-3build1_amd64.deb ...
test	UNKNOWN STEP	2025-12-23T16:58:34.1754715Z Unpacking libb-hooks-op-check-perl:amd64 (0.22-3build1) ...
test	UNKNOWN STEP	2025-12-23T16:58:34.2014218Z Selecting previously unselected package libdynaloader-functions-perl.
test	UNKNOWN STEP	2025-12-23T16:58:34.2157663Z Preparing to unpack .../05-libdynaloader-functions-perl_0.003-3_all.deb ...
test	UNKNOWN STEP	2025-12-23T16:58:34.2169065Z Unpacking libdynaloader-functions-perl (0.003-3) ...
test	UNKNOWN STEP	2025-12-23T16:58:34.2402200Z Selecting previously unselected package libdevel-callchecker-perl:amd64.
test	UNKNOWN STEP	2025-12-23T16:58:34.2548945Z Preparing to unpack .../06-libdevel-callchecker-perl_0.008-2build3_amd64.deb ...
test	UNKNOWN STEP	2025-12-23T16:58:34.2557906Z Unpacking libdevel-callchecker-perl:amd64 (0.008-2build3) ...
test	UNKNOWN STEP	2025-12-23T16:58:34.2831462Z Selecting previously unselected package libparams-classify-perl:amd64.
test	UNKNOWN STEP	2025-12-23T16:58:34.2984347Z Preparing to unpack .../07-libparams-classify-perl_0.015-2build5_amd64.deb ...
test	UNKNOWN STEP	2025-12-23T16:58:34.2994844Z Unpacking libparams-classify-perl:amd64 (0.015-2build5) ...
test	UNKNOWN STEP	2025-12-23T16:58:34.3239741Z Selecting previously unselected package libmodule-runtime-perl.
test	UNKNOWN STEP	2025-12-23T16:58:34.3388998Z Preparing to unpack .../08-libmodule-runtime-perl_0.016-2_all.deb ...
test	UNKNOWN STEP	2025-12-23T16:58:34.3400579Z Unpacking libmodule-runtime-perl (0.016-2) ...
test	UNKNOWN STEP	2025-12-23T16:58:34.3640913Z Selecting previously unselected package libtry-tiny-perl.
test	UNKNOWN STEP	2025-12-23T16:58:34.3784190Z Preparing to unpack .../09-libtry-tiny-perl_0.31-2_all.deb ...
test	UNKNOWN STEP	2025-12-23T16:58:34.3793651Z Unpacking libtry-tiny-perl (0.31-2) ...
test	UNKNOWN STEP	2025-12-23T16:58:34.4021175Z Selecting previously unselected package libmodule-implementation-perl.
test	UNKNOWN STEP	2025-12-23T16:58:34.4162202Z Preparing to unpack .../10-libmodule-implementation-perl_0.09-2_all.deb ...
test	UNKNOWN STEP	2025-12-23T16:58:34.4170766Z Unpacking libmodule-implementation-perl (0.09-2) ...
test	UNKNOWN STEP	2025-12-23T16:58:34.4392683Z Selecting previously unselected package libsub-exporter-progressive-perl.
test	UNKNOWN STEP	2025-12-23T16:58:34.4533347Z Preparing to unpack .../11-libsub-exporter-progressive-perl_0.001013-3_all.deb ...
test	UNKNOWN STEP	2025-12-23T16:58:34.4542195Z Unpacking libsub-exporter-progressive-perl (0.001013-3) ...
test	UNKNOWN STEP	2025-12-23T16:58:34.4761213Z Selecting previously unselected package libvariable-magic-perl.
test	UNKNOWN STEP	2025-12-23T16:58:34.4904214Z Preparing to unpack .../12-libvariable-magic-perl_0.63-1build3_amd64.deb ...
test	UNKNOWN STEP	2025-12-23T16:58:34.4912949Z Unpacking libvariable-magic-perl (0.63-1build3) ...
test	UNKNOWN STEP	2025-12-23T16:58:34.5154117Z Selecting previously unselected package libb-hooks-endofscope-perl.
test	UNKNOWN STEP	2025-12-23T16:58:34.5289753Z Preparing to unpack .../13-libb-hooks-endofscope-perl_0.28-1_all.deb ...
test	UNKNOWN STEP	2025-12-23T16:58:34.5298324Z Unpacking libb-hooks-endofscope-perl (0.28-1) ...
test	UNKNOWN STEP	2025-12-23T16:58:34.5509334Z Selecting previously unselected package libpackage-stash-perl.
test	UNKNOWN STEP	2025-12-23T16:58:34.5642166Z Preparing to unpack .../14-libpackage-stash-perl_0.40-1_all.deb ...
test	UNKNOWN STEP	2025-12-23T16:58:34.5660038Z Unpacking libpackage-stash-perl (0.40-1) ...
test	UNKNOWN STEP	2025-12-23T16:58:34.5878380Z Selecting previously unselected package libsub-identify-perl.
test	UNKNOWN STEP	2025-12-23T16:58:34.6012303Z Preparing to unpack .../15-libsub-identify-perl_0.14-3build3_amd64.deb ...
test	UNKNOWN STEP	2025-12-23T16:58:34.6022223Z Unpacking libsub-identify-perl (0.14-3build3) ...
test	UNKNOWN STEP	2025-12-23T16:58:34.6246952Z Selecting previously unselected package libsub-name-perl:amd64.
test	UNKNOWN STEP	2025-12-23T16:58:34.6381860Z Preparing to unpack .../16-libsub-name-perl_0.27-1build3_amd64.deb ...
test	UNKNOWN STEP	2025-12-23T16:58:34.6390908Z Unpacking libsub-name-perl:amd64 (0.27-1build3) ...
test	UNKNOWN STEP	2025-12-23T16:58:34.6617786Z Selecting previously unselected package libnamespace-clean-perl.
test	UNKNOWN STEP	2025-12-23T16:58:34.6750693Z Preparing to unpack .../17-libnamespace-clean-perl_0.27-2_all.deb ...
test	UNKNOWN STEP	2025-12-23T16:58:34.6769919Z Unpacking libnamespace-clean-perl (0.27-2) ...
test	UNKNOWN STEP	2025-12-23T16:58:34.6977101Z Selecting previously unselected package libnamespace-autoclean-perl.
test	UNKNOWN STEP	2025-12-23T16:58:34.7111239Z Preparing to unpack .../18-libnamespace-autoclean-perl_0.29-2_all.deb ...
test	UNKNOWN STEP	2025-12-23T16:58:34.7124936Z Unpacking libnamespace-autoclean-perl (0.29-2) ...
test	UNKNOWN STEP	2025-12-23T16:58:34.7334523Z Selecting previously unselected package libparams-util-perl.
test	UNKNOWN STEP	2025-12-23T16:58:34.7468443Z Preparing to unpack .../19-libparams-util-perl_1.102-2build3_amd64.deb ...
test	UNKNOWN STEP	2025-12-23T16:58:34.7481587Z Unpacking libparams-util-perl (1.102-2build3) ...
test	UNKNOWN STEP	2025-12-23T16:58:34.7702417Z Selecting previously unselected package libsub-install-perl.
test	UNKNOWN STEP	2025-12-23T16:58:34.7834760Z Preparing to unpack .../20-libsub-install-perl_0.929-1_all.deb ...
test	UNKNOWN STEP	2025-12-23T16:58:34.7845897Z Unpacking libsub-install-perl (0.929-1) ...
test	UNKNOWN STEP	2025-12-23T16:58:34.8058785Z Selecting previously unselected package libdata-optlist-perl.
test	UNKNOWN STEP	2025-12-23T16:58:34.8191323Z Preparing to unpack .../21-libdata-optlist-perl_0.114-1_all.deb ...
test	UNKNOWN STEP	2025-12-23T16:58:34.8202537Z Unpacking libdata-optlist-perl (0.114-1) ...
test	UNKNOWN STEP	2025-12-23T16:58:34.8411586Z Selecting previously unselected package libsub-exporter-perl.
test	UNKNOWN STEP	2025-12-23T16:58:34.8547675Z Preparing to unpack .../22-libsub-exporter-perl_0.990-1_all.deb ...
test	UNKNOWN STEP	2025-12-23T16:58:34.8558466Z Unpacking libsub-exporter-perl (0.990-1) ...
test	UNKNOWN STEP	2025-12-23T16:58:34.8790314Z Selecting previously unselected package libeval-closure-perl.
test	UNKNOWN STEP	2025-12-23T16:58:34.8923413Z Preparing to unpack .../23-libeval-closure-perl_0.14-3_all.deb ...
test	UNKNOWN STEP	2025-12-23T16:58:34.8935698Z Unpacking libeval-closure-perl (0.14-3) ...
test	UNKNOWN STEP	2025-12-23T16:58:34.9140451Z Selecting previously unselected package libclass-data-inheritable-perl.
test	UNKNOWN STEP	2025-12-23T16:58:34.9273788Z Preparing to unpack .../24-libclass-data-inheritable-perl_0.08-3_all.deb ...
test	UNKNOWN STEP	2025-12-23T16:58:34.9284929Z Unpacking libclass-data-inheritable-perl (0.08-3) ...
test	UNKNOWN STEP	2025-12-23T16:58:34.9492326Z Selecting previously unselected package libdevel-stacktrace-perl.
test	UNKNOWN STEP	2025-12-23T16:58:34.9625081Z Preparing to unpack .../25-libdevel-stacktrace-perl_2.0500-1_all.deb ...
test	UNKNOWN STEP	2025-12-23T16:58:34.9635333Z Unpacking libdevel-stacktrace-perl (2.0500-1) ...
test	UNKNOWN STEP	2025-12-23T16:58:34.9848971Z Selecting previously unselected package libexception-class-perl.
test	UNKNOWN STEP	2025-12-23T16:58:34.9982083Z Preparing to unpack .../26-libexception-class-perl_1.45-1_all.deb ...
test	UNKNOWN STEP	2025-12-23T16:58:34.9992692Z Unpacking libexception-class-perl (1.45-1) ...
test	UNKNOWN STEP	2025-12-23T16:58:35.0210548Z Selecting previously unselected package libparams-validationcompiler-perl.
test	UNKNOWN STEP	2025-12-23T16:58:35.0344140Z Preparing to unpack .../27-libparams-validationcompiler-perl_0.31-1_all.deb ...
test	UNKNOWN STEP	2025-12-23T16:58:35.0352445Z Unpacking libparams-validationcompiler-perl (0.31-1) ...
test	UNKNOWN STEP	2025-12-23T16:58:35.0581955Z Selecting previously unselected package libalgorithm-c3-perl.
test	UNKNOWN STEP	2025-12-23T16:58:35.0716105Z Preparing to unpack .../28-libalgorithm-c3-perl_0.11-2_all.deb ...
test	UNKNOWN STEP	2025-12-23T16:58:35.0725779Z Unpacking libalgorithm-c3-perl (0.11-2) ...
test	UNKNOWN STEP	2025-12-23T16:58:35.1000826Z Selecting previously unselected package libclass-c3-perl.
test	UNKNOWN STEP	2025-12-23T16:58:35.1136375Z Preparing to unpack .../29-libclass-c3-perl_0.35-2_all.deb ...
test	UNKNOWN STEP	2025-12-23T16:58:35.1147038Z Unpacking libclass-c3-perl (0.35-2) ...
test	UNKNOWN STEP	2025-12-23T16:58:35.1355794Z Selecting previously unselected package libmro-compat-perl.
test	UNKNOWN STEP	2025-12-23T16:58:35.1490314Z Preparing to unpack .../30-libmro-compat-perl_0.15-2_all.deb ...
test	UNKNOWN STEP	2025-12-23T16:58:35.1499909Z Unpacking libmro-compat-perl (0.15-2) ...
test	UNKNOWN STEP	2025-12-23T16:58:35.1710294Z Selecting previously unselected package libclass-method-modifiers-perl.
test	UNKNOWN STEP	2025-12-23T16:58:35.1842908Z Preparing to unpack .../31-libclass-method-modifiers-perl_2.15-1_all.deb ...
test	UNKNOWN STEP	2025-12-23T16:58:35.1852991Z Unpacking libclass-method-modifiers-perl (2.15-1) ...
test	UNKNOWN STEP	2025-12-23T16:58:35.2089164Z Selecting previously unselected package librole-tiny-perl.
test	UNKNOWN STEP	2025-12-23T16:58:35.2236731Z Preparing to unpack .../32-librole-tiny-perl_2.002004-1_all.deb ...
test	UNKNOWN STEP	2025-12-23T16:58:35.2250385Z Unpacking librole-tiny-perl (2.002004-1) ...
test	UNKNOWN STEP	2025-12-23T16:58:35.2512305Z Selecting previously unselected package libsub-quote-perl.
test	UNKNOWN STEP	2025-12-23T16:58:35.2664631Z Preparing to unpack .../33-libsub-quote-perl_2.006008-1ubuntu1_all.deb ...
test	UNKNOWN STEP	2025-12-23T16:58:35.2678754Z Unpacking libsub-quote-perl (2.006008-1ubuntu1) ...
test	UNKNOWN STEP	2025-12-23T16:58:35.2935668Z Selecting previously unselected package libxstring-perl:amd64.
test	UNKNOWN STEP	2025-12-23T16:58:35.3092373Z Preparing to unpack .../34-libxstring-perl_0.005-2build3_amd64.deb ...
test	UNKNOWN STEP	2025-12-23T16:58:35.3103384Z Unpacking libxstring-perl:amd64 (0.005-2build3) ...
test	UNKNOWN STEP	2025-12-23T16:58:35.3345771Z Selecting previously unselected package libspecio-perl.
test	UNKNOWN STEP	2025-12-23T16:58:35.3490020Z Preparing to unpack .../35-libspecio-perl_0.48-1_all.deb ...
test	UNKNOWN STEP	2025-12-23T16:58:35.3500406Z Unpacking libspecio-perl (0.48-1) ...
test	UNKNOWN STEP	2025-12-23T16:58:35.3882458Z Selecting previously unselected package libdatetime-locale-perl.
test	UNKNOWN STEP	2025-12-23T16:58:35.4024058Z Preparing to unpack .../36-libdatetime-locale-perl_1%3a1.37-1_all.deb ...
test	UNKNOWN STEP	2025-12-23T16:58:35.4034459Z Unpacking libdatetime-locale-perl (1:1.37-1) ...
test	UNKNOWN STEP	2025-12-23T16:58:35.8764106Z Selecting previously unselected package libclass-singleton-perl.
test	UNKNOWN STEP	2025-12-23T16:58:35.8907469Z Preparing to unpack .../37-libclass-singleton-perl_1.6-2_all.deb ...
test	UNKNOWN STEP	2025-12-23T16:58:35.8917379Z Unpacking libclass-singleton-perl (1.6-2) ...
test	UNKNOWN STEP	2025-12-23T16:58:35.9141133Z Selecting previously unselected package libdatetime-timezone-perl.
test	UNKNOWN STEP	2025-12-23T16:58:35.9277480Z Preparing to unpack .../38-libdatetime-timezone-perl_1%3a2.62-1+2024a_all.deb ...
test	UNKNOWN STEP	2025-12-23T16:58:35.9288402Z Unpacking libdatetime-timezone-perl (1:2.62-1+2024a) ...
test	UNKNOWN STEP	2025-12-23T16:58:36.0184018Z Selecting previously unselected package libdatetime-perl.
test	UNKNOWN STEP	2025-12-23T16:58:36.0320349Z Preparing to unpack .../39-libdatetime-perl_2%3a1.65-1build2_amd64.deb ...
test	UNKNOWN STEP	2025-12-23T16:58:36.0330664Z Unpacking libdatetime-perl (2:1.65-1build2) ...
test	UNKNOWN STEP	2025-12-23T16:58:36.0574891Z Selecting previously unselected package libperlio-gzip-perl.
test	UNKNOWN STEP	2025-12-23T16:58:36.0713239Z Preparing to unpack .../40-libperlio-gzip-perl_0.20-1build4_amd64.deb ...
test	UNKNOWN STEP	2025-12-23T16:58:36.0724159Z Unpacking libperlio-gzip-perl (0.20-1build4) ...
test	UNKNOWN STEP	2025-12-23T16:58:36.0947842Z Selecting previously unselected package lcov.
test	UNKNOWN STEP	2025-12-23T16:58:36.1083215Z Preparing to unpack .../41-lcov_2.0-4ubuntu2_all.deb ...
test	UNKNOWN STEP	2025-12-23T16:58:36.1093340Z Unpacking lcov (2.0-4ubuntu2) ...
test	UNKNOWN STEP	2025-12-23T16:58:36.1655591Z Selecting previously unselected package libclass-c3-xs-perl.
test	UNKNOWN STEP	2025-12-23T16:58:36.1790570Z Preparing to unpack .../42-libclass-c3-xs-perl_0.15-1build6_amd64.deb ...
test	UNKNOWN STEP	2025-12-23T16:58:36.1799867Z Unpacking libclass-c3-xs-perl (0.15-1build6) ...
test	UNKNOWN STEP	2025-12-23T16:58:36.2021706Z Selecting previously unselected package libclass-xsaccessor-perl.
test	UNKNOWN STEP	2025-12-23T16:58:36.2173202Z Preparing to unpack .../43-libclass-xsaccessor-perl_1.19-4build4_amd64.deb ...
test	UNKNOWN STEP	2025-12-23T16:58:36.2185606Z Unpacking libclass-xsaccessor-perl (1.19-4build4) ...
test	UNKNOWN STEP	2025-12-23T16:58:36.2431596Z Selecting previously unselected package libpadwalker-perl.
test	UNKNOWN STEP	2025-12-23T16:58:36.2586169Z Preparing to unpack .../44-libpadwalker-perl_2.5-1build6_amd64.deb ...
test	UNKNOWN STEP	2025-12-23T16:58:36.2596542Z Unpacking libpadwalker-perl (2.5-1build6) ...
test	UNKNOWN STEP	2025-12-23T16:58:36.2877088Z Selecting previously unselected package libdevel-caller-perl:amd64.
test	UNKNOWN STEP	2025-12-23T16:58:36.3031654Z Preparing to unpack .../45-libdevel-caller-perl_2.07-1build3_amd64.deb ...
test	UNKNOWN STEP	2025-12-23T16:58:36.3042339Z Unpacking libdevel-caller-perl:amd64 (2.07-1build3) ...
test	UNKNOWN STEP	2025-12-23T16:58:36.3283869Z Selecting previously unselected package libdevel-lexalias-perl.
test	UNKNOWN STEP	2025-12-23T16:58:36.3433038Z Preparing to unpack .../46-libdevel-lexalias-perl_0.05-3build4_amd64.deb ...
test	UNKNOWN STEP	2025-12-23T16:58:36.3444377Z Unpacking libdevel-lexalias-perl (0.05-3build4) ...
test	UNKNOWN STEP	2025-12-23T16:58:36.3684697Z Selecting previously unselected package libpackage-stash-xs-perl:amd64.
test	UNKNOWN STEP	2025-12-23T16:58:36.3826511Z Preparing to unpack .../47-libpackage-stash-xs-perl_0.30-1build4_amd64.deb ...
test	UNKNOWN STEP	2025-12-23T16:58:36.3839143Z Unpacking libpackage-stash-xs-perl:amd64 (0.30-1build4) ...
test	UNKNOWN STEP	2025-12-23T16:58:36.4082715Z Selecting previously unselected package libpoppler134:amd64.
test	UNKNOWN STEP	2025-12-23T16:58:36.4227352Z Preparing to unpack .../48-libpoppler134_24.02.0-1ubuntu9.8_amd64.deb ...
test	UNKNOWN STEP	2025-12-23T16:58:36.4251292Z Unpacking libpoppler134:amd64 (24.02.0-1ubuntu9.8) ...
test	UNKNOWN STEP	2025-12-23T16:58:36.4629425Z Selecting previously unselected package libreadonly-perl.
test	UNKNOWN STEP	2025-12-23T16:58:36.4769354Z Preparing to unpack .../49-libreadonly-perl_2.050-3_all.deb ...
test	UNKNOWN STEP	2025-12-23T16:58:36.4778148Z Unpacking libreadonly-perl (2.050-3) ...
test	UNKNOWN STEP	2025-12-23T16:58:36.5005961Z Selecting previously unselected package libref-util-perl.
test	UNKNOWN STEP	2025-12-23T16:58:36.5141264Z Preparing to unpack .../50-libref-util-perl_0.204-2_all.deb ...
test	UNKNOWN STEP	2025-12-23T16:58:36.5150079Z Unpacking libref-util-perl (0.204-2) ...
test	UNKNOWN STEP	2025-12-23T16:58:36.5358818Z Selecting previously unselected package libref-util-xs-perl.
test	UNKNOWN STEP	2025-12-23T16:58:36.5494139Z Preparing to unpack .../51-libref-util-xs-perl_0.117-2build4_amd64.deb ...
test	UNKNOWN STEP	2025-12-23T16:58:36.5506020Z Unpacking libref-util-xs-perl (0.117-2build4) ...
test	UNKNOWN STEP	2025-12-23T16:58:36.5728824Z Selecting previously unselected package poppler-utils.
test	UNKNOWN STEP	2025-12-23T16:58:36.5863704Z Preparing to unpack .../52-poppler-utils_24.02.0-1ubuntu9.8_amd64.deb ...
test	UNKNOWN STEP	2025-12-23T16:58:36.5873019Z Unpacking poppler-utils (24.02.0-1ubuntu9.8) ...
test	UNKNOWN STEP	2025-12-23T16:58:36.6562213Z Selecting previously unselected package libgd-perl.
test	UNKNOWN STEP	2025-12-23T16:58:36.6699179Z Preparing to unpack .../53-libgd-perl_2.78-1build3_amd64.deb ...
test	UNKNOWN STEP	2025-12-23T16:58:36.6710697Z Unpacking libgd-perl (2.78-1build3) ...
test	UNKNOWN STEP	2025-12-23T16:58:36.7212906Z Setting up libclass-inspector-perl (1.36-3) ...
test	UNKNOWN STEP	2025-12-23T16:58:36.7246722Z Setting up libdynaloader-functions-perl (0.003-3) ...
test	UNKNOWN STEP	2025-12-23T16:58:36.7278639Z Setting up libclass-method-modifiers-perl (2.15-1) ...
test	UNKNOWN STEP	2025-12-23T16:58:36.7302095Z Setting up libref-util-xs-perl (0.117-2build4) ...
test	UNKNOWN STEP	2025-12-23T16:58:36.7322144Z Setting up libpoppler134:amd64 (24.02.0-1ubuntu9.8) ...
test	UNKNOWN STEP	2025-12-23T16:58:36.7349327Z Setting up libsub-identify-perl (0.14-3build3) ...
test	UNKNOWN STEP	2025-12-23T16:58:36.7368240Z Setting up libtry-tiny-perl (0.31-2) ...
test	UNKNOWN STEP	2025-12-23T16:58:36.7389616Z Setting up libclass-singleton-perl (1.6-2) ...
test	UNKNOWN STEP	2025-12-23T16:58:36.7411050Z Setting up libpadwalker-perl (2.5-1build6) ...
test	UNKNOWN STEP	2025-12-23T16:58:36.7434083Z Setting up libxstring-perl:amd64 (0.005-2build3) ...
test	UNKNOWN STEP	2025-12-23T16:58:36.7457132Z Setting up libclass-c3-xs-perl (0.15-1build6) ...
test	UNKNOWN STEP	2025-12-23T16:58:36.7481568Z Setting up libdevel-caller-perl:amd64 (2.07-1build3) ...
test	UNKNOWN STEP	2025-12-23T16:58:36.7502390Z Setting up libsub-install-perl (0.929-1) ...
test	UNKNOWN STEP	2025-12-23T16:58:36.7523559Z Setting up poppler-data (0.4.12-1) ...
test	UNKNOWN STEP	2025-12-23T16:58:36.7592603Z Setting up libgd-perl (2.78-1build3) ...
test	UNKNOWN STEP	2025-12-23T16:58:36.7612477Z Setting up libreadonly-perl (2.050-3) ...
test	UNKNOWN STEP	2025-12-23T16:58:36.7632601Z Setting up libdevel-lexalias-perl (0.05-3build4) ...
test	UNKNOWN STEP	2025-12-23T16:58:36.7681339Z Setting up libpackage-stash-xs-perl:amd64 (0.30-1build4) ...
test	UNKNOWN STEP	2025-12-23T16:58:36.7705104Z Setting up libclass-data-inheritable-perl (0.08-3) ...
test	UNKNOWN STEP	2025-12-23T16:58:36.7724658Z Setting up libalgorithm-c3-perl (0.11-2) ...
test	UNKNOWN STEP	2025-12-23T16:58:36.7748608Z Setting up libref-util-perl (0.204-2) ...
test	UNKNOWN STEP	2025-12-23T16:58:36.7770347Z Setting up libvariable-magic-perl (0.63-1build3) ...
test	UNKNOWN STEP	2025-12-23T16:58:36.7790861Z Setting up libb-hooks-op-check-perl:amd64 (0.22-3build1) ...
test	UNKNOWN STEP	2025-12-23T16:58:36.7813979Z Setting up libparams-util-perl (1.102-2build3) ...
test	UNKNOWN STEP	2025-12-23T16:58:36.7833052Z Setting up libsub-exporter-progressive-perl (0.001013-3) ...
test	UNKNOWN STEP	2025-12-23T16:58:36.7854675Z Setting up libcapture-tiny-perl (0.48-2) ...
test	UNKNOWN STEP	2025-12-23T16:58:36.7877783Z Setting up libsub-name-perl:amd64 (0.27-1build3) ...
test	UNKNOWN STEP	2025-12-23T16:58:36.7898939Z Setting up librole-tiny-perl (2.002004-1) ...
test	UNKNOWN STEP	2025-12-23T16:58:36.7925751Z Setting up libfile-sharedir-perl (1.118-3) ...
test	UNKNOWN STEP	2025-12-23T16:58:36.7948411Z Setting up libsub-quote-perl (2.006008-1ubuntu1) ...
test	UNKNOWN STEP	2025-12-23T16:58:36.7975732Z Setting up libdevel-stacktrace-perl (2.0500-1) ...
test	UNKNOWN STEP	2025-12-23T16:58:36.8009871Z Setting up libclass-xsaccessor-perl (1.19-4build4) ...
test	UNKNOWN STEP	2025-12-23T16:58:36.8031999Z Setting up poppler-utils (24.02.0-1ubuntu9.8) ...
test	UNKNOWN STEP	2025-12-23T16:58:36.8052405Z Setting up libperlio-gzip-perl (0.20-1build4) ...
test	UNKNOWN STEP	2025-12-23T16:58:36.8079605Z Setting up libexception-class-perl (1.45-1) ...
test	UNKNOWN STEP	2025-12-23T16:58:36.8107111Z Setting up libclass-c3-perl (0.35-2) ...
test	UNKNOWN STEP	2025-12-23T16:58:36.8155700Z Setting up libdevel-callchecker-perl:amd64 (0.008-2build3) ...
test	UNKNOWN STEP	2025-12-23T16:58:36.8184483Z Setting up libdata-optlist-perl (0.114-1) ...
test	UNKNOWN STEP	2025-12-23T16:58:36.8215824Z Setting up libmro-compat-perl (0.15-2) ...
test	UNKNOWN STEP	2025-12-23T16:58:36.8247796Z Setting up libsub-exporter-perl (0.990-1) ...
test	UNKNOWN STEP	2025-12-23T16:58:36.8272554Z Setting up libeval-closure-perl (0.14-3) ...
test	UNKNOWN STEP	2025-12-23T16:58:36.8310298Z Setting up libparams-validationcompiler-perl (0.31-1) ...
test	UNKNOWN STEP	2025-12-23T16:58:36.8337352Z Setting up libparams-classify-perl:amd64 (0.015-2build5) ...
test	UNKNOWN STEP	2025-12-23T16:58:36.8364671Z Setting up libmodule-runtime-perl (0.016-2) ...
test	UNKNOWN STEP	2025-12-23T16:58:36.8395713Z Setting up libmodule-implementation-perl (0.09-2) ...
test	UNKNOWN STEP	2025-12-23T16:58:36.8423234Z Setting up libpackage-stash-perl (0.40-1) ...
test	UNKNOWN STEP	2025-12-23T16:58:36.8456304Z Setting up libspecio-perl (0.48-1) ...
test	UNKNOWN STEP	2025-12-23T16:58:36.8492446Z Setting up libb-hooks-endofscope-perl (0.28-1) ...
test	UNKNOWN STEP	2025-12-23T16:58:36.8528747Z Setting up libnamespace-clean-perl (0.27-2) ...
test	UNKNOWN STEP	2025-12-23T16:58:36.8569234Z Setting up libnamespace-autoclean-perl (0.29-2) ...
test	UNKNOWN STEP	2025-12-23T16:58:36.8603707Z Setting up libdatetime-locale-perl (1:1.37-1) ...
test	UNKNOWN STEP	2025-12-23T16:58:36.8629232Z Setting up libdatetime-timezone-perl (1:2.62-1+2024a) ...
test	UNKNOWN STEP	2025-12-23T16:58:36.8689879Z Setting up libdatetime-perl (2:1.65-1build2) ...
test	UNKNOWN STEP	2025-12-23T16:58:36.8743195Z Setting up lcov (2.0-4ubuntu2) ...
test	UNKNOWN STEP	2025-12-23T16:58:36.8790162Z Processing triggers for fontconfig (2.15.0-1.1ubuntu2) ...
test	UNKNOWN STEP	2025-12-23T16:58:36.9289499Z Processing triggers for libc-bin (2.39-0ubuntu8.6) ...
test	UNKNOWN STEP	2025-12-23T16:58:38.6631213Z Processing triggers for man-db (2.12.0-4build2) ...
test	UNKNOWN STEP	2025-12-23T16:58:38.6685122Z Not building database; man-db/auto-update is not 'true'.
test	UNKNOWN STEP	2025-12-23T16:58:39.3563305Z 
test	UNKNOWN STEP	2025-12-23T16:58:39.3564071Z Running kernel seems to be up-to-date.
test	UNKNOWN STEP	2025-12-23T16:58:39.3564452Z 
test	UNKNOWN STEP	2025-12-23T16:58:39.3564597Z No services need to be restarted.
test	UNKNOWN STEP	2025-12-23T16:58:39.3564886Z 
test	UNKNOWN STEP	2025-12-23T16:58:39.3565032Z No containers need to be restarted.
test	UNKNOWN STEP	2025-12-23T16:58:39.3565294Z 
test	UNKNOWN STEP	2025-12-23T16:58:39.3565780Z No user sessions are running outdated binaries.
test	UNKNOWN STEP	2025-12-23T16:58:39.3566136Z 
test	UNKNOWN STEP	2025-12-23T16:58:39.3566429Z No VM guests are running outdated hypervisor (qemu) binaries on this host.
test	UNKNOWN STEP	2025-12-23T16:58:40.5730041Z warning: current user is not root/admin, system install is likely to fail.
test	UNKNOWN STEP	2025-12-23T16:58:40.5874681Z Updated Git hooks.
test	UNKNOWN STEP	2025-12-23T16:58:40.5875065Z Git LFS initialized.
test	UNKNOWN STEP	2025-12-23T16:58:40.6178357Z ##[group]Run set -eux
test	UNKNOWN STEP	2025-12-23T16:58:40.6178622Z [36;1mset -eux[0m
test	UNKNOWN STEP	2025-12-23T16:58:40.6178809Z [36;1mout=ci-diagnostics.txt[0m
test	UNKNOWN STEP	2025-12-23T16:58:40.6179073Z [36;1mecho "=== CI Diagnostics: $(date -u) ===" > "$out"[0m
test	UNKNOWN STEP	2025-12-23T16:58:40.6179439Z [36;1mecho "Java:" >> "$out"; java -version 2>&1 | sed -n '1,5p' >> "$out" || true[0m
test	UNKNOWN STEP	2025-12-23T16:58:40.6179859Z [36;1mecho "Javac:" >> "$out"; javac -version 2>&1 | sed -n '1,5p' >> "$out" || true[0m
test	UNKNOWN STEP	2025-12-23T16:58:40.6180293Z [36;1mecho "Flutter:" >> "$out"; flutter --version 2>&1 | sed -n '1,5p' >> "$out" || true[0m
test	UNKNOWN STEP	2025-12-23T16:58:40.6180703Z [36;1mecho "Which flutter: $(which flutter || true)" >> "$out"[0m
test	UNKNOWN STEP	2025-12-23T16:58:40.6181174Z [36;1mecho "pdftotext:" >> "$out"; pdftotext -v 2>&1 | sed -n '1,5p' >> "$out" || echo "pdftotext not installed" >> "$out"[0m
test	UNKNOWN STEP	2025-12-23T16:58:40.6181783Z [36;1mecho "git-lfs:" >> "$out"; git lfs --version 2>&1 | sed -n '1,5p' >> "$out" || echo "git-lfs not installed" >> "$out"[0m
test	UNKNOWN STEP	2025-12-23T16:58:40.6182305Z [36;1mecho "lcov:" >> "$out"; lcov --version 2>&1 | sed -n '1,5p' >> "$out" || echo "lcov not installed" >> "$out"[0m
test	UNKNOWN STEP	2025-12-23T16:58:40.6215760Z shell: /usr/bin/bash -e {0}
test	UNKNOWN STEP	2025-12-23T16:58:40.6216123Z env:
test	UNKNOWN STEP	2025-12-23T16:58:40.6216407Z   JAVA_HOME: /opt/hostedtoolcache/Java_Temurin-Hotspot_jdk/21.0.9-10/x64
test	UNKNOWN STEP	2025-12-23T16:58:40.6216887Z   JAVA_HOME_21_X64: /opt/hostedtoolcache/Java_Temurin-Hotspot_jdk/21.0.9-10/x64
test	UNKNOWN STEP	2025-12-23T16:58:40.6217299Z   FLUTTER_ROOT: /opt/hostedtoolcache/flutter/stable-3.38.5-x64
test	UNKNOWN STEP	2025-12-23T16:58:40.6217605Z   PUB_CACHE: /home/runner/.pub-cache
test	UNKNOWN STEP	2025-12-23T16:58:40.6217860Z ##[endgroup]
test	UNKNOWN STEP	2025-12-23T16:58:40.6273306Z + out=ci-diagnostics.txt
test	UNKNOWN STEP	2025-12-23T16:58:40.6276256Z ++ date -u
test	UNKNOWN STEP	2025-12-23T16:58:40.6286915Z + echo '=== CI Diagnostics: Tue Dec 23 16:58:40 UTC 2025 ==='
test	UNKNOWN STEP	2025-12-23T16:58:40.6287588Z + echo Java:
test	UNKNOWN STEP	2025-12-23T16:58:40.6290342Z + java -version
test	UNKNOWN STEP	2025-12-23T16:58:40.6292196Z + sed -n 1,5p
test	UNKNOWN STEP	2025-12-23T16:58:40.6582518Z + echo Javac:
test	UNKNOWN STEP	2025-12-23T16:58:40.6584769Z + javac -version
test	UNKNOWN STEP	2025-12-23T16:58:40.6586412Z + sed -n 1,5p
test	UNKNOWN STEP	2025-12-23T16:58:40.7974992Z + echo Flutter:
test	UNKNOWN STEP	2025-12-23T16:58:40.7978038Z + flutter --version
test	UNKNOWN STEP	2025-12-23T16:58:40.7979013Z + sed -n 1,5p
test	UNKNOWN STEP	2025-12-23T16:58:40.9079747Z ++ which flutter
test	UNKNOWN STEP	2025-12-23T16:58:40.9099935Z + echo 'Which flutter: /opt/hostedtoolcache/flutter/stable-3.38.5-x64/bin/flutter'
test	UNKNOWN STEP	2025-12-23T16:58:40.9100618Z + echo pdftotext:
test	UNKNOWN STEP	2025-12-23T16:58:40.9104149Z + pdftotext -v
test	UNKNOWN STEP	2025-12-23T16:58:40.9104405Z + sed -n 1,5p
test	UNKNOWN STEP	2025-12-23T16:58:40.9188089Z + echo git-lfs:
test	UNKNOWN STEP	2025-12-23T16:58:40.9190467Z + git lfs --version
test	UNKNOWN STEP	2025-12-23T16:58:40.9191475Z + sed -n 1,5p
test	UNKNOWN STEP	2025-12-23T16:58:40.9286471Z + echo lcov:
test	UNKNOWN STEP	2025-12-23T16:58:40.9288468Z + lcov --version
test	UNKNOWN STEP	2025-12-23T16:58:40.9289732Z + sed -n 1,5p
test	UNKNOWN STEP	2025-12-23T16:58:41.3162221Z ##[group]Run actions/upload-artifact@v4
test	UNKNOWN STEP	2025-12-23T16:58:41.3162488Z with:
test	UNKNOWN STEP	2025-12-23T16:58:41.3162654Z   name: ci-diagnostics
test	UNKNOWN STEP	2025-12-23T16:58:41.3162849Z   path: ci-diagnostics.txt
test	UNKNOWN STEP	2025-12-23T16:58:41.3163061Z   if-no-files-found: warn
test	UNKNOWN STEP	2025-12-23T16:58:41.3163264Z   compression-level: 6
test	UNKNOWN STEP	2025-12-23T16:58:41.3163448Z   overwrite: false
test	UNKNOWN STEP	2025-12-23T16:58:41.3163637Z   include-hidden-files: false
test	UNKNOWN STEP	2025-12-23T16:58:41.3163832Z env:
test	UNKNOWN STEP	2025-12-23T16:58:41.3164097Z   JAVA_HOME: /opt/hostedtoolcache/Java_Temurin-Hotspot_jdk/21.0.9-10/x64
test	UNKNOWN STEP	2025-12-23T16:58:41.3164545Z   JAVA_HOME_21_X64: /opt/hostedtoolcache/Java_Temurin-Hotspot_jdk/21.0.9-10/x64
test	UNKNOWN STEP	2025-12-23T16:58:41.3164978Z   FLUTTER_ROOT: /opt/hostedtoolcache/flutter/stable-3.38.5-x64
test	UNKNOWN STEP	2025-12-23T16:58:41.3165306Z   PUB_CACHE: /home/runner/.pub-cache
test	UNKNOWN STEP	2025-12-23T16:58:41.3165747Z ##[endgroup]
test	UNKNOWN STEP	2025-12-23T16:58:41.5424144Z With the provided path, there will be 1 file uploaded
test	UNKNOWN STEP	2025-12-23T16:58:41.5429933Z Artifact name is valid!
test	UNKNOWN STEP	2025-12-23T16:58:41.5431361Z Root directory input is valid!
test	UNKNOWN STEP	2025-12-23T16:58:41.8097312Z Beginning upload of artifact content to blob storage
test	UNKNOWN STEP	2025-12-23T16:58:42.1220431Z Uploaded bytes 716
test	UNKNOWN STEP	2025-12-23T16:58:42.2046988Z Finished uploading artifact content to blob storage!
test	UNKNOWN STEP	2025-12-23T16:58:42.2049745Z SHA256 digest of uploaded artifact zip is 42adcedca73bf4485d18c5df26bd439bb6e2e6c36eb6d4fbc1c540750f0a0fc7
test	UNKNOWN STEP	2025-12-23T16:58:42.2051376Z Finalizing artifact upload
test	UNKNOWN STEP	2025-12-23T16:58:42.3729555Z Artifact ci-diagnostics.zip successfully finalized. Artifact ID 4955084587
test	UNKNOWN STEP	2025-12-23T16:58:42.3731114Z Artifact ci-diagnostics has been successfully uploaded! Final size is 716 bytes. Artifact ID is 4955084587
test	UNKNOWN STEP	2025-12-23T16:58:42.3742050Z Artifact download URL: https://github.com/hfcs/simple_match/actions/runs/20466698615/artifacts/4955084587
test	UNKNOWN STEP	2025-12-23T16:58:42.3856587Z ##[group]Run set -eux
test	UNKNOWN STEP	2025-12-23T16:58:42.3856855Z [36;1mset -eux[0m
test	UNKNOWN STEP	2025-12-23T16:58:42.3857043Z [36;1mecho "===== ENV ====="[0m
test	UNKNOWN STEP	2025-12-23T16:58:42.3857273Z [36;1muname -a || true[0m
test	UNKNOWN STEP	2025-12-23T16:58:42.3857483Z [36;1mecho "JAVA_HOME=$JAVA_HOME"[0m
test	UNKNOWN STEP	2025-12-23T16:58:42.3857720Z [36;1mjava -version || true[0m
test	UNKNOWN STEP	2025-12-23T16:58:42.3857951Z [36;1mjavac -version || true[0m
test	UNKNOWN STEP	2025-12-23T16:58:42.3858209Z [36;1mecho "Flutter:" && flutter --version || true[0m
test	UNKNOWN STEP	2025-12-23T16:58:42.3858522Z [36;1mecho "Which flutter: $(which flutter || true)"[0m
test	UNKNOWN STEP	2025-12-23T16:58:42.3858902Z [36;1mecho "pdftotext:" && pdftotext -v || echo "pdftotext not installed"[0m
test	UNKNOWN STEP	2025-12-23T16:58:42.3859336Z [36;1mecho "git-lfs:" && git lfs --version || echo "git-lfs not installed"[0m
test	UNKNOWN STEP	2025-12-23T16:58:42.3859716Z [36;1mecho "lcov:" && lcov --version || echo "lcov not installed"[0m
test	UNKNOWN STEP	2025-12-23T16:58:42.3893604Z shell: /usr/bin/bash -e {0}
test	UNKNOWN STEP	2025-12-23T16:58:42.3893886Z env:
test	UNKNOWN STEP	2025-12-23T16:58:42.3894247Z   JAVA_HOME: /opt/hostedtoolcache/Java_Temurin-Hotspot_jdk/21.0.9-10/x64
test	UNKNOWN STEP	2025-12-23T16:58:42.3894736Z   JAVA_HOME_21_X64: /opt/hostedtoolcache/Java_Temurin-Hotspot_jdk/21.0.9-10/x64
test	UNKNOWN STEP	2025-12-23T16:58:42.3895173Z   FLUTTER_ROOT: /opt/hostedtoolcache/flutter/stable-3.38.5-x64
test	UNKNOWN STEP	2025-12-23T16:58:42.3895642Z   PUB_CACHE: /home/runner/.pub-cache
test	UNKNOWN STEP	2025-12-23T16:58:42.3895881Z ##[endgroup]
test	UNKNOWN STEP	2025-12-23T16:58:42.3953106Z + echo '===== ENV ====='
test	UNKNOWN STEP	2025-12-23T16:58:42.3953506Z ===== ENV =====
test	UNKNOWN STEP	2025-12-23T16:58:42.3953830Z + uname -a
test	UNKNOWN STEP	2025-12-23T16:58:42.3964252Z Linux runnervmh13bl 6.11.0-1018-azure #18~24.04.1-Ubuntu SMP Sat Jun 28 04:46:03 UTC 2025 x86_64 x86_64 x86_64 GNU/Linux
test	UNKNOWN STEP	2025-12-23T16:58:42.3965777Z + echo JAVA_HOME=/opt/hostedtoolcache/Java_Temurin-Hotspot_jdk/21.0.9-10/x64
test	UNKNOWN STEP	2025-12-23T16:58:42.3966639Z JAVA_HOME=/opt/hostedtoolcache/Java_Temurin-Hotspot_jdk/21.0.9-10/x64
test	UNKNOWN STEP	2025-12-23T16:58:42.3967269Z + java -version
test	UNKNOWN STEP	2025-12-23T16:58:42.4222299Z openjdk version "21.0.9" 2025-10-21 LTS
test	UNKNOWN STEP	2025-12-23T16:58:42.4225095Z OpenJDK Runtime Environment Temurin-21.0.9+10 (build 21.0.9+10-LTS)
test	UNKNOWN STEP	2025-12-23T16:58:42.4226750Z OpenJDK 64-Bit Server VM Temurin-21.0.9+10 (build 21.0.9+10-LTS, mixed mode, sharing)
test	UNKNOWN STEP	2025-12-23T16:58:42.4264154Z + javac -version
test	UNKNOWN STEP	2025-12-23T16:58:42.5385655Z javac 21.0.9
test	UNKNOWN STEP	2025-12-23T16:58:42.5563928Z + echo Flutter:
test	UNKNOWN STEP	2025-12-23T16:58:42.5564305Z Flutter:
test	UNKNOWN STEP	2025-12-23T16:58:42.5564605Z + flutter --version
test	UNKNOWN STEP	2025-12-23T16:58:42.6558029Z Flutter 3.38.5 â€¢ channel stable â€¢ https://github.com/flutter/flutter.git
test	UNKNOWN STEP	2025-12-23T16:58:42.6558782Z Framework â€¢ revision f6ff1529fd (12 days ago) â€¢ 2025-12-11 11:50:07 -0500
test	UNKNOWN STEP	2025-12-23T16:58:42.6559606Z Engine â€¢ hash c108a94d7a8273e112339e6c6833daa06e723a54 (revision 1527ae0ec5) (12 days ago) â€¢ 2025-12-11 15:04:31.000Z
test	UNKNOWN STEP	2025-12-23T16:58:42.6560340Z Tools â€¢ Dart 3.10.4 â€¢ DevTools 2.51.1
test	UNKNOWN STEP	2025-12-23T16:58:42.6599290Z ++ which flutter
test	UNKNOWN STEP	2025-12-23T16:58:42.6612602Z + echo 'Which flutter: /opt/hostedtoolcache/flutter/stable-3.38.5-x64/bin/flutter'
test	UNKNOWN STEP	2025-12-23T16:58:42.6613543Z Which flutter: /opt/hostedtoolcache/flutter/stable-3.38.5-x64/bin/flutter
test	UNKNOWN STEP	2025-12-23T16:58:42.6614194Z + echo pdftotext:
test	UNKNOWN STEP	2025-12-23T16:58:42.6614514Z + pdftotext -v
test	UNKNOWN STEP	2025-12-23T16:58:42.6614815Z pdftotext:
test	UNKNOWN STEP	2025-12-23T16:58:42.6692427Z pdftotext version 24.02.0
test	UNKNOWN STEP	2025-12-23T16:58:42.6693186Z Copyright 2005-2024 The Poppler Developers - http://poppler.freedesktop.org
test	UNKNOWN STEP	2025-12-23T16:58:42.6693973Z Copyright 1996-2011, 2022 Glyph & Cog, LLC
test	UNKNOWN STEP	2025-12-23T16:58:42.6709023Z + echo git-lfs:
test	UNKNOWN STEP	2025-12-23T16:58:42.6709676Z git-lfs:
test	UNKNOWN STEP	2025-12-23T16:58:42.6710031Z + git lfs --version
test	UNKNOWN STEP	2025-12-23T16:58:42.6799486Z git-lfs/3.7.1 (GitHub; linux amd64; go 1.24.4)
test	UNKNOWN STEP	2025-12-23T16:58:42.6809824Z + echo lcov:
test	UNKNOWN STEP	2025-12-23T16:58:42.6810132Z lcov:
test	UNKNOWN STEP	2025-12-23T16:58:42.6810672Z + lcov --version
test	UNKNOWN STEP	2025-12-23T16:58:42.8617302Z lcov: LCOV version 2.0-1
test	UNKNOWN STEP	2025-12-23T16:58:42.9683206Z ##[group]Run actions/cache@v4
test	UNKNOWN STEP	2025-12-23T16:58:42.9683449Z with:
test	UNKNOWN STEP	2025-12-23T16:58:42.9683629Z   path: ~/.pub-cache
test	UNKNOWN STEP	
test	UNKNOWN STEP	2025-12-23T16:58:42.9683973Z   key: Linux-pub-11c962e0daf3758977c45a8dc3e808d1118c607c88c7d4d6cf9e1482829858fc
test	UNKNOWN STEP	2025-12-23T16:58:42.9684382Z   restore-keys: Linux-pub-
test	UNKNOWN STEP	
test	UNKNOWN STEP	2025-12-23T16:58:42.9684605Z   enableCrossOsArchive: false
test	UNKNOWN STEP	2025-12-23T16:58:42.9684826Z   fail-on-cache-miss: false
test	UNKNOWN STEP	2025-12-23T16:58:42.9685035Z   lookup-only: false
test	UNKNOWN STEP	2025-12-23T16:58:42.9685223Z   save-always: false
test	UNKNOWN STEP	2025-12-23T16:58:42.9686005Z env:
test	UNKNOWN STEP	2025-12-23T16:58:42.9686372Z   JAVA_HOME: /opt/hostedtoolcache/Java_Temurin-Hotspot_jdk/21.0.9-10/x64
test	UNKNOWN STEP	2025-12-23T16:58:42.9686836Z   JAVA_HOME_21_X64: /opt/hostedtoolcache/Java_Temurin-Hotspot_jdk/21.0.9-10/x64
test	UNKNOWN STEP	2025-12-23T16:58:42.9687258Z   FLUTTER_ROOT: /opt/hostedtoolcache/flutter/stable-3.38.5-x64
test	UNKNOWN STEP	2025-12-23T16:58:42.9687574Z   PUB_CACHE: /home/runner/.pub-cache
test	UNKNOWN STEP	2025-12-23T16:58:42.9687805Z ##[endgroup]
test	UNKNOWN STEP	2025-12-23T16:58:43.4060776Z Cache hit for: Linux-pub-11c962e0daf3758977c45a8dc3e808d1118c607c88c7d4d6cf9e1482829858fc
test	UNKNOWN STEP	2025-12-23T16:58:44.7003828Z Received 4194304 of 40113154 (10.5%), 4.0 MBs/sec
test	UNKNOWN STEP	2025-12-23T16:58:45.0071325Z Received 40113154 of 40113154 (100.0%), 29.3 MBs/sec
test	UNKNOWN STEP	2025-12-23T16:58:45.0072957Z Cache Size: ~38 MB (40113154 B)
test	UNKNOWN STEP	2025-12-23T16:58:45.0105629Z [command]/usr/bin/tar -xf /home/runner/work/_temp/0f254f00-c821-4f95-bf50-5ca800eb4717/cache.tzst -P -C /home/runner/work/simple_match/simple_match --use-compress-program unzstd
test	UNKNOWN STEP	2025-12-23T16:58:45.7110585Z Cache restored successfully
test	UNKNOWN STEP	2025-12-23T16:58:45.7268772Z Cache restored from key: Linux-pub-11c962e0daf3758977c45a8dc3e808d1118c607c88c7d4d6cf9e1482829858fc
test	UNKNOWN STEP	2025-12-23T16:58:45.7367024Z ##[group]Run flutter pub get
test	UNKNOWN STEP	2025-12-23T16:58:45.7367305Z [36;1mflutter pub get[0m
test	UNKNOWN STEP	2025-12-23T16:58:45.7408930Z shell: /usr/bin/bash -e {0}
test	UNKNOWN STEP	2025-12-23T16:58:45.7409176Z env:
test	UNKNOWN STEP	2025-12-23T16:58:45.7409476Z   JAVA_HOME: /opt/hostedtoolcache/Java_Temurin-Hotspot_jdk/21.0.9-10/x64
test	UNKNOWN STEP	2025-12-23T16:58:45.7409929Z   JAVA_HOME_21_X64: /opt/hostedtoolcache/Java_Temurin-Hotspot_jdk/21.0.9-10/x64
test	UNKNOWN STEP	2025-12-23T16:58:45.7410364Z   FLUTTER_ROOT: /opt/hostedtoolcache/flutter/stable-3.38.5-x64
test	UNKNOWN STEP	2025-12-23T16:58:45.7410689Z   PUB_CACHE: /home/runner/.pub-cache
test	UNKNOWN STEP	2025-12-23T16:58:45.7410925Z ##[endgroup]
test	UNKNOWN STEP	2025-12-23T16:58:46.5449898Z Resolving dependencies...
test	UNKNOWN STEP	2025-12-23T16:58:46.9062255Z Downloading packages...
test	UNKNOWN STEP	2025-12-23T16:58:46.9109625Z   _fe_analyzer_shared 89.0.0 (92.0.0 available)
test	UNKNOWN STEP	2025-12-23T16:58:46.9110684Z   analyzer 8.2.0 (9.0.0 available)
test	UNKNOWN STEP	2025-12-23T16:58:46.9111188Z   build 4.0.0 (4.0.3 available)
test	UNKNOWN STEP	2025-12-23T16:58:46.9111671Z   build_daemon 4.0.4 (4.1.1 available)
test	UNKNOWN STEP	2025-12-23T16:58:46.9112288Z   build_runner 2.8.0 (2.10.4 available)
test	UNKNOWN STEP	2025-12-23T16:58:46.9112822Z   built_value 8.12.0 (8.12.1 available)
test	UNKNOWN STEP	2025-12-23T16:58:46.9113343Z   characters 1.4.0 (1.4.1 available)
test	UNKNOWN STEP	2025-12-23T16:58:46.9113794Z   crypto 3.0.6 (3.0.7 available)
test	UNKNOWN STEP	2025-12-23T16:58:46.9114191Z   dart_style 3.1.2 (3.1.3 available)
test	UNKNOWN STEP	2025-12-23T16:58:46.9114612Z   flutter_lints 5.0.0 (6.0.0 available)
test	UNKNOWN STEP	2025-12-23T16:58:46.9115034Z   http 1.5.0 (1.6.0 available)
test	UNKNOWN STEP	2025-12-23T16:58:46.9115614Z   image 4.5.4 (4.7.2 available)
test	UNKNOWN STEP	2025-12-23T16:58:46.9115999Z   lints 5.1.1 (6.0.0 available)
test	UNKNOWN STEP	2025-12-23T16:58:46.9116383Z   matcher 0.12.17 (0.12.18 available)
test	UNKNOWN STEP	2025-12-23T16:58:46.9116877Z   material_color_utilities 0.11.1 (0.13.0 available)
test	UNKNOWN STEP	2025-12-23T16:58:46.9117357Z > meta 1.17.0 (was 1.16.0)
test	UNKNOWN STEP	2025-12-23T16:58:46.9117720Z   mockito 5.5.1 (5.6.1 available)
test	UNKNOWN STEP	2025-12-23T16:58:46.9118176Z   path_provider_android 2.2.18 (2.2.22 available)
test	UNKNOWN STEP	2025-12-23T16:58:46.9118712Z   path_provider_foundation 2.4.2 (2.5.1 available)
test	UNKNOWN STEP	2025-12-23T16:58:46.9119219Z   shared_preferences 2.5.3 (2.5.4 available)
test	UNKNOWN STEP	2025-12-23T16:58:46.9119714Z   shared_preferences_android 2.4.13 (2.4.18 available)
test	UNKNOWN STEP	2025-12-23T16:58:46.9120093Z   shared_preferences_foundation 2.5.4 (2.5.6 available)
test	UNKNOWN STEP	2025-12-23T16:58:46.9120415Z   source_gen 4.0.1 (4.1.1 available)
test	UNKNOWN STEP	2025-12-23T16:58:46.9120694Z > test_api 0.7.7 (was 0.7.6) (0.7.8 available)
test	UNKNOWN STEP	2025-12-23T16:58:46.9120972Z   watcher 1.1.3 (1.2.0 available)
test	UNKNOWN STEP	2025-12-23T16:58:46.9121222Z Changed 2 dependencies!
test	UNKNOWN STEP	2025-12-23T16:58:46.9121582Z 24 packages have newer versions incompatible with dependency constraints.
test	UNKNOWN STEP	2025-12-23T16:58:46.9122019Z Try `flutter pub outdated` for more information.
test	UNKNOWN STEP	2025-12-23T16:58:47.3377624Z ##[group]Run sudo apt-get update
test	UNKNOWN STEP	2025-12-23T16:58:47.3377972Z [36;1msudo apt-get update[0m
test	UNKNOWN STEP	2025-12-23T16:58:47.3378253Z [36;1msudo apt-get install -y poppler-utils[0m
test	UNKNOWN STEP	2025-12-23T16:58:47.3410732Z shell: /usr/bin/bash -e {0}
test	UNKNOWN STEP	2025-12-23T16:58:47.3410971Z env:
test	UNKNOWN STEP	2025-12-23T16:58:47.3411258Z   JAVA_HOME: /opt/hostedtoolcache/Java_Temurin-Hotspot_jdk/21.0.9-10/x64
test	UNKNOWN STEP	2025-12-23T16:58:47.3411732Z   JAVA_HOME_21_X64: /opt/hostedtoolcache/Java_Temurin-Hotspot_jdk/21.0.9-10/x64
test	UNKNOWN STEP	2025-12-23T16:58:47.3412169Z   FLUTTER_ROOT: /opt/hostedtoolcache/flutter/stable-3.38.5-x64
test	UNKNOWN STEP	2025-12-23T16:58:47.3412501Z   PUB_CACHE: /home/runner/.pub-cache
test	UNKNOWN STEP	2025-12-23T16:58:47.3412744Z ##[endgroup]
test	UNKNOWN STEP	2025-12-23T16:58:47.4193793Z Get:1 file:/etc/apt/apt-mirrors.txt Mirrorlist [144 B]
test	UNKNOWN STEP	2025-12-23T16:58:47.5446800Z Hit:2 http://azure.archive.ubuntu.com/ubuntu noble InRelease
test	UNKNOWN STEP	2025-12-23T16:58:47.5455900Z Hit:3 http://azure.archive.ubuntu.com/ubuntu noble-updates InRelease
test	UNKNOWN STEP	2025-12-23T16:58:47.5463107Z Hit:4 http://azure.archive.ubuntu.com/ubuntu noble-backports InRelease
test	UNKNOWN STEP	2025-12-23T16:58:47.5470983Z Hit:5 http://azure.archive.ubuntu.com/ubuntu noble-security InRelease
test	UNKNOWN STEP	2025-12-23T16:58:47.8629533Z Hit:6 https://packages.microsoft.com/repos/azure-cli noble InRelease
test	UNKNOWN STEP	2025-12-23T16:58:47.8751024Z Hit:7 https://packages.microsoft.com/ubuntu/24.04/prod noble InRelease
test	UNKNOWN STEP	2025-12-23T16:58:48.9201794Z Reading package lists...
test	UNKNOWN STEP	2025-12-23T16:58:48.9540947Z Reading package lists...
test	UNKNOWN STEP	2025-12-23T16:58:49.1582516Z Building dependency tree...
test	UNKNOWN STEP	2025-12-23T16:58:49.1590034Z Reading state information...
test	UNKNOWN STEP	2025-12-23T16:58:49.4896411Z poppler-utils is already the newest version (24.02.0-1ubuntu9.8).
test	UNKNOWN STEP	2025-12-23T16:58:49.4897148Z 0 upgraded, 0 newly installed, 0 to remove and 69 not upgraded.
test	UNKNOWN STEP	2025-12-23T16:58:49.4938102Z ##[group]Run echo "Flutter:" && flutter --version || true
test	UNKNOWN STEP	2025-12-23T16:58:49.4938512Z [36;1mecho "Flutter:" && flutter --version || true[0m
test	UNKNOWN STEP	2025-12-23T16:58:49.4938919Z [36;1mecho "pdftotext (poppler):" && pdftotext -v || echo "pdftotext not present"[0m
test	UNKNOWN STEP	2025-12-23T16:58:49.4939553Z [36;1mecho "git-lfs:" && git lfs --version || echo "git-lfs not present"[0m
test	UNKNOWN STEP	2025-12-23T16:58:49.4971717Z shell: /usr/bin/bash -e {0}
test	UNKNOWN STEP	2025-12-23T16:58:49.4971949Z env:
test	UNKNOWN STEP	2025-12-23T16:58:49.4972239Z   JAVA_HOME: /opt/hostedtoolcache/Java_Temurin-Hotspot_jdk/21.0.9-10/x64
test	UNKNOWN STEP	2025-12-23T16:58:49.4972697Z   JAVA_HOME_21_X64: /opt/hostedtoolcache/Java_Temurin-Hotspot_jdk/21.0.9-10/x64
test	UNKNOWN STEP	2025-12-23T16:58:49.4973119Z   FLUTTER_ROOT: /opt/hostedtoolcache/flutter/stable-3.38.5-x64
test	UNKNOWN STEP	2025-12-23T16:58:49.4973441Z   PUB_CACHE: /home/runner/.pub-cache
test	UNKNOWN STEP	2025-12-23T16:58:49.4973683Z ##[endgroup]
test	UNKNOWN STEP	2025-12-23T16:58:49.5032059Z Flutter:
test	UNKNOWN STEP	2025-12-23T16:58:49.6089308Z Flutter 3.38.5 â€¢ channel stable â€¢ https://github.com/flutter/flutter.git
test	UNKNOWN STEP	2025-12-23T16:58:49.6090169Z Framework â€¢ revision f6ff1529fd (12 days ago) â€¢ 2025-12-11 11:50:07 -0500
test	UNKNOWN STEP	2025-12-23T16:58:49.6090901Z Engine â€¢ hash c108a94d7a8273e112339e6c6833daa06e723a54 (revision 1527ae0ec5) (12 days ago) â€¢ 2025-12-11 15:04:31.000Z
test	UNKNOWN STEP	2025-12-23T16:58:49.6091716Z Tools â€¢ Dart 3.10.4 â€¢ DevTools 2.51.1
test	UNKNOWN STEP	2025-12-23T16:58:49.6127507Z pdftotext (poppler):
test	UNKNOWN STEP	2025-12-23T16:58:49.6199212Z pdftotext version 24.02.0
test	UNKNOWN STEP	2025-12-23T16:58:49.6199639Z Copyright 2005-2024 The Poppler Developers - http://poppler.freedesktop.org
test	UNKNOWN STEP	2025-12-23T16:58:49.6200077Z Copyright 1996-2011, 2022 Glyph & Cog, LLC
test	UNKNOWN STEP	2025-12-23T16:58:49.6208775Z git-lfs:
test	UNKNOWN STEP	2025-12-23T16:58:49.6294946Z git-lfs/3.7.1 (GitHub; linux amd64; go 1.24.4)
test	UNKNOWN STEP	2025-12-23T16:58:49.6328850Z ##[group]Run flutter test --coverage
test	UNKNOWN STEP	2025-12-23T16:58:49.6329171Z [36;1mflutter test --coverage[0m
test	UNKNOWN STEP	2025-12-23T16:58:49.6362096Z shell: /usr/bin/bash -e {0}
test	UNKNOWN STEP	2025-12-23T16:58:49.6362326Z env:
test	UNKNOWN STEP	2025-12-23T16:58:49.6362615Z   JAVA_HOME: /opt/hostedtoolcache/Java_Temurin-Hotspot_jdk/21.0.9-10/x64
test	UNKNOWN STEP	2025-12-23T16:58:49.6363092Z   JAVA_HOME_21_X64: /opt/hostedtoolcache/Java_Temurin-Hotspot_jdk/21.0.9-10/x64
test	UNKNOWN STEP	2025-12-23T16:58:49.6363526Z   FLUTTER_ROOT: /opt/hostedtoolcache/flutter/stable-3.38.5-x64
test	UNKNOWN STEP	2025-12-23T16:58:49.6363869Z   PUB_CACHE: /home/runner/.pub-cache
test	UNKNOWN STEP	2025-12-23T16:58:49.6364108Z ##[endgroup]
test	UNKNOWN STEP	2025-12-23T16:58:50.2313346Z Error detected in pubspec.yaml:
test	UNKNOWN STEP	2025-12-23T16:58:50.2329228Z No file or variants found for asset: assets/fonts/NotoSerifHK-wght.ttf.
test	UNKNOWN STEP	2025-12-23T16:58:50.2331575Z 
test	UNKNOWN STEP	2025-12-23T16:58:50.2449401Z Error: Failed to build asset bundle
test	UNKNOWN STEP	2025-12-23T16:58:50.2531359Z ##[error]Process completed with exit code 1.
test	UNKNOWN STEP	2025-12-23T16:58:50.2684728Z Post job cleanup.
test	UNKNOWN STEP	2025-12-23T16:58:50.2789242Z Post job cleanup.
test	UNKNOWN STEP	2025-12-23T16:58:50.4700415Z Post job cleanup.
test	UNKNOWN STEP	2025-12-23T16:58:50.5688717Z [command]/usr/bin/git version
test	UNKNOWN STEP	2025-12-23T16:58:50.5727464Z git version 2.52.0
test	UNKNOWN STEP	2025-12-23T16:58:50.5772431Z Temporarily overriding HOME='/home/runner/work/_temp/1d6c4c12-6b71-49b2-b5ad-f5a23b5fc1d7' before making global git config changes
test	UNKNOWN STEP	2025-12-23T16:58:50.5773784Z Adding repository directory to the temporary git global config as a safe directory
test	UNKNOWN STEP	2025-12-23T16:58:50.5779096Z [command]/usr/bin/git config --global --add safe.directory /home/runner/work/simple_match/simple_match
test	UNKNOWN STEP	2025-12-23T16:58:50.5817383Z [command]/usr/bin/git config --local --name-only --get-regexp core\.sshCommand
test	UNKNOWN STEP	2025-12-23T16:58:50.5851267Z [command]/usr/bin/git submodule foreach --recursive sh -c "git config --local --name-only --get-regexp 'core\.sshCommand' && git config --local --unset-all 'core.sshCommand' || :"
test	UNKNOWN STEP	2025-12-23T16:58:50.6083397Z [command]/usr/bin/git config --local --name-only --get-regexp http\.https\:\/\/github\.com\/\.extraheader
test	UNKNOWN STEP	2025-12-23T16:58:50.6106250Z http.https://github.com/.extraheader
test	UNKNOWN STEP	2025-12-23T16:58:50.6119904Z [command]/usr/bin/git config --local --unset-all http.https://github.com/.extraheader
test	UNKNOWN STEP	2025-12-23T16:58:50.6153898Z [command]/usr/bin/git submodule foreach --recursive sh -c "git config --local --name-only --get-regexp 'http\.https\:\/\/github\.com\/\.extraheader' && git config --local --unset-all 'http.https://github.com/.extraheader' || :"
test	UNKNOWN STEP	2025-12-23T16:58:50.6383708Z [command]/usr/bin/git config --local --name-only --get-regexp ^includeIf\.gitdir:
test	UNKNOWN STEP	2025-12-23T16:58:50.6419892Z [command]/usr/bin/git submodule foreach --recursive git config --local --show-origin --name-only --get-regexp remote.origin.url
test	UNKNOWN STEP	2025-12-23T16:58:50.6768894Z Cleaning up orphan processes
