build_and_deploy	Set up job	ï»¿2025-12-23T16:12:34.5509101Z Current runner version: '2.330.0'
build_and_deploy	Set up job	2025-12-23T16:12:34.5538327Z ##[group]Runner Image Provisioner
build_and_deploy	Set up job	2025-12-23T16:12:34.5539562Z Hosted Compute Agent
build_and_deploy	Set up job	2025-12-23T16:12:34.5540268Z Version: 20251211.462
build_and_deploy	Set up job	2025-12-23T16:12:34.5541087Z Commit: 6cbad8c2bb55d58165063d031ccabf57e2d2db61
build_and_deploy	Set up job	2025-12-23T16:12:34.5541942Z Build Date: 2025-12-11T16:28:49Z
build_and_deploy	Set up job	2025-12-23T16:12:34.5542944Z Worker ID: ***23a5ae68-ff6d-415e-97dc-bc9ae30d8d75***
build_and_deploy	Set up job	2025-12-23T16:12:34.5543778Z ##[endgroup]
build_and_deploy	Set up job	2025-12-23T16:12:34.5544491Z ##[group]Operating System
build_and_deploy	Set up job	2025-12-23T16:12:34.5545217Z Ubuntu
build_and_deploy	Set up job	2025-12-23T16:12:34.5545881Z 24.04.3
build_and_deploy	Set up job	2025-12-23T16:12:34.5546489Z LTS
build_and_deploy	Set up job	2025-12-23T16:12:34.5547151Z ##[endgroup]
build_and_deploy	Set up job	2025-12-23T16:12:34.5547921Z ##[group]Runner Image
build_and_deploy	Set up job	2025-12-23T16:12:34.5548657Z Image: ubuntu-24.04
build_and_deploy	Set up job	2025-12-23T16:12:34.5549339Z Version: 20251215.174.1
build_and_deploy	Set up job	2025-12-23T16:12:34.5550580Z Included Software: https://github.com/actions/runner-images/blob/ubuntu24/20251215.174/images/ubuntu/Ubuntu2404-Readme.md
build_and_deploy	Set up job	2025-12-23T16:12:34.5552094Z Image Release: https://github.com/actions/runner-images/releases/tag/ubuntu24%2F20251215.174
build_and_deploy	Set up job	2025-12-23T16:12:34.5553513Z ##[endgroup]
build_and_deploy	Set up job	2025-12-23T16:12:34.5554988Z ##[group]GITHUB_TOKEN Permissions
build_and_deploy	Set up job	2025-12-23T16:12:34.5557441Z Contents: read
build_and_deploy	Set up job	2025-12-23T16:12:34.5558521Z Metadata: read
build_and_deploy	Set up job	2025-12-23T16:12:34.5559221Z Packages: read
build_and_deploy	Set up job	2025-12-23T16:12:34.5559894Z ##[endgroup]
build_and_deploy	Set up job	2025-12-23T16:12:34.5562475Z Secret source: Actions
build_and_deploy	Set up job	2025-12-23T16:12:34.5563332Z Prepare workflow directory
build_and_deploy	Set up job	2025-12-23T16:12:34.5922553Z Prepare all required actions
build_and_deploy	Set up job	2025-12-23T16:12:34.5981020Z Getting action download info
build_and_deploy	Set up job	2025-12-23T16:12:35.0173096Z Download action repository 'actions/checkout@v4' (SHA:34e114876b0b11c390a56381ad16ebd13914f8d5)
build_and_deploy	Set up job	2025-12-23T16:12:35.1216413Z Download action repository 'subosito/flutter-action@v2' (SHA:fd55f4c5af5b953cc57a2be44cb082c8f6635e8e)
build_and_deploy	Set up job	2025-12-23T16:12:35.8072360Z Download action repository 'actions/cache@v4' (SHA:0057852bfaa89a56745cba8c7296529d2fc39830)
build_and_deploy	Set up job	2025-12-23T16:12:35.8920242Z Download action repository 'FirebaseExtended/action-hosting-deploy@v0' (SHA:e2eda2e106cfa35cdbcf4ac9ddaf6c4756df2c8c)
build_and_deploy	Set up job	2025-12-23T16:12:36.7607127Z Getting action download info
build_and_deploy	Set up job	2025-12-23T16:12:37.0158771Z Complete job name: build_and_deploy
build_and_deploy	Run actions/checkout@v4	ï»¿2025-12-23T16:12:37.0941732Z ##[group]Run actions/checkout@v4
build_and_deploy	Run actions/checkout@v4	2025-12-23T16:12:37.0943285Z with:
build_and_deploy	Run actions/checkout@v4	2025-12-23T16:12:37.0944275Z   repository: hfcs/simple_match
build_and_deploy	Run actions/checkout@v4	2025-12-23T16:12:37.0945782Z   token: ***
build_and_deploy	Run actions/checkout@v4	2025-12-23T16:12:37.0946741Z   ssh-strict: true
build_and_deploy	Run actions/checkout@v4	2025-12-23T16:12:37.0947902Z   ssh-user: git
build_and_deploy	Run actions/checkout@v4	2025-12-23T16:12:37.0948909Z   persist-credentials: true
build_and_deploy	Run actions/checkout@v4	2025-12-23T16:12:37.0949997Z   clean: true
build_and_deploy	Run actions/checkout@v4	2025-12-23T16:12:37.0951019Z   sparse-checkout-cone-mode: true
build_and_deploy	Run actions/checkout@v4	2025-12-23T16:12:37.0952181Z   fetch-depth: 1
build_and_deploy	Run actions/checkout@v4	2025-12-23T16:12:37.0953162Z   fetch-tags: false
build_and_deploy	Run actions/checkout@v4	2025-12-23T16:12:37.0954152Z   show-progress: true
build_and_deploy	Run actions/checkout@v4	2025-12-23T16:12:37.0955156Z   lfs: false
build_and_deploy	Run actions/checkout@v4	2025-12-23T16:12:37.0956145Z   submodules: false
build_and_deploy	Run actions/checkout@v4	2025-12-23T16:12:37.0957150Z   set-safe-directory: true
build_and_deploy	Run actions/checkout@v4	2025-12-23T16:12:37.0958837Z ##[endgroup]
build_and_deploy	Run actions/checkout@v4	2025-12-23T16:12:37.2030453Z Syncing repository: hfcs/simple_match
build_and_deploy	Run actions/checkout@v4	2025-12-23T16:12:37.2033616Z ##[group]Getting Git version info
build_and_deploy	Run actions/checkout@v4	2025-12-23T16:12:37.2035136Z Working directory is '/home/runner/work/simple_match/simple_match'
build_and_deploy	Run actions/checkout@v4	2025-12-23T16:12:37.2037379Z [command]/usr/bin/git version
build_and_deploy	Run actions/checkout@v4	2025-12-23T16:12:37.2074675Z git version 2.52.0
build_and_deploy	Run actions/checkout@v4	2025-12-23T16:12:37.2099037Z ##[endgroup]
build_and_deploy	Run actions/checkout@v4	2025-12-23T16:12:37.2121611Z Temporarily overriding HOME='/home/runner/work/_temp/3826d243-3e16-4361-a3fc-276312e3a914' before making global git config changes
build_and_deploy	Run actions/checkout@v4	2025-12-23T16:12:37.2124352Z Adding repository directory to the temporary git global config as a safe directory
build_and_deploy	Run actions/checkout@v4	2025-12-23T16:12:37.2127009Z [command]/usr/bin/git config --global --add safe.directory /home/runner/work/simple_match/simple_match
build_and_deploy	Run actions/checkout@v4	2025-12-23T16:12:37.2162050Z Deleting the contents of '/home/runner/work/simple_match/simple_match'
build_and_deploy	Run actions/checkout@v4	2025-12-23T16:12:37.2165370Z ##[group]Initializing the repository
build_and_deploy	Run actions/checkout@v4	2025-12-23T16:12:37.2169452Z [command]/usr/bin/git init /home/runner/work/simple_match/simple_match
build_and_deploy	Run actions/checkout@v4	2025-12-23T16:12:37.2261425Z hint: Using 'master' as the name for the initial branch. This default branch name
build_and_deploy	Run actions/checkout@v4	2025-12-23T16:12:37.2263841Z hint: will change to "main" in Git 3.0. To configure the initial branch name
build_and_deploy	Run actions/checkout@v4	2025-12-23T16:12:37.2265728Z hint: to use in all of your new repositories, which will suppress this warning,
build_and_deploy	Run actions/checkout@v4	2025-12-23T16:12:37.2267315Z hint: call:
build_and_deploy	Run actions/checkout@v4	2025-12-23T16:12:37.2268590Z hint:
build_and_deploy	Run actions/checkout@v4	2025-12-23T16:12:37.2269724Z hint: 	git config --global init.defaultBranch <name>
build_and_deploy	Run actions/checkout@v4	2025-12-23T16:12:37.2271001Z hint:
build_and_deploy	Run actions/checkout@v4	2025-12-23T16:12:37.2272232Z hint: Names commonly chosen instead of 'master' are 'main', 'trunk' and
build_and_deploy	Run actions/checkout@v4	2025-12-23T16:12:37.2274275Z hint: 'development'. The just-created branch can be renamed via this command:
build_and_deploy	Run actions/checkout@v4	2025-12-23T16:12:37.2275754Z hint:
build_and_deploy	Run actions/checkout@v4	2025-12-23T16:12:37.2276689Z hint: 	git branch -m <name>
build_and_deploy	Run actions/checkout@v4	2025-12-23T16:12:37.2278192Z hint:
build_and_deploy	Run actions/checkout@v4	2025-12-23T16:12:37.2279507Z hint: Disable this message with "git config set advice.defaultBranchName false"
build_and_deploy	Run actions/checkout@v4	2025-12-23T16:12:37.2281526Z Initialized empty Git repository in /home/runner/work/simple_match/simple_match/.git/
build_and_deploy	Run actions/checkout@v4	2025-12-23T16:12:37.2285065Z [command]/usr/bin/git remote add origin https://github.com/hfcs/simple_match
build_and_deploy	Run actions/checkout@v4	2025-12-23T16:12:37.2307001Z ##[endgroup]
build_and_deploy	Run actions/checkout@v4	2025-12-23T16:12:37.2308882Z ##[group]Disabling automatic garbage collection
build_and_deploy	Run actions/checkout@v4	2025-12-23T16:12:37.2310605Z [command]/usr/bin/git config --local gc.auto 0
build_and_deploy	Run actions/checkout@v4	2025-12-23T16:12:37.2336902Z ##[endgroup]
build_and_deploy	Run actions/checkout@v4	2025-12-23T16:12:37.2338811Z ##[group]Setting up auth
build_and_deploy	Run actions/checkout@v4	2025-12-23T16:12:37.2342931Z [command]/usr/bin/git config --local --name-only --get-regexp core\.sshCommand
build_and_deploy	Run actions/checkout@v4	2025-12-23T16:12:37.2368954Z [command]/usr/bin/git submodule foreach --recursive sh -c "git config --local --name-only --get-regexp 'core\.sshCommand' && git config --local --unset-all 'core.sshCommand' || :"
build_and_deploy	Run actions/checkout@v4	2025-12-23T16:12:37.2657384Z [command]/usr/bin/git config --local --name-only --get-regexp http\.https\:\/\/github\.com\/\.extraheader
build_and_deploy	Run actions/checkout@v4	2025-12-23T16:12:37.2690115Z [command]/usr/bin/git submodule foreach --recursive sh -c "git config --local --name-only --get-regexp 'http\.https\:\/\/github\.com\/\.extraheader' && git config --local --unset-all 'http.https://github.com/.extraheader' || :"
build_and_deploy	Run actions/checkout@v4	2025-12-23T16:12:37.2872739Z [command]/usr/bin/git config --local --name-only --get-regexp ^includeIf\.gitdir:
build_and_deploy	Run actions/checkout@v4	2025-12-23T16:12:37.2904396Z [command]/usr/bin/git submodule foreach --recursive git config --local --show-origin --name-only --get-regexp remote.origin.url
build_and_deploy	Run actions/checkout@v4	2025-12-23T16:12:37.3084633Z [command]/usr/bin/git config --local http.https://github.com/.extraheader AUTHORIZATION: basic ***
build_and_deploy	Run actions/checkout@v4	2025-12-23T16:12:37.3115352Z ##[endgroup]
build_and_deploy	Run actions/checkout@v4	2025-12-23T16:12:37.3117116Z ##[group]Fetching the repository
build_and_deploy	Run actions/checkout@v4	2025-12-23T16:12:37.3124349Z [command]/usr/bin/git -c protocol.version=2 fetch --no-tags --prune --no-recurse-submodules --depth=1 origin +dcf52f2d086b06ddd6bcfbe940b49aafcc3b4157:refs/remotes/origin/main
build_and_deploy	Run actions/checkout@v4	2025-12-23T16:12:37.9296806Z From https://github.com/hfcs/simple_match
build_and_deploy	Run actions/checkout@v4	2025-12-23T16:12:37.9298568Z  * [new ref]         dcf52f2d086b06ddd6bcfbe940b49aafcc3b4157 -> origin/main
build_and_deploy	Run actions/checkout@v4	2025-12-23T16:12:37.9323980Z ##[endgroup]
build_and_deploy	Run actions/checkout@v4	2025-12-23T16:12:37.9325643Z ##[group]Determining the checkout info
build_and_deploy	Run actions/checkout@v4	2025-12-23T16:12:37.9327377Z ##[endgroup]
build_and_deploy	Run actions/checkout@v4	2025-12-23T16:12:37.9329845Z [command]/usr/bin/git sparse-checkout disable
build_and_deploy	Run actions/checkout@v4	2025-12-23T16:12:37.9363258Z [command]/usr/bin/git config --local --unset-all extensions.worktreeConfig
build_and_deploy	Run actions/checkout@v4	2025-12-23T16:12:37.9390259Z ##[group]Checking out the ref
build_and_deploy	Run actions/checkout@v4	2025-12-23T16:12:37.9394218Z [command]/usr/bin/git checkout --progress --force -B main refs/remotes/origin/main
build_and_deploy	Run actions/checkout@v4	2025-12-23T16:12:37.9565148Z Switched to a new branch 'main'
build_and_deploy	Run actions/checkout@v4	2025-12-23T16:12:37.9567072Z branch 'main' set up to track 'origin/main'.
build_and_deploy	Run actions/checkout@v4	2025-12-23T16:12:37.9574283Z ##[endgroup]
build_and_deploy	Run actions/checkout@v4	2025-12-23T16:12:37.9609532Z [command]/usr/bin/git log -1 --format=%H
build_and_deploy	Run actions/checkout@v4	2025-12-23T16:12:37.9629184Z dcf52f2d086b06ddd6bcfbe940b49aafcc3b4157
build_and_deploy	Setup Flutter	ï»¿2025-12-23T16:12:38.0053768Z ##[group]Run subosito/flutter-action@v2
build_and_deploy	Setup Flutter	2025-12-23T16:12:38.0054908Z with:
build_and_deploy	Setup Flutter	2025-12-23T16:12:38.0055704Z   channel: stable
build_and_deploy	Setup Flutter	2025-12-23T16:12:38.0056552Z   architecture: X64
build_and_deploy	Setup Flutter	2025-12-23T16:12:38.0057775Z   cache: false
build_and_deploy	Setup Flutter	2025-12-23T16:12:38.0058646Z   pub-cache-path: default
build_and_deploy	Setup Flutter	2025-12-23T16:12:38.0059567Z   dry-run: false
build_and_deploy	Setup Flutter	2025-12-23T16:12:38.0060601Z   git-source: https://github.com/flutter/flutter.git
build_and_deploy	Setup Flutter	2025-12-23T16:12:38.0061742Z ##[endgroup]
build_and_deploy	Setup Flutter	2025-12-23T16:12:38.0202936Z ##[group]Run chmod +x "$GITHUB_ACTION_PATH/setup.sh"
build_and_deploy	Setup Flutter	2025-12-23T16:12:38.0204458Z [36;1mchmod +x "$GITHUB_ACTION_PATH/setup.sh"[0m
build_and_deploy	Setup Flutter	2025-12-23T16:12:38.0233058Z shell: /usr/bin/bash --noprofile --norc -e -o pipefail ***0***
build_and_deploy	Setup Flutter	2025-12-23T16:12:38.0234369Z ##[endgroup]
build_and_deploy	Setup Flutter	2025-12-23T16:12:38.0396026Z ##[group]Run $GITHUB_ACTION_PATH/setup.sh -p \
build_and_deploy	Setup Flutter	2025-12-23T16:12:38.0397338Z [36;1m$GITHUB_ACTION_PATH/setup.sh -p \[0m
build_and_deploy	Setup Flutter	2025-12-23T16:12:38.0398625Z [36;1m  -n '' \[0m
build_and_deploy	Setup Flutter	2025-12-23T16:12:38.0399491Z [36;1m  -f '' \[0m
build_and_deploy	Setup Flutter	2025-12-23T16:12:38.0400354Z [36;1m  -a 'X64' \[0m
build_and_deploy	Setup Flutter	2025-12-23T16:12:38.0401276Z [36;1m  -k '' \[0m
build_and_deploy	Setup Flutter	2025-12-23T16:12:38.0402133Z [36;1m  -c '' \[0m
build_and_deploy	Setup Flutter	2025-12-23T16:12:38.0402985Z [36;1m  -l '' \[0m
build_and_deploy	Setup Flutter	2025-12-23T16:12:38.0403859Z [36;1m  -d 'default' \[0m
build_and_deploy	Setup Flutter	2025-12-23T16:12:38.0405015Z [36;1m  -g 'https://github.com/flutter/flutter.git' \[0m
build_and_deploy	Setup Flutter	2025-12-23T16:12:38.0406158Z [36;1m  stable[0m
build_and_deploy	Setup Flutter	2025-12-23T16:12:38.0430202Z shell: /usr/bin/bash --noprofile --norc -e -o pipefail ***0***
build_and_deploy	Setup Flutter	2025-12-23T16:12:38.0431504Z ##[endgroup]
build_and_deploy	Setup Flutter	2025-12-23T16:12:38.2499597Z ##[group]Run $GITHUB_ACTION_PATH/setup.sh \
build_and_deploy	Setup Flutter	2025-12-23T16:12:38.2500831Z [36;1m$GITHUB_ACTION_PATH/setup.sh \[0m
build_and_deploy	Setup Flutter	2025-12-23T16:12:38.2501896Z [36;1m  -n '3.38.5' \[0m
build_and_deploy	Setup Flutter	2025-12-23T16:12:38.2502823Z [36;1m  -a 'x64' \[0m
build_and_deploy	Setup Flutter	2025-12-23T16:12:38.2503953Z [36;1m  -c '/opt/hostedtoolcache/flutter/stable-3.38.5-x64' \[0m
build_and_deploy	Setup Flutter	2025-12-23T16:12:38.2505241Z [36;1m  -d '/home/runner/.pub-cache' \[0m
build_and_deploy	Setup Flutter	2025-12-23T16:12:38.2506275Z [36;1m  stable[0m
build_and_deploy	Setup Flutter	2025-12-23T16:12:38.2530845Z shell: /usr/bin/bash --noprofile --norc -e -o pipefail ***0***
build_and_deploy	Setup Flutter	2025-12-23T16:12:38.2532126Z ##[endgroup]
build_and_deploy	Setup Flutter	2025-12-23T16:12:38.4314627Z   % Total    % Received % Xferd  Average Speed   Time    Time     Time  Current
build_and_deploy	Setup Flutter	2025-12-23T16:12:38.4316482Z                                  Dload  Upload   Total   Spent    Left  Speed
build_and_deploy	Setup Flutter	2025-12-23T16:12:38.4317364Z 
build_and_deploy	Setup Flutter	2025-12-23T16:12:39.0634091Z   0     0    0     0    0     0      0      0 --:--:-- --:--:-- --:--:--     0
build_and_deploy	Setup Flutter	2025-12-23T16:12:40.0635237Z   7 1396M    7  110M    0     0   174M      0  0:00:08 --:--:--  0:00:08  174M
build_and_deploy	Setup Flutter	2025-12-23T16:12:41.0633454Z  21 1396M   21  301M    0     0   184M      0  0:00:07  0:00:01  0:00:06  184M
build_and_deploy	Setup Flutter	2025-12-23T16:12:42.0633711Z  35 1396M   35  496M    0     0   188M      0  0:00:07  0:00:02  0:00:05  188M
build_and_deploy	Setup Flutter	2025-12-23T16:12:43.0633724Z  49 1396M   49  694M    0     0   191M      0  0:00:07  0:00:03  0:00:04  191M
build_and_deploy	Setup Flutter	2025-12-23T16:12:44.0632915Z  63 1396M   63  881M    0     0   190M      0  0:00:07  0:00:04  0:00:03  190M
build_and_deploy	Setup Flutter	2025-12-23T16:12:45.0632755Z  76 1396M   76 1063M    0     0   188M      0  0:00:07  0:00:05  0:00:02  190M
build_and_deploy	Setup Flutter	2025-12-23T16:12:45.7391304Z  90 1396M   90 1265M    0     0   190M      0  0:00:07  0:00:06  0:00:01  192M
build_and_deploy	Setup Flutter	2025-12-23T16:13:36.3559372Z 100 1396M  100 1396M    0     0   191M      0  0:00:07  0:00:07 --:--:--  192M
build_and_deploy	Verify Flutter	ï»¿2025-12-23T16:13:36.3638271Z ##[group]Run flutter --version
build_and_deploy	Verify Flutter	2025-12-23T16:13:36.3638658Z [36;1mflutter --version[0m
build_and_deploy	Verify Flutter	2025-12-23T16:13:36.3660370Z shell: /usr/bin/bash -e ***0***
build_and_deploy	Verify Flutter	2025-12-23T16:13:36.3660714Z env:
build_and_deploy	Verify Flutter	2025-12-23T16:13:36.3661053Z   FLUTTER_ROOT: /opt/hostedtoolcache/flutter/stable-3.38.5-x64
build_and_deploy	Verify Flutter	2025-12-23T16:13:36.3661446Z   PUB_CACHE: /home/runner/.pub-cache
build_and_deploy	Verify Flutter	2025-12-23T16:13:36.3661750Z ##[endgroup]
build_and_deploy	Verify Flutter	2025-12-23T16:13:36.5639705Z Flutter 3.38.5 â€¢ channel stable â€¢ https://github.com/flutter/flutter.git
build_and_deploy	Verify Flutter	2025-12-23T16:13:36.5640651Z Framework â€¢ revision f6ff1529fd (12 days ago) â€¢ 2025-12-11 11:50:07 -0500
build_and_deploy	Verify Flutter	2025-12-23T16:13:36.5641538Z Engine â€¢ hash c108a94d7a8273e112339e6c6833daa06e723a54 (revision 1527ae0ec5) (12 days ago) â€¢ 2025-12-11 15:04:31.000Z
build_and_deploy	Verify Flutter	2025-12-23T16:13:36.5642488Z Tools â€¢ Dart 3.10.4 â€¢ DevTools 2.51.1
build_and_deploy	Cache Flutter Pub packages	ï»¿2025-12-23T16:13:36.6566542Z ##[group]Run actions/cache@v4
build_and_deploy	Cache Flutter Pub packages	2025-12-23T16:13:36.6566903Z with:
build_and_deploy	Cache Flutter Pub packages	2025-12-23T16:13:36.6567351Z   path: ~/.pub-cache
build_and_deploy	Cache Flutter Pub packages	
build_and_deploy	Cache Flutter Pub packages	2025-12-23T16:13:36.6568235Z   key: Linux-pub-11c962e0daf3758977c45a8dc3e808d1118c607c88c7d4d6cf9e1482829858fc
build_and_deploy	Cache Flutter Pub packages	2025-12-23T16:13:36.6568720Z   restore-keys: Linux-pub-
build_and_deploy	Cache Flutter Pub packages	
build_and_deploy	Cache Flutter Pub packages	2025-12-23T16:13:36.6569029Z   enableCrossOsArchive: false
build_and_deploy	Cache Flutter Pub packages	2025-12-23T16:13:36.6569312Z   fail-on-cache-miss: false
build_and_deploy	Cache Flutter Pub packages	2025-12-23T16:13:36.6569590Z   lookup-only: false
build_and_deploy	Cache Flutter Pub packages	2025-12-23T16:13:36.6569842Z   save-always: false
build_and_deploy	Cache Flutter Pub packages	2025-12-23T16:13:36.6570081Z env:
build_and_deploy	Cache Flutter Pub packages	2025-12-23T16:13:36.6570403Z   FLUTTER_ROOT: /opt/hostedtoolcache/flutter/stable-3.38.5-x64
build_and_deploy	Cache Flutter Pub packages	2025-12-23T16:13:36.6570801Z   PUB_CACHE: /home/runner/.pub-cache
build_and_deploy	Cache Flutter Pub packages	2025-12-23T16:13:36.6571085Z ##[endgroup]
build_and_deploy	Cache Flutter Pub packages	2025-12-23T16:13:37.0277052Z Cache hit for: Linux-pub-11c962e0daf3758977c45a8dc3e808d1118c607c88c7d4d6cf9e1482829858fc
build_and_deploy	Cache Flutter Pub packages	2025-12-23T16:13:38.2712970Z Received 29360128 of 40113154 (73.2%), 28.0 MBs/sec
build_and_deploy	Cache Flutter Pub packages	2025-12-23T16:13:38.4740848Z Received 40113154 of 40113154 (100.0%), 31.8 MBs/sec
build_and_deploy	Cache Flutter Pub packages	2025-12-23T16:13:38.4741739Z Cache Size: ~38 MB (40113154 B)
build_and_deploy	Cache Flutter Pub packages	2025-12-23T16:13:38.4771812Z [command]/usr/bin/tar -xf /home/runner/work/_temp/335edc63-98dc-48aa-aa80-9c711cee963a/cache.tzst -P -C /home/runner/work/simple_match/simple_match --use-compress-program unzstd
build_and_deploy	Cache Flutter Pub packages	2025-12-23T16:13:38.8594565Z Cache restored successfully
build_and_deploy	Cache Flutter Pub packages	2025-12-23T16:13:38.8715586Z Cache restored from key: Linux-pub-11c962e0daf3758977c45a8dc3e808d1118c607c88c7d4d6cf9e1482829858fc
build_and_deploy	Install dependencies	ï»¿2025-12-23T16:13:38.8787294Z ##[group]Run flutter pub get
build_and_deploy	Install dependencies	2025-12-23T16:13:38.8787894Z [36;1mflutter pub get[0m
build_and_deploy	Install dependencies	2025-12-23T16:13:38.8807477Z shell: /usr/bin/bash -e ***0***
build_and_deploy	Install dependencies	2025-12-23T16:13:38.8807969Z env:
build_and_deploy	Install dependencies	2025-12-23T16:13:38.8808297Z   FLUTTER_ROOT: /opt/hostedtoolcache/flutter/stable-3.38.5-x64
build_and_deploy	Install dependencies	2025-12-23T16:13:38.8808706Z   PUB_CACHE: /home/runner/.pub-cache
build_and_deploy	Install dependencies	2025-12-23T16:13:38.8808991Z ##[endgroup]
build_and_deploy	Install dependencies	2025-12-23T16:13:39.6565950Z Resolving dependencies...
build_and_deploy	Install dependencies	2025-12-23T16:13:39.9893598Z Downloading packages...
build_and_deploy	Install dependencies	2025-12-23T16:13:39.9934797Z   _fe_analyzer_shared 89.0.0 (92.0.0 available)
build_and_deploy	Install dependencies	2025-12-23T16:13:39.9935421Z   analyzer 8.2.0 (9.0.0 available)
build_and_deploy	Install dependencies	2025-12-23T16:13:39.9935958Z   build 4.0.0 (4.0.3 available)
build_and_deploy	Install dependencies	2025-12-23T16:13:39.9936403Z   build_daemon 4.0.4 (4.1.1 available)
build_and_deploy	Install dependencies	2025-12-23T16:13:39.9936881Z   build_runner 2.8.0 (2.10.4 available)
build_and_deploy	Install dependencies	2025-12-23T16:13:39.9937361Z   built_value 8.12.0 (8.12.1 available)
build_and_deploy	Install dependencies	2025-12-23T16:13:39.9938069Z   characters 1.4.0 (1.4.1 available)
build_and_deploy	Install dependencies	2025-12-23T16:13:39.9938543Z   crypto 3.0.6 (3.0.7 available)
build_and_deploy	Install dependencies	2025-12-23T16:13:39.9939109Z   dart_style 3.1.2 (3.1.3 available)
build_and_deploy	Install dependencies	2025-12-23T16:13:39.9939639Z   flutter_lints 5.0.0 (6.0.0 available)
build_and_deploy	Install dependencies	2025-12-23T16:13:39.9940136Z   http 1.5.0 (1.6.0 available)
build_and_deploy	Install dependencies	2025-12-23T16:13:39.9940602Z   image 4.5.4 (4.7.2 available)
build_and_deploy	Install dependencies	2025-12-23T16:13:39.9941030Z   lints 5.1.1 (6.0.0 available)
build_and_deploy	Install dependencies	2025-12-23T16:13:39.9941464Z   matcher 0.12.17 (0.12.18 available)
build_and_deploy	Install dependencies	2025-12-23T16:13:39.9942088Z   material_color_utilities 0.11.1 (0.13.0 available)
build_and_deploy	Install dependencies	2025-12-23T16:13:39.9942643Z > meta 1.17.0 (was 1.16.0)
build_and_deploy	Install dependencies	2025-12-23T16:13:39.9943109Z   mockito 5.5.1 (5.6.1 available)
build_and_deploy	Install dependencies	2025-12-23T16:13:39.9943663Z   path_provider_android 2.2.18 (2.2.22 available)
build_and_deploy	Install dependencies	2025-12-23T16:13:39.9944203Z   path_provider_foundation 2.4.2 (2.5.1 available)
build_and_deploy	Install dependencies	2025-12-23T16:13:39.9944805Z   shared_preferences 2.5.3 (2.5.4 available)
build_and_deploy	Install dependencies	2025-12-23T16:13:39.9945431Z   shared_preferences_android 2.4.13 (2.4.18 available)
build_and_deploy	Install dependencies	2025-12-23T16:13:39.9946167Z   shared_preferences_foundation 2.5.4 (2.5.6 available)
build_and_deploy	Install dependencies	2025-12-23T16:13:39.9946798Z   source_gen 4.0.1 (4.1.1 available)
build_and_deploy	Install dependencies	2025-12-23T16:13:39.9947392Z > test_api 0.7.7 (was 0.7.6) (0.7.8 available)
build_and_deploy	Install dependencies	2025-12-23T16:13:39.9948109Z   watcher 1.1.3 (1.2.0 available)
build_and_deploy	Install dependencies	2025-12-23T16:13:39.9948640Z Changed 2 dependencies!
build_and_deploy	Install dependencies	2025-12-23T16:13:39.9949334Z 24 packages have newer versions incompatible with dependency constraints.
build_and_deploy	Install dependencies	2025-12-23T16:13:39.9950158Z Try `flutter pub outdated` for more information.
build_and_deploy	Run ./build.sh web --release	ï»¿2025-12-23T16:13:40.3558714Z ##[group]Run ./build.sh web --release
build_and_deploy	Run ./build.sh web --release	2025-12-23T16:13:40.3559108Z [36;1m./build.sh web --release[0m
build_and_deploy	Run ./build.sh web --release	2025-12-23T16:13:40.3590245Z shell: /usr/bin/bash -e ***0***
build_and_deploy	Run ./build.sh web --release	2025-12-23T16:13:40.3590643Z env:
build_and_deploy	Run ./build.sh web --release	2025-12-23T16:13:40.3591199Z   FLUTTER_ROOT: /opt/hostedtoolcache/flutter/stable-3.38.5-x64
build_and_deploy	Run ./build.sh web --release	2025-12-23T16:13:40.3591676Z   PUB_CACHE: /home/runner/.pub-cache
build_and_deploy	Run ./build.sh web --release	2025-12-23T16:13:40.3592028Z ##[endgroup]
build_and_deploy	Run ./build.sh web --release	2025-12-23T16:13:40.3669771Z Downloading NotoSerifHK from https://github.com/notofonts/noto-cjk/raw/refs/heads/main/google-fonts/NotoSerifHK%5Bwght%5D.ttf and saving as NotoSerifHK-wght.ttf...
build_and_deploy	Run ./build.sh web --release	2025-12-23T16:13:40.3712477Z   % Total    % Received % Xferd  Average Speed   Time    Time     Time  Current
build_and_deploy	Run ./build.sh web --release	2025-12-23T16:13:40.3713397Z                                  Dload  Upload   Total   Spent    Left  Speed
build_and_deploy	Run ./build.sh web --release	2025-12-23T16:13:40.3713824Z 
build_and_deploy	Run ./build.sh web --release	2025-12-23T16:13:40.6209761Z   0     0    0     0    0     0      0      0 --:--:-- --:--:-- --:--:--     0
build_and_deploy	Run ./build.sh web --release	2025-12-23T16:13:40.6210428Z   0     0    0     0    0     0      0      0 --:--:-- --:--:-- --:--:--     0
build_and_deploy	Run ./build.sh web --release	2025-12-23T16:13:41.1751604Z 
build_and_deploy	Run ./build.sh web --release	2025-12-23T16:13:41.2567419Z   0 16.0M    0     0    0     0      0      0 --:--:-- --:--:-- --:--:--     0
build_and_deploy	Run ./build.sh web --release	2025-12-23T16:13:41.2568264Z 100 16.0M  100 16.0M    0     0  18.1M      0 --:--:-- --:--:-- --:--:--  198M
build_and_deploy	Run ./build.sh web --release	2025-12-23T16:13:41.2775282Z Font downloaded to assets/fonts/NotoSerifHK-wght.ttf.
build_and_deploy	Run ./build.sh web --release	2025-12-23T16:13:41.2862964Z Also created compatibility copy assets/fonts/NotoSerifHK[wght].ttf if permissions allow.
build_and_deploy	Run ./build.sh web --release	2025-12-23T16:14:28.7006101Z Compiling lib/main.dart for the Web...                          
build_and_deploy	Run ./build.sh web --release	2025-12-23T16:14:28.7014584Z Wasm dry run findings:
build_and_deploy	Run ./build.sh web --release	2025-12-23T16:14:28.7015947Z Found incompatibilities with WebAssembly.
build_and_deploy	Run ./build.sh web --release	2025-12-23T16:14:28.7016299Z 
build_and_deploy	Run ./build.sh web --release	2025-12-23T16:14:28.7016770Z package:simple_match/views/export_utils_web.dart 4:1 - dart:html unsupported (0)
build_and_deploy	Run ./build.sh web --release	2025-12-23T16:14:28.7017933Z package:simple_match/views/io_file_helpers_web.dart 6:1 - dart:html unsupported (0)
build_and_deploy	Run ./build.sh web --release	2025-12-23T16:14:28.7019111Z package:simple_match/views/io_file_helpers_web.dart 7:1 - JS interop library 'dart:js_util' can't be imported when compiling to Wasm. (2)
build_and_deploy	Run ./build.sh web --release	2025-12-23T16:14:28.7020826Z file:///home/runner/.pub-cache/hosted/pub.dev/image-4.5.4/lib/src/exif/ifd_directory.dart 174:26 - avoid_double_and_int_checks lint violation: Explicit check for double or int. (13)
build_and_deploy	Run ./build.sh web --release	2025-12-23T16:14:28.7022781Z file:///home/runner/.pub-cache/hosted/pub.dev/image-4.5.4/lib/src/exif/ifd_directory.dart 183:26 - avoid_double_and_int_checks lint violation: Explicit check for double or int. (13)
build_and_deploy	Run ./build.sh web --release	2025-12-23T16:14:28.7023799Z 
build_and_deploy	Run ./build.sh web --release	2025-12-23T16:14:28.7024514Z Consider addressing these issues to enable wasm builds. See docs for more info: https://docs.flutter.dev/platform-integration/web/wasm
build_and_deploy	Run ./build.sh web --release	2025-12-23T16:14:28.7025293Z 
build_and_deploy	Run ./build.sh web --release	2025-12-23T16:14:28.7025531Z Use --no-wasm-dry-run to disable these warnings.
build_and_deploy	Run ./build.sh web --release	2025-12-23T16:14:30.5557934Z Font asset "CupertinoIcons.ttf" was tree-shaken, reducing it from 257628 to 1472 bytes (99.4% reduction). Tree-shaking can be disabled by providing the --no-tree-shake-icons flag when building your app.
build_and_deploy	Run ./build.sh web --release	2025-12-23T16:14:30.5563515Z Font asset "MaterialIcons-Regular.otf" was tree-shaken, reducing it from 1645184 to 10348 bytes (99.4% reduction). Tree-shaking can be disabled by providing the --no-tree-shake-icons flag when building your app.
build_and_deploy	Run ./build.sh web --release	2025-12-23T16:14:31.5636652Z Compiling lib/main.dart for the Web...                             49.8s
build_and_deploy	Run ./build.sh web --release	2025-12-23T16:14:31.5644456Z âœ“ Built build/web
build_and_deploy	Run FirebaseExtended/action-hosting-deploy@v0	ï»¿2025-12-23T16:14:31.5813381Z ##[group]Run FirebaseExtended/action-hosting-deploy@v0
build_and_deploy	Run FirebaseExtended/action-hosting-deploy@v0	2025-12-23T16:14:31.5813763Z with:
build_and_deploy	Run FirebaseExtended/action-hosting-deploy@v0	2025-12-23T16:14:31.5814122Z   repoToken: ***
build_and_deploy	Run FirebaseExtended/action-hosting-deploy@v0	2025-12-23T16:14:31.5822890Z   firebaseServiceAccount: ***
build_and_deploy	Run FirebaseExtended/action-hosting-deploy@v0	
build_and_deploy	Run FirebaseExtended/action-hosting-deploy@v0	2025-12-23T16:14:31.5823189Z   channelId: live
build_and_deploy	Run FirebaseExtended/action-hosting-deploy@v0	2025-12-23T16:14:31.5823454Z   projectId: dt-simple-match
build_and_deploy	Run FirebaseExtended/action-hosting-deploy@v0	2025-12-23T16:14:31.5823743Z   expires: 7d
build_and_deploy	Run FirebaseExtended/action-hosting-deploy@v0	2025-12-23T16:14:31.5823976Z   entryPoint: .
build_and_deploy	Run FirebaseExtended/action-hosting-deploy@v0	2025-12-23T16:14:31.5824233Z   firebaseToolsVersion: latest
build_and_deploy	Run FirebaseExtended/action-hosting-deploy@v0	2025-12-23T16:14:31.5824516Z   disableComment: false
build_and_deploy	Run FirebaseExtended/action-hosting-deploy@v0	2025-12-23T16:14:31.5824773Z   force: false
build_and_deploy	Run FirebaseExtended/action-hosting-deploy@v0	2025-12-23T16:14:31.5825006Z env:
build_and_deploy	Run FirebaseExtended/action-hosting-deploy@v0	2025-12-23T16:14:31.5825306Z   FLUTTER_ROOT: /opt/hostedtoolcache/flutter/stable-3.38.5-x64
build_and_deploy	Run FirebaseExtended/action-hosting-deploy@v0	2025-12-23T16:14:31.5825683Z   PUB_CACHE: /home/runner/.pub-cache
build_and_deploy	Run FirebaseExtended/action-hosting-deploy@v0	2025-12-23T16:14:31.5825999Z   FIREBASE_CLI_EXPERIMENTS: webframeworks
build_and_deploy	Run FirebaseExtended/action-hosting-deploy@v0	2025-12-23T16:14:31.5826481Z ##[endgroup]
build_and_deploy	Run FirebaseExtended/action-hosting-deploy@v0	2025-12-23T16:14:31.6464744Z ##[group]Verifying firebase.json exists
build_and_deploy	Run FirebaseExtended/action-hosting-deploy@v0	2025-12-23T16:14:31.6469745Z firebase.json file found. Continuing deploy.
build_and_deploy	Run FirebaseExtended/action-hosting-deploy@v0	2025-12-23T16:14:31.6473482Z ##[endgroup]
build_and_deploy	Run FirebaseExtended/action-hosting-deploy@v0	2025-12-23T16:14:31.6474373Z ##[group]Setting up CLI credentials
build_and_deploy	Run FirebaseExtended/action-hosting-deploy@v0	2025-12-23T16:14:31.6487557Z Created a temporary file with Application Default Credentials.
build_and_deploy	Run FirebaseExtended/action-hosting-deploy@v0	2025-12-23T16:14:31.6488769Z ##[endgroup]
build_and_deploy	Run FirebaseExtended/action-hosting-deploy@v0	2025-12-23T16:14:31.6489455Z ##[group]Deploying to production site
build_and_deploy	Run FirebaseExtended/action-hosting-deploy@v0	2025-12-23T16:14:31.6528742Z [command]/usr/local/bin/npx firebase-tools@latest deploy --only hosting --project dt-simple-match --json
build_and_deploy	Run FirebaseExtended/action-hosting-deploy@v0	2025-12-23T16:14:36.9633157Z npm warn exec The following package was not found and will be installed: firebase-tools@15.1.0
build_and_deploy	Run FirebaseExtended/action-hosting-deploy@v0	2025-12-23T16:14:52.3885666Z npm warn deprecated node-domexception@1.0.0: Use your platform's native DOMException instead
build_and_deploy	Run FirebaseExtended/action-hosting-deploy@v0	2025-12-23T16:15:43.7526415Z Compiling lib/main.dart for the Web...                          
build_and_deploy	Run FirebaseExtended/action-hosting-deploy@v0	2025-12-23T16:15:43.7533110Z Wasm dry run findings:
build_and_deploy	Run FirebaseExtended/action-hosting-deploy@v0	2025-12-23T16:15:43.7533858Z Found incompatibilities with WebAssembly.
build_and_deploy	Run FirebaseExtended/action-hosting-deploy@v0	2025-12-23T16:15:43.7534277Z 
build_and_deploy	Run FirebaseExtended/action-hosting-deploy@v0	2025-12-23T16:15:43.7534753Z package:simple_match/views/export_utils_web.dart 4:1 - dart:html unsupported (0)
build_and_deploy	Run FirebaseExtended/action-hosting-deploy@v0	2025-12-23T16:15:43.7535771Z package:simple_match/views/io_file_helpers_web.dart 6:1 - dart:html unsupported (0)
build_and_deploy	Run FirebaseExtended/action-hosting-deploy@v0	2025-12-23T16:15:43.7536527Z package:simple_match/views/io_file_helpers_web.dart 7:1 - JS interop library 'dart:js_util' can't be imported when compiling to Wasm. (2)
build_and_deploy	Run FirebaseExtended/action-hosting-deploy@v0	2025-12-23T16:15:43.7537490Z file:///home/runner/.pub-cache/hosted/pub.dev/image-4.5.4/lib/src/exif/ifd_directory.dart 174:26 - avoid_double_and_int_checks lint violation: Explicit check for double or int. (13)
build_and_deploy	Run FirebaseExtended/action-hosting-deploy@v0	2025-12-23T16:15:43.7538709Z file:///home/runner/.pub-cache/hosted/pub.dev/image-4.5.4/lib/src/exif/ifd_directory.dart 183:26 - avoid_double_and_int_checks lint violation: Explicit check for double or int. (13)
build_and_deploy	Run FirebaseExtended/action-hosting-deploy@v0	2025-12-23T16:15:43.7539271Z 
build_and_deploy	Run FirebaseExtended/action-hosting-deploy@v0	2025-12-23T16:15:43.7539674Z Consider addressing these issues to enable wasm builds. See docs for more info: https://docs.flutter.dev/platform-integration/web/wasm
build_and_deploy	Run FirebaseExtended/action-hosting-deploy@v0	2025-12-23T16:15:43.7540145Z 
build_and_deploy	Run FirebaseExtended/action-hosting-deploy@v0	2025-12-23T16:15:43.7541488Z Use --no-wasm-dry-run to disable these warnings.
build_and_deploy	Run FirebaseExtended/action-hosting-deploy@v0	2025-12-23T16:15:44.6220071Z Compiling lib/main.dart for the Web...                             43.7s
build_and_deploy	Run FirebaseExtended/action-hosting-deploy@v0	2025-12-23T16:15:44.6236742Z âœ“ Built build/web
build_and_deploy	Run FirebaseExtended/action-hosting-deploy@v0	2025-12-23T16:15:47.5927815Z ***
build_and_deploy	Run FirebaseExtended/action-hosting-deploy@v0	2025-12-23T16:15:47.5928359Z   "status": "success",
build_and_deploy	Run FirebaseExtended/action-hosting-deploy@v0	2025-12-23T16:15:47.5928820Z   "result": ***
build_and_deploy	Run FirebaseExtended/action-hosting-deploy@v0	2025-12-23T16:15:47.5929528Z     "hosting": "projects/564627646033/sites/dt-simple-match/versions/a8f9d069b7b0c545"
build_and_deploy	Run FirebaseExtended/action-hosting-deploy@v0	2025-12-23T16:15:47.5930279Z   ***
build_and_deploy	Run FirebaseExtended/action-hosting-deploy@v0	2025-12-23T16:15:47.6291663Z ***::endgroup::
build_and_deploy	Run FirebaseExtended/action-hosting-deploy@v0	2025-12-23T16:15:47.6300316Z ***
build_and_deploy	Run FirebaseExtended/action-hosting-deploy@v0	2025-12-23T16:15:47.6300915Z   details_url: 'https://dt-simple-match.web.app/',
build_and_deploy	Run FirebaseExtended/action-hosting-deploy@v0	2025-12-23T16:15:47.6301426Z   conclusion: 'success',
build_and_deploy	Run FirebaseExtended/action-hosting-deploy@v0	2025-12-23T16:15:47.6301779Z   output: ***
build_and_deploy	Run FirebaseExtended/action-hosting-deploy@v0	2025-12-23T16:15:47.6302068Z     title: 'Production deploy succeeded',
build_and_deploy	Run FirebaseExtended/action-hosting-deploy@v0	2025-12-23T16:15:47.6302589Z     summary: '[dt-simple-match.web.app](https://dt-simple-match.web.app/)'
build_and_deploy	Run FirebaseExtended/action-hosting-deploy@v0	2025-12-23T16:15:47.6303096Z   ***
build_and_deploy	Run FirebaseExtended/action-hosting-deploy@v0	2025-12-23T16:15:47.6303333Z ***
build_and_deploy	Post Cache Flutter Pub packages	ï»¿2025-12-23T16:15:47.7378027Z Post job cleanup.
build_and_deploy	Post Cache Flutter Pub packages	2025-12-23T16:15:47.8626354Z Cache hit occurred on the primary key Linux-pub-11c962e0daf3758977c45a8dc3e808d1118c607c88c7d4d6cf9e1482829858fc, not saving cache.
build_and_deploy	Post Setup Flutter	ï»¿2025-12-23T16:15:47.8755490Z Post job cleanup.
build_and_deploy	Post Run actions/checkout@v4	ï»¿2025-12-23T16:15:47.8809205Z Post job cleanup.
build_and_deploy	Post Run actions/checkout@v4	2025-12-23T16:15:47.9728672Z [command]/usr/bin/git version
build_and_deploy	Post Run actions/checkout@v4	2025-12-23T16:15:47.9762506Z git version 2.52.0
build_and_deploy	Post Run actions/checkout@v4	2025-12-23T16:15:47.9801714Z Temporarily overriding HOME='/home/runner/work/_temp/cc012550-19af-46b8-b886-1a3be24ea6ad' before making global git config changes
build_and_deploy	Post Run actions/checkout@v4	2025-12-23T16:15:47.9802661Z Adding repository directory to the temporary git global config as a safe directory
build_and_deploy	Post Run actions/checkout@v4	2025-12-23T16:15:47.9807334Z [command]/usr/bin/git config --global --add safe.directory /home/runner/work/simple_match/simple_match
build_and_deploy	Post Run actions/checkout@v4	2025-12-23T16:15:47.9851056Z [command]/usr/bin/git config --local --name-only --get-regexp core\.sshCommand
build_and_deploy	Post Run actions/checkout@v4	2025-12-23T16:15:47.9880936Z [command]/usr/bin/git submodule foreach --recursive sh -c "git config --local --name-only --get-regexp 'core\.sshCommand' && git config --local --unset-all 'core.sshCommand' || :"
build_and_deploy	Post Run actions/checkout@v4	2025-12-23T16:15:48.0079278Z [command]/usr/bin/git config --local --name-only --get-regexp http\.https\:\/\/github\.com\/\.extraheader
build_and_deploy	Post Run actions/checkout@v4	2025-12-23T16:15:48.0099617Z http.https://github.com/.extraheader
build_and_deploy	Post Run actions/checkout@v4	2025-12-23T16:15:48.0110356Z [command]/usr/bin/git config --local --unset-all http.https://github.com/.extraheader
build_and_deploy	Post Run actions/checkout@v4	2025-12-23T16:15:48.0137998Z [command]/usr/bin/git submodule foreach --recursive sh -c "git config --local --name-only --get-regexp 'http\.https\:\/\/github\.com\/\.extraheader' && git config --local --unset-all 'http.https://github.com/.extraheader' || :"
build_and_deploy	Post Run actions/checkout@v4	2025-12-23T16:15:48.0331093Z [command]/usr/bin/git config --local --name-only --get-regexp ^includeIf\.gitdir:
build_and_deploy	Post Run actions/checkout@v4	2025-12-23T16:15:48.0361015Z [command]/usr/bin/git submodule foreach --recursive git config --local --show-origin --name-only --get-regexp remote.origin.url
build_and_deploy	Complete job	ï»¿2025-12-23T16:15:48.0646027Z Cleaning up orphan processes
