build_and_deploy	Set up job	ï»¿2025-12-23T16:30:17.2424290Z Current runner version: '2.330.0'
build_and_deploy	Set up job	2025-12-23T16:30:17.2452615Z ##[group]Runner Image Provisioner
build_and_deploy	Set up job	2025-12-23T16:30:17.2454137Z Hosted Compute Agent
build_and_deploy	Set up job	2025-12-23T16:30:17.2455346Z Version: 20251211.462
build_and_deploy	Set up job	2025-12-23T16:30:17.2456544Z Commit: 6cbad8c2bb55d58165063d031ccabf57e2d2db61
build_and_deploy	Set up job	2025-12-23T16:30:17.2457801Z Build Date: 2025-12-11T16:28:49Z
build_and_deploy	Set up job	2025-12-23T16:30:17.2459283Z Worker ID: ***46e678be-b7be-49ae-b4dd-54ca9eca6786***
build_and_deploy	Set up job	2025-12-23T16:30:17.2460133Z ##[endgroup]
build_and_deploy	Set up job	2025-12-23T16:30:17.2460850Z ##[group]Operating System
build_and_deploy	Set up job	2025-12-23T16:30:17.2461557Z Ubuntu
build_and_deploy	Set up job	2025-12-23T16:30:17.2462209Z 24.04.3
build_and_deploy	Set up job	2025-12-23T16:30:17.2462786Z LTS
build_and_deploy	Set up job	2025-12-23T16:30:17.2463419Z ##[endgroup]
build_and_deploy	Set up job	2025-12-23T16:30:17.2464061Z ##[group]Runner Image
build_and_deploy	Set up job	2025-12-23T16:30:17.2464981Z Image: ubuntu-24.04
build_and_deploy	Set up job	2025-12-23T16:30:17.2465649Z Version: 20251215.174.1
build_and_deploy	Set up job	2025-12-23T16:30:17.2466852Z Included Software: https://github.com/actions/runner-images/blob/ubuntu24/20251215.174/images/ubuntu/Ubuntu2404-Readme.md
build_and_deploy	Set up job	2025-12-23T16:30:17.2468275Z Image Release: https://github.com/actions/runner-images/releases/tag/ubuntu24%2F20251215.174
build_and_deploy	Set up job	2025-12-23T16:30:17.2469585Z ##[endgroup]
build_and_deploy	Set up job	2025-12-23T16:30:17.2470956Z ##[group]GITHUB_TOKEN Permissions
build_and_deploy	Set up job	2025-12-23T16:30:17.2473284Z Contents: read
build_and_deploy	Set up job	2025-12-23T16:30:17.2473950Z Metadata: read
build_and_deploy	Set up job	2025-12-23T16:30:17.2474743Z Packages: read
build_and_deploy	Set up job	2025-12-23T16:30:17.2475350Z ##[endgroup]
build_and_deploy	Set up job	2025-12-23T16:30:17.2477681Z Secret source: Actions
build_and_deploy	Set up job	2025-12-23T16:30:17.2478485Z Prepare workflow directory
build_and_deploy	Set up job	2025-12-23T16:30:17.2940519Z Prepare all required actions
build_and_deploy	Set up job	2025-12-23T16:30:17.2998991Z Getting action download info
build_and_deploy	Set up job	2025-12-23T16:30:17.6460891Z Download action repository 'actions/checkout@v4' (SHA:34e114876b0b11c390a56381ad16ebd13914f8d5)
build_and_deploy	Set up job	2025-12-23T16:30:17.7460749Z Download action repository 'subosito/flutter-action@v2' (SHA:fd55f4c5af5b953cc57a2be44cb082c8f6635e8e)
build_and_deploy	Set up job	2025-12-23T16:30:18.1650963Z Download action repository 'actions/cache@v4' (SHA:0057852bfaa89a56745cba8c7296529d2fc39830)
build_and_deploy	Set up job	2025-12-23T16:30:18.2481740Z Download action repository 'FirebaseExtended/action-hosting-deploy@v0' (SHA:e2eda2e106cfa35cdbcf4ac9ddaf6c4756df2c8c)
build_and_deploy	Set up job	2025-12-23T16:30:18.9529442Z Getting action download info
build_and_deploy	Set up job	2025-12-23T16:30:19.1922922Z Complete job name: build_and_deploy
build_and_deploy	Run actions/checkout@v4	ï»¿2025-12-23T16:30:19.2674325Z ##[group]Run actions/checkout@v4
build_and_deploy	Run actions/checkout@v4	2025-12-23T16:30:19.2675957Z with:
build_and_deploy	Run actions/checkout@v4	2025-12-23T16:30:19.2676903Z   repository: hfcs/simple_match
build_and_deploy	Run actions/checkout@v4	2025-12-23T16:30:19.2678345Z   token: ***
build_and_deploy	Run actions/checkout@v4	2025-12-23T16:30:19.2679271Z   ssh-strict: true
build_and_deploy	Run actions/checkout@v4	2025-12-23T16:30:19.2680222Z   ssh-user: git
build_and_deploy	Run actions/checkout@v4	2025-12-23T16:30:19.2681196Z   persist-credentials: true
build_and_deploy	Run actions/checkout@v4	2025-12-23T16:30:19.2682238Z   clean: true
build_and_deploy	Run actions/checkout@v4	2025-12-23T16:30:19.2683233Z   sparse-checkout-cone-mode: true
build_and_deploy	Run actions/checkout@v4	2025-12-23T16:30:19.2684341Z   fetch-depth: 1
build_and_deploy	Run actions/checkout@v4	2025-12-23T16:30:19.2685473Z   fetch-tags: false
build_and_deploy	Run actions/checkout@v4	2025-12-23T16:30:19.2686473Z   show-progress: true
build_and_deploy	Run actions/checkout@v4	2025-12-23T16:30:19.2687463Z   lfs: false
build_and_deploy	Run actions/checkout@v4	2025-12-23T16:30:19.2688371Z   submodules: false
build_and_deploy	Run actions/checkout@v4	2025-12-23T16:30:19.2689365Z   set-safe-directory: true
build_and_deploy	Run actions/checkout@v4	2025-12-23T16:30:19.2690644Z ##[endgroup]
build_and_deploy	Run actions/checkout@v4	2025-12-23T16:30:19.3743104Z Syncing repository: hfcs/simple_match
build_and_deploy	Run actions/checkout@v4	2025-12-23T16:30:19.3746534Z ##[group]Getting Git version info
build_and_deploy	Run actions/checkout@v4	2025-12-23T16:30:19.3748110Z Working directory is '/home/runner/work/simple_match/simple_match'
build_and_deploy	Run actions/checkout@v4	2025-12-23T16:30:19.3750318Z [command]/usr/bin/git version
build_and_deploy	Run actions/checkout@v4	2025-12-23T16:30:19.3796615Z git version 2.52.0
build_and_deploy	Run actions/checkout@v4	2025-12-23T16:30:19.3820063Z ##[endgroup]
build_and_deploy	Run actions/checkout@v4	2025-12-23T16:30:19.3836435Z Temporarily overriding HOME='/home/runner/work/_temp/0decd10a-58e1-40bf-82da-8a718efeddcc' before making global git config changes
build_and_deploy	Run actions/checkout@v4	2025-12-23T16:30:19.3839300Z Adding repository directory to the temporary git global config as a safe directory
build_and_deploy	Run actions/checkout@v4	2025-12-23T16:30:19.3850254Z [command]/usr/bin/git config --global --add safe.directory /home/runner/work/simple_match/simple_match
build_and_deploy	Run actions/checkout@v4	2025-12-23T16:30:19.3887895Z Deleting the contents of '/home/runner/work/simple_match/simple_match'
build_and_deploy	Run actions/checkout@v4	2025-12-23T16:30:19.3891364Z ##[group]Initializing the repository
build_and_deploy	Run actions/checkout@v4	2025-12-23T16:30:19.3895000Z [command]/usr/bin/git init /home/runner/work/simple_match/simple_match
build_and_deploy	Run actions/checkout@v4	2025-12-23T16:30:19.4007401Z hint: Using 'master' as the name for the initial branch. This default branch name
build_and_deploy	Run actions/checkout@v4	2025-12-23T16:30:19.4009348Z hint: will change to "main" in Git 3.0. To configure the initial branch name
build_and_deploy	Run actions/checkout@v4	2025-12-23T16:30:19.4011201Z hint: to use in all of your new repositories, which will suppress this warning,
build_and_deploy	Run actions/checkout@v4	2025-12-23T16:30:19.4012748Z hint: call:
build_and_deploy	Run actions/checkout@v4	2025-12-23T16:30:19.4014037Z hint:
build_and_deploy	Run actions/checkout@v4	2025-12-23T16:30:19.4015572Z hint: 	git config --global init.defaultBranch <name>
build_and_deploy	Run actions/checkout@v4	2025-12-23T16:30:19.4016817Z hint:
build_and_deploy	Run actions/checkout@v4	2025-12-23T16:30:19.4018186Z hint: Names commonly chosen instead of 'master' are 'main', 'trunk' and
build_and_deploy	Run actions/checkout@v4	2025-12-23T16:30:19.4019983Z hint: 'development'. The just-created branch can be renamed via this command:
build_and_deploy	Run actions/checkout@v4	2025-12-23T16:30:19.4021434Z hint:
build_and_deploy	Run actions/checkout@v4	2025-12-23T16:30:19.4022345Z hint: 	git branch -m <name>
build_and_deploy	Run actions/checkout@v4	2025-12-23T16:30:19.4023496Z hint:
build_and_deploy	Run actions/checkout@v4	2025-12-23T16:30:19.4025068Z hint: Disable this message with "git config set advice.defaultBranchName false"
build_and_deploy	Run actions/checkout@v4	2025-12-23T16:30:19.4027067Z Initialized empty Git repository in /home/runner/work/simple_match/simple_match/.git/
build_and_deploy	Run actions/checkout@v4	2025-12-23T16:30:19.4030661Z [command]/usr/bin/git remote add origin https://github.com/hfcs/simple_match
build_and_deploy	Run actions/checkout@v4	2025-12-23T16:30:19.4056700Z ##[endgroup]
build_and_deploy	Run actions/checkout@v4	2025-12-23T16:30:19.4058353Z ##[group]Disabling automatic garbage collection
build_and_deploy	Run actions/checkout@v4	2025-12-23T16:30:19.4060094Z [command]/usr/bin/git config --local gc.auto 0
build_and_deploy	Run actions/checkout@v4	2025-12-23T16:30:19.4086504Z ##[endgroup]
build_and_deploy	Run actions/checkout@v4	2025-12-23T16:30:19.4088098Z ##[group]Setting up auth
build_and_deploy	Run actions/checkout@v4	2025-12-23T16:30:19.4092469Z [command]/usr/bin/git config --local --name-only --get-regexp core\.sshCommand
build_and_deploy	Run actions/checkout@v4	2025-12-23T16:30:19.4122896Z [command]/usr/bin/git submodule foreach --recursive sh -c "git config --local --name-only --get-regexp 'core\.sshCommand' && git config --local --unset-all 'core.sshCommand' || :"
build_and_deploy	Run actions/checkout@v4	2025-12-23T16:30:19.4430379Z [command]/usr/bin/git config --local --name-only --get-regexp http\.https\:\/\/github\.com\/\.extraheader
build_and_deploy	Run actions/checkout@v4	2025-12-23T16:30:19.4456318Z [command]/usr/bin/git submodule foreach --recursive sh -c "git config --local --name-only --get-regexp 'http\.https\:\/\/github\.com\/\.extraheader' && git config --local --unset-all 'http.https://github.com/.extraheader' || :"
build_and_deploy	Run actions/checkout@v4	2025-12-23T16:30:19.4625201Z [command]/usr/bin/git config --local --name-only --get-regexp ^includeIf\.gitdir:
build_and_deploy	Run actions/checkout@v4	2025-12-23T16:30:19.4652304Z [command]/usr/bin/git submodule foreach --recursive git config --local --show-origin --name-only --get-regexp remote.origin.url
build_and_deploy	Run actions/checkout@v4	2025-12-23T16:30:19.4834675Z [command]/usr/bin/git config --local http.https://github.com/.extraheader AUTHORIZATION: basic ***
build_and_deploy	Run actions/checkout@v4	2025-12-23T16:30:19.4863984Z ##[endgroup]
build_and_deploy	Run actions/checkout@v4	2025-12-23T16:30:19.4865838Z ##[group]Fetching the repository
build_and_deploy	Run actions/checkout@v4	2025-12-23T16:30:19.4872796Z [command]/usr/bin/git -c protocol.version=2 fetch --no-tags --prune --no-recurse-submodules --depth=1 origin +85e8da4f689ff2bb205613d77ae6466b459234ac:refs/remotes/origin/main
build_and_deploy	Run actions/checkout@v4	2025-12-23T16:30:19.7969951Z From https://github.com/hfcs/simple_match
build_and_deploy	Run actions/checkout@v4	2025-12-23T16:30:19.7971334Z  * [new ref]         85e8da4f689ff2bb205613d77ae6466b459234ac -> origin/main
build_and_deploy	Run actions/checkout@v4	2025-12-23T16:30:19.7996347Z ##[endgroup]
build_and_deploy	Run actions/checkout@v4	2025-12-23T16:30:19.7997333Z ##[group]Determining the checkout info
build_and_deploy	Run actions/checkout@v4	2025-12-23T16:30:19.7998454Z ##[endgroup]
build_and_deploy	Run actions/checkout@v4	2025-12-23T16:30:19.8003661Z [command]/usr/bin/git sparse-checkout disable
build_and_deploy	Run actions/checkout@v4	2025-12-23T16:30:19.8038132Z [command]/usr/bin/git config --local --unset-all extensions.worktreeConfig
build_and_deploy	Run actions/checkout@v4	2025-12-23T16:30:19.8058333Z ##[group]Checking out the ref
build_and_deploy	Run actions/checkout@v4	2025-12-23T16:30:19.8061734Z [command]/usr/bin/git checkout --progress --force -B main refs/remotes/origin/main
build_and_deploy	Run actions/checkout@v4	2025-12-23T16:30:19.8227586Z Switched to a new branch 'main'
build_and_deploy	Run actions/checkout@v4	2025-12-23T16:30:19.8228401Z branch 'main' set up to track 'origin/main'.
build_and_deploy	Run actions/checkout@v4	2025-12-23T16:30:19.8233412Z ##[endgroup]
build_and_deploy	Run actions/checkout@v4	2025-12-23T16:30:19.8265650Z [command]/usr/bin/git log -1 --format=%H
build_and_deploy	Run actions/checkout@v4	2025-12-23T16:30:19.8283414Z 85e8da4f689ff2bb205613d77ae6466b459234ac
build_and_deploy	Setup Flutter	ï»¿2025-12-23T16:30:19.8551478Z ##[group]Run subosito/flutter-action@v2
build_and_deploy	Setup Flutter	2025-12-23T16:30:19.8551951Z with:
build_and_deploy	Setup Flutter	2025-12-23T16:30:19.8552287Z   channel: stable
build_and_deploy	Setup Flutter	2025-12-23T16:30:19.8552642Z   architecture: X64
build_and_deploy	Setup Flutter	2025-12-23T16:30:19.8553126Z   cache: false
build_and_deploy	Setup Flutter	2025-12-23T16:30:19.8553495Z   pub-cache-path: default
build_and_deploy	Setup Flutter	2025-12-23T16:30:19.8553880Z   dry-run: false
build_and_deploy	Setup Flutter	2025-12-23T16:30:19.8554303Z   git-source: https://github.com/flutter/flutter.git
build_and_deploy	Setup Flutter	2025-12-23T16:30:19.8554937Z ##[endgroup]
build_and_deploy	Setup Flutter	2025-12-23T16:30:19.8664130Z ##[group]Run chmod +x "$GITHUB_ACTION_PATH/setup.sh"
build_and_deploy	Setup Flutter	2025-12-23T16:30:19.8664998Z [36;1mchmod +x "$GITHUB_ACTION_PATH/setup.sh"[0m
build_and_deploy	Setup Flutter	2025-12-23T16:30:19.8691267Z shell: /usr/bin/bash --noprofile --norc -e -o pipefail ***0***
build_and_deploy	Setup Flutter	2025-12-23T16:30:19.8691838Z ##[endgroup]
build_and_deploy	Setup Flutter	2025-12-23T16:30:19.8820486Z ##[group]Run $GITHUB_ACTION_PATH/setup.sh -p \
build_and_deploy	Setup Flutter	2025-12-23T16:30:19.8821073Z [36;1m$GITHUB_ACTION_PATH/setup.sh -p \[0m
build_and_deploy	Setup Flutter	2025-12-23T16:30:19.8821494Z [36;1m  -n '' \[0m
build_and_deploy	Setup Flutter	2025-12-23T16:30:19.8821838Z [36;1m  -f '' \[0m
build_and_deploy	Setup Flutter	2025-12-23T16:30:19.8822182Z [36;1m  -a 'X64' \[0m
build_and_deploy	Setup Flutter	2025-12-23T16:30:19.8822569Z [36;1m  -k '' \[0m
build_and_deploy	Setup Flutter	2025-12-23T16:30:19.8822943Z [36;1m  -c '' \[0m
build_and_deploy	Setup Flutter	2025-12-23T16:30:19.8823276Z [36;1m  -l '' \[0m
build_and_deploy	Setup Flutter	2025-12-23T16:30:19.8823632Z [36;1m  -d 'default' \[0m
build_and_deploy	Setup Flutter	2025-12-23T16:30:19.8824115Z [36;1m  -g 'https://github.com/flutter/flutter.git' \[0m
build_and_deploy	Setup Flutter	2025-12-23T16:30:19.8824728Z [36;1m  stable[0m
build_and_deploy	Setup Flutter	2025-12-23T16:30:19.8846304Z shell: /usr/bin/bash --noprofile --norc -e -o pipefail ***0***
build_and_deploy	Setup Flutter	2025-12-23T16:30:19.8846827Z ##[endgroup]
build_and_deploy	Setup Flutter	2025-12-23T16:30:20.0324221Z ##[group]Run $GITHUB_ACTION_PATH/setup.sh \
build_and_deploy	Setup Flutter	2025-12-23T16:30:20.0325192Z [36;1m$GITHUB_ACTION_PATH/setup.sh \[0m
build_and_deploy	Setup Flutter	2025-12-23T16:30:20.0325777Z [36;1m  -n '3.38.5' \[0m
build_and_deploy	Setup Flutter	2025-12-23T16:30:20.0326268Z [36;1m  -a 'x64' \[0m
build_and_deploy	Setup Flutter	2025-12-23T16:30:20.0326901Z [36;1m  -c '/opt/hostedtoolcache/flutter/stable-3.38.5-x64' \[0m
build_and_deploy	Setup Flutter	2025-12-23T16:30:20.0327509Z [36;1m  -d '/home/runner/.pub-cache' \[0m
build_and_deploy	Setup Flutter	2025-12-23T16:30:20.0327910Z [36;1m  stable[0m
build_and_deploy	Setup Flutter	2025-12-23T16:30:20.0350564Z shell: /usr/bin/bash --noprofile --norc -e -o pipefail ***0***
build_and_deploy	Setup Flutter	2025-12-23T16:30:20.0351103Z ##[endgroup]
build_and_deploy	Setup Flutter	2025-12-23T16:30:20.1790841Z   % Total    % Received % Xferd  Average Speed   Time    Time     Time  Current
build_and_deploy	Setup Flutter	2025-12-23T16:30:20.1791794Z                                  Dload  Upload   Total   Spent    Left  Speed
build_and_deploy	Setup Flutter	2025-12-23T16:30:20.1792204Z 
build_and_deploy	Setup Flutter	2025-12-23T16:30:20.5688161Z   0     0    0     0    0     0      0      0 --:--:-- --:--:-- --:--:--     0
build_and_deploy	Setup Flutter	2025-12-23T16:30:21.5676808Z   2 1396M    2 36.2M    0     0  92.9M      0  0:00:15 --:--:--  0:00:15 92.9M
build_and_deploy	Setup Flutter	2025-12-23T16:30:22.5673609Z  10 1396M   10  146M    0     0   105M      0  0:00:13  0:00:01  0:00:12  105M
build_and_deploy	Setup Flutter	2025-12-23T16:30:23.5673652Z  18 1396M   18  256M    0     0   107M      0  0:00:13  0:00:02  0:00:11  107M
build_and_deploy	Setup Flutter	2025-12-23T16:30:24.5688443Z  27 1396M   27  379M    0     0   112M      0  0:00:12  0:00:03  0:00:09  112M
build_and_deploy	Setup Flutter	2025-12-23T16:30:25.5677940Z  31 1396M   31  439M    0     0   100M      0  0:00:13  0:00:04  0:00:09  100M
build_and_deploy	Setup Flutter	2025-12-23T16:30:26.5682332Z  38 1396M   38  541M    0     0   100M      0  0:00:13  0:00:05  0:00:08  101M
build_and_deploy	Setup Flutter	2025-12-23T16:30:27.5691826Z  47 1396M   47  665M    0     0   104M      0  0:00:13  0:00:06  0:00:07  103M
build_and_deploy	Setup Flutter	2025-12-23T16:30:28.5674791Z  55 1396M   55  777M    0     0   105M      0  0:00:13  0:00:07  0:00:06  104M
build_and_deploy	Setup Flutter	2025-12-23T16:30:29.5683105Z  63 1396M   63  883M    0     0   105M      0  0:00:13  0:00:08  0:00:05  100M
build_and_deploy	Setup Flutter	2025-12-23T16:30:30.5701037Z  71 1396M   71 1002M    0     0   106M      0  0:00:13  0:00:09  0:00:04  112M
build_and_deploy	Setup Flutter	2025-12-23T16:30:31.5686620Z  80 1396M   80 1118M    0     0   107M      0  0:00:12  0:00:10  0:00:02  115M
build_and_deploy	Setup Flutter	2025-12-23T16:30:32.5673037Z  88 1396M   88 1235M    0     0   108M      0  0:00:12  0:00:11  0:00:01  113M
build_and_deploy	Setup Flutter	2025-12-23T16:30:32.9479118Z  96 1396M   96 1351M    0     0   109M      0  0:00:12  0:00:12 --:--:--  114M
build_and_deploy	Setup Flutter	2025-12-23T16:30:32.9480056Z 100 1396M  100 1396M    0     0   109M      0  0:00:12  0:00:12 --:--:--  117M
build_and_deploy	Verify Flutter	ï»¿2025-12-23T16:31:23.2851398Z ##[group]Run flutter --version
build_and_deploy	Verify Flutter	2025-12-23T16:31:23.2851811Z [36;1mflutter --version[0m
build_and_deploy	Verify Flutter	2025-12-23T16:31:23.2874026Z shell: /usr/bin/bash -e ***0***
build_and_deploy	Verify Flutter	2025-12-23T16:31:23.2874368Z env:
build_and_deploy	Verify Flutter	2025-12-23T16:31:23.2874904Z   FLUTTER_ROOT: /opt/hostedtoolcache/flutter/stable-3.38.5-x64
build_and_deploy	Verify Flutter	2025-12-23T16:31:23.2875436Z   PUB_CACHE: /home/runner/.pub-cache
build_and_deploy	Verify Flutter	2025-12-23T16:31:23.2875724Z ##[endgroup]
build_and_deploy	Verify Flutter	2025-12-23T16:31:23.8772428Z Flutter 3.38.5 â€¢ channel stable â€¢ https://github.com/flutter/flutter.git
build_and_deploy	Verify Flutter	2025-12-23T16:31:23.8773424Z Framework â€¢ revision f6ff1529fd (12 days ago) â€¢ 2025-12-11 11:50:07 -0500
build_and_deploy	Verify Flutter	2025-12-23T16:31:23.8774954Z Engine â€¢ hash c108a94d7a8273e112339e6c6833daa06e723a54 (revision 1527ae0ec5) (12 days ago) â€¢ 2025-12-11 15:04:31.000Z
build_and_deploy	Verify Flutter	2025-12-23T16:31:23.8775657Z Tools â€¢ Dart 3.10.4 â€¢ DevTools 2.51.1
build_and_deploy	Cache Flutter Pub packages	ï»¿2025-12-23T16:31:23.9689733Z ##[group]Run actions/cache@v4
build_and_deploy	Cache Flutter Pub packages	2025-12-23T16:31:23.9690053Z with:
build_and_deploy	Cache Flutter Pub packages	2025-12-23T16:31:23.9690297Z   path: ~/.pub-cache
build_and_deploy	Cache Flutter Pub packages	
build_and_deploy	Cache Flutter Pub packages	2025-12-23T16:31:23.9690700Z   key: Linux-pub-11c962e0daf3758977c45a8dc3e808d1118c607c88c7d4d6cf9e1482829858fc
build_and_deploy	Cache Flutter Pub packages	2025-12-23T16:31:23.9691185Z   restore-keys: Linux-pub-
build_and_deploy	Cache Flutter Pub packages	
build_and_deploy	Cache Flutter Pub packages	2025-12-23T16:31:23.9691507Z   enableCrossOsArchive: false
build_and_deploy	Cache Flutter Pub packages	2025-12-23T16:31:23.9691788Z   fail-on-cache-miss: false
build_and_deploy	Cache Flutter Pub packages	2025-12-23T16:31:23.9692045Z   lookup-only: false
build_and_deploy	Cache Flutter Pub packages	2025-12-23T16:31:23.9692320Z   save-always: false
build_and_deploy	Cache Flutter Pub packages	2025-12-23T16:31:23.9692550Z env:
build_and_deploy	Cache Flutter Pub packages	2025-12-23T16:31:23.9692850Z   FLUTTER_ROOT: /opt/hostedtoolcache/flutter/stable-3.38.5-x64
build_and_deploy	Cache Flutter Pub packages	2025-12-23T16:31:23.9693215Z   PUB_CACHE: /home/runner/.pub-cache
build_and_deploy	Cache Flutter Pub packages	2025-12-23T16:31:23.9693499Z ##[endgroup]
build_and_deploy	Cache Flutter Pub packages	2025-12-23T16:31:24.2100114Z Cache hit for: Linux-pub-11c962e0daf3758977c45a8dc3e808d1118c607c88c7d4d6cf9e1482829858fc
build_and_deploy	Cache Flutter Pub packages	2025-12-23T16:31:24.7501681Z Received 40113154 of 40113154 (100.0%), 86.9 MBs/sec
build_and_deploy	Cache Flutter Pub packages	2025-12-23T16:31:24.7502395Z Cache Size: ~38 MB (40113154 B)
build_and_deploy	Cache Flutter Pub packages	2025-12-23T16:31:24.7530844Z [command]/usr/bin/tar -xf /home/runner/work/_temp/2109287e-97db-4b6d-b72b-bc5d355b263d/cache.tzst -P -C /home/runner/work/simple_match/simple_match --use-compress-program unzstd
build_and_deploy	Cache Flutter Pub packages	2025-12-23T16:31:25.1803444Z Cache restored successfully
build_and_deploy	Cache Flutter Pub packages	2025-12-23T16:31:25.1922846Z Cache restored from key: Linux-pub-11c962e0daf3758977c45a8dc3e808d1118c607c88c7d4d6cf9e1482829858fc
build_and_deploy	Install dependencies	ï»¿2025-12-23T16:31:25.2003518Z ##[group]Run flutter pub get
build_and_deploy	Install dependencies	2025-12-23T16:31:25.2004088Z [36;1mflutter pub get[0m
build_and_deploy	Install dependencies	2025-12-23T16:31:25.2023843Z shell: /usr/bin/bash -e ***0***
build_and_deploy	Install dependencies	2025-12-23T16:31:25.2024175Z env:
build_and_deploy	Install dependencies	2025-12-23T16:31:25.2024678Z   FLUTTER_ROOT: /opt/hostedtoolcache/flutter/stable-3.38.5-x64
build_and_deploy	Install dependencies	2025-12-23T16:31:25.2025311Z   PUB_CACHE: /home/runner/.pub-cache
build_and_deploy	Install dependencies	2025-12-23T16:31:25.2025761Z ##[endgroup]
build_and_deploy	Install dependencies	2025-12-23T16:31:26.1854268Z Resolving dependencies...
build_and_deploy	Install dependencies	2025-12-23T16:31:26.5320853Z Downloading packages...
build_and_deploy	Install dependencies	2025-12-23T16:31:26.5361922Z   _fe_analyzer_shared 89.0.0 (92.0.0 available)
build_and_deploy	Install dependencies	2025-12-23T16:31:26.5362555Z   analyzer 8.2.0 (9.0.0 available)
build_and_deploy	Install dependencies	2025-12-23T16:31:26.5363048Z   build 4.0.0 (4.0.3 available)
build_and_deploy	Install dependencies	2025-12-23T16:31:26.5363504Z   build_daemon 4.0.4 (4.1.1 available)
build_and_deploy	Install dependencies	2025-12-23T16:31:26.5363994Z   build_runner 2.8.0 (2.10.4 available)
build_and_deploy	Install dependencies	2025-12-23T16:31:26.5364622Z   built_value 8.12.0 (8.12.1 available)
build_and_deploy	Install dependencies	2025-12-23T16:31:26.5365119Z   characters 1.4.0 (1.4.1 available)
build_and_deploy	Install dependencies	2025-12-23T16:31:26.5365590Z   crypto 3.0.6 (3.0.7 available)
build_and_deploy	Install dependencies	2025-12-23T16:31:26.5366143Z   dart_style 3.1.2 (3.1.3 available)
build_and_deploy	Install dependencies	2025-12-23T16:31:26.5366674Z   flutter_lints 5.0.0 (6.0.0 available)
build_and_deploy	Install dependencies	2025-12-23T16:31:26.5367188Z   http 1.5.0 (1.6.0 available)
build_and_deploy	Install dependencies	2025-12-23T16:31:26.5367631Z   image 4.5.4 (4.7.2 available)
build_and_deploy	Install dependencies	2025-12-23T16:31:26.5368105Z   lints 5.1.1 (6.0.0 available)
build_and_deploy	Install dependencies	2025-12-23T16:31:26.5368537Z   matcher 0.12.17 (0.12.18 available)
build_and_deploy	Install dependencies	2025-12-23T16:31:26.5369097Z   material_color_utilities 0.11.1 (0.13.0 available)
build_and_deploy	Install dependencies	2025-12-23T16:31:26.5369704Z > meta 1.17.0 (was 1.16.0)
build_and_deploy	Install dependencies	2025-12-23T16:31:26.5370179Z   mockito 5.5.1 (5.6.1 available)
build_and_deploy	Install dependencies	2025-12-23T16:31:26.5370712Z   path_provider_android 2.2.18 (2.2.22 available)
build_and_deploy	Install dependencies	2025-12-23T16:31:26.5371685Z   path_provider_foundation 2.4.2 (2.5.1 available)
build_and_deploy	Install dependencies	2025-12-23T16:31:26.5372380Z   shared_preferences 2.5.3 (2.5.4 available)
build_and_deploy	Install dependencies	2025-12-23T16:31:26.5373009Z   shared_preferences_android 2.4.13 (2.4.18 available)
build_and_deploy	Install dependencies	2025-12-23T16:31:26.5373679Z   shared_preferences_foundation 2.5.4 (2.5.6 available)
build_and_deploy	Install dependencies	2025-12-23T16:31:26.5374301Z   source_gen 4.0.1 (4.1.1 available)
build_and_deploy	Install dependencies	2025-12-23T16:31:26.5375049Z > test_api 0.7.7 (was 0.7.6) (0.7.8 available)
build_and_deploy	Install dependencies	2025-12-23T16:31:26.5375887Z   watcher 1.1.3 (1.2.0 available)
build_and_deploy	Install dependencies	2025-12-23T16:31:26.5376417Z Changed 2 dependencies!
build_and_deploy	Install dependencies	2025-12-23T16:31:26.5377107Z 24 packages have newer versions incompatible with dependency constraints.
build_and_deploy	Install dependencies	2025-12-23T16:31:26.5377926Z Try `flutter pub outdated` for more information.
build_and_deploy	Run ./build.sh web --release	ï»¿2025-12-23T16:31:26.8894126Z ##[group]Run ./build.sh web --release
build_and_deploy	Run ./build.sh web --release	2025-12-23T16:31:26.8894751Z [36;1m./build.sh web --release[0m
build_and_deploy	Run ./build.sh web --release	2025-12-23T16:31:26.8913475Z shell: /usr/bin/bash -e ***0***
build_and_deploy	Run ./build.sh web --release	2025-12-23T16:31:26.8913802Z env:
build_and_deploy	Run ./build.sh web --release	2025-12-23T16:31:26.8914123Z   FLUTTER_ROOT: /opt/hostedtoolcache/flutter/stable-3.38.5-x64
build_and_deploy	Run ./build.sh web --release	2025-12-23T16:31:26.8914634Z   PUB_CACHE: /home/runner/.pub-cache
build_and_deploy	Run ./build.sh web --release	2025-12-23T16:31:26.8915032Z ##[endgroup]
build_and_deploy	Run ./build.sh web --release	2025-12-23T16:31:26.8986339Z Downloading NotoSerifHK from https://github.com/notofonts/noto-cjk/raw/refs/heads/main/google-fonts/NotoSerifHK%5Bwght%5D.ttf and saving as NotoSerifHK-wght.ttf...
build_and_deploy	Run ./build.sh web --release	2025-12-23T16:31:26.9025247Z   % Total    % Received % Xferd  Average Speed   Time    Time     Time  Current
build_and_deploy	Run ./build.sh web --release	2025-12-23T16:31:26.9025840Z                                  Dload  Upload   Total   Spent    Left  Speed
build_and_deploy	Run ./build.sh web --release	2025-12-23T16:31:26.9026095Z 
build_and_deploy	Run ./build.sh web --release	2025-12-23T16:31:27.0319701Z   0     0    0     0    0     0      0      0 --:--:-- --:--:-- --:--:--     0
build_and_deploy	Run ./build.sh web --release	2025-12-23T16:31:27.0320419Z   0     0    0     0    0     0      0      0 --:--:-- --:--:-- --:--:--     0
build_and_deploy	Run ./build.sh web --release	2025-12-23T16:31:27.4205408Z 
build_and_deploy	Run ./build.sh web --release	2025-12-23T16:31:27.4206321Z 100 16.0M  100 16.0M    0     0  30.9M      0 --:--:-- --:--:-- --:--:-- 30.9M
build_and_deploy	Run ./build.sh web --release	2025-12-23T16:31:27.4404909Z Font downloaded to assets/fonts/NotoSerifHK-wght.ttf.
build_and_deploy	Run ./build.sh web --release	2025-12-23T16:31:27.4485000Z Also created compatibility copy assets/fonts/NotoSerifHK[wght].ttf if permissions allow.
build_and_deploy	Run ./build.sh web --release	2025-12-23T16:32:12.6646808Z Compiling lib/main.dart for the Web...                          
build_and_deploy	Run ./build.sh web --release	2025-12-23T16:32:12.6653785Z Wasm dry run findings:
build_and_deploy	Run ./build.sh web --release	2025-12-23T16:32:12.6654423Z Found incompatibilities with WebAssembly.
build_and_deploy	Run ./build.sh web --release	2025-12-23T16:32:12.6654915Z 
build_and_deploy	Run ./build.sh web --release	2025-12-23T16:32:12.6655447Z package:simple_match/views/export_utils_web.dart 4:1 - dart:html unsupported (0)
build_and_deploy	Run ./build.sh web --release	2025-12-23T16:32:12.6656471Z package:simple_match/views/io_file_helpers_web.dart 6:1 - dart:html unsupported (0)
build_and_deploy	Run ./build.sh web --release	2025-12-23T16:32:12.6657189Z package:simple_match/views/io_file_helpers_web.dart 7:1 - JS interop library 'dart:js_util' can't be imported when compiling to Wasm. (2)
build_and_deploy	Run ./build.sh web --release	2025-12-23T16:32:12.6658154Z file:///home/runner/.pub-cache/hosted/pub.dev/image-4.5.4/lib/src/exif/ifd_directory.dart 174:26 - avoid_double_and_int_checks lint violation: Explicit check for double or int. (13)
build_and_deploy	Run ./build.sh web --release	2025-12-23T16:32:12.6659227Z file:///home/runner/.pub-cache/hosted/pub.dev/image-4.5.4/lib/src/exif/ifd_directory.dart 183:26 - avoid_double_and_int_checks lint violation: Explicit check for double or int. (13)
build_and_deploy	Run ./build.sh web --release	2025-12-23T16:32:12.6659791Z 
build_and_deploy	Run ./build.sh web --release	2025-12-23T16:32:12.6660185Z Consider addressing these issues to enable wasm builds. See docs for more info: https://docs.flutter.dev/platform-integration/web/wasm
build_and_deploy	Run ./build.sh web --release	2025-12-23T16:32:12.6660628Z 
build_and_deploy	Run ./build.sh web --release	2025-12-23T16:32:12.6661122Z Use --no-wasm-dry-run to disable these warnings.
build_and_deploy	Run ./build.sh web --release	2025-12-23T16:32:14.3981518Z Font asset "CupertinoIcons.ttf" was tree-shaken, reducing it from 257628 to 1472 bytes (99.4% reduction). Tree-shaking can be disabled by providing the --no-tree-shake-icons flag when building your app.
build_and_deploy	Run ./build.sh web --release	2025-12-23T16:32:14.3987710Z Font asset "MaterialIcons-Regular.otf" was tree-shaken, reducing it from 1645184 to 10348 bytes (99.4% reduction). Tree-shaking can be disabled by providing the --no-tree-shake-icons flag when building your app.
build_and_deploy	Run ./build.sh web --release	2025-12-23T16:32:15.3856239Z Compiling lib/main.dart for the Web...                             47.4s
build_and_deploy	Run ./build.sh web --release	2025-12-23T16:32:15.3863498Z âœ“ Built build/web
build_and_deploy	Run FirebaseExtended/action-hosting-deploy@v0	ï»¿2025-12-23T16:32:15.4031957Z ##[group]Run FirebaseExtended/action-hosting-deploy@v0
build_and_deploy	Run FirebaseExtended/action-hosting-deploy@v0	2025-12-23T16:32:15.4032324Z with:
build_and_deploy	Run FirebaseExtended/action-hosting-deploy@v0	2025-12-23T16:32:15.4032755Z   repoToken: ***
build_and_deploy	Run FirebaseExtended/action-hosting-deploy@v0	2025-12-23T16:32:15.4041610Z   firebaseServiceAccount: ***
build_and_deploy	Run FirebaseExtended/action-hosting-deploy@v0	
build_and_deploy	Run FirebaseExtended/action-hosting-deploy@v0	2025-12-23T16:32:15.4041902Z   channelId: live
build_and_deploy	Run FirebaseExtended/action-hosting-deploy@v0	2025-12-23T16:32:15.4042154Z   projectId: dt-simple-match
build_and_deploy	Run FirebaseExtended/action-hosting-deploy@v0	2025-12-23T16:32:15.4042419Z   expires: 7d
build_and_deploy	Run FirebaseExtended/action-hosting-deploy@v0	2025-12-23T16:32:15.4042810Z   entryPoint: .
build_and_deploy	Run FirebaseExtended/action-hosting-deploy@v0	2025-12-23T16:32:15.4043056Z   firebaseToolsVersion: latest
build_and_deploy	Run FirebaseExtended/action-hosting-deploy@v0	2025-12-23T16:32:15.4043340Z   disableComment: false
build_and_deploy	Run FirebaseExtended/action-hosting-deploy@v0	2025-12-23T16:32:15.4043613Z   force: false
build_and_deploy	Run FirebaseExtended/action-hosting-deploy@v0	2025-12-23T16:32:15.4043848Z env:
build_and_deploy	Run FirebaseExtended/action-hosting-deploy@v0	2025-12-23T16:32:15.4044138Z   FLUTTER_ROOT: /opt/hostedtoolcache/flutter/stable-3.38.5-x64
build_and_deploy	Run FirebaseExtended/action-hosting-deploy@v0	2025-12-23T16:32:15.4044607Z   PUB_CACHE: /home/runner/.pub-cache
build_and_deploy	Run FirebaseExtended/action-hosting-deploy@v0	2025-12-23T16:32:15.4044946Z   FIREBASE_CLI_EXPERIMENTS: webframeworks
build_and_deploy	Run FirebaseExtended/action-hosting-deploy@v0	2025-12-23T16:32:15.4045239Z ##[endgroup]
build_and_deploy	Run FirebaseExtended/action-hosting-deploy@v0	2025-12-23T16:32:15.4667064Z ##[group]Verifying firebase.json exists
build_and_deploy	Run FirebaseExtended/action-hosting-deploy@v0	2025-12-23T16:32:15.4672920Z firebase.json file found. Continuing deploy.
build_and_deploy	Run FirebaseExtended/action-hosting-deploy@v0	2025-12-23T16:32:15.4677426Z ##[endgroup]
build_and_deploy	Run FirebaseExtended/action-hosting-deploy@v0	2025-12-23T16:32:15.4678213Z ##[group]Setting up CLI credentials
build_and_deploy	Run FirebaseExtended/action-hosting-deploy@v0	2025-12-23T16:32:15.4695175Z Created a temporary file with Application Default Credentials.
build_and_deploy	Run FirebaseExtended/action-hosting-deploy@v0	2025-12-23T16:32:15.4696070Z ##[endgroup]
build_and_deploy	Run FirebaseExtended/action-hosting-deploy@v0	2025-12-23T16:32:15.4696638Z ##[group]Deploying to production site
build_and_deploy	Run FirebaseExtended/action-hosting-deploy@v0	2025-12-23T16:32:15.4735086Z [command]/usr/local/bin/npx firebase-tools@latest deploy --only hosting --project dt-simple-match --json
build_and_deploy	Run FirebaseExtended/action-hosting-deploy@v0	2025-12-23T16:32:25.6369639Z npm warn exec The following package was not found and will be installed: firebase-tools@15.1.0
build_and_deploy	Run FirebaseExtended/action-hosting-deploy@v0	2025-12-23T16:32:40.8374247Z npm warn deprecated node-domexception@1.0.0: Use your platform's native DOMException instead
build_and_deploy	Run FirebaseExtended/action-hosting-deploy@v0	2025-12-23T16:33:30.2768519Z Compiling lib/main.dart for the Web...                          
build_and_deploy	Run FirebaseExtended/action-hosting-deploy@v0	2025-12-23T16:33:30.2777127Z Wasm dry run findings:
build_and_deploy	Run FirebaseExtended/action-hosting-deploy@v0	2025-12-23T16:33:30.2777933Z Found incompatibilities with WebAssembly.
build_and_deploy	Run FirebaseExtended/action-hosting-deploy@v0	2025-12-23T16:33:30.2778395Z 
build_and_deploy	Run FirebaseExtended/action-hosting-deploy@v0	2025-12-23T16:33:30.2779041Z package:simple_match/views/export_utils_web.dart 4:1 - dart:html unsupported (0)
build_and_deploy	Run FirebaseExtended/action-hosting-deploy@v0	2025-12-23T16:33:30.2780063Z package:simple_match/views/io_file_helpers_web.dart 6:1 - dart:html unsupported (0)
build_and_deploy	Run FirebaseExtended/action-hosting-deploy@v0	2025-12-23T16:33:30.2781391Z package:simple_match/views/io_file_helpers_web.dart 7:1 - JS interop library 'dart:js_util' can't be imported when compiling to Wasm. (2)
build_and_deploy	Run FirebaseExtended/action-hosting-deploy@v0	2025-12-23T16:33:30.2783106Z file:///home/runner/.pub-cache/hosted/pub.dev/image-4.5.4/lib/src/exif/ifd_directory.dart 174:26 - avoid_double_and_int_checks lint violation: Explicit check for double or int. (13)
build_and_deploy	Run FirebaseExtended/action-hosting-deploy@v0	2025-12-23T16:33:30.2785101Z file:///home/runner/.pub-cache/hosted/pub.dev/image-4.5.4/lib/src/exif/ifd_directory.dart 183:26 - avoid_double_and_int_checks lint violation: Explicit check for double or int. (13)
build_and_deploy	Run FirebaseExtended/action-hosting-deploy@v0	2025-12-23T16:33:30.2785990Z 
build_and_deploy	Run FirebaseExtended/action-hosting-deploy@v0	2025-12-23T16:33:30.2786591Z Consider addressing these issues to enable wasm builds. See docs for more info: https://docs.flutter.dev/platform-integration/web/wasm
build_and_deploy	Run FirebaseExtended/action-hosting-deploy@v0	2025-12-23T16:33:30.2787340Z 
build_and_deploy	Run FirebaseExtended/action-hosting-deploy@v0	2025-12-23T16:33:30.2787652Z Use --no-wasm-dry-run to disable these warnings.
build_and_deploy	Run FirebaseExtended/action-hosting-deploy@v0	2025-12-23T16:33:31.1321376Z Compiling lib/main.dart for the Web...                             41.9s
build_and_deploy	Run FirebaseExtended/action-hosting-deploy@v0	2025-12-23T16:33:31.1335833Z âœ“ Built build/web
build_and_deploy	Run FirebaseExtended/action-hosting-deploy@v0	2025-12-23T16:33:34.0217394Z ***
build_and_deploy	Run FirebaseExtended/action-hosting-deploy@v0	2025-12-23T16:33:34.0217962Z   "status": "success",
build_and_deploy	Run FirebaseExtended/action-hosting-deploy@v0	2025-12-23T16:33:34.0218508Z   "result": ***
build_and_deploy	Run FirebaseExtended/action-hosting-deploy@v0	2025-12-23T16:33:34.0219318Z     "hosting": "projects/564627646033/sites/dt-simple-match/versions/c0c32c590077cf79"
build_and_deploy	Run FirebaseExtended/action-hosting-deploy@v0	2025-12-23T16:33:34.0220027Z   ***
build_and_deploy	Run FirebaseExtended/action-hosting-deploy@v0	2025-12-23T16:33:34.0597632Z ***::endgroup::
build_and_deploy	Run FirebaseExtended/action-hosting-deploy@v0	2025-12-23T16:33:34.0605043Z ***
build_and_deploy	Run FirebaseExtended/action-hosting-deploy@v0	2025-12-23T16:33:34.0605559Z   details_url: 'https://dt-simple-match.web.app/',
build_and_deploy	Run FirebaseExtended/action-hosting-deploy@v0	2025-12-23T16:33:34.0606015Z   conclusion: 'success',
build_and_deploy	Run FirebaseExtended/action-hosting-deploy@v0	2025-12-23T16:33:34.0606381Z   output: ***
build_and_deploy	Run FirebaseExtended/action-hosting-deploy@v0	2025-12-23T16:33:34.0606686Z     title: 'Production deploy succeeded',
build_and_deploy	Run FirebaseExtended/action-hosting-deploy@v0	2025-12-23T16:33:34.0607280Z     summary: '[dt-simple-match.web.app](https://dt-simple-match.web.app/)'
build_and_deploy	Run FirebaseExtended/action-hosting-deploy@v0	2025-12-23T16:33:34.0607807Z   ***
build_and_deploy	Run FirebaseExtended/action-hosting-deploy@v0	2025-12-23T16:33:34.0608071Z ***
build_and_deploy	Post Cache Flutter Pub packages	ï»¿2025-12-23T16:33:34.1631022Z Post job cleanup.
build_and_deploy	Post Cache Flutter Pub packages	2025-12-23T16:33:34.2856333Z Cache hit occurred on the primary key Linux-pub-11c962e0daf3758977c45a8dc3e808d1118c607c88c7d4d6cf9e1482829858fc, not saving cache.
build_and_deploy	Post Setup Flutter	ï»¿2025-12-23T16:33:34.2987510Z Post job cleanup.
build_and_deploy	Post Run actions/checkout@v4	ï»¿2025-12-23T16:33:34.3039252Z Post job cleanup.
build_and_deploy	Post Run actions/checkout@v4	2025-12-23T16:33:34.3934036Z [command]/usr/bin/git version
build_and_deploy	Post Run actions/checkout@v4	2025-12-23T16:33:34.3967187Z git version 2.52.0
build_and_deploy	Post Run actions/checkout@v4	2025-12-23T16:33:34.4005233Z Temporarily overriding HOME='/home/runner/work/_temp/3f4f9f41-ec74-4e08-838e-89093aec150e' before making global git config changes
build_and_deploy	Post Run actions/checkout@v4	2025-12-23T16:33:34.4006315Z Adding repository directory to the temporary git global config as a safe directory
build_and_deploy	Post Run actions/checkout@v4	2025-12-23T16:33:34.4011368Z [command]/usr/bin/git config --global --add safe.directory /home/runner/work/simple_match/simple_match
build_and_deploy	Post Run actions/checkout@v4	2025-12-23T16:33:34.4050361Z [command]/usr/bin/git config --local --name-only --get-regexp core\.sshCommand
build_and_deploy	Post Run actions/checkout@v4	2025-12-23T16:33:34.4079608Z [command]/usr/bin/git submodule foreach --recursive sh -c "git config --local --name-only --get-regexp 'core\.sshCommand' && git config --local --unset-all 'core.sshCommand' || :"
build_and_deploy	Post Run actions/checkout@v4	2025-12-23T16:33:34.4263537Z [command]/usr/bin/git config --local --name-only --get-regexp http\.https\:\/\/github\.com\/\.extraheader
build_and_deploy	Post Run actions/checkout@v4	2025-12-23T16:33:34.4282734Z http.https://github.com/.extraheader
build_and_deploy	Post Run actions/checkout@v4	2025-12-23T16:33:34.4294131Z [command]/usr/bin/git config --local --unset-all http.https://github.com/.extraheader
build_and_deploy	Post Run actions/checkout@v4	2025-12-23T16:33:34.4320588Z [command]/usr/bin/git submodule foreach --recursive sh -c "git config --local --name-only --get-regexp 'http\.https\:\/\/github\.com\/\.extraheader' && git config --local --unset-all 'http.https://github.com/.extraheader' || :"
build_and_deploy	Post Run actions/checkout@v4	2025-12-23T16:33:34.4494656Z [command]/usr/bin/git config --local --name-only --get-regexp ^includeIf\.gitdir:
build_and_deploy	Post Run actions/checkout@v4	2025-12-23T16:33:34.4521141Z [command]/usr/bin/git submodule foreach --recursive git config --local --show-origin --name-only --get-regexp remote.origin.url
build_and_deploy	Complete job	ï»¿2025-12-23T16:33:34.4784033Z Cleaning up orphan processes
