test	Set up job	ï»¿2025-12-23T16:46:20.1211858Z Current runner version: '2.330.0'
test	Set up job	2025-12-23T16:46:20.1235677Z ##[group]Runner Image Provisioner
test	Set up job	2025-12-23T16:46:20.1236436Z Hosted Compute Agent
test	Set up job	2025-12-23T16:46:20.1236988Z Version: 20251211.462
test	Set up job	2025-12-23T16:46:20.1237592Z Commit: 6cbad8c2bb55d58165063d031ccabf57e2d2db61
test	Set up job	2025-12-23T16:46:20.1238323Z Build Date: 2025-12-11T16:28:49Z
test	Set up job	2025-12-23T16:46:20.1238932Z Worker ID: {f4c88745-db3c-41b9-9ec9-dcac9adf371a}
test	Set up job	2025-12-23T16:46:20.1239630Z ##[endgroup]
test	Set up job	2025-12-23T16:46:20.1240158Z ##[group]Operating System
test	Set up job	2025-12-23T16:46:20.1240672Z Ubuntu
test	Set up job	2025-12-23T16:46:20.1241164Z 24.04.3
test	Set up job	2025-12-23T16:46:20.1241623Z LTS
test	Set up job	2025-12-23T16:46:20.1242069Z ##[endgroup]
test	Set up job	2025-12-23T16:46:20.1242501Z ##[group]Runner Image
test	Set up job	2025-12-23T16:46:20.1243097Z Image: ubuntu-24.04
test	Set up job	2025-12-23T16:46:20.1243581Z Version: 20251215.174.1
test	Set up job	2025-12-23T16:46:20.1244818Z Included Software: https://github.com/actions/runner-images/blob/ubuntu24/20251215.174/images/ubuntu/Ubuntu2404-Readme.md
test	Set up job	2025-12-23T16:46:20.1246348Z Image Release: https://github.com/actions/runner-images/releases/tag/ubuntu24%2F20251215.174
test	Set up job	2025-12-23T16:46:20.1247529Z ##[endgroup]
test	Set up job	2025-12-23T16:46:20.1248556Z ##[group]GITHUB_TOKEN Permissions
test	Set up job	2025-12-23T16:46:20.1250224Z Contents: read
test	Set up job	2025-12-23T16:46:20.1251267Z Metadata: read
test	Set up job	2025-12-23T16:46:20.1251784Z Packages: read
test	Set up job	2025-12-23T16:46:20.1252238Z ##[endgroup]
test	Set up job	2025-12-23T16:46:20.1254553Z Secret source: Actions
test	Set up job	2025-12-23T16:46:20.1255275Z Prepare workflow directory
test	Set up job	2025-12-23T16:46:20.1710719Z Prepare all required actions
test	Set up job	2025-12-23T16:46:20.1764992Z Getting action download info
test	Set up job	2025-12-23T16:46:20.5818711Z Download action repository 'actions/checkout@v4' (SHA:34e114876b0b11c390a56381ad16ebd13914f8d5)
test	Set up job	2025-12-23T16:46:20.6754689Z Download action repository 'actions/setup-java@v4' (SHA:c1e323688fd81a25caa38c78aa6df2d33d3e20d9)
test	Set up job	2025-12-23T16:46:21.1477652Z Download action repository 'subosito/flutter-action@v2' (SHA:fd55f4c5af5b953cc57a2be44cb082c8f6635e8e)
test	Set up job	2025-12-23T16:46:21.4087456Z Download action repository 'actions/upload-artifact@v4' (SHA:ea165f8d65b6e75b540449e92b4886f43607fa02)
test	Set up job	2025-12-23T16:46:21.5200284Z Download action repository 'actions/cache@v4' (SHA:0057852bfaa89a56745cba8c7296529d2fc39830)
test	Set up job	2025-12-23T16:46:21.7511276Z Getting action download info
test	Set up job	2025-12-23T16:46:21.9509583Z Complete job name: test
test	Run actions/checkout@v4	ï»¿2025-12-23T16:46:22.0456363Z ##[group]Run actions/checkout@v4
test	Run actions/checkout@v4	2025-12-23T16:46:22.0457726Z with:
test	Run actions/checkout@v4	2025-12-23T16:46:22.0458405Z   lfs: true
test	Run actions/checkout@v4	2025-12-23T16:46:22.0459122Z   repository: hfcs/simple_match
test	Run actions/checkout@v4	2025-12-23T16:46:22.0460260Z   token: ***
test	Run actions/checkout@v4	2025-12-23T16:46:22.0460970Z   ssh-strict: true
test	Run actions/checkout@v4	2025-12-23T16:46:22.0461684Z   ssh-user: git
test	Run actions/checkout@v4	2025-12-23T16:46:22.0462437Z   persist-credentials: true
test	Run actions/checkout@v4	2025-12-23T16:46:22.0463275Z   clean: true
test	Run actions/checkout@v4	2025-12-23T16:46:22.0464034Z   sparse-checkout-cone-mode: true
test	Run actions/checkout@v4	2025-12-23T16:46:22.0465091Z   fetch-depth: 1
test	Run actions/checkout@v4	2025-12-23T16:46:22.0465811Z   fetch-tags: false
test	Run actions/checkout@v4	2025-12-23T16:46:22.0466569Z   show-progress: true
test	Run actions/checkout@v4	2025-12-23T16:46:22.0467336Z   submodules: false
test	Run actions/checkout@v4	2025-12-23T16:46:22.0468099Z   set-safe-directory: true
test	Run actions/checkout@v4	2025-12-23T16:46:22.0469183Z ##[endgroup]
test	Run actions/checkout@v4	2025-12-23T16:46:22.1655002Z Syncing repository: hfcs/simple_match
test	Run actions/checkout@v4	2025-12-23T16:46:22.1657399Z ##[group]Getting Git version info
test	Run actions/checkout@v4	2025-12-23T16:46:22.1658673Z Working directory is '/home/runner/work/simple_match/simple_match'
test	Run actions/checkout@v4	2025-12-23T16:46:22.1660407Z [command]/usr/bin/git version
test	Run actions/checkout@v4	2025-12-23T16:46:22.1762132Z git version 2.52.0
test	Run actions/checkout@v4	2025-12-23T16:46:22.1838284Z [command]/usr/bin/git lfs version
test	Run actions/checkout@v4	2025-12-23T16:46:22.2388631Z git-lfs/3.7.1 (GitHub; linux amd64; go 1.24.4)
test	Run actions/checkout@v4	2025-12-23T16:46:22.2402108Z ##[endgroup]
test	Run actions/checkout@v4	2025-12-23T16:46:22.2417718Z Temporarily overriding HOME='/home/runner/work/_temp/a14fb5a0-43cf-43a5-832d-e767cb66cc77' before making global git config changes
test	Run actions/checkout@v4	2025-12-23T16:46:22.2420323Z Adding repository directory to the temporary git global config as a safe directory
test	Run actions/checkout@v4	2025-12-23T16:46:22.2422763Z [command]/usr/bin/git config --global --add safe.directory /home/runner/work/simple_match/simple_match
test	Run actions/checkout@v4	2025-12-23T16:46:22.2458570Z Deleting the contents of '/home/runner/work/simple_match/simple_match'
test	Run actions/checkout@v4	2025-12-23T16:46:22.2462218Z ##[group]Initializing the repository
test	Run actions/checkout@v4	2025-12-23T16:46:22.2466170Z [command]/usr/bin/git init /home/runner/work/simple_match/simple_match
test	Run actions/checkout@v4	2025-12-23T16:46:22.2568429Z hint: Using 'master' as the name for the initial branch. This default branch name
test	Run actions/checkout@v4	2025-12-23T16:46:22.2571482Z hint: will change to "main" in Git 3.0. To configure the initial branch name
test	Run actions/checkout@v4	2025-12-23T16:46:22.2574529Z hint: to use in all of your new repositories, which will suppress this warning,
test	Run actions/checkout@v4	2025-12-23T16:46:22.2576826Z hint: call:
test	Run actions/checkout@v4	2025-12-23T16:46:22.2577973Z hint:
test	Run actions/checkout@v4	2025-12-23T16:46:22.2579208Z hint: 	git config --global init.defaultBranch <name>
test	Run actions/checkout@v4	2025-12-23T16:46:22.2580247Z hint:
test	Run actions/checkout@v4	2025-12-23T16:46:22.2581202Z hint: Names commonly chosen instead of 'master' are 'main', 'trunk' and
test	Run actions/checkout@v4	2025-12-23T16:46:22.2583010Z hint: 'development'. The just-created branch can be renamed via this command:
test	Run actions/checkout@v4	2025-12-23T16:46:22.2584504Z hint:
test	Run actions/checkout@v4	2025-12-23T16:46:22.2585447Z hint: 	git branch -m <name>
test	Run actions/checkout@v4	2025-12-23T16:46:22.2586282Z hint:
test	Run actions/checkout@v4	2025-12-23T16:46:22.2587321Z hint: Disable this message with "git config set advice.defaultBranchName false"
test	Run actions/checkout@v4	2025-12-23T16:46:22.2589450Z Initialized empty Git repository in /home/runner/work/simple_match/simple_match/.git/
test	Run actions/checkout@v4	2025-12-23T16:46:22.2592247Z [command]/usr/bin/git remote add origin https://github.com/hfcs/simple_match
test	Run actions/checkout@v4	2025-12-23T16:46:22.2625589Z ##[endgroup]
test	Run actions/checkout@v4	2025-12-23T16:46:22.2626841Z ##[group]Disabling automatic garbage collection
test	Run actions/checkout@v4	2025-12-23T16:46:22.2628941Z [command]/usr/bin/git config --local gc.auto 0
test	Run actions/checkout@v4	2025-12-23T16:46:22.2656721Z ##[endgroup]
test	Run actions/checkout@v4	2025-12-23T16:46:22.2659004Z ##[group]Setting up auth
test	Run actions/checkout@v4	2025-12-23T16:46:22.2664785Z [command]/usr/bin/git config --local --name-only --get-regexp core\.sshCommand
test	Run actions/checkout@v4	2025-12-23T16:46:22.2697255Z [command]/usr/bin/git submodule foreach --recursive sh -c "git config --local --name-only --get-regexp 'core\.sshCommand' && git config --local --unset-all 'core.sshCommand' || :"
test	Run actions/checkout@v4	2025-12-23T16:46:22.2953111Z [command]/usr/bin/git config --local --name-only --get-regexp http\.https\:\/\/github\.com\/\.extraheader
test	Run actions/checkout@v4	2025-12-23T16:46:22.2987891Z [command]/usr/bin/git submodule foreach --recursive sh -c "git config --local --name-only --get-regexp 'http\.https\:\/\/github\.com\/\.extraheader' && git config --local --unset-all 'http.https://github.com/.extraheader' || :"
test	Run actions/checkout@v4	2025-12-23T16:46:22.3218596Z [command]/usr/bin/git config --local --name-only --get-regexp ^includeIf\.gitdir:
test	Run actions/checkout@v4	2025-12-23T16:46:22.3251060Z [command]/usr/bin/git submodule foreach --recursive git config --local --show-origin --name-only --get-regexp remote.origin.url
test	Run actions/checkout@v4	2025-12-23T16:46:22.3471378Z [command]/usr/bin/git config --local http.https://github.com/.extraheader AUTHORIZATION: basic ***
test	Run actions/checkout@v4	2025-12-23T16:46:22.3507226Z ##[endgroup]
test	Run actions/checkout@v4	2025-12-23T16:46:22.3510354Z [command]/usr/bin/git lfs install --local
test	Run actions/checkout@v4	2025-12-23T16:46:22.3849535Z Updated Git hooks.
test	Run actions/checkout@v4	2025-12-23T16:46:22.3850523Z Git LFS initialized.
test	Run actions/checkout@v4	2025-12-23T16:46:22.3865292Z ##[group]Fetching the repository
test	Run actions/checkout@v4	2025-12-23T16:46:22.3875410Z [command]/usr/bin/git -c protocol.version=2 fetch --no-tags --prune --no-recurse-submodules --depth=1 origin +e46383a9bc1bcb2cfbf5977013d4b4bdc18f6da8:refs/remotes/origin/main
test	Run actions/checkout@v4	2025-12-23T16:46:22.7256909Z From https://github.com/hfcs/simple_match
test	Run actions/checkout@v4	2025-12-23T16:46:22.7259592Z  * [new ref]         e46383a9bc1bcb2cfbf5977013d4b4bdc18f6da8 -> origin/main
test	Run actions/checkout@v4	2025-12-23T16:46:22.7294707Z ##[endgroup]
test	Run actions/checkout@v4	2025-12-23T16:46:22.7296880Z ##[group]Determining the checkout info
test	Run actions/checkout@v4	2025-12-23T16:46:22.7299266Z ##[endgroup]
test	Run actions/checkout@v4	2025-12-23T16:46:22.7301152Z ##[group]Fetching LFS objects
test	Run actions/checkout@v4	2025-12-23T16:46:22.7302949Z [command]/usr/bin/git lfs fetch origin refs/remotes/origin/main
test	Run actions/checkout@v4	2025-12-23T16:46:22.7513513Z Fetching reference refs/remotes/origin/main
test	Run actions/checkout@v4	2025-12-23T16:46:22.7750139Z ##[endgroup]
test	Run actions/checkout@v4	2025-12-23T16:46:22.7754745Z [command]/usr/bin/git sparse-checkout disable
test	Run actions/checkout@v4	2025-12-23T16:46:22.7799312Z [command]/usr/bin/git config --local --unset-all extensions.worktreeConfig
test	Run actions/checkout@v4	2025-12-23T16:46:22.7828194Z ##[group]Checking out the ref
test	Run actions/checkout@v4	2025-12-23T16:46:22.7833448Z [command]/usr/bin/git checkout --progress --force -B main refs/remotes/origin/main
test	Run actions/checkout@v4	2025-12-23T16:46:22.8067102Z Switched to a new branch 'main'
test	Run actions/checkout@v4	2025-12-23T16:46:22.8069627Z branch 'main' set up to track 'origin/main'.
test	Run actions/checkout@v4	2025-12-23T16:46:22.8310931Z ##[endgroup]
test	Run actions/checkout@v4	2025-12-23T16:46:22.8347751Z [command]/usr/bin/git log -1 --format=%H
test	Run actions/checkout@v4	2025-12-23T16:46:22.8370395Z e46383a9bc1bcb2cfbf5977013d4b4bdc18f6da8
test	Ensure LFS assets are present	ï»¿2025-12-23T16:46:22.8565904Z ##[group]Run git lfs install --system || true
test	Ensure LFS assets are present	2025-12-23T16:46:22.8567086Z [36;1mgit lfs install --system || true[0m
test	Ensure LFS assets are present	2025-12-23T16:46:22.8568225Z [36;1mgit lfs pull --include="assets/fonts/*" || true[0m
test	Ensure LFS assets are present	2025-12-23T16:46:22.8569548Z [36;1mecho "Listing assets/fonts:"; ls -la assets/fonts || true[0m
test	Ensure LFS assets are present	2025-12-23T16:46:22.8608180Z shell: /usr/bin/bash -e {0}
test	Ensure LFS assets are present	2025-12-23T16:46:22.8609030Z ##[endgroup]
test	Ensure LFS assets are present	2025-12-23T16:46:22.8765825Z warning: current user is not root/admin, system install is likely to fail.
test	Ensure LFS assets are present	2025-12-23T16:46:22.8909395Z Updated Git hooks.
test	Ensure LFS assets are present	2025-12-23T16:46:22.8910722Z Git LFS initialized.
test	Ensure LFS assets are present	2025-12-23T16:46:22.9169517Z Listing assets/fonts:
test	Ensure LFS assets are present	2025-12-23T16:46:22.9180287Z ls: cannot access 'assets/fonts': No such file or directory
test	Setup JDK 21	ï»¿2025-12-23T16:46:22.9365495Z ##[group]Run actions/setup-java@v4
test	Setup JDK 21	2025-12-23T16:46:22.9366427Z with:
test	Setup JDK 21	2025-12-23T16:46:22.9367065Z   distribution: temurin
test	Setup JDK 21	2025-12-23T16:46:22.9367819Z   java-version: 21
test	Setup JDK 21	2025-12-23T16:46:22.9368515Z   java-package: jdk
test	Setup JDK 21	2025-12-23T16:46:22.9369237Z   check-latest: false
test	Setup JDK 21	2025-12-23T16:46:22.9369963Z   server-id: github
test	Setup JDK 21	2025-12-23T16:46:22.9370680Z   server-username: GITHUB_ACTOR
test	Setup JDK 21	2025-12-23T16:46:22.9371554Z   server-password: GITHUB_TOKEN
test	Setup JDK 21	2025-12-23T16:46:22.9372396Z   overwrite-settings: true
test	Setup JDK 21	2025-12-23T16:46:22.9373202Z   job-status: success
test	Setup JDK 21	2025-12-23T16:46:22.9374152Z   token: ***
test	Setup JDK 21	2025-12-23T16:46:22.9375057Z ##[endgroup]
test	Setup JDK 21	2025-12-23T16:46:23.1374578Z ##[group]Installed distributions
test	Setup JDK 21	2025-12-23T16:46:23.1441566Z Resolved Java 21.0.9+10 from tool-cache
test	Setup JDK 21	2025-12-23T16:46:23.1443371Z Setting Java 21.0.9+10 as the default
test	Setup JDK 21	2025-12-23T16:46:23.1456510Z Creating toolchains.xml for JDK version 21 from temurin
test	Setup JDK 21	2025-12-23T16:46:23.1532166Z Writing to /home/runner/.m2/toolchains.xml
test	Setup JDK 21	2025-12-23T16:46:23.1533418Z 
test	Setup JDK 21	2025-12-23T16:46:23.1534055Z Java configuration:
test	Setup JDK 21	2025-12-23T16:46:23.1535559Z   Distribution: temurin
test	Setup JDK 21	2025-12-23T16:46:23.1536943Z   Version: 21.0.9+10
test	Setup JDK 21	2025-12-23T16:46:23.1538847Z   Path: /opt/hostedtoolcache/Java_Temurin-Hotspot_jdk/21.0.9-10/x64
test	Setup JDK 21	2025-12-23T16:46:23.1540569Z 
test	Setup JDK 21	2025-12-23T16:46:23.1541888Z ##[endgroup]
test	Setup JDK 21	2025-12-23T16:46:23.1564142Z Creating settings.xml with server-id: github
test	Setup JDK 21	2025-12-23T16:46:23.1566111Z Writing to /home/runner/.m2/settings.xml
test	Debug: show Java/Gradle info	ï»¿2025-12-23T16:46:23.1700207Z ##[group]Run echo "JAVA_HOME=$JAVA_HOME"
test	Debug: show Java/Gradle info	2025-12-23T16:46:23.1701249Z [36;1mecho "JAVA_HOME=$JAVA_HOME"[0m
test	Debug: show Java/Gradle info	2025-12-23T16:46:23.1702182Z [36;1mjava -version || true[0m
test	Debug: show Java/Gradle info	2025-12-23T16:46:23.1703049Z [36;1mjavac -version || true[0m
test	Debug: show Java/Gradle info	2025-12-23T16:46:23.1703936Z [36;1m./gradlew --version || true[0m
test	Debug: show Java/Gradle info	2025-12-23T16:46:23.1742036Z shell: /usr/bin/bash -e {0}
test	Debug: show Java/Gradle info	2025-12-23T16:46:23.1742864Z env:
test	Debug: show Java/Gradle info	2025-12-23T16:46:23.1743844Z   JAVA_HOME: /opt/hostedtoolcache/Java_Temurin-Hotspot_jdk/21.0.9-10/x64
test	Debug: show Java/Gradle info	2025-12-23T16:46:23.1745757Z   JAVA_HOME_21_X64: /opt/hostedtoolcache/Java_Temurin-Hotspot_jdk/21.0.9-10/x64
test	Debug: show Java/Gradle info	2025-12-23T16:46:23.1747080Z ##[endgroup]
test	Debug: show Java/Gradle info	2025-12-23T16:46:23.1812616Z JAVA_HOME=/opt/hostedtoolcache/Java_Temurin-Hotspot_jdk/21.0.9-10/x64
test	Debug: show Java/Gradle info	2025-12-23T16:46:23.2733297Z openjdk version "21.0.9" 2025-10-21 LTS
test	Debug: show Java/Gradle info	2025-12-23T16:46:23.2735569Z OpenJDK Runtime Environment Temurin-21.0.9+10 (build 21.0.9+10-LTS)
test	Debug: show Java/Gradle info	2025-12-23T16:46:23.2738228Z OpenJDK 64-Bit Server VM Temurin-21.0.9+10 (build 21.0.9+10-LTS, mixed mode, sharing)
test	Debug: show Java/Gradle info	2025-12-23T16:46:23.5700671Z javac 21.0.9
test	Debug: show Java/Gradle info	2025-12-23T16:46:23.5881857Z /home/runner/work/_temp/5f4c8234-923f-4d6e-9783-d5f72c67c182.sh: line 4: ./gradlew: No such file or directory
test	Setup Flutter	ï»¿2025-12-23T16:46:23.6191456Z ##[group]Run subosito/flutter-action@v2
test	Setup Flutter	2025-12-23T16:46:23.6192412Z with:
test	Setup Flutter	2025-12-23T16:46:23.6193236Z   channel: stable
test	Setup Flutter	2025-12-23T16:46:23.6193937Z   architecture: X64
test	Setup Flutter	2025-12-23T16:46:23.6194884Z   cache: false
test	Setup Flutter	2025-12-23T16:46:23.6195599Z   pub-cache-path: default
test	Setup Flutter	2025-12-23T16:46:23.6196373Z   dry-run: false
test	Setup Flutter	2025-12-23T16:46:23.6197219Z   git-source: https://github.com/flutter/flutter.git
test	Setup Flutter	2025-12-23T16:46:23.6198222Z env:
test	Setup Flutter	2025-12-23T16:46:23.6199199Z   JAVA_HOME: /opt/hostedtoolcache/Java_Temurin-Hotspot_jdk/21.0.9-10/x64
test	Setup Flutter	2025-12-23T16:46:23.6200779Z   JAVA_HOME_21_X64: /opt/hostedtoolcache/Java_Temurin-Hotspot_jdk/21.0.9-10/x64
test	Setup Flutter	2025-12-23T16:46:23.6202066Z ##[endgroup]
test	Setup Flutter	2025-12-23T16:46:23.6306867Z ##[group]Run chmod +x "$GITHUB_ACTION_PATH/setup.sh"
test	Setup Flutter	2025-12-23T16:46:23.6308017Z [36;1mchmod +x "$GITHUB_ACTION_PATH/setup.sh"[0m
test	Setup Flutter	2025-12-23T16:46:23.6345762Z shell: /usr/bin/bash --noprofile --norc -e -o pipefail {0}
test	Setup Flutter	2025-12-23T16:46:23.6346860Z env:
test	Setup Flutter	2025-12-23T16:46:23.6347847Z   JAVA_HOME: /opt/hostedtoolcache/Java_Temurin-Hotspot_jdk/21.0.9-10/x64
test	Setup Flutter	2025-12-23T16:46:23.6349488Z   JAVA_HOME_21_X64: /opt/hostedtoolcache/Java_Temurin-Hotspot_jdk/21.0.9-10/x64
test	Setup Flutter	2025-12-23T16:46:23.6350772Z ##[endgroup]
test	Setup Flutter	2025-12-23T16:46:23.6491111Z ##[group]Run $GITHUB_ACTION_PATH/setup.sh -p \
test	Setup Flutter	2025-12-23T16:46:23.6492240Z [36;1m$GITHUB_ACTION_PATH/setup.sh -p \[0m
test	Setup Flutter	2025-12-23T16:46:23.6493197Z [36;1m  -n '' \[0m
test	Setup Flutter	2025-12-23T16:46:23.6493914Z [36;1m  -f '' \[0m
test	Setup Flutter	2025-12-23T16:46:23.6494873Z [36;1m  -a 'X64' \[0m
test	Setup Flutter	2025-12-23T16:46:23.6495605Z [36;1m  -k '' \[0m
test	Setup Flutter	2025-12-23T16:46:23.6496328Z [36;1m  -c '' \[0m
test	Setup Flutter	2025-12-23T16:46:23.6497032Z [36;1m  -l '' \[0m
test	Setup Flutter	2025-12-23T16:46:23.6497763Z [36;1m  -d 'default' \[0m
test	Setup Flutter	2025-12-23T16:46:23.6498720Z [36;1m  -g 'https://github.com/flutter/flutter.git' \[0m
test	Setup Flutter	2025-12-23T16:46:23.6499758Z [36;1m  stable[0m
test	Setup Flutter	2025-12-23T16:46:23.6535222Z shell: /usr/bin/bash --noprofile --norc -e -o pipefail {0}
test	Setup Flutter	2025-12-23T16:46:23.6536332Z env:
test	Setup Flutter	2025-12-23T16:46:23.6537300Z   JAVA_HOME: /opt/hostedtoolcache/Java_Temurin-Hotspot_jdk/21.0.9-10/x64
test	Setup Flutter	2025-12-23T16:46:23.6538917Z   JAVA_HOME_21_X64: /opt/hostedtoolcache/Java_Temurin-Hotspot_jdk/21.0.9-10/x64
test	Setup Flutter	2025-12-23T16:46:23.6540174Z ##[endgroup]
test	Setup Flutter	2025-12-23T16:46:23.8173693Z ##[group]Run $GITHUB_ACTION_PATH/setup.sh \
test	Setup Flutter	2025-12-23T16:46:23.8174912Z [36;1m$GITHUB_ACTION_PATH/setup.sh \[0m
test	Setup Flutter	2025-12-23T16:46:23.8175854Z [36;1m  -n '3.38.5' \[0m
test	Setup Flutter	2025-12-23T16:46:23.8176641Z [36;1m  -a 'x64' \[0m
test	Setup Flutter	2025-12-23T16:46:23.8177618Z [36;1m  -c '/opt/hostedtoolcache/flutter/stable-3.38.5-x64' \[0m
test	Setup Flutter	2025-12-23T16:46:23.8178807Z [36;1m  -d '/home/runner/.pub-cache' \[0m
test	Setup Flutter	2025-12-23T16:46:23.8179729Z [36;1m  stable[0m
test	Setup Flutter	2025-12-23T16:46:23.8217681Z shell: /usr/bin/bash --noprofile --norc -e -o pipefail {0}
test	Setup Flutter	2025-12-23T16:46:23.8218797Z env:
test	Setup Flutter	2025-12-23T16:46:23.8219801Z   JAVA_HOME: /opt/hostedtoolcache/Java_Temurin-Hotspot_jdk/21.0.9-10/x64
test	Setup Flutter	2025-12-23T16:46:23.8221413Z   JAVA_HOME_21_X64: /opt/hostedtoolcache/Java_Temurin-Hotspot_jdk/21.0.9-10/x64
test	Setup Flutter	2025-12-23T16:46:23.8222707Z ##[endgroup]
test	Setup Flutter	2025-12-23T16:46:23.9724588Z   % Total    % Received % Xferd  Average Speed   Time    Time     Time  Current
test	Setup Flutter	2025-12-23T16:46:23.9749512Z                                  Dload  Upload   Total   Spent    Left  Speed
test	Setup Flutter	2025-12-23T16:46:23.9750825Z 
test	Setup Flutter	2025-12-23T16:46:24.2189343Z   0     0    0     0    0     0      0      0 --:--:-- --:--:-- --:--:--     0
test	Setup Flutter	2025-12-23T16:46:25.2193344Z   0 1396M    0 10.9M    0     0  44.2M      0  0:00:31 --:--:--  0:00:31 44.1M
test	Setup Flutter	2025-12-23T16:46:26.2198838Z   8 1396M    8  117M    0     0  94.4M      0  0:00:14  0:00:01  0:00:13 94.3M
test	Setup Flutter	2025-12-23T16:46:27.2191999Z  17 1396M   17  249M    0     0   111M      0  0:00:12  0:00:02  0:00:10  111M
test	Setup Flutter	2025-12-23T16:46:28.2210305Z  26 1396M   26  375M    0     0   115M      0  0:00:12  0:00:03  0:00:09  115M
test	Setup Flutter	2025-12-23T16:46:29.2215889Z  36 1396M   36  503M    0     0   118M      0  0:00:11  0:00:04  0:00:07  118M
test	Setup Flutter	2025-12-23T16:46:30.2202034Z  45 1396M   45  630M    0     0   120M      0  0:00:11  0:00:05  0:00:06  123M
test	Setup Flutter	2025-12-23T16:46:31.2197345Z  52 1396M   52  735M    0     0   117M      0  0:00:11  0:00:06  0:00:05  123M
test	Setup Flutter	2025-12-23T16:46:32.2189772Z  59 1396M   59  824M    0     0   113M      0  0:00:12  0:00:07  0:00:05  114M
test	Setup Flutter	2025-12-23T16:46:33.2201978Z  64 1396M   64  894M    0     0   108M      0  0:00:12  0:00:08  0:00:04  103M
test	Setup Flutter	2025-12-23T16:46:34.2191897Z  70 1396M   70  989M    0     0   106M      0  0:00:13  0:00:09  0:00:04 97.1M
test	Setup Flutter	2025-12-23T16:46:35.2199821Z  78 1396M   78 1099M    0     0   107M      0  0:00:13  0:00:10  0:00:03 93.9M
test	Setup Flutter	2025-12-23T16:46:36.2193491Z  85 1396M   85 1193M    0     0   106M      0  0:00:13  0:00:11  0:00:02 91.5M
test	Setup Flutter	2025-12-23T16:46:37.0141041Z  93 1396M   93 1302M    0     0   106M      0  0:00:13  0:00:12  0:00:01 95.7M
test	Setup Flutter	2025-12-23T16:46:37.0141889Z 100 1396M  100 1396M    0     0   107M      0  0:00:13  0:00:13 --:--:--  104M
test	Verify Flutter	ï»¿2025-12-23T16:47:26.1723398Z ##[group]Run flutter --version
test	Verify Flutter	2025-12-23T16:47:26.1723781Z [36;1mflutter --version[0m
test	Verify Flutter	2025-12-23T16:47:26.1756960Z shell: /usr/bin/bash -e {0}
test	Verify Flutter	2025-12-23T16:47:26.1757228Z env:
test	Verify Flutter	2025-12-23T16:47:26.1757523Z   JAVA_HOME: /opt/hostedtoolcache/Java_Temurin-Hotspot_jdk/21.0.9-10/x64
test	Verify Flutter	2025-12-23T16:47:26.1758023Z   JAVA_HOME_21_X64: /opt/hostedtoolcache/Java_Temurin-Hotspot_jdk/21.0.9-10/x64
test	Verify Flutter	2025-12-23T16:47:26.1758480Z   FLUTTER_ROOT: /opt/hostedtoolcache/flutter/stable-3.38.5-x64
test	Verify Flutter	2025-12-23T16:47:26.1758816Z   PUB_CACHE: /home/runner/.pub-cache
test	Verify Flutter	2025-12-23T16:47:26.1759057Z ##[endgroup]
test	Verify Flutter	2025-12-23T16:47:26.4206888Z Flutter 3.38.5 â€¢ channel stable â€¢ https://github.com/flutter/flutter.git
test	Verify Flutter	2025-12-23T16:47:26.4207634Z Framework â€¢ revision f6ff1529fd (12 days ago) â€¢ 2025-12-11 11:50:07 -0500
test	Verify Flutter	2025-12-23T16:47:26.4208444Z Engine â€¢ hash c108a94d7a8273e112339e6c6833daa06e723a54 (revision 1527ae0ec5) (12 days ago) â€¢ 2025-12-11 15:04:31.000Z
test	Verify Flutter	2025-12-23T16:47:26.4209339Z Tools â€¢ Dart 3.10.4 â€¢ DevTools 2.51.1
test	Install coverage tools (lcov, poppler-utils, git-lfs)	ï»¿2025-12-23T16:47:26.4272129Z ##[group]Run sudo apt-get update
test	Install coverage tools (lcov, poppler-utils, git-lfs)	2025-12-23T16:47:26.4272471Z [36;1msudo apt-get update[0m
test	Install coverage tools (lcov, poppler-utils, git-lfs)	2025-12-23T16:47:26.4272815Z [36;1msudo apt-get install -y lcov poppler-utils git-lfs[0m
test	Install coverage tools (lcov, poppler-utils, git-lfs)	2025-12-23T16:47:26.4273202Z [36;1mgit lfs install --system || true[0m
test	Install coverage tools (lcov, poppler-utils, git-lfs)	2025-12-23T16:47:26.4273526Z [36;1mgit lfs pull --include="assets/fonts/*" || true[0m
test	Install coverage tools (lcov, poppler-utils, git-lfs)	2025-12-23T16:47:26.4306643Z shell: /usr/bin/bash -e {0}
test	Install coverage tools (lcov, poppler-utils, git-lfs)	2025-12-23T16:47:26.4306911Z env:
test	Install coverage tools (lcov, poppler-utils, git-lfs)	2025-12-23T16:47:26.4307223Z   JAVA_HOME: /opt/hostedtoolcache/Java_Temurin-Hotspot_jdk/21.0.9-10/x64
test	Install coverage tools (lcov, poppler-utils, git-lfs)	2025-12-23T16:47:26.4307708Z   JAVA_HOME_21_X64: /opt/hostedtoolcache/Java_Temurin-Hotspot_jdk/21.0.9-10/x64
test	Install coverage tools (lcov, poppler-utils, git-lfs)	2025-12-23T16:47:26.4308170Z   FLUTTER_ROOT: /opt/hostedtoolcache/flutter/stable-3.38.5-x64
test	Install coverage tools (lcov, poppler-utils, git-lfs)	2025-12-23T16:47:26.4308513Z   PUB_CACHE: /home/runner/.pub-cache
test	Install coverage tools (lcov, poppler-utils, git-lfs)	2025-12-23T16:47:26.4308753Z ##[endgroup]
test	Install coverage tools (lcov, poppler-utils, git-lfs)	2025-12-23T16:47:26.5086040Z Get:1 file:/etc/apt/apt-mirrors.txt Mirrorlist [144 B]
test	Install coverage tools (lcov, poppler-utils, git-lfs)	2025-12-23T16:47:26.5448365Z Hit:2 http://azure.archive.ubuntu.com/ubuntu noble InRelease
test	Install coverage tools (lcov, poppler-utils, git-lfs)	2025-12-23T16:47:26.5505314Z Get:3 http://azure.archive.ubuntu.com/ubuntu noble-updates InRelease [126 kB]
test	Install coverage tools (lcov, poppler-utils, git-lfs)	2025-12-23T16:47:26.5506598Z Hit:6 https://packages.microsoft.com/repos/azure-cli noble InRelease
test	Install coverage tools (lcov, poppler-utils, git-lfs)	2025-12-23T16:47:26.5537901Z Get:7 https://packages.microsoft.com/ubuntu/24.04/prod noble InRelease [3600 B]
test	Install coverage tools (lcov, poppler-utils, git-lfs)	2025-12-23T16:47:26.5604030Z Get:4 http://azure.archive.ubuntu.com/ubuntu noble-backports InRelease [126 kB]
test	Install coverage tools (lcov, poppler-utils, git-lfs)	2025-12-23T16:47:26.5667246Z Get:5 http://azure.archive.ubuntu.com/ubuntu noble-security InRelease [126 kB]
test	Install coverage tools (lcov, poppler-utils, git-lfs)	2025-12-23T16:47:26.7373926Z Get:8 https://packages.microsoft.com/ubuntu/24.04/prod noble/main armhf Packages [11.4 kB]
test	Install coverage tools (lcov, poppler-utils, git-lfs)	2025-12-23T16:47:26.7489532Z Get:9 https://packages.microsoft.com/ubuntu/24.04/prod noble/main arm64 Packages [58.8 kB]
test	Install coverage tools (lcov, poppler-utils, git-lfs)	2025-12-23T16:47:26.7578085Z Get:10 https://packages.microsoft.com/ubuntu/24.04/prod noble/main amd64 Packages [77.2 kB]
test	Install coverage tools (lcov, poppler-utils, git-lfs)	2025-12-23T16:47:26.7902757Z Get:11 http://azure.archive.ubuntu.com/ubuntu noble-updates/main amd64 Packages [1684 kB]
test	Install coverage tools (lcov, poppler-utils, git-lfs)	2025-12-23T16:47:26.8016601Z Get:12 http://azure.archive.ubuntu.com/ubuntu noble-updates/main Translation-en [311 kB]
test	Install coverage tools (lcov, poppler-utils, git-lfs)	2025-12-23T16:47:26.8043376Z Get:13 http://azure.archive.ubuntu.com/ubuntu noble-updates/main amd64 Components [175 kB]
test	Install coverage tools (lcov, poppler-utils, git-lfs)	2025-12-23T16:47:26.8065075Z Get:14 http://azure.archive.ubuntu.com/ubuntu noble-updates/main amd64 c-n-f Metadata [15.8 kB]
test	Install coverage tools (lcov, poppler-utils, git-lfs)	2025-12-23T16:47:26.8075672Z Get:15 http://azure.archive.ubuntu.com/ubuntu noble-updates/universe amd64 Packages [1506 kB]
test	Install coverage tools (lcov, poppler-utils, git-lfs)	2025-12-23T16:47:26.8172681Z Get:16 http://azure.archive.ubuntu.com/ubuntu noble-updates/universe Translation-en [306 kB]
test	Install coverage tools (lcov, poppler-utils, git-lfs)	2025-12-23T16:47:26.8197845Z Get:17 http://azure.archive.ubuntu.com/ubuntu noble-updates/universe amd64 Components [377 kB]
test	Install coverage tools (lcov, poppler-utils, git-lfs)	2025-12-23T16:47:26.8224687Z Get:18 http://azure.archive.ubuntu.com/ubuntu noble-updates/universe amd64 c-n-f Metadata [31.4 kB]
test	Install coverage tools (lcov, poppler-utils, git-lfs)	2025-12-23T16:47:26.8243073Z Get:19 http://azure.archive.ubuntu.com/ubuntu noble-updates/restricted amd64 Packages [2413 kB]
test	Install coverage tools (lcov, poppler-utils, git-lfs)	2025-12-23T16:47:26.8390781Z Get:20 http://azure.archive.ubuntu.com/ubuntu noble-updates/restricted Translation-en [550 kB]
test	Install coverage tools (lcov, poppler-utils, git-lfs)	2025-12-23T16:47:26.8881192Z Get:21 http://azure.archive.ubuntu.com/ubuntu noble-updates/restricted amd64 Components [212 B]
test	Install coverage tools (lcov, poppler-utils, git-lfs)	2025-12-23T16:47:26.8893788Z Get:22 http://azure.archive.ubuntu.com/ubuntu noble-updates/restricted amd64 c-n-f Metadata [516 B]
test	Install coverage tools (lcov, poppler-utils, git-lfs)	2025-12-23T16:47:26.8911846Z Get:23 http://azure.archive.ubuntu.com/ubuntu noble-updates/multiverse amd64 Packages [30.3 kB]
test	Install coverage tools (lcov, poppler-utils, git-lfs)	2025-12-23T16:47:26.8921629Z Get:24 http://azure.archive.ubuntu.com/ubuntu noble-updates/multiverse Translation-en [6048 B]
test	Install coverage tools (lcov, poppler-utils, git-lfs)	2025-12-23T16:47:26.8937932Z Get:25 http://azure.archive.ubuntu.com/ubuntu noble-updates/multiverse amd64 Components [940 B]
test	Install coverage tools (lcov, poppler-utils, git-lfs)	2025-12-23T16:47:26.8953053Z Get:26 http://azure.archive.ubuntu.com/ubuntu noble-updates/multiverse amd64 c-n-f Metadata [488 B]
test	Install coverage tools (lcov, poppler-utils, git-lfs)	2025-12-23T16:47:26.8965593Z Get:27 http://azure.archive.ubuntu.com/ubuntu noble-backports/main amd64 Packages [40.4 kB]
test	Install coverage tools (lcov, poppler-utils, git-lfs)	2025-12-23T16:47:26.8983005Z Get:28 http://azure.archive.ubuntu.com/ubuntu noble-backports/main amd64 Components [7332 B]
test	Install coverage tools (lcov, poppler-utils, git-lfs)	2025-12-23T16:47:26.8995355Z Get:29 http://azure.archive.ubuntu.com/ubuntu noble-backports/main amd64 c-n-f Metadata [368 B]
test	Install coverage tools (lcov, poppler-utils, git-lfs)	2025-12-23T16:47:26.9008787Z Get:30 http://azure.archive.ubuntu.com/ubuntu noble-backports/universe amd64 Packages [29.5 kB]
test	Install coverage tools (lcov, poppler-utils, git-lfs)	2025-12-23T16:47:26.9021044Z Get:31 http://azure.archive.ubuntu.com/ubuntu noble-backports/universe Translation-en [17.9 kB]
test	Install coverage tools (lcov, poppler-utils, git-lfs)	2025-12-23T16:47:26.9080897Z Get:32 http://azure.archive.ubuntu.com/ubuntu noble-backports/universe amd64 Components [10.5 kB]
test	Install coverage tools (lcov, poppler-utils, git-lfs)	2025-12-23T16:47:26.9082170Z Get:33 http://azure.archive.ubuntu.com/ubuntu noble-backports/universe amd64 c-n-f Metadata [1444 B]
test	Install coverage tools (lcov, poppler-utils, git-lfs)	2025-12-23T16:47:26.9084891Z Get:34 http://azure.archive.ubuntu.com/ubuntu noble-backports/restricted amd64 Components [216 B]
test	Install coverage tools (lcov, poppler-utils, git-lfs)	2025-12-23T16:47:26.9479645Z Get:35 http://azure.archive.ubuntu.com/ubuntu noble-backports/multiverse amd64 Components [212 B]
test	Install coverage tools (lcov, poppler-utils, git-lfs)	2025-12-23T16:47:26.9496017Z Get:36 http://azure.archive.ubuntu.com/ubuntu noble-security/main Translation-en [225 kB]
test	Install coverage tools (lcov, poppler-utils, git-lfs)	2025-12-23T16:47:26.9516909Z Get:37 http://azure.archive.ubuntu.com/ubuntu noble-security/main amd64 Components [21.5 kB]
test	Install coverage tools (lcov, poppler-utils, git-lfs)	2025-12-23T16:47:26.9528421Z Get:38 http://azure.archive.ubuntu.com/ubuntu noble-security/main amd64 c-n-f Metadata [9504 B]
test	Install coverage tools (lcov, poppler-utils, git-lfs)	2025-12-23T16:47:26.9540240Z Get:39 http://azure.archive.ubuntu.com/ubuntu noble-security/universe amd64 Components [71.4 kB]
test	Install coverage tools (lcov, poppler-utils, git-lfs)	2025-12-23T16:47:26.9555127Z Get:40 http://azure.archive.ubuntu.com/ubuntu noble-security/restricted amd64 Components [212 B]
test	Install coverage tools (lcov, poppler-utils, git-lfs)	2025-12-23T16:47:26.9567368Z Get:41 http://azure.archive.ubuntu.com/ubuntu noble-security/multiverse amd64 Components [212 B]
test	Install coverage tools (lcov, poppler-utils, git-lfs)	2025-12-23T16:47:35.1347001Z Fetched 8374 kB in 1s (7176 kB/s)
test	Install coverage tools (lcov, poppler-utils, git-lfs)	2025-12-23T16:47:35.9031790Z Reading package lists...
test	Install coverage tools (lcov, poppler-utils, git-lfs)	2025-12-23T16:47:35.9359826Z Reading package lists...
test	Install coverage tools (lcov, poppler-utils, git-lfs)	2025-12-23T16:47:36.1091387Z Building dependency tree...
test	Install coverage tools (lcov, poppler-utils, git-lfs)	2025-12-23T16:47:36.1098961Z Reading state information...
test	Install coverage tools (lcov, poppler-utils, git-lfs)	2025-12-23T16:47:36.2688607Z git-lfs is already the newest version (3.7.1).
test	Install coverage tools (lcov, poppler-utils, git-lfs)	2025-12-23T16:47:36.2689282Z The following additional packages will be installed:
test	Install coverage tools (lcov, poppler-utils, git-lfs)	2025-12-23T16:47:36.2689969Z   libalgorithm-c3-perl libb-hooks-endofscope-perl libb-hooks-op-check-perl
test	Install coverage tools (lcov, poppler-utils, git-lfs)	2025-12-23T16:47:36.2690734Z   libcapture-tiny-perl libclass-c3-perl libclass-c3-xs-perl
test	Install coverage tools (lcov, poppler-utils, git-lfs)	2025-12-23T16:47:36.2691721Z   libclass-data-inheritable-perl libclass-inspector-perl
test	Install coverage tools (lcov, poppler-utils, git-lfs)	2025-12-23T16:47:36.2692152Z   libclass-method-modifiers-perl libclass-singleton-perl
test	Install coverage tools (lcov, poppler-utils, git-lfs)	2025-12-23T16:47:36.2692626Z   libclass-xsaccessor-perl libdata-optlist-perl libdatetime-locale-perl
test	Install coverage tools (lcov, poppler-utils, git-lfs)	2025-12-23T16:47:36.2693160Z   libdatetime-perl libdatetime-timezone-perl libdevel-callchecker-perl
test	Install coverage tools (lcov, poppler-utils, git-lfs)	2025-12-23T16:47:36.2693671Z   libdevel-caller-perl libdevel-lexalias-perl libdevel-stacktrace-perl
test	Install coverage tools (lcov, poppler-utils, git-lfs)	2025-12-23T16:47:36.2694209Z   libdynaloader-functions-perl libeval-closure-perl libexception-class-perl
test	Install coverage tools (lcov, poppler-utils, git-lfs)	2025-12-23T16:47:36.2695593Z   libfile-sharedir-perl libgd-perl libmodule-implementation-perl
test	Install coverage tools (lcov, poppler-utils, git-lfs)	2025-12-23T16:47:36.2696390Z   libmodule-runtime-perl libmro-compat-perl libnamespace-autoclean-perl
test	Install coverage tools (lcov, poppler-utils, git-lfs)	2025-12-23T16:47:36.2697237Z   libnamespace-clean-perl libpackage-stash-perl libpackage-stash-xs-perl
test	Install coverage tools (lcov, poppler-utils, git-lfs)	2025-12-23T16:47:36.2698010Z   libpadwalker-perl libparams-classify-perl libparams-util-perl
test	Install coverage tools (lcov, poppler-utils, git-lfs)	2025-12-23T16:47:36.2698566Z   libparams-validationcompiler-perl libperlio-gzip-perl libpoppler134
test	Install coverage tools (lcov, poppler-utils, git-lfs)	2025-12-23T16:47:36.2699092Z   libreadonly-perl libref-util-perl libref-util-xs-perl librole-tiny-perl
test	Install coverage tools (lcov, poppler-utils, git-lfs)	2025-12-23T16:47:36.2699630Z   libspecio-perl libsub-exporter-perl libsub-exporter-progressive-perl
test	Install coverage tools (lcov, poppler-utils, git-lfs)	2025-12-23T16:47:36.2700163Z   libsub-identify-perl libsub-install-perl libsub-name-perl libsub-quote-perl
test	Install coverage tools (lcov, poppler-utils, git-lfs)	2025-12-23T16:47:36.2700693Z   libtry-tiny-perl libvariable-magic-perl libxstring-perl poppler-data
test	Install coverage tools (lcov, poppler-utils, git-lfs)	2025-12-23T16:47:36.2701342Z Suggested packages:
test	Install coverage tools (lcov, poppler-utils, git-lfs)	2025-12-23T16:47:36.2701916Z   libscalar-number-perl libtest-fatal-perl ghostscript fonts-japanese-mincho
test	Install coverage tools (lcov, poppler-utils, git-lfs)	2025-12-23T16:47:36.2702567Z   | fonts-ipafont-mincho fonts-japanese-gothic | fonts-ipafont-gothic
test	Install coverage tools (lcov, poppler-utils, git-lfs)	2025-12-23T16:47:36.2702990Z   fonts-arphic-ukai fonts-arphic-uming fonts-nanum
test	Install coverage tools (lcov, poppler-utils, git-lfs)	2025-12-23T16:47:36.3004894Z The following NEW packages will be installed:
test	Install coverage tools (lcov, poppler-utils, git-lfs)	2025-12-23T16:47:36.3005550Z   lcov libalgorithm-c3-perl libb-hooks-endofscope-perl
test	Install coverage tools (lcov, poppler-utils, git-lfs)	2025-12-23T16:47:36.3006213Z   libb-hooks-op-check-perl libcapture-tiny-perl libclass-c3-perl
test	Install coverage tools (lcov, poppler-utils, git-lfs)	2025-12-23T16:47:36.3007018Z   libclass-c3-xs-perl libclass-data-inheritable-perl libclass-inspector-perl
test	Install coverage tools (lcov, poppler-utils, git-lfs)	2025-12-23T16:47:36.3007560Z   libclass-method-modifiers-perl libclass-singleton-perl
test	Install coverage tools (lcov, poppler-utils, git-lfs)	2025-12-23T16:47:36.3008060Z   libclass-xsaccessor-perl libdata-optlist-perl libdatetime-locale-perl
test	Install coverage tools (lcov, poppler-utils, git-lfs)	2025-12-23T16:47:36.3008876Z   libdatetime-perl libdatetime-timezone-perl libdevel-callchecker-perl
test	Install coverage tools (lcov, poppler-utils, git-lfs)	2025-12-23T16:47:36.3009492Z   libdevel-caller-perl libdevel-lexalias-perl libdevel-stacktrace-perl
test	Install coverage tools (lcov, poppler-utils, git-lfs)	2025-12-23T16:47:36.3010047Z   libdynaloader-functions-perl libeval-closure-perl libexception-class-perl
test	Install coverage tools (lcov, poppler-utils, git-lfs)	2025-12-23T16:47:36.3010823Z   libfile-sharedir-perl libgd-perl libmodule-implementation-perl
test	Install coverage tools (lcov, poppler-utils, git-lfs)	2025-12-23T16:47:36.3011498Z   libmodule-runtime-perl libmro-compat-perl libnamespace-autoclean-perl
test	Install coverage tools (lcov, poppler-utils, git-lfs)	2025-12-23T16:47:36.3012350Z   libnamespace-clean-perl libpackage-stash-perl libpackage-stash-xs-perl
test	Install coverage tools (lcov, poppler-utils, git-lfs)	2025-12-23T16:47:36.3012931Z   libpadwalker-perl libparams-classify-perl libparams-util-perl
test	Install coverage tools (lcov, poppler-utils, git-lfs)	2025-12-23T16:47:36.3013439Z   libparams-validationcompiler-perl libperlio-gzip-perl libpoppler134
test	Install coverage tools (lcov, poppler-utils, git-lfs)	2025-12-23T16:47:36.3013957Z   libreadonly-perl libref-util-perl libref-util-xs-perl librole-tiny-perl
test	Install coverage tools (lcov, poppler-utils, git-lfs)	2025-12-23T16:47:36.3014624Z   libspecio-perl libsub-exporter-perl libsub-exporter-progressive-perl
test	Install coverage tools (lcov, poppler-utils, git-lfs)	2025-12-23T16:47:36.3015153Z   libsub-identify-perl libsub-install-perl libsub-name-perl libsub-quote-perl
test	Install coverage tools (lcov, poppler-utils, git-lfs)	2025-12-23T16:47:36.3015692Z   libtry-tiny-perl libvariable-magic-perl libxstring-perl poppler-data
test	Install coverage tools (lcov, poppler-utils, git-lfs)	2025-12-23T16:47:36.3016074Z   poppler-utils
test	Install coverage tools (lcov, poppler-utils, git-lfs)	2025-12-23T16:47:36.3199925Z 0 upgraded, 54 newly installed, 0 to remove and 69 not upgraded.
test	Install coverage tools (lcov, poppler-utils, git-lfs)	2025-12-23T16:47:36.3200525Z Need to get 7808 kB of archives.
test	Install coverage tools (lcov, poppler-utils, git-lfs)	2025-12-23T16:47:36.3200893Z After this operation, 49.5 MB of additional disk space will be used.
test	Install coverage tools (lcov, poppler-utils, git-lfs)	2025-12-23T16:47:36.3201303Z Get:1 file:/etc/apt/apt-mirrors.txt Mirrorlist [144 B]
test	Install coverage tools (lcov, poppler-utils, git-lfs)	2025-12-23T16:47:36.3611509Z Get:2 http://azure.archive.ubuntu.com/ubuntu noble/main amd64 poppler-data all 0.4.12-1 [2060 kB]
test	Install coverage tools (lcov, poppler-utils, git-lfs)	2025-12-23T16:47:36.4005261Z Get:3 http://azure.archive.ubuntu.com/ubuntu noble/main amd64 libcapture-tiny-perl all 0.48-2 [20.2 kB]
test	Install coverage tools (lcov, poppler-utils, git-lfs)	2025-12-23T16:47:36.4227039Z Get:4 http://azure.archive.ubuntu.com/ubuntu noble/main amd64 libclass-inspector-perl all 1.36-3 [15.4 kB]
test	Install coverage tools (lcov, poppler-utils, git-lfs)	2025-12-23T16:47:36.4445436Z Get:5 http://azure.archive.ubuntu.com/ubuntu noble/main amd64 libfile-sharedir-perl all 1.118-3 [14.0 kB]
test	Install coverage tools (lcov, poppler-utils, git-lfs)	2025-12-23T16:47:36.4668042Z Get:6 http://azure.archive.ubuntu.com/ubuntu noble/main amd64 libb-hooks-op-check-perl amd64 0.22-3build1 [9518 B]
test	Install coverage tools (lcov, poppler-utils, git-lfs)	2025-12-23T16:47:36.4885657Z Get:7 http://azure.archive.ubuntu.com/ubuntu noble/main amd64 libdynaloader-functions-perl all 0.003-3 [12.1 kB]
test	Install coverage tools (lcov, poppler-utils, git-lfs)	2025-12-23T16:47:36.5114865Z Get:8 http://azure.archive.ubuntu.com/ubuntu noble/main amd64 libdevel-callchecker-perl amd64 0.008-2build3 [13.2 kB]
test	Install coverage tools (lcov, poppler-utils, git-lfs)	2025-12-23T16:47:36.5336669Z Get:9 http://azure.archive.ubuntu.com/ubuntu noble/main amd64 libparams-classify-perl amd64 0.015-2build5 [20.1 kB]
test	Install coverage tools (lcov, poppler-utils, git-lfs)	2025-12-23T16:47:36.5555111Z Get:10 http://azure.archive.ubuntu.com/ubuntu noble/main amd64 libmodule-runtime-perl all 0.016-2 [16.4 kB]
test	Install coverage tools (lcov, poppler-utils, git-lfs)	2025-12-23T16:47:36.5776160Z Get:11 http://azure.archive.ubuntu.com/ubuntu noble/main amd64 libtry-tiny-perl all 0.31-2 [20.8 kB]
test	Install coverage tools (lcov, poppler-utils, git-lfs)	2025-12-23T16:47:36.5995522Z Get:12 http://azure.archive.ubuntu.com/ubuntu noble/main amd64 libmodule-implementation-perl all 0.09-2 [12.0 kB]
test	Install coverage tools (lcov, poppler-utils, git-lfs)	2025-12-23T16:47:36.6212980Z Get:13 http://azure.archive.ubuntu.com/ubuntu noble/main amd64 libsub-exporter-progressive-perl all 0.001013-3 [6718 B]
test	Install coverage tools (lcov, poppler-utils, git-lfs)	2025-12-23T16:47:36.6638853Z Get:14 http://azure.archive.ubuntu.com/ubuntu noble/main amd64 libvariable-magic-perl amd64 0.63-1build3 [35.1 kB]
test	Install coverage tools (lcov, poppler-utils, git-lfs)	2025-12-23T16:47:36.7155560Z Get:15 http://azure.archive.ubuntu.com/ubuntu noble/main amd64 libb-hooks-endofscope-perl all 0.28-1 [15.8 kB]
test	Install coverage tools (lcov, poppler-utils, git-lfs)	2025-12-23T16:47:36.7372954Z Get:16 http://azure.archive.ubuntu.com/ubuntu noble/main amd64 libpackage-stash-perl all 0.40-1 [19.5 kB]
test	Install coverage tools (lcov, poppler-utils, git-lfs)	2025-12-23T16:47:36.7591686Z Get:17 http://azure.archive.ubuntu.com/ubuntu noble/main amd64 libsub-identify-perl amd64 0.14-3build3 [9786 B]
test	Install coverage tools (lcov, poppler-utils, git-lfs)	2025-12-23T16:47:36.7811264Z Get:18 http://azure.archive.ubuntu.com/ubuntu noble/main amd64 libsub-name-perl amd64 0.27-1build3 [10.8 kB]
test	Install coverage tools (lcov, poppler-utils, git-lfs)	2025-12-23T16:47:36.8447460Z Get:19 http://azure.archive.ubuntu.com/ubuntu noble/main amd64 libnamespace-clean-perl all 0.27-2 [14.0 kB]
test	Install coverage tools (lcov, poppler-utils, git-lfs)	2025-12-23T16:47:36.8667936Z Get:20 http://azure.archive.ubuntu.com/ubuntu noble/universe amd64 libnamespace-autoclean-perl all 0.29-2 [11.7 kB]
test	Install coverage tools (lcov, poppler-utils, git-lfs)	2025-12-23T16:47:36.8890649Z Get:21 http://azure.archive.ubuntu.com/ubuntu noble/main amd64 libparams-util-perl amd64 1.102-2build3 [21.2 kB]
test	Install coverage tools (lcov, poppler-utils, git-lfs)	2025-12-23T16:47:36.9114196Z Get:22 http://azure.archive.ubuntu.com/ubuntu noble/main amd64 libsub-install-perl all 0.929-1 [9764 B]
test	Install coverage tools (lcov, poppler-utils, git-lfs)	2025-12-23T16:47:36.9344978Z Get:23 http://azure.archive.ubuntu.com/ubuntu noble/main amd64 libdata-optlist-perl all 0.114-1 [9708 B]
test	Install coverage tools (lcov, poppler-utils, git-lfs)	2025-12-23T16:47:36.9564664Z Get:24 http://azure.archive.ubuntu.com/ubuntu noble/main amd64 libsub-exporter-perl all 0.990-1 [49.0 kB]
test	Install coverage tools (lcov, poppler-utils, git-lfs)	2025-12-23T16:47:36.9788104Z Get:25 http://azure.archive.ubuntu.com/ubuntu noble/universe amd64 libeval-closure-perl all 0.14-3 [10.1 kB]
test	Install coverage tools (lcov, poppler-utils, git-lfs)	2025-12-23T16:47:37.0024838Z Get:26 http://azure.archive.ubuntu.com/ubuntu noble/main amd64 libclass-data-inheritable-perl all 0.08-3 [8084 B]
test	Install coverage tools (lcov, poppler-utils, git-lfs)	2025-12-23T16:47:37.0249357Z Get:27 http://azure.archive.ubuntu.com/ubuntu noble/main amd64 libdevel-stacktrace-perl all 2.0500-1 [22.1 kB]
test	Install coverage tools (lcov, poppler-utils, git-lfs)	2025-12-23T16:47:37.0496171Z Get:28 http://azure.archive.ubuntu.com/ubuntu noble/main amd64 libexception-class-perl all 1.45-1 [28.6 kB]
test	Install coverage tools (lcov, poppler-utils, git-lfs)	2025-12-23T16:47:37.0716140Z Get:29 http://azure.archive.ubuntu.com/ubuntu noble/universe amd64 libparams-validationcompiler-perl all 0.31-1 [28.3 kB]
test	Install coverage tools (lcov, poppler-utils, git-lfs)	2025-12-23T16:47:37.0939727Z Get:30 http://azure.archive.ubuntu.com/ubuntu noble/universe amd64 libalgorithm-c3-perl all 0.11-2 [10.2 kB]
test	Install coverage tools (lcov, poppler-utils, git-lfs)	2025-12-23T16:47:37.1164449Z Get:31 http://azure.archive.ubuntu.com/ubuntu noble/universe amd64 libclass-c3-perl all 0.35-2 [18.4 kB]
test	Install coverage tools (lcov, poppler-utils, git-lfs)	2025-12-23T16:47:37.1384935Z Get:32 http://azure.archive.ubuntu.com/ubuntu noble/universe amd64 libmro-compat-perl all 0.15-2 [10.1 kB]
test	Install coverage tools (lcov, poppler-utils, git-lfs)	2025-12-23T16:47:37.1607839Z Get:33 http://azure.archive.ubuntu.com/ubuntu noble/main amd64 libclass-method-modifiers-perl all 2.15-1 [16.1 kB]
test	Install coverage tools (lcov, poppler-utils, git-lfs)	2025-12-23T16:47:37.1831561Z Get:34 http://azure.archive.ubuntu.com/ubuntu noble/main amd64 librole-tiny-perl all 2.002004-1 [16.3 kB]
test	Install coverage tools (lcov, poppler-utils, git-lfs)	2025-12-23T16:47:37.2053626Z Get:35 http://azure.archive.ubuntu.com/ubuntu noble/main amd64 libsub-quote-perl all 2.006008-1ubuntu1 [20.7 kB]
test	Install coverage tools (lcov, poppler-utils, git-lfs)	2025-12-23T16:47:37.2690779Z Get:36 http://azure.archive.ubuntu.com/ubuntu noble/universe amd64 libxstring-perl amd64 0.005-2build3 [7852 B]
test	Install coverage tools (lcov, poppler-utils, git-lfs)	2025-12-23T16:47:37.2915431Z Get:37 http://azure.archive.ubuntu.com/ubuntu noble/universe amd64 libspecio-perl all 0.48-1 [137 kB]
test	Install coverage tools (lcov, poppler-utils, git-lfs)	2025-12-23T16:47:37.3153884Z Get:38 http://azure.archive.ubuntu.com/ubuntu noble/universe amd64 libdatetime-locale-perl all 1:1.37-1 [2833 kB]
test	Install coverage tools (lcov, poppler-utils, git-lfs)	2025-12-23T16:47:37.3791459Z Get:39 http://azure.archive.ubuntu.com/ubuntu noble/universe amd64 libclass-singleton-perl all 1.6-2 [11.5 kB]
test	Install coverage tools (lcov, poppler-utils, git-lfs)	2025-12-23T16:47:37.4010699Z Get:40 http://azure.archive.ubuntu.com/ubuntu noble/universe amd64 libdatetime-timezone-perl all 1:2.62-1+2024a [262 kB]
test	Install coverage tools (lcov, poppler-utils, git-lfs)	2025-12-23T16:47:37.4247030Z Get:41 http://azure.archive.ubuntu.com/ubuntu noble/universe amd64 libdatetime-perl amd64 2:1.65-1build2 [95.8 kB]
test	Install coverage tools (lcov, poppler-utils, git-lfs)	2025-12-23T16:47:37.4469861Z Get:42 http://azure.archive.ubuntu.com/ubuntu noble/main amd64 libperlio-gzip-perl amd64 0.20-1build4 [14.6 kB]
test	Install coverage tools (lcov, poppler-utils, git-lfs)	2025-12-23T16:47:37.4690073Z Get:43 http://azure.archive.ubuntu.com/ubuntu noble/universe amd64 lcov all 2.0-4ubuntu2 [223 kB]
test	Install coverage tools (lcov, poppler-utils, git-lfs)	2025-12-23T16:47:37.4932529Z Get:44 http://azure.archive.ubuntu.com/ubuntu noble/universe amd64 libclass-c3-xs-perl amd64 0.15-1build6 [16.3 kB]
test	Install coverage tools (lcov, poppler-utils, git-lfs)	2025-12-23T16:47:37.5152551Z Get:45 http://azure.archive.ubuntu.com/ubuntu noble/main amd64 libclass-xsaccessor-perl amd64 1.19-4build4 [33.1 kB]
test	Install coverage tools (lcov, poppler-utils, git-lfs)	2025-12-23T16:47:37.5378605Z Get:46 http://azure.archive.ubuntu.com/ubuntu noble/universe amd64 libpadwalker-perl amd64 2.5-1build6 [15.5 kB]
test	Install coverage tools (lcov, poppler-utils, git-lfs)	2025-12-23T16:47:37.5603514Z Get:47 http://azure.archive.ubuntu.com/ubuntu noble/universe amd64 libdevel-caller-perl amd64 2.07-1build3 [9766 B]
test	Install coverage tools (lcov, poppler-utils, git-lfs)	2025-12-23T16:47:37.5827822Z Get:48 http://azure.archive.ubuntu.com/ubuntu noble/universe amd64 libdevel-lexalias-perl amd64 0.05-3build4 [8014 B]
test	Install coverage tools (lcov, poppler-utils, git-lfs)	2025-12-23T16:47:37.6049541Z Get:49 http://azure.archive.ubuntu.com/ubuntu noble/main amd64 libpackage-stash-xs-perl amd64 0.30-1build4 [18.7 kB]
test	Install coverage tools (lcov, poppler-utils, git-lfs)	2025-12-23T16:47:37.6272624Z Get:50 http://azure.archive.ubuntu.com/ubuntu noble-updates/main amd64 libpoppler134 amd64 24.02.0-1ubuntu9.8 [1118 kB]
test	Install coverage tools (lcov, poppler-utils, git-lfs)	2025-12-23T16:47:37.6574196Z Get:51 http://azure.archive.ubuntu.com/ubuntu noble/universe amd64 libreadonly-perl all 2.050-3 [19.9 kB]
test	Install coverage tools (lcov, poppler-utils, git-lfs)	2025-12-23T16:47:37.6798107Z Get:52 http://azure.archive.ubuntu.com/ubuntu noble/universe amd64 libref-util-perl all 0.204-2 [15.1 kB]
test	Install coverage tools (lcov, poppler-utils, git-lfs)	2025-12-23T16:47:37.7025438Z Get:53 http://azure.archive.ubuntu.com/ubuntu noble/universe amd64 libref-util-xs-perl amd64 0.117-2build4 [12.6 kB]
test	Install coverage tools (lcov, poppler-utils, git-lfs)	2025-12-23T16:47:37.7692643Z Get:54 http://azure.archive.ubuntu.com/ubuntu noble-updates/main amd64 poppler-utils amd64 24.02.0-1ubuntu9.8 [212 kB]
test	Install coverage tools (lcov, poppler-utils, git-lfs)	2025-12-23T16:47:37.7927237Z Get:55 http://azure.archive.ubuntu.com/ubuntu noble/main amd64 libgd-perl amd64 2.78-1build3 [129 kB]
test	Install coverage tools (lcov, poppler-utils, git-lfs)	2025-12-23T16:47:38.0804660Z Fetched 7808 kB in 1s (5261 kB/s)
test	Install coverage tools (lcov, poppler-utils, git-lfs)	2025-12-23T16:47:38.1054883Z Selecting previously unselected package poppler-data.
test	Install coverage tools (lcov, poppler-utils, git-lfs)	2025-12-23T16:47:38.1343740Z (Reading database ... 
test	Install coverage tools (lcov, poppler-utils, git-lfs)	2025-12-23T16:47:38.1344174Z (Reading database ... 5%
test	Install coverage tools (lcov, poppler-utils, git-lfs)	2025-12-23T16:47:38.1344738Z (Reading database ... 10%
test	Install coverage tools (lcov, poppler-utils, git-lfs)	2025-12-23T16:47:38.1345124Z (Reading database ... 15%
test	Install coverage tools (lcov, poppler-utils, git-lfs)	2025-12-23T16:47:38.1345506Z (Reading database ... 20%
test	Install coverage tools (lcov, poppler-utils, git-lfs)	2025-12-23T16:47:38.1345875Z (Reading database ... 25%
test	Install coverage tools (lcov, poppler-utils, git-lfs)	2025-12-23T16:47:38.1346222Z (Reading database ... 30%
test	Install coverage tools (lcov, poppler-utils, git-lfs)	2025-12-23T16:47:38.1346627Z (Reading database ... 35%
test	Install coverage tools (lcov, poppler-utils, git-lfs)	2025-12-23T16:47:38.1346984Z (Reading database ... 40%
test	Install coverage tools (lcov, poppler-utils, git-lfs)	2025-12-23T16:47:38.1347340Z (Reading database ... 45%
test	Install coverage tools (lcov, poppler-utils, git-lfs)	2025-12-23T16:47:38.1347574Z (Reading database ... 50%
test	Install coverage tools (lcov, poppler-utils, git-lfs)	2025-12-23T16:47:38.1440060Z (Reading database ... 55%
test	Install coverage tools (lcov, poppler-utils, git-lfs)	2025-12-23T16:47:38.3030968Z (Reading database ... 60%
test	Install coverage tools (lcov, poppler-utils, git-lfs)	2025-12-23T16:47:38.3901487Z (Reading database ... 65%
test	Install coverage tools (lcov, poppler-utils, git-lfs)	2025-12-23T16:47:38.4292405Z (Reading database ... 70%
test	Install coverage tools (lcov, poppler-utils, git-lfs)	2025-12-23T16:47:38.5135903Z (Reading database ... 75%
test	Install coverage tools (lcov, poppler-utils, git-lfs)	2025-12-23T16:47:38.7010742Z (Reading database ... 80%
test	Install coverage tools (lcov, poppler-utils, git-lfs)	2025-12-23T16:47:38.8922894Z (Reading database ... 85%
test	Install coverage tools (lcov, poppler-utils, git-lfs)	2025-12-23T16:47:39.1211154Z (Reading database ... 90%
test	Install coverage tools (lcov, poppler-utils, git-lfs)	2025-12-23T16:47:39.3004897Z (Reading database ... 95%
test	Install coverage tools (lcov, poppler-utils, git-lfs)	2025-12-23T16:47:39.3005465Z (Reading database ... 100%
test	Install coverage tools (lcov, poppler-utils, git-lfs)	2025-12-23T16:47:39.3006062Z (Reading database ... 217374 files and directories currently installed.)
test	Install coverage tools (lcov, poppler-utils, git-lfs)	2025-12-23T16:47:39.3049660Z Preparing to unpack .../00-poppler-data_0.4.12-1_all.deb ...
test	Install coverage tools (lcov, poppler-utils, git-lfs)	2025-12-23T16:47:39.3076453Z Unpacking poppler-data (0.4.12-1) ...
test	Install coverage tools (lcov, poppler-utils, git-lfs)	2025-12-23T16:47:39.4429894Z Selecting previously unselected package libcapture-tiny-perl.
test	Install coverage tools (lcov, poppler-utils, git-lfs)	2025-12-23T16:47:39.4566733Z Preparing to unpack .../01-libcapture-tiny-perl_0.48-2_all.deb ...
test	Install coverage tools (lcov, poppler-utils, git-lfs)	2025-12-23T16:47:39.4586031Z Unpacking libcapture-tiny-perl (0.48-2) ...
test	Install coverage tools (lcov, poppler-utils, git-lfs)	2025-12-23T16:47:39.4812162Z Selecting previously unselected package libclass-inspector-perl.
test	Install coverage tools (lcov, poppler-utils, git-lfs)	2025-12-23T16:47:39.4947767Z Preparing to unpack .../02-libclass-inspector-perl_1.36-3_all.deb ...
test	Install coverage tools (lcov, poppler-utils, git-lfs)	2025-12-23T16:47:39.4958133Z Unpacking libclass-inspector-perl (1.36-3) ...
test	Install coverage tools (lcov, poppler-utils, git-lfs)	2025-12-23T16:47:39.5178424Z Selecting previously unselected package libfile-sharedir-perl.
test	Install coverage tools (lcov, poppler-utils, git-lfs)	2025-12-23T16:47:39.5312809Z Preparing to unpack .../03-libfile-sharedir-perl_1.118-3_all.deb ...
test	Install coverage tools (lcov, poppler-utils, git-lfs)	2025-12-23T16:47:39.5323860Z Unpacking libfile-sharedir-perl (1.118-3) ...
test	Install coverage tools (lcov, poppler-utils, git-lfs)	2025-12-23T16:47:39.5544722Z Selecting previously unselected package libb-hooks-op-check-perl:amd64.
test	Install coverage tools (lcov, poppler-utils, git-lfs)	2025-12-23T16:47:39.5678254Z Preparing to unpack .../04-libb-hooks-op-check-perl_0.22-3build1_amd64.deb ...
test	Install coverage tools (lcov, poppler-utils, git-lfs)	2025-12-23T16:47:39.5692428Z Unpacking libb-hooks-op-check-perl:amd64 (0.22-3build1) ...
test	Install coverage tools (lcov, poppler-utils, git-lfs)	2025-12-23T16:47:39.5909436Z Selecting previously unselected package libdynaloader-functions-perl.
test	Install coverage tools (lcov, poppler-utils, git-lfs)	2025-12-23T16:47:39.6041615Z Preparing to unpack .../05-libdynaloader-functions-perl_0.003-3_all.deb ...
test	Install coverage tools (lcov, poppler-utils, git-lfs)	2025-12-23T16:47:39.6052069Z Unpacking libdynaloader-functions-perl (0.003-3) ...
test	Install coverage tools (lcov, poppler-utils, git-lfs)	2025-12-23T16:47:39.6272031Z Selecting previously unselected package libdevel-callchecker-perl:amd64.
test	Install coverage tools (lcov, poppler-utils, git-lfs)	2025-12-23T16:47:39.6405148Z Preparing to unpack .../06-libdevel-callchecker-perl_0.008-2build3_amd64.deb ...
test	Install coverage tools (lcov, poppler-utils, git-lfs)	2025-12-23T16:47:39.6418197Z Unpacking libdevel-callchecker-perl:amd64 (0.008-2build3) ...
test	Install coverage tools (lcov, poppler-utils, git-lfs)	2025-12-23T16:47:39.6637546Z Selecting previously unselected package libparams-classify-perl:amd64.
test	Install coverage tools (lcov, poppler-utils, git-lfs)	2025-12-23T16:47:39.6807910Z Preparing to unpack .../07-libparams-classify-perl_0.015-2build5_amd64.deb ...
test	Install coverage tools (lcov, poppler-utils, git-lfs)	2025-12-23T16:47:39.6819311Z Unpacking libparams-classify-perl:amd64 (0.015-2build5) ...
test	Install coverage tools (lcov, poppler-utils, git-lfs)	2025-12-23T16:47:39.7039698Z Selecting previously unselected package libmodule-runtime-perl.
test	Install coverage tools (lcov, poppler-utils, git-lfs)	2025-12-23T16:47:39.7172272Z Preparing to unpack .../08-libmodule-runtime-perl_0.016-2_all.deb ...
test	Install coverage tools (lcov, poppler-utils, git-lfs)	2025-12-23T16:47:39.7186293Z Unpacking libmodule-runtime-perl (0.016-2) ...
test	Install coverage tools (lcov, poppler-utils, git-lfs)	2025-12-23T16:47:39.7387619Z Selecting previously unselected package libtry-tiny-perl.
test	Install coverage tools (lcov, poppler-utils, git-lfs)	2025-12-23T16:47:39.7519686Z Preparing to unpack .../09-libtry-tiny-perl_0.31-2_all.deb ...
test	Install coverage tools (lcov, poppler-utils, git-lfs)	2025-12-23T16:47:39.7530805Z Unpacking libtry-tiny-perl (0.31-2) ...
test	Install coverage tools (lcov, poppler-utils, git-lfs)	2025-12-23T16:47:39.7740244Z Selecting previously unselected package libmodule-implementation-perl.
test	Install coverage tools (lcov, poppler-utils, git-lfs)	2025-12-23T16:47:39.7873124Z Preparing to unpack .../10-libmodule-implementation-perl_0.09-2_all.deb ...
test	Install coverage tools (lcov, poppler-utils, git-lfs)	2025-12-23T16:47:39.7891118Z Unpacking libmodule-implementation-perl (0.09-2) ...
test	Install coverage tools (lcov, poppler-utils, git-lfs)	2025-12-23T16:47:39.8095237Z Selecting previously unselected package libsub-exporter-progressive-perl.
test	Install coverage tools (lcov, poppler-utils, git-lfs)	2025-12-23T16:47:39.8224937Z Preparing to unpack .../11-libsub-exporter-progressive-perl_0.001013-3_all.deb ...
test	Install coverage tools (lcov, poppler-utils, git-lfs)	2025-12-23T16:47:39.8235132Z Unpacking libsub-exporter-progressive-perl (0.001013-3) ...
test	Install coverage tools (lcov, poppler-utils, git-lfs)	2025-12-23T16:47:39.8437980Z Selecting previously unselected package libvariable-magic-perl.
test	Install coverage tools (lcov, poppler-utils, git-lfs)	2025-12-23T16:47:39.8569828Z Preparing to unpack .../12-libvariable-magic-perl_0.63-1build3_amd64.deb ...
test	Install coverage tools (lcov, poppler-utils, git-lfs)	2025-12-23T16:47:39.8580937Z Unpacking libvariable-magic-perl (0.63-1build3) ...
test	Install coverage tools (lcov, poppler-utils, git-lfs)	2025-12-23T16:47:39.8797368Z Selecting previously unselected package libb-hooks-endofscope-perl.
test	Install coverage tools (lcov, poppler-utils, git-lfs)	2025-12-23T16:47:39.8929482Z Preparing to unpack .../13-libb-hooks-endofscope-perl_0.28-1_all.deb ...
test	Install coverage tools (lcov, poppler-utils, git-lfs)	2025-12-23T16:47:39.8938898Z Unpacking libb-hooks-endofscope-perl (0.28-1) ...
test	Install coverage tools (lcov, poppler-utils, git-lfs)	2025-12-23T16:47:39.9157951Z Selecting previously unselected package libpackage-stash-perl.
test	Install coverage tools (lcov, poppler-utils, git-lfs)	2025-12-23T16:47:39.9289186Z Preparing to unpack .../14-libpackage-stash-perl_0.40-1_all.deb ...
test	Install coverage tools (lcov, poppler-utils, git-lfs)	2025-12-23T16:47:39.9299722Z Unpacking libpackage-stash-perl (0.40-1) ...
test	Install coverage tools (lcov, poppler-utils, git-lfs)	2025-12-23T16:47:39.9508034Z Selecting previously unselected package libsub-identify-perl.
test	Install coverage tools (lcov, poppler-utils, git-lfs)	2025-12-23T16:47:39.9638595Z Preparing to unpack .../15-libsub-identify-perl_0.14-3build3_amd64.deb ...
test	Install coverage tools (lcov, poppler-utils, git-lfs)	2025-12-23T16:47:39.9648124Z Unpacking libsub-identify-perl (0.14-3build3) ...
test	Install coverage tools (lcov, poppler-utils, git-lfs)	2025-12-23T16:47:39.9858597Z Selecting previously unselected package libsub-name-perl:amd64.
test	Install coverage tools (lcov, poppler-utils, git-lfs)	2025-12-23T16:47:39.9990210Z Preparing to unpack .../16-libsub-name-perl_0.27-1build3_amd64.deb ...
test	Install coverage tools (lcov, poppler-utils, git-lfs)	2025-12-23T16:47:40.0001983Z Unpacking libsub-name-perl:amd64 (0.27-1build3) ...
test	Install coverage tools (lcov, poppler-utils, git-lfs)	2025-12-23T16:47:40.0205782Z Selecting previously unselected package libnamespace-clean-perl.
test	Install coverage tools (lcov, poppler-utils, git-lfs)	2025-12-23T16:47:40.0336075Z Preparing to unpack .../17-libnamespace-clean-perl_0.27-2_all.deb ...
test	Install coverage tools (lcov, poppler-utils, git-lfs)	2025-12-23T16:47:40.0346305Z Unpacking libnamespace-clean-perl (0.27-2) ...
test	Install coverage tools (lcov, poppler-utils, git-lfs)	2025-12-23T16:47:40.0558917Z Selecting previously unselected package libnamespace-autoclean-perl.
test	Install coverage tools (lcov, poppler-utils, git-lfs)	2025-12-23T16:47:40.0690238Z Preparing to unpack .../18-libnamespace-autoclean-perl_0.29-2_all.deb ...
test	Install coverage tools (lcov, poppler-utils, git-lfs)	2025-12-23T16:47:40.0700592Z Unpacking libnamespace-autoclean-perl (0.29-2) ...
test	Install coverage tools (lcov, poppler-utils, git-lfs)	2025-12-23T16:47:40.0908871Z Selecting previously unselected package libparams-util-perl.
test	Install coverage tools (lcov, poppler-utils, git-lfs)	2025-12-23T16:47:40.1041317Z Preparing to unpack .../19-libparams-util-perl_1.102-2build3_amd64.deb ...
test	Install coverage tools (lcov, poppler-utils, git-lfs)	2025-12-23T16:47:40.1053995Z Unpacking libparams-util-perl (1.102-2build3) ...
test	Install coverage tools (lcov, poppler-utils, git-lfs)	2025-12-23T16:47:40.1289375Z Selecting previously unselected package libsub-install-perl.
test	Install coverage tools (lcov, poppler-utils, git-lfs)	2025-12-23T16:47:40.1421256Z Preparing to unpack .../20-libsub-install-perl_0.929-1_all.deb ...
test	Install coverage tools (lcov, poppler-utils, git-lfs)	2025-12-23T16:47:40.1432783Z Unpacking libsub-install-perl (0.929-1) ...
test	Install coverage tools (lcov, poppler-utils, git-lfs)	2025-12-23T16:47:40.1657875Z Selecting previously unselected package libdata-optlist-perl.
test	Install coverage tools (lcov, poppler-utils, git-lfs)	2025-12-23T16:47:40.1794546Z Preparing to unpack .../21-libdata-optlist-perl_0.114-1_all.deb ...
test	Install coverage tools (lcov, poppler-utils, git-lfs)	2025-12-23T16:47:40.1806200Z Unpacking libdata-optlist-perl (0.114-1) ...
test	Install coverage tools (lcov, poppler-utils, git-lfs)	2025-12-23T16:47:40.2010767Z Selecting previously unselected package libsub-exporter-perl.
test	Install coverage tools (lcov, poppler-utils, git-lfs)	2025-12-23T16:47:40.2146662Z Preparing to unpack .../22-libsub-exporter-perl_0.990-1_all.deb ...
test	Install coverage tools (lcov, poppler-utils, git-lfs)	2025-12-23T16:47:40.2157070Z Unpacking libsub-exporter-perl (0.990-1) ...
test	Install coverage tools (lcov, poppler-utils, git-lfs)	2025-12-23T16:47:40.2401707Z Selecting previously unselected package libeval-closure-perl.
test	Install coverage tools (lcov, poppler-utils, git-lfs)	2025-12-23T16:47:40.2537261Z Preparing to unpack .../23-libeval-closure-perl_0.14-3_all.deb ...
test	Install coverage tools (lcov, poppler-utils, git-lfs)	2025-12-23T16:47:40.2547797Z Unpacking libeval-closure-perl (0.14-3) ...
test	Install coverage tools (lcov, poppler-utils, git-lfs)	2025-12-23T16:47:40.2757129Z Selecting previously unselected package libclass-data-inheritable-perl.
test	Install coverage tools (lcov, poppler-utils, git-lfs)	2025-12-23T16:47:40.2891824Z Preparing to unpack .../24-libclass-data-inheritable-perl_0.08-3_all.deb ...
test	Install coverage tools (lcov, poppler-utils, git-lfs)	2025-12-23T16:47:40.2911328Z Unpacking libclass-data-inheritable-perl (0.08-3) ...
test	Install coverage tools (lcov, poppler-utils, git-lfs)	2025-12-23T16:47:40.3120725Z Selecting previously unselected package libdevel-stacktrace-perl.
test	Install coverage tools (lcov, poppler-utils, git-lfs)	2025-12-23T16:47:40.3255150Z Preparing to unpack .../25-libdevel-stacktrace-perl_2.0500-1_all.deb ...
test	Install coverage tools (lcov, poppler-utils, git-lfs)	2025-12-23T16:47:40.3264793Z Unpacking libdevel-stacktrace-perl (2.0500-1) ...
test	Install coverage tools (lcov, poppler-utils, git-lfs)	2025-12-23T16:47:40.3494187Z Selecting previously unselected package libexception-class-perl.
test	Install coverage tools (lcov, poppler-utils, git-lfs)	2025-12-23T16:47:40.3627816Z Preparing to unpack .../26-libexception-class-perl_1.45-1_all.deb ...
test	Install coverage tools (lcov, poppler-utils, git-lfs)	2025-12-23T16:47:40.3638019Z Unpacking libexception-class-perl (1.45-1) ...
test	Install coverage tools (lcov, poppler-utils, git-lfs)	2025-12-23T16:47:40.3848123Z Selecting previously unselected package libparams-validationcompiler-perl.
test	Install coverage tools (lcov, poppler-utils, git-lfs)	2025-12-23T16:47:40.3980640Z Preparing to unpack .../27-libparams-validationcompiler-perl_0.31-1_all.deb ...
test	Install coverage tools (lcov, poppler-utils, git-lfs)	2025-12-23T16:47:40.4004924Z Unpacking libparams-validationcompiler-perl (0.31-1) ...
test	Install coverage tools (lcov, poppler-utils, git-lfs)	2025-12-23T16:47:40.4207779Z Selecting previously unselected package libalgorithm-c3-perl.
test	Install coverage tools (lcov, poppler-utils, git-lfs)	2025-12-23T16:47:40.4339387Z Preparing to unpack .../28-libalgorithm-c3-perl_0.11-2_all.deb ...
test	Install coverage tools (lcov, poppler-utils, git-lfs)	2025-12-23T16:47:40.4346894Z Unpacking libalgorithm-c3-perl (0.11-2) ...
test	Install coverage tools (lcov, poppler-utils, git-lfs)	2025-12-23T16:47:40.4533419Z Selecting previously unselected package libclass-c3-perl.
test	Install coverage tools (lcov, poppler-utils, git-lfs)	2025-12-23T16:47:40.4665219Z Preparing to unpack .../29-libclass-c3-perl_0.35-2_all.deb ...
test	Install coverage tools (lcov, poppler-utils, git-lfs)	2025-12-23T16:47:40.4671933Z Unpacking libclass-c3-perl (0.35-2) ...
test	Install coverage tools (lcov, poppler-utils, git-lfs)	2025-12-23T16:47:40.4863642Z Selecting previously unselected package libmro-compat-perl.
test	Install coverage tools (lcov, poppler-utils, git-lfs)	2025-12-23T16:47:40.4995464Z Preparing to unpack .../30-libmro-compat-perl_0.15-2_all.deb ...
test	Install coverage tools (lcov, poppler-utils, git-lfs)	2025-12-23T16:47:40.5002727Z Unpacking libmro-compat-perl (0.15-2) ...
test	Install coverage tools (lcov, poppler-utils, git-lfs)	2025-12-23T16:47:40.5194154Z Selecting previously unselected package libclass-method-modifiers-perl.
test	Install coverage tools (lcov, poppler-utils, git-lfs)	2025-12-23T16:47:40.5326192Z Preparing to unpack .../31-libclass-method-modifiers-perl_2.15-1_all.deb ...
test	Install coverage tools (lcov, poppler-utils, git-lfs)	2025-12-23T16:47:40.5333164Z Unpacking libclass-method-modifiers-perl (2.15-1) ...
test	Install coverage tools (lcov, poppler-utils, git-lfs)	2025-12-23T16:47:40.5533541Z Selecting previously unselected package librole-tiny-perl.
test	Install coverage tools (lcov, poppler-utils, git-lfs)	2025-12-23T16:47:40.5665439Z Preparing to unpack .../32-librole-tiny-perl_2.002004-1_all.deb ...
test	Install coverage tools (lcov, poppler-utils, git-lfs)	2025-12-23T16:47:40.5673094Z Unpacking librole-tiny-perl (2.002004-1) ...
test	Install coverage tools (lcov, poppler-utils, git-lfs)	2025-12-23T16:47:40.5894072Z Selecting previously unselected package libsub-quote-perl.
test	Install coverage tools (lcov, poppler-utils, git-lfs)	2025-12-23T16:47:40.6025619Z Preparing to unpack .../33-libsub-quote-perl_2.006008-1ubuntu1_all.deb ...
test	Install coverage tools (lcov, poppler-utils, git-lfs)	2025-12-23T16:47:40.6032424Z Unpacking libsub-quote-perl (2.006008-1ubuntu1) ...
test	Install coverage tools (lcov, poppler-utils, git-lfs)	2025-12-23T16:47:40.6224062Z Selecting previously unselected package libxstring-perl:amd64.
test	Install coverage tools (lcov, poppler-utils, git-lfs)	2025-12-23T16:47:40.6355259Z Preparing to unpack .../34-libxstring-perl_0.005-2build3_amd64.deb ...
test	Install coverage tools (lcov, poppler-utils, git-lfs)	2025-12-23T16:47:40.6364422Z Unpacking libxstring-perl:amd64 (0.005-2build3) ...
test	Install coverage tools (lcov, poppler-utils, git-lfs)	2025-12-23T16:47:40.6558011Z Selecting previously unselected package libspecio-perl.
test	Install coverage tools (lcov, poppler-utils, git-lfs)	2025-12-23T16:47:40.6690921Z Preparing to unpack .../35-libspecio-perl_0.48-1_all.deb ...
test	Install coverage tools (lcov, poppler-utils, git-lfs)	2025-12-23T16:47:40.6701901Z Unpacking libspecio-perl (0.48-1) ...
test	Install coverage tools (lcov, poppler-utils, git-lfs)	2025-12-23T16:47:40.7024556Z Selecting previously unselected package libdatetime-locale-perl.
test	Install coverage tools (lcov, poppler-utils, git-lfs)	2025-12-23T16:47:40.7155446Z Preparing to unpack .../36-libdatetime-locale-perl_1%3a1.37-1_all.deb ...
test	Install coverage tools (lcov, poppler-utils, git-lfs)	2025-12-23T16:47:40.7162693Z Unpacking libdatetime-locale-perl (1:1.37-1) ...
test	Install coverage tools (lcov, poppler-utils, git-lfs)	2025-12-23T16:47:41.1995153Z Selecting previously unselected package libclass-singleton-perl.
test	Install coverage tools (lcov, poppler-utils, git-lfs)	2025-12-23T16:47:41.2140041Z Preparing to unpack .../37-libclass-singleton-perl_1.6-2_all.deb ...
test	Install coverage tools (lcov, poppler-utils, git-lfs)	2025-12-23T16:47:41.2146863Z Unpacking libclass-singleton-perl (1.6-2) ...
test	Install coverage tools (lcov, poppler-utils, git-lfs)	2025-12-23T16:47:41.2355245Z Selecting previously unselected package libdatetime-timezone-perl.
test	Install coverage tools (lcov, poppler-utils, git-lfs)	2025-12-23T16:47:41.2491428Z Preparing to unpack .../38-libdatetime-timezone-perl_1%3a2.62-1+2024a_all.deb ...
test	Install coverage tools (lcov, poppler-utils, git-lfs)	2025-12-23T16:47:41.2500697Z Unpacking libdatetime-timezone-perl (1:2.62-1+2024a) ...
test	Install coverage tools (lcov, poppler-utils, git-lfs)	2025-12-23T16:47:41.3438854Z Selecting previously unselected package libdatetime-perl.
test	Install coverage tools (lcov, poppler-utils, git-lfs)	2025-12-23T16:47:41.3576204Z Preparing to unpack .../39-libdatetime-perl_2%3a1.65-1build2_amd64.deb ...
test	Install coverage tools (lcov, poppler-utils, git-lfs)	2025-12-23T16:47:41.3583189Z Unpacking libdatetime-perl (2:1.65-1build2) ...
test	Install coverage tools (lcov, poppler-utils, git-lfs)	2025-12-23T16:47:41.3817047Z Selecting previously unselected package libperlio-gzip-perl.
test	Install coverage tools (lcov, poppler-utils, git-lfs)	2025-12-23T16:47:41.3953189Z Preparing to unpack .../40-libperlio-gzip-perl_0.20-1build4_amd64.deb ...
test	Install coverage tools (lcov, poppler-utils, git-lfs)	2025-12-23T16:47:41.3961707Z Unpacking libperlio-gzip-perl (0.20-1build4) ...
test	Install coverage tools (lcov, poppler-utils, git-lfs)	2025-12-23T16:47:41.4163682Z Selecting previously unselected package lcov.
test	Install coverage tools (lcov, poppler-utils, git-lfs)	2025-12-23T16:47:41.4298828Z Preparing to unpack .../41-lcov_2.0-4ubuntu2_all.deb ...
test	Install coverage tools (lcov, poppler-utils, git-lfs)	2025-12-23T16:47:41.4306549Z Unpacking lcov (2.0-4ubuntu2) ...
test	Install coverage tools (lcov, poppler-utils, git-lfs)	2025-12-23T16:47:41.4656843Z Selecting previously unselected package libclass-c3-xs-perl.
test	Install coverage tools (lcov, poppler-utils, git-lfs)	2025-12-23T16:47:41.4793045Z Preparing to unpack .../42-libclass-c3-xs-perl_0.15-1build6_amd64.deb ...
test	Install coverage tools (lcov, poppler-utils, git-lfs)	2025-12-23T16:47:41.4802928Z Unpacking libclass-c3-xs-perl (0.15-1build6) ...
test	Install coverage tools (lcov, poppler-utils, git-lfs)	2025-12-23T16:47:41.5003422Z Selecting previously unselected package libclass-xsaccessor-perl.
test	Install coverage tools (lcov, poppler-utils, git-lfs)	2025-12-23T16:47:41.5138321Z Preparing to unpack .../43-libclass-xsaccessor-perl_1.19-4build4_amd64.deb ...
test	Install coverage tools (lcov, poppler-utils, git-lfs)	2025-12-23T16:47:41.5145867Z Unpacking libclass-xsaccessor-perl (1.19-4build4) ...
test	Install coverage tools (lcov, poppler-utils, git-lfs)	2025-12-23T16:47:41.5464012Z Selecting previously unselected package libpadwalker-perl.
test	Install coverage tools (lcov, poppler-utils, git-lfs)	2025-12-23T16:47:41.5599451Z Preparing to unpack .../44-libpadwalker-perl_2.5-1build6_amd64.deb ...
test	Install coverage tools (lcov, poppler-utils, git-lfs)	2025-12-23T16:47:41.5608080Z Unpacking libpadwalker-perl (2.5-1build6) ...
test	Install coverage tools (lcov, poppler-utils, git-lfs)	2025-12-23T16:47:41.5805942Z Selecting previously unselected package libdevel-caller-perl:amd64.
test	Install coverage tools (lcov, poppler-utils, git-lfs)	2025-12-23T16:47:41.5938928Z Preparing to unpack .../45-libdevel-caller-perl_2.07-1build3_amd64.deb ...
test	Install coverage tools (lcov, poppler-utils, git-lfs)	2025-12-23T16:47:41.5946939Z Unpacking libdevel-caller-perl:amd64 (2.07-1build3) ...
test	Install coverage tools (lcov, poppler-utils, git-lfs)	2025-12-23T16:47:41.6137129Z Selecting previously unselected package libdevel-lexalias-perl.
test	Install coverage tools (lcov, poppler-utils, git-lfs)	2025-12-23T16:47:41.6269846Z Preparing to unpack .../46-libdevel-lexalias-perl_0.05-3build4_amd64.deb ...
test	Install coverage tools (lcov, poppler-utils, git-lfs)	2025-12-23T16:47:41.6278218Z Unpacking libdevel-lexalias-perl (0.05-3build4) ...
test	Install coverage tools (lcov, poppler-utils, git-lfs)	2025-12-23T16:47:41.6468037Z Selecting previously unselected package libpackage-stash-xs-perl:amd64.
test	Install coverage tools (lcov, poppler-utils, git-lfs)	2025-12-23T16:47:41.6600956Z Preparing to unpack .../47-libpackage-stash-xs-perl_0.30-1build4_amd64.deb ...
test	Install coverage tools (lcov, poppler-utils, git-lfs)	2025-12-23T16:47:41.6627982Z Unpacking libpackage-stash-xs-perl:amd64 (0.30-1build4) ...
test	Install coverage tools (lcov, poppler-utils, git-lfs)	2025-12-23T16:47:41.6833031Z Selecting previously unselected package libpoppler134:amd64.
test	Install coverage tools (lcov, poppler-utils, git-lfs)	2025-12-23T16:47:41.6966852Z Preparing to unpack .../48-libpoppler134_24.02.0-1ubuntu9.8_amd64.deb ...
test	Install coverage tools (lcov, poppler-utils, git-lfs)	2025-12-23T16:47:41.6986189Z Unpacking libpoppler134:amd64 (24.02.0-1ubuntu9.8) ...
test	Install coverage tools (lcov, poppler-utils, git-lfs)	2025-12-23T16:47:41.7320156Z Selecting previously unselected package libreadonly-perl.
test	Install coverage tools (lcov, poppler-utils, git-lfs)	2025-12-23T16:47:41.7455129Z Preparing to unpack .../49-libreadonly-perl_2.050-3_all.deb ...
test	Install coverage tools (lcov, poppler-utils, git-lfs)	2025-12-23T16:47:41.7462090Z Unpacking libreadonly-perl (2.050-3) ...
test	Install coverage tools (lcov, poppler-utils, git-lfs)	2025-12-23T16:47:41.7672061Z Selecting previously unselected package libref-util-perl.
test	Install coverage tools (lcov, poppler-utils, git-lfs)	2025-12-23T16:47:41.7807375Z Preparing to unpack .../50-libref-util-perl_0.204-2_all.deb ...
test	Install coverage tools (lcov, poppler-utils, git-lfs)	2025-12-23T16:47:41.7816729Z Unpacking libref-util-perl (0.204-2) ...
test	Install coverage tools (lcov, poppler-utils, git-lfs)	2025-12-23T16:47:41.8018410Z Selecting previously unselected package libref-util-xs-perl.
test	Install coverage tools (lcov, poppler-utils, git-lfs)	2025-12-23T16:47:41.8152558Z Preparing to unpack .../51-libref-util-xs-perl_0.117-2build4_amd64.deb ...
test	Install coverage tools (lcov, poppler-utils, git-lfs)	2025-12-23T16:47:41.8159595Z Unpacking libref-util-xs-perl (0.117-2build4) ...
test	Install coverage tools (lcov, poppler-utils, git-lfs)	2025-12-23T16:47:41.8357558Z Selecting previously unselected package poppler-utils.
test	Install coverage tools (lcov, poppler-utils, git-lfs)	2025-12-23T16:47:41.8491595Z Preparing to unpack .../52-poppler-utils_24.02.0-1ubuntu9.8_amd64.deb ...
test	Install coverage tools (lcov, poppler-utils, git-lfs)	2025-12-23T16:47:41.8499369Z Unpacking poppler-utils (24.02.0-1ubuntu9.8) ...
test	Install coverage tools (lcov, poppler-utils, git-lfs)	2025-12-23T16:47:41.8864484Z Selecting previously unselected package libgd-perl.
test	Install coverage tools (lcov, poppler-utils, git-lfs)	2025-12-23T16:47:41.8999604Z Preparing to unpack .../53-libgd-perl_2.78-1build3_amd64.deb ...
test	Install coverage tools (lcov, poppler-utils, git-lfs)	2025-12-23T16:47:41.9008635Z Unpacking libgd-perl (2.78-1build3) ...
test	Install coverage tools (lcov, poppler-utils, git-lfs)	2025-12-23T16:47:41.9475583Z Setting up libclass-inspector-perl (1.36-3) ...
test	Install coverage tools (lcov, poppler-utils, git-lfs)	2025-12-23T16:47:41.9498223Z Setting up libdynaloader-functions-perl (0.003-3) ...
test	Install coverage tools (lcov, poppler-utils, git-lfs)	2025-12-23T16:47:41.9518985Z Setting up libclass-method-modifiers-perl (2.15-1) ...
test	Install coverage tools (lcov, poppler-utils, git-lfs)	2025-12-23T16:47:41.9539077Z Setting up libref-util-xs-perl (0.117-2build4) ...
test	Install coverage tools (lcov, poppler-utils, git-lfs)	2025-12-23T16:47:41.9557883Z Setting up libpoppler134:amd64 (24.02.0-1ubuntu9.8) ...
test	Install coverage tools (lcov, poppler-utils, git-lfs)	2025-12-23T16:47:41.9576530Z Setting up libsub-identify-perl (0.14-3build3) ...
test	Install coverage tools (lcov, poppler-utils, git-lfs)	2025-12-23T16:47:41.9601778Z Setting up libtry-tiny-perl (0.31-2) ...
test	Install coverage tools (lcov, poppler-utils, git-lfs)	2025-12-23T16:47:41.9622785Z Setting up libclass-singleton-perl (1.6-2) ...
test	Install coverage tools (lcov, poppler-utils, git-lfs)	2025-12-23T16:47:41.9642021Z Setting up libpadwalker-perl (2.5-1build6) ...
test	Install coverage tools (lcov, poppler-utils, git-lfs)	2025-12-23T16:47:41.9661134Z Setting up libxstring-perl:amd64 (0.005-2build3) ...
test	Install coverage tools (lcov, poppler-utils, git-lfs)	2025-12-23T16:47:41.9680750Z Setting up libclass-c3-xs-perl (0.15-1build6) ...
test	Install coverage tools (lcov, poppler-utils, git-lfs)	2025-12-23T16:47:41.9700202Z Setting up libdevel-caller-perl:amd64 (2.07-1build3) ...
test	Install coverage tools (lcov, poppler-utils, git-lfs)	2025-12-23T16:47:41.9721042Z Setting up libsub-install-perl (0.929-1) ...
test	Install coverage tools (lcov, poppler-utils, git-lfs)	2025-12-23T16:47:41.9742319Z Setting up poppler-data (0.4.12-1) ...
test	Install coverage tools (lcov, poppler-utils, git-lfs)	2025-12-23T16:47:41.9811375Z Setting up libgd-perl (2.78-1build3) ...
test	Install coverage tools (lcov, poppler-utils, git-lfs)	2025-12-23T16:47:41.9832994Z Setting up libreadonly-perl (2.050-3) ...
test	Install coverage tools (lcov, poppler-utils, git-lfs)	2025-12-23T16:47:41.9853336Z Setting up libdevel-lexalias-perl (0.05-3build4) ...
test	Install coverage tools (lcov, poppler-utils, git-lfs)	2025-12-23T16:47:41.9873378Z Setting up libpackage-stash-xs-perl:amd64 (0.30-1build4) ...
test	Install coverage tools (lcov, poppler-utils, git-lfs)	2025-12-23T16:47:41.9894204Z Setting up libclass-data-inheritable-perl (0.08-3) ...
test	Install coverage tools (lcov, poppler-utils, git-lfs)	2025-12-23T16:47:41.9932128Z Setting up libalgorithm-c3-perl (0.11-2) ...
test	Install coverage tools (lcov, poppler-utils, git-lfs)	2025-12-23T16:47:41.9995067Z Setting up libref-util-perl (0.204-2) ...
test	Install coverage tools (lcov, poppler-utils, git-lfs)	2025-12-23T16:47:42.0028216Z Setting up libvariable-magic-perl (0.63-1build3) ...
test	Install coverage tools (lcov, poppler-utils, git-lfs)	2025-12-23T16:47:42.0059004Z Setting up libb-hooks-op-check-perl:amd64 (0.22-3build1) ...
test	Install coverage tools (lcov, poppler-utils, git-lfs)	2025-12-23T16:47:42.0079802Z Setting up libparams-util-perl (1.102-2build3) ...
test	Install coverage tools (lcov, poppler-utils, git-lfs)	2025-12-23T16:47:42.0102959Z Setting up libsub-exporter-progressive-perl (0.001013-3) ...
test	Install coverage tools (lcov, poppler-utils, git-lfs)	2025-12-23T16:47:42.0123200Z Setting up libcapture-tiny-perl (0.48-2) ...
test	Install coverage tools (lcov, poppler-utils, git-lfs)	2025-12-23T16:47:42.0143267Z Setting up libsub-name-perl:amd64 (0.27-1build3) ...
test	Install coverage tools (lcov, poppler-utils, git-lfs)	2025-12-23T16:47:42.0162769Z Setting up librole-tiny-perl (2.002004-1) ...
test	Install coverage tools (lcov, poppler-utils, git-lfs)	2025-12-23T16:47:42.0181889Z Setting up libfile-sharedir-perl (1.118-3) ...
test	Install coverage tools (lcov, poppler-utils, git-lfs)	2025-12-23T16:47:42.0201259Z Setting up libsub-quote-perl (2.006008-1ubuntu1) ...
test	Install coverage tools (lcov, poppler-utils, git-lfs)	2025-12-23T16:47:42.0228352Z Setting up libdevel-stacktrace-perl (2.0500-1) ...
test	Install coverage tools (lcov, poppler-utils, git-lfs)	2025-12-23T16:47:42.0248829Z Setting up libclass-xsaccessor-perl (1.19-4build4) ...
test	Install coverage tools (lcov, poppler-utils, git-lfs)	2025-12-23T16:47:42.0269409Z Setting up poppler-utils (24.02.0-1ubuntu9.8) ...
test	Install coverage tools (lcov, poppler-utils, git-lfs)	2025-12-23T16:47:42.0290516Z Setting up libperlio-gzip-perl (0.20-1build4) ...
test	Install coverage tools (lcov, poppler-utils, git-lfs)	2025-12-23T16:47:42.0310632Z Setting up libexception-class-perl (1.45-1) ...
test	Install coverage tools (lcov, poppler-utils, git-lfs)	2025-12-23T16:47:42.0333092Z Setting up libclass-c3-perl (0.35-2) ...
test	Install coverage tools (lcov, poppler-utils, git-lfs)	2025-12-23T16:47:42.0353466Z Setting up libdevel-callchecker-perl:amd64 (0.008-2build3) ...
test	Install coverage tools (lcov, poppler-utils, git-lfs)	2025-12-23T16:47:42.0382375Z Setting up libdata-optlist-perl (0.114-1) ...
test	Install coverage tools (lcov, poppler-utils, git-lfs)	2025-12-23T16:47:42.0449649Z Setting up libmro-compat-perl (0.15-2) ...
test	Install coverage tools (lcov, poppler-utils, git-lfs)	2025-12-23T16:47:42.0506190Z Setting up libsub-exporter-perl (0.990-1) ...
test	Install coverage tools (lcov, poppler-utils, git-lfs)	2025-12-23T16:47:42.0568100Z Setting up libeval-closure-perl (0.14-3) ...
test	Install coverage tools (lcov, poppler-utils, git-lfs)	2025-12-23T16:47:42.0604783Z Setting up libparams-validationcompiler-perl (0.31-1) ...
test	Install coverage tools (lcov, poppler-utils, git-lfs)	2025-12-23T16:47:42.0629941Z Setting up libparams-classify-perl:amd64 (0.015-2build5) ...
test	Install coverage tools (lcov, poppler-utils, git-lfs)	2025-12-23T16:47:42.0655331Z Setting up libmodule-runtime-perl (0.016-2) ...
test	Install coverage tools (lcov, poppler-utils, git-lfs)	2025-12-23T16:47:42.0681674Z Setting up libmodule-implementation-perl (0.09-2) ...
test	Install coverage tools (lcov, poppler-utils, git-lfs)	2025-12-23T16:47:42.0708585Z Setting up libpackage-stash-perl (0.40-1) ...
test	Install coverage tools (lcov, poppler-utils, git-lfs)	2025-12-23T16:47:42.0731968Z Setting up libspecio-perl (0.48-1) ...
test	Install coverage tools (lcov, poppler-utils, git-lfs)	2025-12-23T16:47:42.0754516Z Setting up libb-hooks-endofscope-perl (0.28-1) ...
test	Install coverage tools (lcov, poppler-utils, git-lfs)	2025-12-23T16:47:42.0775908Z Setting up libnamespace-clean-perl (0.27-2) ...
test	Install coverage tools (lcov, poppler-utils, git-lfs)	2025-12-23T16:47:42.0809185Z Setting up libnamespace-autoclean-perl (0.29-2) ...
test	Install coverage tools (lcov, poppler-utils, git-lfs)	2025-12-23T16:47:42.0831820Z Setting up libdatetime-locale-perl (1:1.37-1) ...
test	Install coverage tools (lcov, poppler-utils, git-lfs)	2025-12-23T16:47:42.0856198Z Setting up libdatetime-timezone-perl (1:2.62-1+2024a) ...
test	Install coverage tools (lcov, poppler-utils, git-lfs)	2025-12-23T16:47:42.0897360Z Setting up libdatetime-perl (2:1.65-1build2) ...
test	Install coverage tools (lcov, poppler-utils, git-lfs)	2025-12-23T16:47:42.0916192Z Setting up lcov (2.0-4ubuntu2) ...
test	Install coverage tools (lcov, poppler-utils, git-lfs)	2025-12-23T16:47:42.0947394Z Processing triggers for fontconfig (2.15.0-1.1ubuntu2) ...
test	Install coverage tools (lcov, poppler-utils, git-lfs)	2025-12-23T16:47:42.1499230Z Processing triggers for libc-bin (2.39-0ubuntu8.6) ...
test	Install coverage tools (lcov, poppler-utils, git-lfs)	2025-12-23T16:47:43.5594861Z Processing triggers for man-db (2.12.0-4build2) ...
test	Install coverage tools (lcov, poppler-utils, git-lfs)	2025-12-23T16:47:43.5623429Z Not building database; man-db/auto-update is not 'true'.
test	Install coverage tools (lcov, poppler-utils, git-lfs)	2025-12-23T16:47:44.2410933Z 
test	Install coverage tools (lcov, poppler-utils, git-lfs)	2025-12-23T16:47:44.2411645Z Running kernel seems to be up-to-date.
test	Install coverage tools (lcov, poppler-utils, git-lfs)	2025-12-23T16:47:44.2412095Z 
test	Install coverage tools (lcov, poppler-utils, git-lfs)	2025-12-23T16:47:44.2412292Z No services need to be restarted.
test	Install coverage tools (lcov, poppler-utils, git-lfs)	2025-12-23T16:47:44.2412520Z 
test	Install coverage tools (lcov, poppler-utils, git-lfs)	2025-12-23T16:47:44.2412639Z No containers need to be restarted.
test	Install coverage tools (lcov, poppler-utils, git-lfs)	2025-12-23T16:47:44.2412851Z 
test	Install coverage tools (lcov, poppler-utils, git-lfs)	2025-12-23T16:47:44.2412999Z No user sessions are running outdated binaries.
test	Install coverage tools (lcov, poppler-utils, git-lfs)	2025-12-23T16:47:44.2413242Z 
test	Install coverage tools (lcov, poppler-utils, git-lfs)	2025-12-23T16:47:44.2413492Z No VM guests are running outdated hypervisor (qemu) binaries on this host.
test	Install coverage tools (lcov, poppler-utils, git-lfs)	2025-12-23T16:47:45.1373591Z warning: current user is not root/admin, system install is likely to fail.
test	Install coverage tools (lcov, poppler-utils, git-lfs)	2025-12-23T16:47:45.1514782Z Updated Git hooks.
test	Install coverage tools (lcov, poppler-utils, git-lfs)	2025-12-23T16:47:45.1515472Z Git LFS initialized.
test	Write CI diagnostics	ï»¿2025-12-23T16:47:45.1801633Z ##[group]Run set -eux
test	Write CI diagnostics	2025-12-23T16:47:45.1801918Z [36;1mset -eux[0m
test	Write CI diagnostics	2025-12-23T16:47:45.1802118Z [36;1mout=ci-diagnostics.txt[0m
test	Write CI diagnostics	2025-12-23T16:47:45.1802406Z [36;1mecho "=== CI Diagnostics: $(date -u) ===" > "$out"[0m
test	Write CI diagnostics	2025-12-23T16:47:45.1802794Z [36;1mecho "Java:" >> "$out"; java -version 2>&1 | sed -n '1,5p' >> "$out" || true[0m
test	Write CI diagnostics	2025-12-23T16:47:45.1803287Z [36;1mecho "Javac:" >> "$out"; javac -version 2>&1 | sed -n '1,5p' >> "$out" || true[0m
test	Write CI diagnostics	2025-12-23T16:47:45.1803740Z [36;1mecho "Flutter:" >> "$out"; flutter --version 2>&1 | sed -n '1,5p' >> "$out" || true[0m
test	Write CI diagnostics	2025-12-23T16:47:45.1804156Z [36;1mecho "Which flutter: $(which flutter || true)" >> "$out"[0m
test	Write CI diagnostics	2025-12-23T16:47:45.1805201Z [36;1mecho "pdftotext:" >> "$out"; pdftotext -v 2>&1 | sed -n '1,5p' >> "$out" || echo "pdftotext not installed" >> "$out"[0m
test	Write CI diagnostics	2025-12-23T16:47:45.1805796Z [36;1mecho "git-lfs:" >> "$out"; git lfs --version 2>&1 | sed -n '1,5p' >> "$out" || echo "git-lfs not installed" >> "$out"[0m
test	Write CI diagnostics	2025-12-23T16:47:45.1806399Z [36;1mecho "lcov:" >> "$out"; lcov --version 2>&1 | sed -n '1,5p' >> "$out" || echo "lcov not installed" >> "$out"[0m
test	Write CI diagnostics	2025-12-23T16:47:45.1838763Z shell: /usr/bin/bash -e {0}
test	Write CI diagnostics	2025-12-23T16:47:45.1838989Z env:
test	Write CI diagnostics	2025-12-23T16:47:45.1839271Z   JAVA_HOME: /opt/hostedtoolcache/Java_Temurin-Hotspot_jdk/21.0.9-10/x64
test	Write CI diagnostics	2025-12-23T16:47:45.1839718Z   JAVA_HOME_21_X64: /opt/hostedtoolcache/Java_Temurin-Hotspot_jdk/21.0.9-10/x64
test	Write CI diagnostics	2025-12-23T16:47:45.1840145Z   FLUTTER_ROOT: /opt/hostedtoolcache/flutter/stable-3.38.5-x64
test	Write CI diagnostics	2025-12-23T16:47:45.1840491Z   PUB_CACHE: /home/runner/.pub-cache
test	Write CI diagnostics	2025-12-23T16:47:45.1840727Z ##[endgroup]
test	Write CI diagnostics	2025-12-23T16:47:45.1890286Z + out=ci-diagnostics.txt
test	Write CI diagnostics	2025-12-23T16:47:45.1892762Z ++ date -u
test	Write CI diagnostics	2025-12-23T16:47:45.1903374Z + echo '=== CI Diagnostics: Tue Dec 23 16:47:45 UTC 2025 ==='
test	Write CI diagnostics	2025-12-23T16:47:45.1903926Z + echo Java:
test	Write CI diagnostics	2025-12-23T16:47:45.1906756Z + java -version
test	Write CI diagnostics	2025-12-23T16:47:45.1908057Z + sed -n 1,5p
test	Write CI diagnostics	2025-12-23T16:47:45.2191048Z + echo Javac:
test	Write CI diagnostics	2025-12-23T16:47:45.2192749Z + javac -version
test	Write CI diagnostics	2025-12-23T16:47:45.2194783Z + sed -n 1,5p
test	Write CI diagnostics	2025-12-23T16:47:45.3579832Z + echo Flutter:
test	Write CI diagnostics	2025-12-23T16:47:45.3581914Z + flutter --version
test	Write CI diagnostics	2025-12-23T16:47:45.3583806Z + sed -n 1,5p
test	Write CI diagnostics	2025-12-23T16:47:45.4615507Z ++ which flutter
test	Write CI diagnostics	2025-12-23T16:47:45.4632026Z + echo 'Which flutter: /opt/hostedtoolcache/flutter/stable-3.38.5-x64/bin/flutter'
test	Write CI diagnostics	2025-12-23T16:47:45.4632746Z + echo pdftotext:
test	Write CI diagnostics	2025-12-23T16:47:45.4634940Z + pdftotext -v
test	Write CI diagnostics	2025-12-23T16:47:45.4636832Z + sed -n 1,5p
test	Write CI diagnostics	2025-12-23T16:47:45.4720284Z + echo git-lfs:
test	Write CI diagnostics	2025-12-23T16:47:45.4722872Z + git lfs --version
test	Write CI diagnostics	2025-12-23T16:47:45.4723690Z + sed -n 1,5p
test	Write CI diagnostics	2025-12-23T16:47:45.4817182Z + echo lcov:
test	Write CI diagnostics	2025-12-23T16:47:45.4819837Z + lcov --version
test	Write CI diagnostics	2025-12-23T16:47:45.4821069Z + sed -n 1,5p
test	Upload CI diagnostics	ï»¿2025-12-23T16:47:45.7036710Z ##[group]Run actions/upload-artifact@v4
test	Upload CI diagnostics	2025-12-23T16:47:45.7036996Z with:
test	Upload CI diagnostics	2025-12-23T16:47:45.7037210Z   name: ci-diagnostics
test	Upload CI diagnostics	2025-12-23T16:47:45.7037415Z   path: ci-diagnostics.txt
test	Upload CI diagnostics	2025-12-23T16:47:45.7037644Z   if-no-files-found: warn
test	Upload CI diagnostics	2025-12-23T16:47:45.7037850Z   compression-level: 6
test	Upload CI diagnostics	2025-12-23T16:47:45.7038046Z   overwrite: false
test	Upload CI diagnostics	2025-12-23T16:47:45.7038240Z   include-hidden-files: false
test	Upload CI diagnostics	2025-12-23T16:47:45.7038441Z env:
test	Upload CI diagnostics	2025-12-23T16:47:45.7038714Z   JAVA_HOME: /opt/hostedtoolcache/Java_Temurin-Hotspot_jdk/21.0.9-10/x64
test	Upload CI diagnostics	2025-12-23T16:47:45.7039163Z   JAVA_HOME_21_X64: /opt/hostedtoolcache/Java_Temurin-Hotspot_jdk/21.0.9-10/x64
test	Upload CI diagnostics	2025-12-23T16:47:45.7039575Z   FLUTTER_ROOT: /opt/hostedtoolcache/flutter/stable-3.38.5-x64
test	Upload CI diagnostics	2025-12-23T16:47:45.7039902Z   PUB_CACHE: /home/runner/.pub-cache
test	Upload CI diagnostics	2025-12-23T16:47:45.7040135Z ##[endgroup]
test	Upload CI diagnostics	2025-12-23T16:47:45.9179440Z With the provided path, there will be 1 file uploaded
test	Upload CI diagnostics	2025-12-23T16:47:45.9186175Z Artifact name is valid!
test	Upload CI diagnostics	2025-12-23T16:47:45.9187711Z Root directory input is valid!
test	Upload CI diagnostics	2025-12-23T16:47:46.0409224Z Beginning upload of artifact content to blob storage
test	Upload CI diagnostics	2025-12-23T16:47:46.1681038Z Uploaded bytes 716
test	Upload CI diagnostics	2025-12-23T16:47:46.2068007Z Finished uploading artifact content to blob storage!
test	Upload CI diagnostics	2025-12-23T16:47:46.2072345Z SHA256 digest of uploaded artifact zip is 74e1e3efb905a94c728dcd1e617987dc8924f9906156cce99b33a250342050b9
test	Upload CI diagnostics	2025-12-23T16:47:46.2074995Z Finalizing artifact upload
test	Upload CI diagnostics	2025-12-23T16:47:46.3306725Z Artifact ci-diagnostics.zip successfully finalized. Artifact ID 4954997671
test	Upload CI diagnostics	2025-12-23T16:47:46.3307993Z Artifact ci-diagnostics has been successfully uploaded! Final size is 716 bytes. Artifact ID is 4954997671
test	Upload CI diagnostics	2025-12-23T16:47:46.3314054Z Artifact download URL: https://github.com/hfcs/simple_match/actions/runs/20466467396/artifacts/4954997671
test	Debug: print environment and tools	ï»¿2025-12-23T16:47:46.3420820Z ##[group]Run set -eux
test	Debug: print environment and tools	2025-12-23T16:47:46.3421264Z [36;1mset -eux[0m
test	Debug: print environment and tools	2025-12-23T16:47:46.3421603Z [36;1mecho "===== ENV ====="[0m
test	Debug: print environment and tools	2025-12-23T16:47:46.3422024Z [36;1muname -a || true[0m
test	Debug: print environment and tools	2025-12-23T16:47:46.3422422Z [36;1mecho "JAVA_HOME=$JAVA_HOME"[0m
test	Debug: print environment and tools	2025-12-23T16:47:46.3422865Z [36;1mjava -version || true[0m
test	Debug: print environment and tools	2025-12-23T16:47:46.3423260Z [36;1mjavac -version || true[0m
test	Debug: print environment and tools	2025-12-23T16:47:46.3423765Z [36;1mecho "Flutter:" && flutter --version || true[0m
test	Debug: print environment and tools	2025-12-23T16:47:46.3424541Z [36;1mecho "Which flutter: $(which flutter || true)"[0m
test	Debug: print environment and tools	2025-12-23T16:47:46.3425320Z [36;1mecho "pdftotext:" && pdftotext -v || echo "pdftotext not installed"[0m
test	Debug: print environment and tools	2025-12-23T16:47:46.3426112Z [36;1mecho "git-lfs:" && git lfs --version || echo "git-lfs not installed"[0m
test	Debug: print environment and tools	2025-12-23T16:47:46.3426841Z [36;1mecho "lcov:" && lcov --version || echo "lcov not installed"[0m
test	Debug: print environment and tools	2025-12-23T16:47:46.3474700Z shell: /usr/bin/bash -e {0}
test	Debug: print environment and tools	2025-12-23T16:47:46.3475099Z env:
test	Debug: print environment and tools	2025-12-23T16:47:46.3475692Z   JAVA_HOME: /opt/hostedtoolcache/Java_Temurin-Hotspot_jdk/21.0.9-10/x64
test	Debug: print environment and tools	2025-12-23T16:47:46.3476570Z   JAVA_HOME_21_X64: /opt/hostedtoolcache/Java_Temurin-Hotspot_jdk/21.0.9-10/x64
test	Debug: print environment and tools	2025-12-23T16:47:46.3477416Z   FLUTTER_ROOT: /opt/hostedtoolcache/flutter/stable-3.38.5-x64
test	Debug: print environment and tools	2025-12-23T16:47:46.3478036Z   PUB_CACHE: /home/runner/.pub-cache
test	Debug: print environment and tools	2025-12-23T16:47:46.3478469Z ##[endgroup]
test	Debug: print environment and tools	2025-12-23T16:47:46.3549573Z + echo '===== ENV ====='
test	Debug: print environment and tools	2025-12-23T16:47:46.3550003Z ===== ENV =====
test	Debug: print environment and tools	2025-12-23T16:47:46.3550342Z + uname -a
test	Debug: print environment and tools	2025-12-23T16:47:46.3559625Z Linux runnervmh13bl 6.11.0-1018-azure #18~24.04.1-Ubuntu SMP Sat Jun 28 04:46:03 UTC 2025 x86_64 x86_64 x86_64 GNU/Linux
test	Debug: print environment and tools	2025-12-23T16:47:46.3561023Z + echo JAVA_HOME=/opt/hostedtoolcache/Java_Temurin-Hotspot_jdk/21.0.9-10/x64
test	Debug: print environment and tools	2025-12-23T16:47:46.3561665Z + java -version
test	Debug: print environment and tools	2025-12-23T16:47:46.3562201Z JAVA_HOME=/opt/hostedtoolcache/Java_Temurin-Hotspot_jdk/21.0.9-10/x64
test	Debug: print environment and tools	2025-12-23T16:47:46.3809265Z openjdk version "21.0.9" 2025-10-21 LTS
test	Debug: print environment and tools	2025-12-23T16:47:46.3809987Z OpenJDK Runtime Environment Temurin-21.0.9+10 (build 21.0.9+10-LTS)
test	Debug: print environment and tools	2025-12-23T16:47:46.3810751Z OpenJDK 64-Bit Server VM Temurin-21.0.9+10 (build 21.0.9+10-LTS, mixed mode, sharing)
test	Debug: print environment and tools	2025-12-23T16:47:46.3849326Z + javac -version
test	Debug: print environment and tools	2025-12-23T16:47:46.4982620Z javac 21.0.9
test	Debug: print environment and tools	2025-12-23T16:47:46.5152736Z + echo Flutter:
test	Debug: print environment and tools	2025-12-23T16:47:46.5153116Z Flutter:
test	Debug: print environment and tools	2025-12-23T16:47:46.5153439Z + flutter --version
test	Debug: print environment and tools	2025-12-23T16:47:46.6172542Z Flutter 3.38.5 â€¢ channel stable â€¢ https://github.com/flutter/flutter.git
test	Debug: print environment and tools	2025-12-23T16:47:46.6173565Z Framework â€¢ revision f6ff1529fd (12 days ago) â€¢ 2025-12-11 11:50:07 -0500
test	Debug: print environment and tools	2025-12-23T16:47:46.6174985Z Engine â€¢ hash c108a94d7a8273e112339e6c6833daa06e723a54 (revision 1527ae0ec5) (12 days ago) â€¢ 2025-12-11 15:04:31.000Z
test	Debug: print environment and tools	2025-12-23T16:47:46.6175932Z Tools â€¢ Dart 3.10.4 â€¢ DevTools 2.51.1
test	Debug: print environment and tools	2025-12-23T16:47:46.6221618Z ++ which flutter
test	Debug: print environment and tools	2025-12-23T16:47:46.6236139Z + echo 'Which flutter: /opt/hostedtoolcache/flutter/stable-3.38.5-x64/bin/flutter'
test	Debug: print environment and tools	2025-12-23T16:47:46.6236843Z + echo pdftotext:
test	Debug: print environment and tools	2025-12-23T16:47:46.6237194Z + pdftotext -v
test	Debug: print environment and tools	2025-12-23T16:47:46.6237748Z Which flutter: /opt/hostedtoolcache/flutter/stable-3.38.5-x64/bin/flutter
test	Debug: print environment and tools	2025-12-23T16:47:46.6238371Z pdftotext:
test	Debug: print environment and tools	2025-12-23T16:47:46.6309998Z pdftotext version 24.02.0
test	Debug: print environment and tools	2025-12-23T16:47:46.6310620Z Copyright 2005-2024 The Poppler Developers - http://poppler.freedesktop.org
test	Debug: print environment and tools	2025-12-23T16:47:46.6311184Z Copyright 1996-2011, 2022 Glyph & Cog, LLC
test	Debug: print environment and tools	2025-12-23T16:47:46.6322097Z + echo git-lfs:
test	Debug: print environment and tools	2025-12-23T16:47:46.6322456Z + git lfs --version
test	Debug: print environment and tools	2025-12-23T16:47:46.6322787Z git-lfs:
test	Debug: print environment and tools	2025-12-23T16:47:46.6403713Z git-lfs/3.7.1 (GitHub; linux amd64; go 1.24.4)
test	Debug: print environment and tools	2025-12-23T16:47:46.6411451Z + echo lcov:
test	Debug: print environment and tools	2025-12-23T16:47:46.6411761Z lcov:
test	Debug: print environment and tools	2025-12-23T16:47:46.6412049Z + lcov --version
test	Debug: print environment and tools	2025-12-23T16:47:46.8044577Z lcov: LCOV version 2.0-1
test	Cache Flutter Pub packages	ï»¿2025-12-23T16:47:46.9123032Z ##[group]Run actions/cache@v4
test	Cache Flutter Pub packages	2025-12-23T16:47:46.9123306Z with:
test	Cache Flutter Pub packages	2025-12-23T16:47:46.9123496Z   path: ~/.pub-cache
test	Cache Flutter Pub packages	
test	Cache Flutter Pub packages	2025-12-23T16:47:46.9123854Z   key: Linux-pub-11c962e0daf3758977c45a8dc3e808d1118c607c88c7d4d6cf9e1482829858fc
test	Cache Flutter Pub packages	2025-12-23T16:47:46.9124498Z   restore-keys: Linux-pub-
test	Cache Flutter Pub packages	
test	Cache Flutter Pub packages	2025-12-23T16:47:46.9124824Z   enableCrossOsArchive: false
test	Cache Flutter Pub packages	2025-12-23T16:47:46.9125069Z   fail-on-cache-miss: false
test	Cache Flutter Pub packages	2025-12-23T16:47:46.9125302Z   lookup-only: false
test	Cache Flutter Pub packages	2025-12-23T16:47:46.9125497Z   save-always: false
test	Cache Flutter Pub packages	2025-12-23T16:47:46.9125676Z env:
test	Cache Flutter Pub packages	2025-12-23T16:47:46.9125959Z   JAVA_HOME: /opt/hostedtoolcache/Java_Temurin-Hotspot_jdk/21.0.9-10/x64
test	Cache Flutter Pub packages	2025-12-23T16:47:46.9126432Z   JAVA_HOME_21_X64: /opt/hostedtoolcache/Java_Temurin-Hotspot_jdk/21.0.9-10/x64
test	Cache Flutter Pub packages	2025-12-23T16:47:46.9126857Z   FLUTTER_ROOT: /opt/hostedtoolcache/flutter/stable-3.38.5-x64
test	Cache Flutter Pub packages	2025-12-23T16:47:46.9127186Z   PUB_CACHE: /home/runner/.pub-cache
test	Cache Flutter Pub packages	2025-12-23T16:47:46.9127417Z ##[endgroup]
test	Cache Flutter Pub packages	2025-12-23T16:47:47.1600965Z Cache hit for: Linux-pub-11c962e0daf3758977c45a8dc3e808d1118c607c88c7d4d6cf9e1482829858fc
test	Cache Flutter Pub packages	2025-12-23T16:47:47.7505386Z Received 40113154 of 40113154 (100.0%), 79.7 MBs/sec
test	Cache Flutter Pub packages	2025-12-23T16:47:47.7506526Z Cache Size: ~38 MB (40113154 B)
test	Cache Flutter Pub packages	2025-12-23T16:47:47.7537370Z [command]/usr/bin/tar -xf /home/runner/work/_temp/be1a3260-208d-4eae-b611-2674ee048c5e/cache.tzst -P -C /home/runner/work/simple_match/simple_match --use-compress-program unzstd
test	Cache Flutter Pub packages	2025-12-23T16:47:48.3905906Z Cache restored successfully
test	Cache Flutter Pub packages	2025-12-23T16:47:48.4062595Z Cache restored from key: Linux-pub-11c962e0daf3758977c45a8dc3e808d1118c607c88c7d4d6cf9e1482829858fc
test	Install dependencies	ï»¿2025-12-23T16:47:48.4181864Z ##[group]Run flutter pub get
test	Install dependencies	2025-12-23T16:47:48.4182171Z [36;1mflutter pub get[0m
test	Install dependencies	2025-12-23T16:47:48.4214180Z shell: /usr/bin/bash -e {0}
test	Install dependencies	2025-12-23T16:47:48.4214519Z env:
test	Install dependencies	2025-12-23T16:47:48.4214814Z   JAVA_HOME: /opt/hostedtoolcache/Java_Temurin-Hotspot_jdk/21.0.9-10/x64
test	Install dependencies	2025-12-23T16:47:48.4215273Z   JAVA_HOME_21_X64: /opt/hostedtoolcache/Java_Temurin-Hotspot_jdk/21.0.9-10/x64
test	Install dependencies	2025-12-23T16:47:48.4215697Z   FLUTTER_ROOT: /opt/hostedtoolcache/flutter/stable-3.38.5-x64
test	Install dependencies	2025-12-23T16:47:48.4216046Z   PUB_CACHE: /home/runner/.pub-cache
test	Install dependencies	2025-12-23T16:47:48.4216296Z ##[endgroup]
test	Install dependencies	2025-12-23T16:47:49.1635918Z Resolving dependencies...
test	Install dependencies	2025-12-23T16:47:49.5413037Z Downloading packages...
test	Install dependencies	2025-12-23T16:47:49.5460573Z   _fe_analyzer_shared 89.0.0 (92.0.0 available)
test	Install dependencies	2025-12-23T16:47:49.5461215Z   analyzer 8.2.0 (9.0.0 available)
test	Install dependencies	2025-12-23T16:47:49.5461630Z   build 4.0.0 (4.0.3 available)
test	Install dependencies	2025-12-23T16:47:49.5462048Z   build_daemon 4.0.4 (4.1.1 available)
test	Install dependencies	2025-12-23T16:47:49.5462496Z   build_runner 2.8.0 (2.10.4 available)
test	Install dependencies	2025-12-23T16:47:49.5463027Z   built_value 8.12.0 (8.12.1 available)
test	Install dependencies	2025-12-23T16:47:49.5463454Z   characters 1.4.0 (1.4.1 available)
test	Install dependencies	2025-12-23T16:47:49.5463891Z   crypto 3.0.6 (3.0.7 available)
test	Install dependencies	2025-12-23T16:47:49.5464514Z   dart_style 3.1.2 (3.1.3 available)
test	Install dependencies	2025-12-23T16:47:49.5464950Z   flutter_lints 5.0.0 (6.0.0 available)
test	Install dependencies	2025-12-23T16:47:49.5465368Z   http 1.5.0 (1.6.0 available)
test	Install dependencies	2025-12-23T16:47:49.5465738Z   image 4.5.4 (4.7.2 available)
test	Install dependencies	2025-12-23T16:47:49.5466102Z   lints 5.1.1 (6.0.0 available)
test	Install dependencies	2025-12-23T16:47:49.5466485Z   matcher 0.12.17 (0.12.18 available)
test	Install dependencies	2025-12-23T16:47:49.5466989Z   material_color_utilities 0.11.1 (0.13.0 available)
test	Install dependencies	2025-12-23T16:47:49.5467477Z > meta 1.17.0 (was 1.16.0)
test	Install dependencies	2025-12-23T16:47:49.5467834Z   mockito 5.5.1 (5.6.1 available)
test	Install dependencies	2025-12-23T16:47:49.5468287Z   path_provider_android 2.2.18 (2.2.22 available)
test	Install dependencies	2025-12-23T16:47:49.5468813Z   path_provider_foundation 2.4.2 (2.5.1 available)
test	Install dependencies	2025-12-23T16:47:49.5469322Z   shared_preferences 2.5.3 (2.5.4 available)
test	Install dependencies	2025-12-23T16:47:49.5470153Z   shared_preferences_android 2.4.13 (2.4.18 available)
test	Install dependencies	2025-12-23T16:47:49.5470745Z   shared_preferences_foundation 2.5.4 (2.5.6 available)
test	Install dependencies	2025-12-23T16:47:49.5471267Z   source_gen 4.0.1 (4.1.1 available)
test	Install dependencies	2025-12-23T16:47:49.5471719Z > test_api 0.7.7 (was 0.7.6) (0.7.8 available)
test	Install dependencies	2025-12-23T16:47:49.5472170Z   watcher 1.1.3 (1.2.0 available)
test	Install dependencies	2025-12-23T16:47:49.5472592Z Changed 2 dependencies!
test	Install dependencies	2025-12-23T16:47:49.5473149Z 24 packages have newer versions incompatible with dependency constraints.
test	Install dependencies	2025-12-23T16:47:49.5473841Z Try `flutter pub outdated` for more information.
test	Install pdftotext (poppler-utils)	ï»¿2025-12-23T16:47:49.9505688Z ##[group]Run sudo apt-get update
test	Install pdftotext (poppler-utils)	2025-12-23T16:47:49.9506019Z [36;1msudo apt-get update[0m
test	Install pdftotext (poppler-utils)	2025-12-23T16:47:49.9506293Z [36;1msudo apt-get install -y poppler-utils[0m
test	Install pdftotext (poppler-utils)	2025-12-23T16:47:49.9539182Z shell: /usr/bin/bash -e {0}
test	Install pdftotext (poppler-utils)	2025-12-23T16:47:49.9539434Z env:
test	Install pdftotext (poppler-utils)	2025-12-23T16:47:49.9539733Z   JAVA_HOME: /opt/hostedtoolcache/Java_Temurin-Hotspot_jdk/21.0.9-10/x64
test	Install pdftotext (poppler-utils)	2025-12-23T16:47:49.9540231Z   JAVA_HOME_21_X64: /opt/hostedtoolcache/Java_Temurin-Hotspot_jdk/21.0.9-10/x64
test	Install pdftotext (poppler-utils)	2025-12-23T16:47:49.9540669Z   FLUTTER_ROOT: /opt/hostedtoolcache/flutter/stable-3.38.5-x64
test	Install pdftotext (poppler-utils)	2025-12-23T16:47:49.9541021Z   PUB_CACHE: /home/runner/.pub-cache
test	Install pdftotext (poppler-utils)	2025-12-23T16:47:49.9541271Z ##[endgroup]
test	Install pdftotext (poppler-utils)	2025-12-23T16:47:50.0148000Z Get:1 file:/etc/apt/apt-mirrors.txt Mirrorlist [144 B]
test	Install pdftotext (poppler-utils)	2025-12-23T16:47:50.0512907Z Hit:2 http://azure.archive.ubuntu.com/ubuntu noble InRelease
test	Install pdftotext (poppler-utils)	2025-12-23T16:47:50.0513787Z Hit:6 https://packages.microsoft.com/repos/azure-cli noble InRelease
test	Install pdftotext (poppler-utils)	2025-12-23T16:47:50.0523276Z Hit:7 https://packages.microsoft.com/ubuntu/24.04/prod noble InRelease
test	Install pdftotext (poppler-utils)	2025-12-23T16:47:50.0528215Z Hit:3 http://azure.archive.ubuntu.com/ubuntu noble-updates InRelease
test	Install pdftotext (poppler-utils)	2025-12-23T16:47:50.0538392Z Hit:4 http://azure.archive.ubuntu.com/ubuntu noble-backports InRelease
test	Install pdftotext (poppler-utils)	2025-12-23T16:47:50.0547671Z Hit:5 http://azure.archive.ubuntu.com/ubuntu noble-security InRelease
test	Install pdftotext (poppler-utils)	2025-12-23T16:47:51.2385545Z Reading package lists...
test	Install pdftotext (poppler-utils)	2025-12-23T16:47:51.2710003Z Reading package lists...
test	Install pdftotext (poppler-utils)	2025-12-23T16:47:51.4372476Z Building dependency tree...
test	Install pdftotext (poppler-utils)	2025-12-23T16:47:51.4379941Z Reading state information...
test	Install pdftotext (poppler-utils)	2025-12-23T16:47:51.6142872Z poppler-utils is already the newest version (24.02.0-1ubuntu9.8).
test	Install pdftotext (poppler-utils)	2025-12-23T16:47:51.6143430Z 0 upgraded, 0 newly installed, 0 to remove and 69 not upgraded.
test	Verify installed tools	ï»¿2025-12-23T16:47:51.6184810Z ##[group]Run echo "Flutter:" && flutter --version || true
test	Verify installed tools	2025-12-23T16:47:51.6185253Z [36;1mecho "Flutter:" && flutter --version || true[0m
test	Verify installed tools	2025-12-23T16:47:51.6185677Z [36;1mecho "pdftotext (poppler):" && pdftotext -v || echo "pdftotext not present"[0m
test	Verify installed tools	2025-12-23T16:47:51.6186152Z [36;1mecho "git-lfs:" && git lfs --version || echo "git-lfs not present"[0m
test	Verify installed tools	2025-12-23T16:47:51.6218546Z shell: /usr/bin/bash -e {0}
test	Verify installed tools	2025-12-23T16:47:51.6218781Z env:
test	Verify installed tools	2025-12-23T16:47:51.6219068Z   JAVA_HOME: /opt/hostedtoolcache/Java_Temurin-Hotspot_jdk/21.0.9-10/x64
test	Verify installed tools	2025-12-23T16:47:51.6219537Z   JAVA_HOME_21_X64: /opt/hostedtoolcache/Java_Temurin-Hotspot_jdk/21.0.9-10/x64
test	Verify installed tools	2025-12-23T16:47:51.6219981Z   FLUTTER_ROOT: /opt/hostedtoolcache/flutter/stable-3.38.5-x64
test	Verify installed tools	2025-12-23T16:47:51.6220324Z   PUB_CACHE: /home/runner/.pub-cache
test	Verify installed tools	2025-12-23T16:47:51.6220582Z ##[endgroup]
test	Verify installed tools	2025-12-23T16:47:51.6272002Z Flutter:
test	Verify installed tools	2025-12-23T16:47:51.7299419Z Flutter 3.38.5 â€¢ channel stable â€¢ https://github.com/flutter/flutter.git
test	Verify installed tools	2025-12-23T16:47:51.7300146Z Framework â€¢ revision f6ff1529fd (12 days ago) â€¢ 2025-12-11 11:50:07 -0500
test	Verify installed tools	2025-12-23T16:47:51.7300910Z Engine â€¢ hash c108a94d7a8273e112339e6c6833daa06e723a54 (revision 1527ae0ec5) (12 days ago) â€¢ 2025-12-11 15:04:31.000Z
test	Verify installed tools	2025-12-23T16:47:51.7301520Z Tools â€¢ Dart 3.10.4 â€¢ DevTools 2.51.1
test	Verify installed tools	2025-12-23T16:47:51.7338906Z pdftotext (poppler):
test	Verify installed tools	2025-12-23T16:47:51.7409025Z pdftotext version 24.02.0
test	Verify installed tools	2025-12-23T16:47:51.7409741Z Copyright 2005-2024 The Poppler Developers - http://poppler.freedesktop.org
test	Verify installed tools	2025-12-23T16:47:51.7410205Z Copyright 1996-2011, 2022 Glyph & Cog, LLC
test	Verify installed tools	2025-12-23T16:47:51.7418679Z git-lfs:
test	Verify installed tools	2025-12-23T16:47:51.7501106Z git-lfs/3.7.1 (GitHub; linux amd64; go 1.24.4)
test	Run tests with coverage	ï»¿2025-12-23T16:47:51.7546653Z ##[group]Run flutter test --coverage
test	Run tests with coverage	2025-12-23T16:47:51.7547052Z [36;1mflutter test --coverage[0m
test	Run tests with coverage	2025-12-23T16:47:51.7579419Z shell: /usr/bin/bash -e {0}
test	Run tests with coverage	2025-12-23T16:47:51.7579662Z env:
test	Run tests with coverage	2025-12-23T16:47:51.7579960Z   JAVA_HOME: /opt/hostedtoolcache/Java_Temurin-Hotspot_jdk/21.0.9-10/x64
test	Run tests with coverage	2025-12-23T16:47:51.7580438Z   JAVA_HOME_21_X64: /opt/hostedtoolcache/Java_Temurin-Hotspot_jdk/21.0.9-10/x64
test	Run tests with coverage	2025-12-23T16:47:51.7580882Z   FLUTTER_ROOT: /opt/hostedtoolcache/flutter/stable-3.38.5-x64
test	Run tests with coverage	2025-12-23T16:47:51.7581223Z   PUB_CACHE: /home/runner/.pub-cache
test	Run tests with coverage	2025-12-23T16:47:51.7581469Z ##[endgroup]
test	Run tests with coverage	2025-12-23T16:47:52.3466214Z Error detected in pubspec.yaml:
test	Run tests with coverage	2025-12-23T16:47:52.3479188Z No file or variants found for asset: assets/fonts/NotoSerifHK-wght.ttf.
test	Run tests with coverage	2025-12-23T16:47:52.3479751Z 
test	Run tests with coverage	2025-12-23T16:47:52.3624704Z Error: Failed to build asset bundle
test	Run tests with coverage	2025-12-23T16:47:52.3701454Z ##[error]Process completed with exit code 1.
test	Post Setup Flutter	ï»¿2025-12-23T16:47:52.3829627Z Post job cleanup.
test	Post Setup JDK 21	ï»¿2025-12-23T16:47:52.3878736Z Post job cleanup.
test	Post Run actions/checkout@v4	ï»¿2025-12-23T16:47:52.5623298Z Post job cleanup.
test	Post Run actions/checkout@v4	2025-12-23T16:47:52.6577286Z [command]/usr/bin/git version
test	Post Run actions/checkout@v4	2025-12-23T16:47:52.6616480Z git version 2.52.0
test	Post Run actions/checkout@v4	2025-12-23T16:47:52.6659771Z Temporarily overriding HOME='/home/runner/work/_temp/1ff9f237-2e4b-4444-aacd-8d8a3f00402f' before making global git config changes
test	Post Run actions/checkout@v4	2025-12-23T16:47:52.6660908Z Adding repository directory to the temporary git global config as a safe directory
test	Post Run actions/checkout@v4	2025-12-23T16:47:52.6665276Z [command]/usr/bin/git config --global --add safe.directory /home/runner/work/simple_match/simple_match
test	Post Run actions/checkout@v4	2025-12-23T16:47:52.6705834Z [command]/usr/bin/git config --local --name-only --get-regexp core\.sshCommand
test	Post Run actions/checkout@v4	2025-12-23T16:47:52.6737889Z [command]/usr/bin/git submodule foreach --recursive sh -c "git config --local --name-only --get-regexp 'core\.sshCommand' && git config --local --unset-all 'core.sshCommand' || :"
test	Post Run actions/checkout@v4	2025-12-23T16:47:52.6962784Z [command]/usr/bin/git config --local --name-only --get-regexp http\.https\:\/\/github\.com\/\.extraheader
test	Post Run actions/checkout@v4	2025-12-23T16:47:52.6984558Z http.https://github.com/.extraheader
test	Post Run actions/checkout@v4	2025-12-23T16:47:52.6997279Z [command]/usr/bin/git config --local --unset-all http.https://github.com/.extraheader
test	Post Run actions/checkout@v4	2025-12-23T16:47:52.7026931Z [command]/usr/bin/git submodule foreach --recursive sh -c "git config --local --name-only --get-regexp 'http\.https\:\/\/github\.com\/\.extraheader' && git config --local --unset-all 'http.https://github.com/.extraheader' || :"
test	Post Run actions/checkout@v4	2025-12-23T16:47:52.7245390Z [command]/usr/bin/git config --local --name-only --get-regexp ^includeIf\.gitdir:
test	Post Run actions/checkout@v4	2025-12-23T16:47:52.7276365Z [command]/usr/bin/git submodule foreach --recursive git config --local --show-origin --name-only --get-regexp remote.origin.url
test	Complete job	ï»¿2025-12-23T16:47:52.7613192Z Cleaning up orphan processes
