collect-coverage	UNKNOWN STEP	ï»¿2025-12-21T16:44:30.0361726Z Current runner version: '2.330.0'
collect-coverage	UNKNOWN STEP	2025-12-21T16:44:30.0386645Z ##[group]Runner Image Provisioner
collect-coverage	UNKNOWN STEP	2025-12-21T16:44:30.0387488Z Hosted Compute Agent
collect-coverage	UNKNOWN STEP	2025-12-21T16:44:30.0387996Z Version: 20251211.462
collect-coverage	UNKNOWN STEP	2025-12-21T16:44:30.0388694Z Commit: 6cbad8c2bb55d58165063d031ccabf57e2d2db61
collect-coverage	UNKNOWN STEP	2025-12-21T16:44:30.0389431Z Build Date: 2025-12-11T16:28:49Z
collect-coverage	UNKNOWN STEP	2025-12-21T16:44:30.0390048Z Worker ID: {9348b193-b20f-4b68-a61a-58603af44c90}
collect-coverage	UNKNOWN STEP	2025-12-21T16:44:30.0390858Z ##[endgroup]
collect-coverage	UNKNOWN STEP	2025-12-21T16:44:30.0391355Z ##[group]Operating System
collect-coverage	UNKNOWN STEP	2025-12-21T16:44:30.0391922Z Ubuntu
collect-coverage	UNKNOWN STEP	2025-12-21T16:44:30.0392823Z 24.04.3
collect-coverage	UNKNOWN STEP	2025-12-21T16:44:30.0393407Z LTS
collect-coverage	UNKNOWN STEP	2025-12-21T16:44:30.0393836Z ##[endgroup]
collect-coverage	UNKNOWN STEP	2025-12-21T16:44:30.0394457Z ##[group]Runner Image
collect-coverage	UNKNOWN STEP	2025-12-21T16:44:30.0395044Z Image: ubuntu-24.04
collect-coverage	UNKNOWN STEP	2025-12-21T16:44:30.0395540Z Version: 20251215.174.1
collect-coverage	UNKNOWN STEP	2025-12-21T16:44:30.0396641Z Included Software: https://github.com/actions/runner-images/blob/ubuntu24/20251215.174/images/ubuntu/Ubuntu2404-Readme.md
collect-coverage	UNKNOWN STEP	2025-12-21T16:44:30.0398250Z Image Release: https://github.com/actions/runner-images/releases/tag/ubuntu24%2F20251215.174
collect-coverage	UNKNOWN STEP	2025-12-21T16:44:30.0399284Z ##[endgroup]
collect-coverage	UNKNOWN STEP	2025-12-21T16:44:30.0400381Z ##[group]GITHUB_TOKEN Permissions
collect-coverage	UNKNOWN STEP	2025-12-21T16:44:30.0402978Z Contents: read
collect-coverage	UNKNOWN STEP	2025-12-21T16:44:30.0403706Z Metadata: read
collect-coverage	UNKNOWN STEP	2025-12-21T16:44:30.0404233Z Packages: read
collect-coverage	UNKNOWN STEP	2025-12-21T16:44:30.0404752Z ##[endgroup]
collect-coverage	UNKNOWN STEP	2025-12-21T16:44:30.0406838Z Secret source: Actions
collect-coverage	UNKNOWN STEP	2025-12-21T16:44:30.0407914Z Prepare workflow directory
collect-coverage	UNKNOWN STEP	2025-12-21T16:44:30.0815255Z Prepare all required actions
collect-coverage	UNKNOWN STEP	2025-12-21T16:44:30.0871228Z Getting action download info
collect-coverage	UNKNOWN STEP	2025-12-21T16:44:30.4486772Z Download action repository 'actions/checkout@v4' (SHA:34e114876b0b11c390a56381ad16ebd13914f8d5)
collect-coverage	UNKNOWN STEP	2025-12-21T16:44:30.5404153Z Download action repository 'subosito/flutter-action@v2' (SHA:fd55f4c5af5b953cc57a2be44cb082c8f6635e8e)
collect-coverage	UNKNOWN STEP	2025-12-21T16:44:30.7961615Z Download action repository 'actions/cache@v4' (SHA:0057852bfaa89a56745cba8c7296529d2fc39830)
collect-coverage	UNKNOWN STEP	2025-12-21T16:44:30.8943058Z Download action repository 'actions/upload-artifact@v4' (SHA:ea165f8d65b6e75b540449e92b4886f43607fa02)
collect-coverage	UNKNOWN STEP	2025-12-21T16:44:31.1140859Z Getting action download info
collect-coverage	UNKNOWN STEP	2025-12-21T16:44:31.2656343Z Complete job name: collect-coverage
collect-coverage	UNKNOWN STEP	2025-12-21T16:44:31.3358074Z ##[group]Run actions/checkout@v4
collect-coverage	UNKNOWN STEP	2025-12-21T16:44:31.3358894Z with:
collect-coverage	UNKNOWN STEP	2025-12-21T16:44:31.3359278Z   repository: hfcs/simple_match
collect-coverage	UNKNOWN STEP	2025-12-21T16:44:31.3359899Z   token: ***
collect-coverage	UNKNOWN STEP	2025-12-21T16:44:31.3360260Z   ssh-strict: true
collect-coverage	UNKNOWN STEP	2025-12-21T16:44:31.3360634Z   ssh-user: git
collect-coverage	UNKNOWN STEP	2025-12-21T16:44:31.3361072Z   persist-credentials: true
collect-coverage	UNKNOWN STEP	2025-12-21T16:44:31.3361508Z   clean: true
collect-coverage	UNKNOWN STEP	2025-12-21T16:44:31.3361888Z   sparse-checkout-cone-mode: true
collect-coverage	UNKNOWN STEP	2025-12-21T16:44:31.3362683Z   fetch-depth: 1
collect-coverage	UNKNOWN STEP	2025-12-21T16:44:31.3363137Z   fetch-tags: false
collect-coverage	UNKNOWN STEP	2025-12-21T16:44:31.3363529Z   show-progress: true
collect-coverage	UNKNOWN STEP	2025-12-21T16:44:31.3363910Z   lfs: false
collect-coverage	UNKNOWN STEP	2025-12-21T16:44:31.3364259Z   submodules: false
collect-coverage	UNKNOWN STEP	2025-12-21T16:44:31.3364640Z   set-safe-directory: true
collect-coverage	UNKNOWN STEP	2025-12-21T16:44:31.3365375Z ##[endgroup]
collect-coverage	UNKNOWN STEP	2025-12-21T16:44:31.4437742Z Syncing repository: hfcs/simple_match
collect-coverage	UNKNOWN STEP	2025-12-21T16:44:31.4439457Z ##[group]Getting Git version info
collect-coverage	UNKNOWN STEP	2025-12-21T16:44:31.4440162Z Working directory is '/home/runner/work/simple_match/simple_match'
collect-coverage	UNKNOWN STEP	2025-12-21T16:44:31.4441152Z [command]/usr/bin/git version
collect-coverage	UNKNOWN STEP	2025-12-21T16:44:31.5293718Z git version 2.52.0
collect-coverage	UNKNOWN STEP	2025-12-21T16:44:31.5333154Z ##[endgroup]
collect-coverage	UNKNOWN STEP	2025-12-21T16:44:31.5350853Z Temporarily overriding HOME='/home/runner/work/_temp/f7d78300-f4e8-40d1-abdb-1b31c8f0a4bd' before making global git config changes
collect-coverage	UNKNOWN STEP	2025-12-21T16:44:31.5353184Z Adding repository directory to the temporary git global config as a safe directory
collect-coverage	UNKNOWN STEP	2025-12-21T16:44:31.5368208Z [command]/usr/bin/git config --global --add safe.directory /home/runner/work/simple_match/simple_match
collect-coverage	UNKNOWN STEP	2025-12-21T16:44:31.5414037Z Deleting the contents of '/home/runner/work/simple_match/simple_match'
collect-coverage	UNKNOWN STEP	2025-12-21T16:44:31.5418433Z ##[group]Initializing the repository
collect-coverage	UNKNOWN STEP	2025-12-21T16:44:31.5423495Z [command]/usr/bin/git init /home/runner/work/simple_match/simple_match
collect-coverage	UNKNOWN STEP	2025-12-21T16:44:31.7289656Z hint: Using 'master' as the name for the initial branch. This default branch name
collect-coverage	UNKNOWN STEP	2025-12-21T16:44:31.7291671Z hint: will change to "main" in Git 3.0. To configure the initial branch name
collect-coverage	UNKNOWN STEP	2025-12-21T16:44:31.7293322Z hint: to use in all of your new repositories, which will suppress this warning,
collect-coverage	UNKNOWN STEP	2025-12-21T16:44:31.7294459Z hint: call:
collect-coverage	UNKNOWN STEP	2025-12-21T16:44:31.7295039Z hint:
collect-coverage	UNKNOWN STEP	2025-12-21T16:44:31.7295775Z hint: 	git config --global init.defaultBranch <name>
collect-coverage	UNKNOWN STEP	2025-12-21T16:44:31.7296678Z hint:
collect-coverage	UNKNOWN STEP	2025-12-21T16:44:31.7297525Z hint: Names commonly chosen instead of 'master' are 'main', 'trunk' and
collect-coverage	UNKNOWN STEP	2025-12-21T16:44:31.7298959Z hint: 'development'. The just-created branch can be renamed via this command:
collect-coverage	UNKNOWN STEP	2025-12-21T16:44:31.7300103Z hint:
collect-coverage	UNKNOWN STEP	2025-12-21T16:44:31.7300705Z hint: 	git branch -m <name>
collect-coverage	UNKNOWN STEP	2025-12-21T16:44:31.7301396Z hint:
collect-coverage	UNKNOWN STEP	2025-12-21T16:44:31.7302487Z hint: Disable this message with "git config set advice.defaultBranchName false"
collect-coverage	UNKNOWN STEP	2025-12-21T16:44:31.7826784Z Initialized empty Git repository in /home/runner/work/simple_match/simple_match/.git/
collect-coverage	UNKNOWN STEP	2025-12-21T16:44:31.7848159Z [command]/usr/bin/git remote add origin https://github.com/hfcs/simple_match
collect-coverage	UNKNOWN STEP	2025-12-21T16:44:31.7908074Z ##[endgroup]
collect-coverage	UNKNOWN STEP	2025-12-21T16:44:31.7915236Z ##[group]Disabling automatic garbage collection
collect-coverage	UNKNOWN STEP	2025-12-21T16:44:31.7917317Z [command]/usr/bin/git config --local gc.auto 0
collect-coverage	UNKNOWN STEP	2025-12-21T16:44:31.7947030Z ##[endgroup]
collect-coverage	UNKNOWN STEP	2025-12-21T16:44:31.7948827Z ##[group]Setting up auth
collect-coverage	UNKNOWN STEP	2025-12-21T16:44:31.7954887Z [command]/usr/bin/git config --local --name-only --get-regexp core\.sshCommand
collect-coverage	UNKNOWN STEP	2025-12-21T16:44:31.7989328Z [command]/usr/bin/git submodule foreach --recursive sh -c "git config --local --name-only --get-regexp 'core\.sshCommand' && git config --local --unset-all 'core.sshCommand' || :"
collect-coverage	UNKNOWN STEP	2025-12-21T16:44:32.3225936Z [command]/usr/bin/git config --local --name-only --get-regexp http\.https\:\/\/github\.com\/\.extraheader
collect-coverage	UNKNOWN STEP	2025-12-21T16:44:32.3260192Z [command]/usr/bin/git submodule foreach --recursive sh -c "git config --local --name-only --get-regexp 'http\.https\:\/\/github\.com\/\.extraheader' && git config --local --unset-all 'http.https://github.com/.extraheader' || :"
collect-coverage	UNKNOWN STEP	2025-12-21T16:44:32.3481163Z [command]/usr/bin/git config --local --name-only --get-regexp ^includeIf\.gitdir:
collect-coverage	UNKNOWN STEP	2025-12-21T16:44:32.3512709Z [command]/usr/bin/git submodule foreach --recursive git config --local --show-origin --name-only --get-regexp remote.origin.url
collect-coverage	UNKNOWN STEP	2025-12-21T16:44:32.3749280Z [command]/usr/bin/git config --local http.https://github.com/.extraheader AUTHORIZATION: basic ***
collect-coverage	UNKNOWN STEP	2025-12-21T16:44:32.4355486Z ##[endgroup]
collect-coverage	UNKNOWN STEP	2025-12-21T16:44:32.4357788Z ##[group]Fetching the repository
collect-coverage	UNKNOWN STEP	2025-12-21T16:44:32.4366849Z [command]/usr/bin/git -c protocol.version=2 fetch --no-tags --prune --no-recurse-submodules --depth=1 origin +e2d1f8bcf41b89f3a028b27be0e9b51712a0a197:refs/remotes/origin/main
collect-coverage	UNKNOWN STEP	2025-12-21T16:44:32.9139162Z From https://github.com/hfcs/simple_match
collect-coverage	UNKNOWN STEP	2025-12-21T16:44:32.9140565Z  * [new ref]         e2d1f8bcf41b89f3a028b27be0e9b51712a0a197 -> origin/main
collect-coverage	UNKNOWN STEP	2025-12-21T16:44:32.9170878Z ##[endgroup]
collect-coverage	UNKNOWN STEP	2025-12-21T16:44:32.9172024Z ##[group]Determining the checkout info
collect-coverage	UNKNOWN STEP	2025-12-21T16:44:32.9173747Z ##[endgroup]
collect-coverage	UNKNOWN STEP	2025-12-21T16:44:32.9178828Z [command]/usr/bin/git sparse-checkout disable
collect-coverage	UNKNOWN STEP	2025-12-21T16:44:32.9217810Z [command]/usr/bin/git config --local --unset-all extensions.worktreeConfig
collect-coverage	UNKNOWN STEP	2025-12-21T16:44:32.9242696Z ##[group]Checking out the ref
collect-coverage	UNKNOWN STEP	2025-12-21T16:44:32.9246288Z [command]/usr/bin/git checkout --progress --force -B main refs/remotes/origin/main
collect-coverage	UNKNOWN STEP	2025-12-21T16:44:32.9479448Z Switched to a new branch 'main'
collect-coverage	UNKNOWN STEP	2025-12-21T16:44:32.9481607Z branch 'main' set up to track 'origin/main'.
collect-coverage	UNKNOWN STEP	2025-12-21T16:44:32.9489034Z ##[endgroup]
collect-coverage	UNKNOWN STEP	2025-12-21T16:44:32.9523322Z [command]/usr/bin/git log -1 --format=%H
collect-coverage	UNKNOWN STEP	2025-12-21T16:44:32.9545633Z e2d1f8bcf41b89f3a028b27be0e9b51712a0a197
collect-coverage	UNKNOWN STEP	2025-12-21T16:44:32.9905217Z ##[group]Run subosito/flutter-action@v2
collect-coverage	UNKNOWN STEP	2025-12-21T16:44:32.9905598Z with:
collect-coverage	UNKNOWN STEP	2025-12-21T16:44:32.9905812Z   channel: stable
collect-coverage	UNKNOWN STEP	2025-12-21T16:44:32.9906046Z   architecture: X64
collect-coverage	UNKNOWN STEP	2025-12-21T16:44:32.9906270Z   cache: false
collect-coverage	UNKNOWN STEP	2025-12-21T16:44:32.9906696Z   pub-cache-path: default
collect-coverage	UNKNOWN STEP	2025-12-21T16:44:32.9906956Z   dry-run: false
collect-coverage	UNKNOWN STEP	2025-12-21T16:44:32.9907250Z   git-source: https://github.com/flutter/flutter.git
collect-coverage	UNKNOWN STEP	2025-12-21T16:44:32.9907580Z ##[endgroup]
collect-coverage	UNKNOWN STEP	2025-12-21T16:44:33.0011525Z ##[group]Run chmod +x "$GITHUB_ACTION_PATH/setup.sh"
collect-coverage	UNKNOWN STEP	2025-12-21T16:44:33.0011979Z [36;1mchmod +x "$GITHUB_ACTION_PATH/setup.sh"[0m
collect-coverage	UNKNOWN STEP	2025-12-21T16:44:33.0049799Z shell: /usr/bin/bash --noprofile --norc -e -o pipefail {0}
collect-coverage	UNKNOWN STEP	2025-12-21T16:44:33.0050191Z ##[endgroup]
collect-coverage	UNKNOWN STEP	2025-12-21T16:44:33.0185093Z ##[group]Run $GITHUB_ACTION_PATH/setup.sh -p \
collect-coverage	UNKNOWN STEP	2025-12-21T16:44:33.0185510Z [36;1m$GITHUB_ACTION_PATH/setup.sh -p \[0m
collect-coverage	UNKNOWN STEP	2025-12-21T16:44:33.0185822Z [36;1m  -n '' \[0m
collect-coverage	UNKNOWN STEP	2025-12-21T16:44:33.0186060Z [36;1m  -f '' \[0m
collect-coverage	UNKNOWN STEP	2025-12-21T16:44:33.0186330Z [36;1m  -a 'X64' \[0m
collect-coverage	UNKNOWN STEP	2025-12-21T16:44:33.0186561Z [36;1m  -k '' \[0m
collect-coverage	UNKNOWN STEP	2025-12-21T16:44:33.0186857Z [36;1m  -c '' \[0m
collect-coverage	UNKNOWN STEP	2025-12-21T16:44:33.0187079Z [36;1m  -l '' \[0m
collect-coverage	UNKNOWN STEP	2025-12-21T16:44:33.0187302Z [36;1m  -d 'default' \[0m
collect-coverage	UNKNOWN STEP	2025-12-21T16:44:33.0187645Z [36;1m  -g 'https://github.com/flutter/flutter.git' \[0m
collect-coverage	UNKNOWN STEP	2025-12-21T16:44:33.0187973Z [36;1m  stable[0m
collect-coverage	UNKNOWN STEP	2025-12-21T16:44:33.0218950Z shell: /usr/bin/bash --noprofile --norc -e -o pipefail {0}
collect-coverage	UNKNOWN STEP	2025-12-21T16:44:33.0219325Z ##[endgroup]
collect-coverage	UNKNOWN STEP	2025-12-21T16:44:33.2362941Z ##[group]Run $GITHUB_ACTION_PATH/setup.sh \
collect-coverage	UNKNOWN STEP	2025-12-21T16:44:33.2363332Z [36;1m$GITHUB_ACTION_PATH/setup.sh \[0m
collect-coverage	UNKNOWN STEP	2025-12-21T16:44:33.2363621Z [36;1m  -n '3.38.5' \[0m
collect-coverage	UNKNOWN STEP	2025-12-21T16:44:33.2363907Z [36;1m  -a 'x64' \[0m
collect-coverage	UNKNOWN STEP	2025-12-21T16:44:33.2364241Z [36;1m  -c '/opt/hostedtoolcache/flutter/stable-3.38.5-x64' \[0m
collect-coverage	UNKNOWN STEP	2025-12-21T16:44:33.2364619Z [36;1m  -d '/home/runner/.pub-cache' \[0m
collect-coverage	UNKNOWN STEP	2025-12-21T16:44:33.2364900Z [36;1m  stable[0m
collect-coverage	UNKNOWN STEP	2025-12-21T16:44:33.2400980Z shell: /usr/bin/bash --noprofile --norc -e -o pipefail {0}
collect-coverage	UNKNOWN STEP	2025-12-21T16:44:33.2401366Z ##[endgroup]
collect-coverage	UNKNOWN STEP	2025-12-21T16:44:33.3861229Z   % Total    % Received % Xferd  Average Speed   Time    Time     Time  Current
collect-coverage	UNKNOWN STEP	2025-12-21T16:44:33.3862159Z                                  Dload  Upload   Total   Spent    Left  Speed
collect-coverage	UNKNOWN STEP	2025-12-21T16:44:33.3862844Z 
collect-coverage	UNKNOWN STEP	2025-12-21T16:44:34.2651202Z   0     0    0     0    0     0      0      0 --:--:-- --:--:-- --:--:--     0
collect-coverage	UNKNOWN STEP	2025-12-21T16:44:35.2692900Z   6 1396M    6 91.2M    0     0   103M      0  0:00:13 --:--:--  0:00:13  103M
collect-coverage	UNKNOWN STEP	2025-12-21T16:44:36.2620733Z  14 1396M   14  202M    0     0   107M      0  0:00:12  0:00:01  0:00:11  107M
collect-coverage	UNKNOWN STEP	2025-12-21T16:44:37.2629122Z  23 1396M   23  321M    0     0   111M      0  0:00:12  0:00:02  0:00:10  111M
collect-coverage	UNKNOWN STEP	2025-12-21T16:44:38.2622225Z  31 1396M   31  437M    0     0   112M      0  0:00:12  0:00:03  0:00:09  112M
collect-coverage	UNKNOWN STEP	2025-12-21T16:44:39.2624745Z  39 1396M   39  557M    0     0   114M      0  0:00:12  0:00:04  0:00:08  114M
collect-coverage	UNKNOWN STEP	2025-12-21T16:44:40.2621879Z  47 1396M   47  669M    0     0   113M      0  0:00:12  0:00:05  0:00:07  115M
collect-coverage	UNKNOWN STEP	2025-12-21T16:44:41.2624964Z  56 1396M   56  790M    0     0   114M      0  0:00:12  0:00:06  0:00:06  117M
collect-coverage	UNKNOWN STEP	2025-12-21T16:44:42.2620932Z  65 1396M   65  921M    0     0   116M      0  0:00:11  0:00:07  0:00:04  119M
collect-coverage	UNKNOWN STEP	2025-12-21T16:44:43.2621310Z  75 1396M   75 1055M    0     0   118M      0  0:00:11  0:00:08  0:00:03  123M
collect-coverage	UNKNOWN STEP	2025-12-21T16:44:44.2622603Z  84 1396M   84 1186M    0     0   120M      0  0:00:11  0:00:09  0:00:02  125M
collect-coverage	UNKNOWN STEP	2025-12-21T16:44:45.0515779Z  93 1396M   93 1309M    0     0   120M      0  0:00:11  0:00:10  0:00:01  127M
collect-coverage	UNKNOWN STEP	2025-12-21T16:44:45.0518360Z 100 1396M  100 1396M    0     0   119M      0  0:00:11  0:00:11 --:--:--  126M
collect-coverage	UNKNOWN STEP	2025-12-21T16:45:34.3592991Z ##[group]Run actions/cache@v4
collect-coverage	UNKNOWN STEP	2025-12-21T16:45:34.3593276Z with:
collect-coverage	UNKNOWN STEP	2025-12-21T16:45:34.3593524Z   path: ~/.pub-cache
collect-coverage	UNKNOWN STEP	~/.pub-cache/hosted
collect-coverage	UNKNOWN STEP	~/.pub-cache/git
collect-coverage	UNKNOWN STEP	
collect-coverage	UNKNOWN STEP	2025-12-21T16:45:34.3593965Z   key: Linux-pub-11c962e0daf3758977c45a8dc3e808d1118c607c88c7d4d6cf9e1482829858fc
collect-coverage	UNKNOWN STEP	2025-12-21T16:45:34.3594352Z   restore-keys: Linux-pub-
collect-coverage	UNKNOWN STEP	
collect-coverage	UNKNOWN STEP	2025-12-21T16:45:34.3594578Z   enableCrossOsArchive: false
collect-coverage	UNKNOWN STEP	2025-12-21T16:45:34.3594801Z   fail-on-cache-miss: false
collect-coverage	UNKNOWN STEP	2025-12-21T16:45:34.3595004Z   lookup-only: false
collect-coverage	UNKNOWN STEP	2025-12-21T16:45:34.3595182Z   save-always: false
collect-coverage	UNKNOWN STEP	2025-12-21T16:45:34.3595634Z env:
collect-coverage	UNKNOWN STEP	2025-12-21T16:45:34.3595871Z   FLUTTER_ROOT: /opt/hostedtoolcache/flutter/stable-3.38.5-x64
collect-coverage	UNKNOWN STEP	2025-12-21T16:45:34.3596183Z   PUB_CACHE: /home/runner/.pub-cache
collect-coverage	UNKNOWN STEP	2025-12-21T16:45:34.3596412Z ##[endgroup]
collect-coverage	UNKNOWN STEP	2025-12-21T16:45:34.6018784Z Cache hit for: Linux-pub-11c962e0daf3758977c45a8dc3e808d1118c607c88c7d4d6cf9e1482829858fc
collect-coverage	UNKNOWN STEP	2025-12-21T16:45:35.1637164Z Received 40777876 of 40777876 (100.0%), 85.7 MBs/sec
collect-coverage	UNKNOWN STEP	2025-12-21T16:45:35.1637878Z Cache Size: ~39 MB (40777876 B)
collect-coverage	UNKNOWN STEP	2025-12-21T16:45:35.1675851Z [command]/usr/bin/tar -xf /home/runner/work/_temp/a874c73e-b418-4df1-9cde-9d4874de5e8c/cache.tzst -P -C /home/runner/work/simple_match/simple_match --use-compress-program unzstd
collect-coverage	UNKNOWN STEP	2025-12-21T16:45:35.8952952Z Cache restored successfully
collect-coverage	UNKNOWN STEP	2025-12-21T16:45:35.9109323Z Cache restored from key: Linux-pub-11c962e0daf3758977c45a8dc3e808d1118c607c88c7d4d6cf9e1482829858fc
collect-coverage	UNKNOWN STEP	2025-12-21T16:45:35.9195229Z ##[group]Run sudo apt update
collect-coverage	UNKNOWN STEP	2025-12-21T16:45:35.9195518Z [36;1msudo apt update[0m
collect-coverage	UNKNOWN STEP	2025-12-21T16:45:35.9195786Z [36;1msudo apt install -y google-chrome-stable[0m
collect-coverage	UNKNOWN STEP	2025-12-21T16:45:35.9232202Z shell: /usr/bin/bash -e {0}
collect-coverage	UNKNOWN STEP	2025-12-21T16:45:35.9232682Z env:
collect-coverage	UNKNOWN STEP	2025-12-21T16:45:35.9232934Z   FLUTTER_ROOT: /opt/hostedtoolcache/flutter/stable-3.38.5-x64
collect-coverage	UNKNOWN STEP	2025-12-21T16:45:35.9233267Z   PUB_CACHE: /home/runner/.pub-cache
collect-coverage	UNKNOWN STEP	2025-12-21T16:45:35.9233501Z ##[endgroup]
collect-coverage	UNKNOWN STEP	2025-12-21T16:45:35.9440371Z 
collect-coverage	UNKNOWN STEP	2025-12-21T16:45:35.9440803Z WARNING: apt does not have a stable CLI interface. Use with caution in scripts.
collect-coverage	UNKNOWN STEP	2025-12-21T16:45:35.9441350Z 
collect-coverage	UNKNOWN STEP	2025-12-21T16:45:36.0087683Z Get:1 file:/etc/apt/apt-mirrors.txt Mirrorlist [144 B]
collect-coverage	UNKNOWN STEP	2025-12-21T16:45:36.0459161Z Hit:2 http://azure.archive.ubuntu.com/ubuntu noble InRelease
collect-coverage	UNKNOWN STEP	2025-12-21T16:45:36.0476690Z Hit:6 https://packages.microsoft.com/repos/azure-cli noble InRelease
collect-coverage	UNKNOWN STEP	2025-12-21T16:45:36.0488352Z Get:3 http://azure.archive.ubuntu.com/ubuntu noble-updates InRelease [126 kB]
collect-coverage	UNKNOWN STEP	2025-12-21T16:45:36.0531616Z Get:4 http://azure.archive.ubuntu.com/ubuntu noble-backports InRelease [126 kB]
collect-coverage	UNKNOWN STEP	2025-12-21T16:45:36.0555170Z Get:5 http://azure.archive.ubuntu.com/ubuntu noble-security InRelease [126 kB]
collect-coverage	UNKNOWN STEP	2025-12-21T16:45:36.0641118Z Get:7 https://packages.microsoft.com/ubuntu/24.04/prod noble InRelease [3600 B]
collect-coverage	UNKNOWN STEP	2025-12-21T16:45:36.2336740Z Get:8 http://azure.archive.ubuntu.com/ubuntu noble-updates/main amd64 Packages [1684 kB]
collect-coverage	UNKNOWN STEP	2025-12-21T16:45:36.2509759Z Get:9 http://azure.archive.ubuntu.com/ubuntu noble-updates/main Translation-en [311 kB]
collect-coverage	UNKNOWN STEP	2025-12-21T16:45:36.2543727Z Get:10 http://azure.archive.ubuntu.com/ubuntu noble-updates/main amd64 Components [175 kB]
collect-coverage	UNKNOWN STEP	2025-12-21T16:45:36.2552129Z Get:11 http://azure.archive.ubuntu.com/ubuntu noble-updates/main amd64 c-n-f Metadata [15.8 kB]
collect-coverage	UNKNOWN STEP	2025-12-21T16:45:36.2568182Z Get:12 http://azure.archive.ubuntu.com/ubuntu noble-updates/universe amd64 Packages [1506 kB]
collect-coverage	UNKNOWN STEP	2025-12-21T16:45:36.2639731Z Get:13 http://azure.archive.ubuntu.com/ubuntu noble-updates/universe Translation-en [306 kB]
collect-coverage	UNKNOWN STEP	2025-12-21T16:45:36.2665074Z Get:14 http://azure.archive.ubuntu.com/ubuntu noble-updates/universe amd64 Components [378 kB]
collect-coverage	UNKNOWN STEP	2025-12-21T16:45:36.2744482Z Get:15 http://azure.archive.ubuntu.com/ubuntu noble-updates/universe amd64 c-n-f Metadata [31.4 kB]
collect-coverage	UNKNOWN STEP	2025-12-21T16:45:36.2757215Z Get:16 http://azure.archive.ubuntu.com/ubuntu noble-updates/restricted amd64 Packages [2413 kB]
collect-coverage	UNKNOWN STEP	2025-12-21T16:45:36.2911877Z Get:17 http://azure.archive.ubuntu.com/ubuntu noble-updates/restricted Translation-en [550 kB]
collect-coverage	UNKNOWN STEP	2025-12-21T16:45:36.3374284Z Get:18 http://azure.archive.ubuntu.com/ubuntu noble-updates/restricted amd64 Components [212 B]
collect-coverage	UNKNOWN STEP	2025-12-21T16:45:36.3380498Z Get:19 http://azure.archive.ubuntu.com/ubuntu noble-updates/restricted amd64 c-n-f Metadata [516 B]
collect-coverage	UNKNOWN STEP	2025-12-21T16:45:36.3390087Z Get:20 http://azure.archive.ubuntu.com/ubuntu noble-updates/multiverse amd64 Packages [30.3 kB]
collect-coverage	UNKNOWN STEP	2025-12-21T16:45:36.3401545Z Get:21 http://azure.archive.ubuntu.com/ubuntu noble-updates/multiverse Translation-en [6048 B]
collect-coverage	UNKNOWN STEP	2025-12-21T16:45:36.3413570Z Get:22 http://azure.archive.ubuntu.com/ubuntu noble-updates/multiverse amd64 Components [940 B]
collect-coverage	UNKNOWN STEP	2025-12-21T16:45:36.3423074Z Get:23 http://azure.archive.ubuntu.com/ubuntu noble-updates/multiverse amd64 c-n-f Metadata [488 B]
collect-coverage	UNKNOWN STEP	2025-12-21T16:45:36.3487182Z Get:24 http://azure.archive.ubuntu.com/ubuntu noble-backports/main amd64 Packages [40.4 kB]
collect-coverage	UNKNOWN STEP	2025-12-21T16:45:36.3502909Z Get:25 http://azure.archive.ubuntu.com/ubuntu noble-backports/main amd64 Components [7304 B]
collect-coverage	UNKNOWN STEP	2025-12-21T16:45:36.3504066Z Get:26 http://azure.archive.ubuntu.com/ubuntu noble-backports/main amd64 c-n-f Metadata [368 B]
collect-coverage	UNKNOWN STEP	2025-12-21T16:45:36.3505162Z Get:27 http://azure.archive.ubuntu.com/ubuntu noble-backports/universe amd64 Packages [29.5 kB]
collect-coverage	UNKNOWN STEP	2025-12-21T16:45:36.3506164Z Get:28 http://azure.archive.ubuntu.com/ubuntu noble-backports/universe Translation-en [17.9 kB]
collect-coverage	UNKNOWN STEP	2025-12-21T16:45:36.3507237Z Get:29 http://azure.archive.ubuntu.com/ubuntu noble-backports/universe amd64 Components [10.5 kB]
collect-coverage	UNKNOWN STEP	2025-12-21T16:45:36.3508532Z Get:30 http://azure.archive.ubuntu.com/ubuntu noble-backports/universe amd64 c-n-f Metadata [1444 B]
collect-coverage	UNKNOWN STEP	2025-12-21T16:45:36.3555237Z Get:31 http://azure.archive.ubuntu.com/ubuntu noble-backports/restricted amd64 Components [216 B]
collect-coverage	UNKNOWN STEP	2025-12-21T16:45:36.3971401Z Get:32 http://azure.archive.ubuntu.com/ubuntu noble-backports/multiverse amd64 Components [212 B]
collect-coverage	UNKNOWN STEP	2025-12-21T16:45:36.3985627Z Get:33 http://azure.archive.ubuntu.com/ubuntu noble-security/main Translation-en [225 kB]
collect-coverage	UNKNOWN STEP	2025-12-21T16:45:36.4008458Z Get:34 http://azure.archive.ubuntu.com/ubuntu noble-security/main amd64 Components [21.5 kB]
collect-coverage	UNKNOWN STEP	2025-12-21T16:45:36.4013384Z Get:39 https://packages.microsoft.com/ubuntu/24.04/prod noble/main arm64 Packages [58.7 kB]
collect-coverage	UNKNOWN STEP	2025-12-21T16:45:36.4018504Z Get:35 http://azure.archive.ubuntu.com/ubuntu noble-security/main amd64 c-n-f Metadata [9504 B]
collect-coverage	UNKNOWN STEP	2025-12-21T16:45:36.4030955Z Get:36 http://azure.archive.ubuntu.com/ubuntu noble-security/universe amd64 Components [71.4 kB]
collect-coverage	UNKNOWN STEP	2025-12-21T16:45:36.4041856Z Get:37 http://azure.archive.ubuntu.com/ubuntu noble-security/restricted amd64 Components [212 B]
collect-coverage	UNKNOWN STEP	2025-12-21T16:45:36.4045057Z Get:40 https://packages.microsoft.com/ubuntu/24.04/prod noble/main armhf Packages [11.4 kB]
collect-coverage	UNKNOWN STEP	2025-12-21T16:45:36.4050835Z Get:38 http://azure.archive.ubuntu.com/ubuntu noble-security/multiverse amd64 Components [212 B]
collect-coverage	UNKNOWN STEP	2025-12-21T16:45:36.4066245Z Get:41 https://packages.microsoft.com/ubuntu/24.04/prod noble/main amd64 Packages [77.3 kB]
collect-coverage	UNKNOWN STEP	2025-12-21T16:45:44.6980352Z Fetched 8375 kB in 1s (7483 kB/s)
collect-coverage	UNKNOWN STEP	2025-12-21T16:45:45.4611365Z Reading package lists...
collect-coverage	UNKNOWN STEP	2025-12-21T16:45:45.6433309Z Building dependency tree...
collect-coverage	UNKNOWN STEP	2025-12-21T16:45:45.6440139Z Reading state information...
collect-coverage	UNKNOWN STEP	2025-12-21T16:45:45.6581828Z 69 packages can be upgraded. Run 'apt list --upgradable' to see them.
collect-coverage	UNKNOWN STEP	2025-12-21T16:45:45.6693743Z 
collect-coverage	UNKNOWN STEP	2025-12-21T16:45:45.6694154Z WARNING: apt does not have a stable CLI interface. Use with caution in scripts.
collect-coverage	UNKNOWN STEP	2025-12-21T16:45:45.6694650Z 
collect-coverage	UNKNOWN STEP	2025-12-21T16:45:45.6827714Z Reading package lists...
collect-coverage	UNKNOWN STEP	2025-12-21T16:45:45.8659878Z Building dependency tree...
collect-coverage	UNKNOWN STEP	2025-12-21T16:45:45.8667299Z Reading state information...
collect-coverage	UNKNOWN STEP	2025-12-21T16:45:46.0303295Z google-chrome-stable is already the newest version (143.0.7499.109-1).
collect-coverage	UNKNOWN STEP	2025-12-21T16:45:46.0822232Z 0 upgraded, 0 newly installed, 0 to remove and 69 not upgraded.
collect-coverage	UNKNOWN STEP	2025-12-21T16:45:46.1228238Z ##[group]Run sudo apt-get update
collect-coverage	UNKNOWN STEP	2025-12-21T16:45:46.1228553Z [36;1msudo apt-get update[0m
collect-coverage	UNKNOWN STEP	2025-12-21T16:45:46.1228808Z [36;1msudo apt-get install -y poppler-utils[0m
collect-coverage	UNKNOWN STEP	2025-12-21T16:45:46.1262176Z shell: /usr/bin/bash -e {0}
collect-coverage	UNKNOWN STEP	2025-12-21T16:45:46.1262634Z env:
collect-coverage	UNKNOWN STEP	2025-12-21T16:45:46.1262891Z   FLUTTER_ROOT: /opt/hostedtoolcache/flutter/stable-3.38.5-x64
collect-coverage	UNKNOWN STEP	2025-12-21T16:45:46.1263226Z   PUB_CACHE: /home/runner/.pub-cache
collect-coverage	UNKNOWN STEP	2025-12-21T16:45:46.1263456Z ##[endgroup]
collect-coverage	UNKNOWN STEP	2025-12-21T16:45:46.2024525Z Get:1 file:/etc/apt/apt-mirrors.txt Mirrorlist [144 B]
collect-coverage	UNKNOWN STEP	2025-12-21T16:45:46.2419116Z Hit:6 https://packages.microsoft.com/repos/azure-cli noble InRelease
collect-coverage	UNKNOWN STEP	2025-12-21T16:45:46.2421281Z Hit:7 https://packages.microsoft.com/ubuntu/24.04/prod noble InRelease
collect-coverage	UNKNOWN STEP	2025-12-21T16:45:46.2520232Z Hit:2 http://azure.archive.ubuntu.com/ubuntu noble InRelease
collect-coverage	UNKNOWN STEP	2025-12-21T16:45:46.2535178Z Hit:3 http://azure.archive.ubuntu.com/ubuntu noble-updates InRelease
collect-coverage	UNKNOWN STEP	2025-12-21T16:45:46.2544773Z Hit:4 http://azure.archive.ubuntu.com/ubuntu noble-backports InRelease
collect-coverage	UNKNOWN STEP	2025-12-21T16:45:46.2551097Z Hit:5 http://azure.archive.ubuntu.com/ubuntu noble-security InRelease
collect-coverage	UNKNOWN STEP	2025-12-21T16:45:47.4827661Z Reading package lists...
collect-coverage	UNKNOWN STEP	2025-12-21T16:45:47.5149561Z Reading package lists...
collect-coverage	UNKNOWN STEP	2025-12-21T16:45:47.7189320Z Building dependency tree...
collect-coverage	UNKNOWN STEP	2025-12-21T16:45:47.7197200Z Reading state information...
collect-coverage	UNKNOWN STEP	2025-12-21T16:45:47.8824314Z The following additional packages will be installed:
collect-coverage	UNKNOWN STEP	2025-12-21T16:45:47.8828231Z   libpoppler134 poppler-data
collect-coverage	UNKNOWN STEP	2025-12-21T16:45:47.8834180Z Suggested packages:
collect-coverage	UNKNOWN STEP	2025-12-21T16:45:47.8834643Z   ghostscript fonts-japanese-mincho | fonts-ipafont-mincho
collect-coverage	UNKNOWN STEP	2025-12-21T16:45:47.8835299Z   fonts-japanese-gothic | fonts-ipafont-gothic fonts-arphic-ukai
collect-coverage	UNKNOWN STEP	2025-12-21T16:45:47.8835938Z   fonts-arphic-uming fonts-nanum
collect-coverage	UNKNOWN STEP	2025-12-21T16:45:47.8988051Z The following NEW packages will be installed:
collect-coverage	UNKNOWN STEP	2025-12-21T16:45:47.8992454Z   libpoppler134 poppler-data poppler-utils
collect-coverage	UNKNOWN STEP	2025-12-21T16:45:47.9157630Z 0 upgraded, 3 newly installed, 0 to remove and 69 not upgraded.
collect-coverage	UNKNOWN STEP	2025-12-21T16:45:47.9158086Z Need to get 3390 kB of archives.
collect-coverage	UNKNOWN STEP	2025-12-21T16:45:47.9158407Z After this operation, 17.8 MB of additional disk space will be used.
collect-coverage	UNKNOWN STEP	2025-12-21T16:45:47.9158779Z Get:1 file:/etc/apt/apt-mirrors.txt Mirrorlist [144 B]
collect-coverage	UNKNOWN STEP	2025-12-21T16:45:47.9545457Z Get:2 http://azure.archive.ubuntu.com/ubuntu noble/main amd64 poppler-data all 0.4.12-1 [2060 kB]
collect-coverage	UNKNOWN STEP	2025-12-21T16:45:47.9954253Z Get:3 http://azure.archive.ubuntu.com/ubuntu noble-updates/main amd64 libpoppler134 amd64 24.02.0-1ubuntu9.8 [1118 kB]
collect-coverage	UNKNOWN STEP	2025-12-21T16:45:48.0285982Z Get:4 http://azure.archive.ubuntu.com/ubuntu noble-updates/main amd64 poppler-utils amd64 24.02.0-1ubuntu9.8 [212 kB]
collect-coverage	UNKNOWN STEP	2025-12-21T16:45:48.2916582Z Fetched 3390 kB in 0s (27.1 MB/s)
collect-coverage	UNKNOWN STEP	2025-12-21T16:45:48.3135849Z Selecting previously unselected package poppler-data.
collect-coverage	UNKNOWN STEP	2025-12-21T16:45:48.3402986Z (Reading database ... 
collect-coverage	UNKNOWN STEP	2025-12-21T16:45:48.3403412Z (Reading database ... 5%
collect-coverage	UNKNOWN STEP	2025-12-21T16:45:48.3403848Z (Reading database ... 10%
collect-coverage	UNKNOWN STEP	2025-12-21T16:45:48.3404208Z (Reading database ... 15%
collect-coverage	UNKNOWN STEP	2025-12-21T16:45:48.3404562Z (Reading database ... 20%
collect-coverage	UNKNOWN STEP	2025-12-21T16:45:48.3404942Z (Reading database ... 25%
collect-coverage	UNKNOWN STEP	2025-12-21T16:45:48.3405292Z (Reading database ... 30%
collect-coverage	UNKNOWN STEP	2025-12-21T16:45:48.3405836Z (Reading database ... 35%
collect-coverage	UNKNOWN STEP	2025-12-21T16:45:48.3406225Z (Reading database ... 40%
collect-coverage	UNKNOWN STEP	2025-12-21T16:45:48.3406562Z (Reading database ... 45%
collect-coverage	UNKNOWN STEP	2025-12-21T16:45:48.3406947Z (Reading database ... 50%
collect-coverage	UNKNOWN STEP	2025-12-21T16:45:48.3477885Z (Reading database ... 55%
collect-coverage	UNKNOWN STEP	2025-12-21T16:45:48.4358514Z (Reading database ... 60%
collect-coverage	UNKNOWN STEP	2025-12-21T16:45:48.5477847Z (Reading database ... 65%
collect-coverage	UNKNOWN STEP	2025-12-21T16:45:48.5798348Z (Reading database ... 70%
collect-coverage	UNKNOWN STEP	2025-12-21T16:45:48.6100964Z (Reading database ... 75%
collect-coverage	UNKNOWN STEP	2025-12-21T16:45:48.7384386Z (Reading database ... 80%
collect-coverage	UNKNOWN STEP	2025-12-21T16:45:48.8965230Z (Reading database ... 85%
collect-coverage	UNKNOWN STEP	2025-12-21T16:45:49.0588497Z (Reading database ... 90%
collect-coverage	UNKNOWN STEP	2025-12-21T16:45:49.2222584Z (Reading database ... 95%
collect-coverage	UNKNOWN STEP	2025-12-21T16:45:49.2223056Z (Reading database ... 100%
collect-coverage	UNKNOWN STEP	2025-12-21T16:45:49.2223994Z (Reading database ... 217374 files and directories currently installed.)
collect-coverage	UNKNOWN STEP	2025-12-21T16:45:49.2269230Z Preparing to unpack .../poppler-data_0.4.12-1_all.deb ...
collect-coverage	UNKNOWN STEP	2025-12-21T16:45:49.2291861Z Unpacking poppler-data (0.4.12-1) ...
collect-coverage	UNKNOWN STEP	2025-12-21T16:45:49.3649368Z Selecting previously unselected package libpoppler134:amd64.
collect-coverage	UNKNOWN STEP	2025-12-21T16:45:49.3787507Z Preparing to unpack .../libpoppler134_24.02.0-1ubuntu9.8_amd64.deb ...
collect-coverage	UNKNOWN STEP	2025-12-21T16:45:49.3807253Z Unpacking libpoppler134:amd64 (24.02.0-1ubuntu9.8) ...
collect-coverage	UNKNOWN STEP	2025-12-21T16:45:49.4175007Z Selecting previously unselected package poppler-utils.
collect-coverage	UNKNOWN STEP	2025-12-21T16:45:49.4310114Z Preparing to unpack .../poppler-utils_24.02.0-1ubuntu9.8_amd64.deb ...
collect-coverage	UNKNOWN STEP	2025-12-21T16:45:49.4317993Z Unpacking poppler-utils (24.02.0-1ubuntu9.8) ...
collect-coverage	UNKNOWN STEP	2025-12-21T16:45:49.4850672Z Setting up libpoppler134:amd64 (24.02.0-1ubuntu9.8) ...
collect-coverage	UNKNOWN STEP	2025-12-21T16:45:49.4870329Z Setting up poppler-data (0.4.12-1) ...
collect-coverage	UNKNOWN STEP	2025-12-21T16:45:49.4935928Z Setting up poppler-utils (24.02.0-1ubuntu9.8) ...
collect-coverage	UNKNOWN STEP	2025-12-21T16:45:49.4957019Z Processing triggers for libc-bin (2.39-0ubuntu8.6) ...
collect-coverage	UNKNOWN STEP	2025-12-21T16:45:49.5273068Z Processing triggers for man-db (2.12.0-4build2) ...
collect-coverage	UNKNOWN STEP	2025-12-21T16:45:49.5296658Z Not building database; man-db/auto-update is not 'true'.
collect-coverage	UNKNOWN STEP	2025-12-21T16:45:49.5308642Z Processing triggers for fontconfig (2.15.0-1.1ubuntu2) ...
collect-coverage	UNKNOWN STEP	2025-12-21T16:45:50.1982117Z 
collect-coverage	UNKNOWN STEP	2025-12-21T16:45:50.1983022Z Running kernel seems to be up-to-date.
collect-coverage	UNKNOWN STEP	2025-12-21T16:45:50.1983424Z 
collect-coverage	UNKNOWN STEP	2025-12-21T16:45:50.1983535Z No services need to be restarted.
collect-coverage	UNKNOWN STEP	2025-12-21T16:45:50.1983719Z 
collect-coverage	UNKNOWN STEP	2025-12-21T16:45:50.1983816Z No containers need to be restarted.
collect-coverage	UNKNOWN STEP	2025-12-21T16:45:50.1983994Z 
collect-coverage	UNKNOWN STEP	2025-12-21T16:45:50.1984127Z No user sessions are running outdated binaries.
collect-coverage	UNKNOWN STEP	2025-12-21T16:45:50.1984348Z 
collect-coverage	UNKNOWN STEP	2025-12-21T16:45:50.1984550Z No VM guests are running outdated hypervisor (qemu) binaries on this host.
collect-coverage	UNKNOWN STEP	2025-12-21T16:45:51.1525545Z ##[group]Run echo "Flutter:" && flutter --version || true
collect-coverage	UNKNOWN STEP	2025-12-21T16:45:51.1525967Z [36;1mecho "Flutter:" && flutter --version || true[0m
collect-coverage	UNKNOWN STEP	2025-12-21T16:45:51.1526361Z [36;1mecho "pdftotext (poppler):" && pdftotext -v || echo "pdftotext not present"[0m
collect-coverage	UNKNOWN STEP	2025-12-21T16:45:51.1526869Z [36;1mecho "git-lfs:" && git lfs --version || echo "git-lfs not present"[0m
collect-coverage	UNKNOWN STEP	2025-12-21T16:45:51.1560173Z shell: /usr/bin/bash -e {0}
collect-coverage	UNKNOWN STEP	2025-12-21T16:45:51.1560407Z env:
collect-coverage	UNKNOWN STEP	2025-12-21T16:45:51.1560671Z   FLUTTER_ROOT: /opt/hostedtoolcache/flutter/stable-3.38.5-x64
collect-coverage	UNKNOWN STEP	2025-12-21T16:45:51.1561014Z   PUB_CACHE: /home/runner/.pub-cache
collect-coverage	UNKNOWN STEP	2025-12-21T16:45:51.1561246Z ##[endgroup]
collect-coverage	UNKNOWN STEP	2025-12-21T16:45:51.1612747Z Flutter:
collect-coverage	UNKNOWN STEP	2025-12-21T16:45:51.3808031Z Flutter 3.38.5 â€¢ channel stable â€¢ https://github.com/flutter/flutter.git
collect-coverage	UNKNOWN STEP	2025-12-21T16:45:51.3809102Z Framework â€¢ revision f6ff1529fd (10 days ago) â€¢ 2025-12-11 11:50:07 -0500
collect-coverage	UNKNOWN STEP	2025-12-21T16:45:51.3810675Z Engine â€¢ hash c108a94d7a8273e112339e6c6833daa06e723a54 (revision 1527ae0ec5) (10 days ago) â€¢ 2025-12-11 15:04:31.000Z
collect-coverage	UNKNOWN STEP	2025-12-21T16:45:51.3811870Z Tools â€¢ Dart 3.10.4 â€¢ DevTools 2.51.1
collect-coverage	UNKNOWN STEP	2025-12-21T16:45:51.3848490Z pdftotext (poppler):
collect-coverage	UNKNOWN STEP	2025-12-21T16:45:51.3932141Z pdftotext version 24.02.0
collect-coverage	UNKNOWN STEP	2025-12-21T16:45:51.3932800Z Copyright 2005-2024 The Poppler Developers - http://poppler.freedesktop.org
collect-coverage	UNKNOWN STEP	2025-12-21T16:45:51.3933196Z Copyright 1996-2011, 2022 Glyph & Cog, LLC
collect-coverage	UNKNOWN STEP	2025-12-21T16:45:51.3950263Z git-lfs:
collect-coverage	UNKNOWN STEP	2025-12-21T16:45:51.8440119Z git-lfs/3.7.1 (GitHub; linux amd64; go 1.24.4)
collect-coverage	UNKNOWN STEP	2025-12-21T16:45:51.8478380Z ##[group]Run flutter pub get
collect-coverage	UNKNOWN STEP	2025-12-21T16:45:51.8478669Z [36;1mflutter pub get[0m
collect-coverage	UNKNOWN STEP	2025-12-21T16:45:51.8511689Z shell: /usr/bin/bash -e {0}
collect-coverage	UNKNOWN STEP	2025-12-21T16:45:51.8511916Z env:
collect-coverage	UNKNOWN STEP	2025-12-21T16:45:51.8512171Z   FLUTTER_ROOT: /opt/hostedtoolcache/flutter/stable-3.38.5-x64
collect-coverage	UNKNOWN STEP	2025-12-21T16:45:51.8512628Z   PUB_CACHE: /home/runner/.pub-cache
collect-coverage	UNKNOWN STEP	2025-12-21T16:45:51.8512867Z ##[endgroup]
collect-coverage	UNKNOWN STEP	2025-12-21T16:45:52.2123741Z Resolving dependencies...
collect-coverage	UNKNOWN STEP	2025-12-21T16:45:52.3769402Z Downloading packages...
collect-coverage	UNKNOWN STEP	2025-12-21T16:45:52.4168280Z   _fe_analyzer_shared 89.0.0 (92.0.0 available)
collect-coverage	UNKNOWN STEP	2025-12-21T16:45:52.4168787Z   analyzer 8.2.0 (9.0.0 available)
collect-coverage	UNKNOWN STEP	2025-12-21T16:45:52.4169164Z   build 4.0.0 (4.0.3 available)
collect-coverage	UNKNOWN STEP	2025-12-21T16:45:52.4169514Z   build_daemon 4.0.4 (4.1.1 available)
collect-coverage	UNKNOWN STEP	2025-12-21T16:45:52.4169888Z   build_runner 2.8.0 (2.10.4 available)
collect-coverage	UNKNOWN STEP	2025-12-21T16:45:52.4170247Z   built_value 8.12.0 (8.12.1 available)
collect-coverage	UNKNOWN STEP	2025-12-21T16:45:52.4170602Z   characters 1.4.0 (1.4.1 available)
collect-coverage	UNKNOWN STEP	2025-12-21T16:45:52.4171028Z   crypto 3.0.6 (3.0.7 available)
collect-coverage	UNKNOWN STEP	2025-12-21T16:45:52.4171369Z   dart_style 3.1.2 (3.1.3 available)
collect-coverage	UNKNOWN STEP	2025-12-21T16:45:52.4171802Z   flutter_lints 5.0.0 (6.0.0 available)
collect-coverage	UNKNOWN STEP	2025-12-21T16:45:52.4172133Z   http 1.5.0 (1.6.0 available)
collect-coverage	UNKNOWN STEP	2025-12-21T16:45:52.4172565Z   image 4.5.4 (4.7.1 available)
collect-coverage	UNKNOWN STEP	2025-12-21T16:45:52.4172790Z   lints 5.1.1 (6.0.0 available)
collect-coverage	UNKNOWN STEP	2025-12-21T16:45:52.4173013Z   matcher 0.12.17 (0.12.18 available)
collect-coverage	UNKNOWN STEP	2025-12-21T16:45:52.4173286Z   material_color_utilities 0.11.1 (0.13.0 available)
collect-coverage	UNKNOWN STEP	2025-12-21T16:45:52.4173553Z > meta 1.17.0 (was 1.16.0)
collect-coverage	UNKNOWN STEP	2025-12-21T16:45:52.4174132Z   mockito 5.5.1 (5.6.1 available)
collect-coverage	UNKNOWN STEP	2025-12-21T16:45:52.4174502Z   path_provider_android 2.2.18 (2.2.22 available)
collect-coverage	UNKNOWN STEP	2025-12-21T16:45:52.4174801Z   path_provider_foundation 2.4.2 (2.5.1 available)
collect-coverage	UNKNOWN STEP	2025-12-21T16:45:52.4175083Z   shared_preferences 2.5.3 (2.5.4 available)
collect-coverage	UNKNOWN STEP	2025-12-21T16:45:52.4175369Z   shared_preferences_android 2.4.13 (2.4.18 available)
collect-coverage	UNKNOWN STEP	2025-12-21T16:45:52.4175674Z   shared_preferences_foundation 2.5.4 (2.5.6 available)
collect-coverage	UNKNOWN STEP	2025-12-21T16:45:52.4175957Z   source_gen 4.0.1 (4.1.1 available)
collect-coverage	UNKNOWN STEP	2025-12-21T16:45:52.4176220Z > test_api 0.7.7 (was 0.7.6) (0.7.8 available)
collect-coverage	UNKNOWN STEP	2025-12-21T16:45:52.4176486Z   watcher 1.1.3 (1.2.0 available)
collect-coverage	UNKNOWN STEP	2025-12-21T16:45:52.4176711Z Changed 2 dependencies!
collect-coverage	UNKNOWN STEP	2025-12-21T16:45:52.4177025Z 24 packages have newer versions incompatible with dependency constraints.
collect-coverage	UNKNOWN STEP	2025-12-21T16:45:52.4177414Z Try `flutter pub outdated` for more information.
collect-coverage	UNKNOWN STEP	2025-12-21T16:45:52.8557001Z ##[group]Run chmod +x ./scripts/collect_coverage.sh
collect-coverage	UNKNOWN STEP	2025-12-21T16:45:52.8557365Z [36;1mchmod +x ./scripts/collect_coverage.sh[0m
collect-coverage	UNKNOWN STEP	2025-12-21T16:45:52.8557655Z [36;1m./scripts/collect_coverage.sh[0m
collect-coverage	UNKNOWN STEP	2025-12-21T16:45:52.8589607Z shell: /usr/bin/bash -e {0}
collect-coverage	UNKNOWN STEP	2025-12-21T16:45:52.8589829Z env:
collect-coverage	UNKNOWN STEP	2025-12-21T16:45:52.8590080Z   FLUTTER_ROOT: /opt/hostedtoolcache/flutter/stable-3.38.5-x64
collect-coverage	UNKNOWN STEP	2025-12-21T16:45:52.8590414Z   PUB_CACHE: /home/runner/.pub-cache
collect-coverage	UNKNOWN STEP	2025-12-21T16:45:52.8590647Z ##[endgroup]
collect-coverage	UNKNOWN STEP	2025-12-21T16:45:52.8687707Z Ensuring bundled fonts are present (download if needed)
collect-coverage	UNKNOWN STEP	2025-12-21T16:45:52.8692089Z Found tool/download_fonts.sh â€” running to fetch required fonts...
collect-coverage	UNKNOWN STEP	2025-12-21T16:45:52.8719383Z Downloading NotoSerifHK from https://github.com/notofonts/noto-cjk/raw/refs/heads/main/google-fonts/NotoSerifHK%5Bwght%5D.ttf and saving as NotoSerifHK-wght.ttf...
collect-coverage	UNKNOWN STEP	2025-12-21T16:45:52.8771403Z   % Total    % Received % Xferd  Average Speed   Time    Time     Time  Current
collect-coverage	UNKNOWN STEP	2025-12-21T16:45:52.8772101Z                                  Dload  Upload   Total   Spent    Left  Speed
collect-coverage	UNKNOWN STEP	2025-12-21T16:45:52.8772629Z 
collect-coverage	UNKNOWN STEP	2025-12-21T16:45:52.9958031Z   0     0    0     0    0     0      0      0 --:--:-- --:--:-- --:--:--     0
collect-coverage	UNKNOWN STEP	2025-12-21T16:45:52.9958708Z   0     0    0     0    0     0      0      0 --:--:-- --:--:-- --:--:--     0
collect-coverage	UNKNOWN STEP	2025-12-21T16:45:53.2619250Z 
collect-coverage	UNKNOWN STEP	2025-12-21T16:45:53.2957685Z   1 16.0M    1  239k    0     0   623k      0  0:00:26 --:--:--  0:00:26  623k
collect-coverage	UNKNOWN STEP	2025-12-21T16:45:53.2958292Z 100 16.0M  100 16.0M    0     0  38.3M      0 --:--:-- --:--:-- --:--:--  479M
collect-coverage	UNKNOWN STEP	2025-12-21T16:45:53.3191913Z Font downloaded to assets/fonts/NotoSerifHK-wght.ttf.
collect-coverage	UNKNOWN STEP	2025-12-21T16:45:53.3320947Z Also created compatibility copy assets/fonts/NotoSerifHK[wght].ttf if permissions allow.
collect-coverage	UNKNOWN STEP	2025-12-21T16:45:53.3323386Z Running VM tests...
collect-coverage	UNKNOWN STEP	2025-12-21T16:45:54.4946725Z 
collect-coverage	UNKNOWN STEP	2025-12-21T16:46:04.1495890Z âœ… /home/runner/work/simple_match/simple_match/test/views_shooter_setup_view_test.dart: ShooterSetupView renders title
collect-coverage	UNKNOWN STEP	2025-12-21T16:46:04.5165327Z âœ… /home/runner/work/simple_match/simple_match/test/views_shooter_setup_view_test.dart: Can add a shooter
collect-coverage	UNKNOWN STEP	2025-12-21T16:46:04.7235170Z âœ… /home/runner/work/simple_match/simple_match/test/views_shooter_setup_view_test.dart: Cannot add duplicate shooter
collect-coverage	UNKNOWN STEP	2025-12-21T16:46:05.0646945Z âœ… /home/runner/work/simple_match/simple_match/test/views_shooter_setup_view_test.dart: Can edit shooter scale
collect-coverage	UNKNOWN STEP	2025-12-21T16:46:05.2881727Z âœ… /home/runner/work/simple_match/simple_match/test/views_shooter_setup_view_test.dart: Can remove shooter
collect-coverage	UNKNOWN STEP	2025-12-21T16:46:05.4192778Z âœ… /home/runner/work/simple_match/simple_match/test/views_shooter_setup_view_test.dart: Shows validation error for invalid scale
collect-coverage	UNKNOWN STEP	2025-12-21T16:46:06.4321240Z âœ… /home/runner/work/simple_match/simple_match/test/viewmodel_match_setup_edge_test.dart: MatchSetupViewModel edge cases addStage with min and max valid values
collect-coverage	UNKNOWN STEP	2025-12-21T16:46:06.4359541Z âœ… /home/runner/work/simple_match/simple_match/test/viewmodel_match_setup_edge_test.dart: MatchSetupViewModel edge cases addStage with negative and over max values
collect-coverage	UNKNOWN STEP	2025-12-21T16:46:06.4408564Z âœ… /home/runner/work/simple_match/simple_match/test/viewmodel_match_setup_edge_test.dart: MatchSetupViewModel edge cases editStage for non-existent stage
collect-coverage	UNKNOWN STEP	2025-12-21T16:46:06.4439107Z âœ… /home/runner/work/simple_match/simple_match/test/viewmodel_match_setup_edge_test.dart: MatchSetupViewModel edge cases removeStage for non-existent stage does not throw
collect-coverage	UNKNOWN STEP	2025-12-21T16:46:06.4474543Z âœ… /home/runner/work/simple_match/simple_match/test/viewmodel_match_setup_edge_test.dart: MatchSetupViewModel edge cases addStage after removal allows reuse of stage number
collect-coverage	UNKNOWN STEP	2025-12-21T16:46:06.5747056Z âœ… /home/runner/work/simple_match/simple_match/test/views_overall_result_view_export_test.dart: OverallResultView PDF Export shows PDF export button when results exist and triggers on tap
collect-coverage	UNKNOWN STEP	2025-12-21T16:46:06.6046762Z âœ… /home/runner/work/simple_match/simple_match/test/views_overall_result_view_export_test.dart: OverallResultView PDF Export does not show PDF export button when no results
collect-coverage	UNKNOWN STEP	2025-12-21T16:46:07.6324498Z âœ… /home/runner/work/simple_match/simple_match/test/viewmodel_shooter_setup_viewmodel_uncovered_test.dart: ShooterSetupViewModel edge cases
collect-coverage	UNKNOWN STEP	2025-12-21T16:46:08.8611064Z âœ… /home/runner/work/simple_match/simple_match/test/viewmodel_overall_result_test.dart: OverallResultViewModel can instantiate
collect-coverage	UNKNOWN STEP	2025-12-21T16:46:08.8712121Z âœ… /home/runner/work/simple_match/simple_match/test/viewmodel_overall_result_test.dart: OverallResultViewModel calculates and ranks overall results correctly
collect-coverage	UNKNOWN STEP	2025-12-21T16:46:10.1105561Z âœ… /home/runner/work/simple_match/simple_match/test/views_stage_input_view_status_test.dart: DNF/DQ and roRemark persistence
collect-coverage	UNKNOWN STEP	2025-12-21T16:46:10.1380345Z âœ… /home/runner/work/simple_match/simple_match/test/models_stage_result_test.dart: totalScore computes sum with penalties
collect-coverage	UNKNOWN STEP	2025-12-21T16:46:10.1401830Z âœ… /home/runner/work/simple_match/simple_match/test/models_stage_result_test.dart: hitFactor returns 0.0 when time is zero or negative
collect-coverage	UNKNOWN STEP	2025-12-21T16:46:10.1435797Z âœ… /home/runner/work/simple_match/simple_match/test/models_stage_result_test.dart: hitFactor and adjustedHitFactor compute correctly
collect-coverage	UNKNOWN STEP	2025-12-21T16:46:10.1459183Z âœ… /home/runner/work/simple_match/simple_match/test/models_stage_result_test.dart: copyWith preserves unspecified fields and updates specified ones
collect-coverage	UNKNOWN STEP	2025-12-21T16:46:10.1488421Z âœ… /home/runner/work/simple_match/simple_match/test/models_stage_result_test.dart: toJson contains all expected keys and values
collect-coverage	UNKNOWN STEP	2025-12-21T16:46:10.1508134Z âœ… /home/runner/work/simple_match/simple_match/test/models_stage_result_test.dart: default status is Completed and custom statuses are preserved
collect-coverage	UNKNOWN STEP	2025-12-21T16:46:10.1528318Z âœ… /home/runner/work/simple_match/simple_match/test/models_stage_result_test.dart: copyWith without arguments returns equivalent values
collect-coverage	UNKNOWN STEP	2025-12-21T16:46:10.1551903Z âœ… /home/runner/work/simple_match/simple_match/test/models_stage_result_test.dart: adjustedHitFactor with zero scale returns zero
collect-coverage	UNKNOWN STEP	2025-12-21T16:46:11.2694508Z âœ… /home/runner/work/simple_match/simple_match/test/repository_test.dart: MatchRepository initial lists are empty
collect-coverage	UNKNOWN STEP	2025-12-21T16:46:11.2739647Z âœ… /home/runner/work/simple_match/simple_match/test/repository_test.dart: MatchRepository can add and retrieve stages
collect-coverage	UNKNOWN STEP	2025-12-21T16:46:11.2793949Z âœ… /home/runner/work/simple_match/simple_match/test/repository_test.dart: MatchRepository can add and retrieve shooters
collect-coverage	UNKNOWN STEP	2025-12-21T16:46:11.2831550Z âœ… /home/runner/work/simple_match/simple_match/test/repository_test.dart: MatchRepository can add and retrieve results
collect-coverage	UNKNOWN STEP	2025-12-21T16:46:12.6497039Z âœ… /home/runner/work/simple_match/simple_match/test/views_match_setup_view_edit_remove_test.dart: MatchSetupView can remove a stage
collect-coverage	UNKNOWN STEP	2025-12-21T16:46:12.8624213Z âœ… /home/runner/work/simple_match/simple_match/test/views_match_setup_view_edit_remove_test.dart: MatchSetupView can edit a stage
collect-coverage	UNKNOWN STEP	2025-12-21T16:46:13.1927248Z âœ… /home/runner/work/simple_match/simple_match/test/views_stage_result_view_test.dart: StageResultView displays detailed sortable table with fixed column widths
collect-coverage	UNKNOWN STEP	2025-12-21T16:46:13.2727929Z âœ… /home/runner/work/simple_match/simple_match/test/views_stage_result_view_test.dart: StageResultView columns fit within mobile width
collect-coverage	UNKNOWN STEP	2025-12-21T16:46:13.9829220Z âœ… /home/runner/work/simple_match/simple_match/test/viewmodel_main_menu_test.dart: MainMenuViewModel can instantiate
collect-coverage	UNKNOWN STEP	2025-12-21T16:46:13.9861565Z âœ… /home/runner/work/simple_match/simple_match/test/viewmodel_main_menu_test.dart: MainMenuViewModel clearAllData calls repository.clearAllData
collect-coverage	UNKNOWN STEP	2025-12-21T16:46:13.9886878Z âœ… /home/runner/work/simple_match/simple_match/test/viewmodel_main_menu_test.dart: MainMenuViewModel navigateTo calls Navigator.pushNamed
collect-coverage	UNKNOWN STEP	2025-12-21T16:46:14.4451503Z âœ… /home/runner/work/simple_match/simple_match/test/persistence_restart_test.dart: status and roRemark persist across simulated restart
collect-coverage	UNKNOWN STEP	2025-12-21T16:46:15.1188477Z âœ… /home/runner/work/simple_match/simple_match/test/services_test.dart: PersistenceService can instantiate
collect-coverage	UNKNOWN STEP	2025-12-21T16:46:15.1339748Z âœ… /home/runner/work/simple_match/simple_match/test/services_test.dart: PersistenceService can save and load shooters
collect-coverage	UNKNOWN STEP	2025-12-21T16:46:15.1371853Z âœ… /home/runner/work/simple_match/simple_match/test/services_test.dart: PersistenceService can save and load stages
collect-coverage	UNKNOWN STEP	2025-12-21T16:46:15.1406663Z âœ… /home/runner/work/simple_match/simple_match/test/services_test.dart: PersistenceService can save and load stage results
collect-coverage	UNKNOWN STEP	2025-12-21T16:46:16.4463888Z âœ… /home/runner/work/simple_match/simple_match/test/views_overall_result_view_test.dart: OverallResultView renders title
collect-coverage	UNKNOWN STEP	2025-12-21T16:46:16.9141101Z âœ… /home/runner/work/simple_match/simple_match/test/views_stage_result_view_uncovered_test.dart: StageResultView uncovered UI/logic shows empty state when no stages
collect-coverage	UNKNOWN STEP	2025-12-21T16:46:18.1743020Z âœ… /home/runner/work/simple_match/simple_match/test/services_persistence_service_uncovered_test.dart: PersistenceService uncovered branches save and load shooters
collect-coverage	UNKNOWN STEP	2025-12-21T16:46:18.1773482Z âœ… /home/runner/work/simple_match/simple_match/test/services_persistence_service_uncovered_test.dart: PersistenceService uncovered branches save and load stages
collect-coverage	UNKNOWN STEP	2025-12-21T16:46:18.1793467Z âœ… /home/runner/work/simple_match/simple_match/test/services_persistence_service_uncovered_test.dart: PersistenceService uncovered branches schema migration logic (noop)
collect-coverage	UNKNOWN STEP	2025-12-21T16:46:18.1883452Z âœ… /home/runner/work/simple_match/simple_match/test/services_persistence_service_uncovered_test.dart: PersistenceService uncovered branches future-proof: clears data if schema version is downgraded (mocked, injectable)
collect-coverage	UNKNOWN STEP	2025-12-21T16:46:18.1905447Z âœ… /home/runner/work/simple_match/simple_match/test/services_persistence_service_uncovered_test.dart: PersistenceService uncovered branches ensureSchemaUpToDate sets version if missing (mocked, injectable)
collect-coverage	UNKNOWN STEP	2025-12-21T16:46:18.1927800Z âœ… /home/runner/work/simple_match/simple_match/test/services_persistence_service_uncovered_test.dart: PersistenceService uncovered branches calls _migrateSchema when upgrading schema
collect-coverage	UNKNOWN STEP	2025-12-21T16:46:18.1948438Z âœ… /home/runner/work/simple_match/simple_match/test/services_persistence_service_uncovered_test.dart: PersistenceService uncovered branches clears data if schema version is downgraded
collect-coverage	UNKNOWN STEP	2025-12-21T16:46:18.1976439Z âœ… /home/runner/work/simple_match/simple_match/test/services_persistence_service_uncovered_test.dart: PersistenceService uncovered branches returns empty list if key missing in loadList
collect-coverage	UNKNOWN STEP	2025-12-21T16:46:18.6268112Z âœ… /home/runner/work/simple_match/simple_match/test/views_all_edge_empty_error_test.dart: Widget edge/empty/error coverage for all views MainMenuView navigation buttons present
collect-coverage	UNKNOWN STEP	2025-12-21T16:46:18.8735268Z âœ… /home/runner/work/simple_match/simple_match/test/views_all_edge_empty_error_test.dart: Widget edge/empty/error coverage for all views MatchSetupView shows empty and error states
collect-coverage	UNKNOWN STEP	2025-12-21T16:46:18.9539942Z âœ… /home/runner/work/simple_match/simple_match/test/views_all_edge_empty_error_test.dart: Widget edge/empty/error coverage for all views ShooterSetupView shows empty and error states
collect-coverage	UNKNOWN STEP	2025-12-21T16:46:19.0092115Z âœ… /home/runner/work/simple_match/simple_match/test/views_all_edge_empty_error_test.dart: Widget edge/empty/error coverage for all views StageInputView shows empty state
collect-coverage	UNKNOWN STEP	2025-12-21T16:46:19.0469060Z âœ… /home/runner/work/simple_match/simple_match/test/views_all_edge_empty_error_test.dart: Widget edge/empty/error coverage for all views StageResultView shows empty state
collect-coverage	UNKNOWN STEP	2025-12-21T16:46:19.0818345Z âœ… /home/runner/work/simple_match/simple_match/test/views_all_edge_empty_error_test.dart: Widget edge/empty/error coverage for all views OverallResultView shows empty state and PDF button hidden
collect-coverage	UNKNOWN STEP	2025-12-21T16:46:19.3209700Z âœ… /home/runner/work/simple_match/simple_match/test/non_web_pdf_utils_test.dart: WebPdfUtils.downloadPdf throws on non-web
collect-coverage	UNKNOWN STEP	2025-12-21T16:46:20.2526996Z âœ… /home/runner/work/simple_match/simple_match/test/viewmodel_stage_input_test.dart: StageInputViewModel initializes with default values
collect-coverage	UNKNOWN STEP	2025-12-21T16:46:20.2588497Z âœ… /home/runner/work/simple_match/simple_match/test/viewmodel_stage_input_test.dart: StageInputViewModel selectStage and selectShooter loads or resets values
collect-coverage	UNKNOWN STEP	2025-12-21T16:46:20.2625034Z âœ… /home/runner/work/simple_match/simple_match/test/viewmodel_stage_input_test.dart: StageInputViewModel validation disables submit if sum != scoring shoots
collect-coverage	UNKNOWN STEP	2025-12-21T16:46:20.2665468Z âœ… /home/runner/work/simple_match/simple_match/test/viewmodel_stage_input_test.dart: StageInputViewModel hit factor and adjusted hit factor calculation
collect-coverage	UNKNOWN STEP	2025-12-21T16:46:20.2697573Z âœ… /home/runner/work/simple_match/simple_match/test/viewmodel_stage_input_test.dart: StageInputViewModel submit adds or updates result
collect-coverage	UNKNOWN STEP	2025-12-21T16:46:20.2730493Z âœ… /home/runner/work/simple_match/simple_match/test/viewmodel_stage_input_test.dart: StageInputViewModel remove deletes result
collect-coverage	UNKNOWN STEP	2025-12-21T16:46:21.4904864Z âœ… /home/runner/work/simple_match/simple_match/test/main_uncovered_test.dart: StageResultView route builds with injected ViewModel
collect-coverage	UNKNOWN STEP	2025-12-21T16:46:21.5244151Z âœ… /home/runner/work/simple_match/simple_match/test/main_uncovered_test.dart: main.dart routes fallback to / if unknown
collect-coverage	UNKNOWN STEP	2025-12-21T16:46:21.5360773Z âœ… /home/runner/work/simple_match/simple_match/test/main_uncovered_test.dart: main() runs without error
collect-coverage	UNKNOWN STEP	2025-12-21T16:46:21.6500876Z âœ… /home/runner/work/simple_match/simple_match/test/io_file_helpers_io_test.dart: listBackups returns json files sorted by modified desc and readFileBytes reads
collect-coverage	UNKNOWN STEP	2025-12-21T16:46:22.9235946Z âœ… /home/runner/work/simple_match/simple_match/test/persistence_migration_test.dart: Migration logic upgrades old schema version and preserves data (using mockito)
collect-coverage	UNKNOWN STEP	2025-12-21T16:46:22.9288873Z âœ… /home/runner/work/simple_match/simple_match/test/persistence_migration_test.dart: Migration logic adds default status to stage results
collect-coverage	UNKNOWN STEP	2025-12-21T16:46:22.9327892Z âœ… /home/runner/work/simple_match/simple_match/test/persistence_migration_test.dart: Simplified migration test for status field
collect-coverage	UNKNOWN STEP	2025-12-21T16:46:22.9356677Z âœ… /home/runner/work/simple_match/simple_match/test/persistence_migration_test.dart: Mock data retrieval test with generated mock
collect-coverage	UNKNOWN STEP	2025-12-21T16:46:22.9428315Z âœ… /home/runner/work/simple_match/simple_match/test/persistence_migration_test.dart: Directly call migrateSchema to verify behavior
collect-coverage	UNKNOWN STEP	2025-12-21T16:46:22.9466534Z âœ… /home/runner/work/simple_match/simple_match/test/persistence_migration_test.dart: ensureSchemaUpToDate clears prefs when stored version is higher than current
collect-coverage	UNKNOWN STEP	2025-12-21T16:46:22.9551824Z âœ… /home/runner/work/simple_match/simple_match/test/persistence_migration_test.dart: ensureSchemaUpToDate clears prefs when stored version is higher (SharedPreferences mock)
collect-coverage	UNKNOWN STEP	2025-12-21T16:46:22.9579990Z âœ… /home/runner/work/simple_match/simple_match/test/persistence_migration_test.dart: ensureSchemaUpToDate calls clear and resets version (mocked prefs verify calls)
collect-coverage	UNKNOWN STEP	2025-12-21T16:46:22.9634710Z âœ… /home/runner/work/simple_match/simple_match/test/persistence_migration_test.dart: migrateSchema handles malformed JSON by saving empty list
collect-coverage	UNKNOWN STEP	2025-12-21T16:46:22.9673084Z âœ… /home/runner/work/simple_match/simple_match/test/persistence_migration_test.dart: migrateSchema skips non-map items and migrates valid maps
collect-coverage	UNKNOWN STEP	2025-12-21T16:46:22.9718354Z âœ… /home/runner/work/simple_match/simple_match/test/persistence_migration_test.dart: migrateSchema preserves existing status value
collect-coverage	UNKNOWN STEP	2025-12-21T16:46:24.0356446Z âœ… /home/runner/work/simple_match/simple_match/test/viewmodel_stage_result_viewmodel_notify_test.dart: StageResultViewModel notifies listeners on load
collect-coverage	UNKNOWN STEP	2025-12-21T16:46:25.1591220Z âœ… /home/runner/work/simple_match/simple_match/test/persistence_backup_test.dart: Persistence backup/import MVP export produces JSON with expected keys
collect-coverage	UNKNOWN STEP	2025-12-21T16:46:25.1691712Z âœ… /home/runner/work/simple_match/simple_match/test/persistence_backup_test.dart: Persistence backup/import MVP import dry run validates and returns counts without persisting
collect-coverage	UNKNOWN STEP	2025-12-21T16:46:25.1777931Z âœ… /home/runner/work/simple_match/simple_match/test/persistence_backup_test.dart: Persistence backup/import MVP import persists data and can be loaded after import
collect-coverage	UNKNOWN STEP	2025-12-21T16:46:25.1810118Z âœ… /home/runner/work/simple_match/simple_match/test/persistence_backup_test.dart: Persistence backup/import MVP import rejects invalid JSON
collect-coverage	UNKNOWN STEP	2025-12-21T16:46:25.1833983Z âœ… /home/runner/work/simple_match/simple_match/test/persistence_backup_test.dart: Persistence backup/import MVP import rejects missing keys
collect-coverage	UNKNOWN STEP	2025-12-21T16:46:25.2655011Z ##[group]âœ… /home/runner/work/simple_match/simple_match/test/views_stage_input_view_additional_edge_test.dart: StageInputView additional edge cases Rapid field changes and focus loss do not break state
collect-coverage	UNKNOWN STEP	2025-12-21T16:46:25.2663293Z 
collect-coverage	UNKNOWN STEP	2025-12-21T16:46:25.2663697Z Warning: A call to tap() with finder "Found 1 widget with key [<'timeField'>]: [
collect-coverage	UNKNOWN STEP	2025-12-21T16:46:25.2668776Z   TextField-[<'timeField'>](controller: TextEditingController#c734b(TextEditingValue(text: â”¤0.0â”œ, selection: TextSelection.collapsed(offset: 3, affinity: TextAffinity.upstream, isDirectional: false), composing: TextRange(start: -1, end: -1))), enabled: true, decoration: InputDecoration(labelText: "Time", prefixIcon: Icon(IconData(U+0E662)), border: OutlineInputBorder()), keyboardType: TextInputType(name: TextInputType.number, signed: false, decimal: true), dependencies: [DefaultSelectionStyle, InheritedCupertinoTheme, MediaQuery, UnmanagedRestorationScope, _InheritedTheme, _LocalizationsScope-[GlobalKey#1268f], _ScrollableScope], state: _TextFieldState#717fa),
collect-coverage	UNKNOWN STEP	2025-12-21T16:46:25.2673262Z ]" derived an Offset (Offset(400.0, 100.0)) that would not hit test on the specified widget.
collect-coverage	UNKNOWN STEP	2025-12-21T16:46:25.2674355Z Maybe the widget is actually off-screen, or another widget is obscuring it, or the widget cannot receive pointer events.
collect-coverage	UNKNOWN STEP	2025-12-21T16:46:25.2675422Z The finder corresponds to this RenderBox: RenderMouseRegion#b3a58 relayoutBoundary=up24
collect-coverage	UNKNOWN STEP	2025-12-21T16:46:25.2682239Z The hit test result at that offset is: HitTestResult(RenderPointerListener#b548f@Offset(384.0, 28.0), RenderSemanticsGestureHandler#f11f5@Offset(384.0, 28.0), RenderPointerListener#6c2b6@Offset(384.0, 28.0), _RenderScrollSemantics#5bc31@Offset(384.0, 28.0), RenderClipRect#7bc8a@Offset(384.0, 28.0), RenderFlex#89992@Offset(384.0, 28.0), RenderFlex#e3fb8@Offset(384.0, 28.0), RenderPadding#96b35@Offset(400.0, 44.0), RenderConstrainedBox#5fdfb@Offset(400.0, 44.0), _RenderLayoutBuilder#866f1@Offset(400.0, 44.0), RenderCustomMultiChildLayoutBox#b5315@Offset(400.0, 100.0), _RenderInkFeatures#b418a@Offset(400.0, 100.0), RenderPhysicalModel#4a485@Offset(400.0, 100.0), RenderSemanticsAnnotations#1b4e0@Offset(400.0, 100.0), RenderRepaintBoundary#0e0bf@Offset(400.0, 100.0), RenderIgnorePointer#a6f07@Offset(400.0, 100.0), RenderAnimatedOpacity#5feca@Offset(400.0, 100.0), RenderAnimatedOpacity#c65a7@Offset(400.0, 100.0), _RenderColoredBox#9c908@Offset(400.0, 100.0), RenderAnimatedOpacity#e086b@Offset(400.0, 100.0), RenderIgnorePointer#85260@Offset(400.0, 100.0), RenderAnimatedOpacity#5f6a1@Offset(400.0, 100.0), RenderRepaintBoundary#6b3d2@Offset(400.0, 100.0), RenderSemanticsAnnotations#14135@Offset(400.0, 100.0), RenderOffstage#2808e@Offset(400.0, 100.0), RenderSemanticsAnnotations#ecb13@Offset(400.0, 100.0), _RenderTheater#88be0@Offset(400.0, 100.0), RenderAbsorbPointer#86fca@Offset(400.0, 100.0), RenderPointerListener#2ca29@Offset(400.0, 100.0), RenderSemanticsAnnotations#4d93c@Offset(400.0, 100.0), RenderCustomPaint#b524e@Offset(400.0, 100.0), RenderSemanticsAnnotations#a100a@Offset(400.0, 100.0), RenderSemanticsAnnotations#364d5@Offset(400.0, 100.0), RenderTapRegionSurface#b8194@Offset(400.0, 100.0), RenderSemanticsAnnotations#37671@Offset(400.0, 100.0), RenderSemanticsAnnotations#67bb3@Offset(400.0, 100.0), RenderSemanticsAnnotations#bb50a@Offset(400.0, 100.0), HitTestEntry<HitTestTarget>#d6ba9(_ReusableRenderView#f78a2), HitTestEntry<HitTestTarget>#1b8c1(<AutomatedTestWidgetsFlutterBinding>))
collect-coverage	UNKNOWN STEP	2025-12-21T16:46:25.2690582Z #0      WidgetController._getElementPoint (package:flutter_test/src/controller.dart:2081:25)
collect-coverage	UNKNOWN STEP	2025-12-21T16:46:25.2691529Z #1      WidgetController.getCenter (package:flutter_test/src/controller.dart:1865:12)
collect-coverage	UNKNOWN STEP	2025-12-21T16:46:25.2692860Z #2      WidgetController.tap (package:flutter_test/src/controller.dart:1045:7)
collect-coverage	UNKNOWN STEP	2025-12-21T16:46:25.2694153Z #3      main.<anonymous closure>.<anonymous closure> (file:///home/runner/work/simple_match/simple_match/test/views_stage_input_view_additional_edge_test.dart:62:20)
collect-coverage	UNKNOWN STEP	2025-12-21T16:46:25.2695321Z <asynchronous suspension>
collect-coverage	UNKNOWN STEP	2025-12-21T16:46:25.2695990Z #4      testWidgets.<anonymous closure>.<anonymous closure> (package:flutter_test/src/widget_tester.dart:192:15)
collect-coverage	UNKNOWN STEP	2025-12-21T16:46:25.2696693Z <asynchronous suspension>
collect-coverage	UNKNOWN STEP	2025-12-21T16:46:25.2697287Z #5      TestWidgetsFlutterBinding._runTestBody (package:flutter_test/src/binding.dart:1059:5)
collect-coverage	UNKNOWN STEP	2025-12-21T16:46:25.2697953Z <asynchronous suspension>
collect-coverage	UNKNOWN STEP	2025-12-21T16:46:25.2698759Z #6      StackZoneSpecification._registerCallback.<anonymous closure> (package:stack_trace/src/stack_zone_specification.dart:114:42)
collect-coverage	UNKNOWN STEP	2025-12-21T16:46:25.2699698Z <asynchronous suspension>
collect-coverage	UNKNOWN STEP	2025-12-21T16:46:25.2700186Z To silence this warning, pass "warnIfMissed: false" to "tap()".
collect-coverage	UNKNOWN STEP	2025-12-21T16:46:25.2701021Z To make this warning fatal, set WidgetController.hitTestWarningShouldBeFatal to true.
collect-coverage	UNKNOWN STEP	2025-12-21T16:46:25.2701581Z 
collect-coverage	UNKNOWN STEP	2025-12-21T16:46:25.2702099Z ##[endgroup]
collect-coverage	UNKNOWN STEP	2025-12-21T16:46:26.6375662Z âœ… /home/runner/work/simple_match/simple_match/test/views_stage_input_view_additional_edge_test.dart: StageInputView additional edge cases All error messages for each field are shown as expected
collect-coverage	UNKNOWN STEP	2025-12-21T16:46:27.7107863Z âœ… /home/runner/work/simple_match/simple_match/test/io_file_helpers_list_test.dart: listBackups finds json files in mocked documents directory
collect-coverage	UNKNOWN STEP	2025-12-21T16:46:27.9720474Z âœ… /home/runner/work/simple_match/simple_match/test/views_match_setup_view_edge_test.dart: MatchSetupView handles min/max and invalid input
collect-coverage	UNKNOWN STEP	2025-12-21T16:46:29.3179767Z âœ… /home/runner/work/simple_match/simple_match/test/persistence_test.dart: Repository can persist and reload all data
collect-coverage	UNKNOWN STEP	2025-12-21T16:46:30.9606091Z âœ… /home/runner/work/simple_match/simple_match/test/views_match_setup_view_edge_error_test.dart: MatchSetupView edge/error coverage Add, edit, cancel, remove, and error flows
collect-coverage	UNKNOWN STEP	2025-12-21T16:46:31.2555740Z âœ… /home/runner/work/simple_match/simple_match/test/widget_test.dart: App starts and shows main menu
collect-coverage	UNKNOWN STEP	2025-12-21T16:46:31.7065669Z âœ… /home/runner/work/simple_match/simple_match/test/widget_test.dart: Navigation to Match Setup works
collect-coverage	UNKNOWN STEP	2025-12-21T16:46:31.8428358Z âœ… /home/runner/work/simple_match/simple_match/test/widget_test.dart: Navigation to Shooter Setup works
collect-coverage	UNKNOWN STEP	2025-12-21T16:46:33.1493431Z âœ… /home/runner/work/simple_match/simple_match/test/persistence_import_real_export_test.dart: import of a real exported JSON succeeds (dry-run and apply)
collect-coverage	UNKNOWN STEP	2025-12-21T16:46:33.4321994Z âœ… /home/runner/work/simple_match/simple_match/test/views_main_menu_view_uncovered_test.dart: MainMenuView navigation and edge cases
collect-coverage	UNKNOWN STEP	2025-12-21T16:46:34.5070758Z âœ… /home/runner/work/simple_match/simple_match/test/viewmodel_match_setup_logic_test.dart: MatchSetupViewModel addStage adds valid stage
collect-coverage	UNKNOWN STEP	2025-12-21T16:46:34.5101264Z âœ… /home/runner/work/simple_match/simple_match/test/viewmodel_match_setup_logic_test.dart: MatchSetupViewModel addStage rejects duplicate stage
collect-coverage	UNKNOWN STEP	2025-12-21T16:46:34.5121367Z âœ… /home/runner/work/simple_match/simple_match/test/viewmodel_match_setup_logic_test.dart: MatchSetupViewModel addStage rejects out-of-range stage
collect-coverage	UNKNOWN STEP	2025-12-21T16:46:34.5140104Z âœ… /home/runner/work/simple_match/simple_match/test/viewmodel_match_setup_logic_test.dart: MatchSetupViewModel addStage rejects out-of-range scoringShoots
collect-coverage	UNKNOWN STEP	2025-12-21T16:46:34.5163599Z âœ… /home/runner/work/simple_match/simple_match/test/viewmodel_match_setup_logic_test.dart: MatchSetupViewModel removeStage removes stage
collect-coverage	UNKNOWN STEP	2025-12-21T16:46:34.5187932Z âœ… /home/runner/work/simple_match/simple_match/test/viewmodel_match_setup_logic_test.dart: MatchSetupViewModel editStage updates stage
collect-coverage	UNKNOWN STEP	2025-12-21T16:46:34.5206371Z âœ… /home/runner/work/simple_match/simple_match/test/viewmodel_match_setup_logic_test.dart: MatchSetupViewModel editStage rejects invalid scoringShoots
collect-coverage	UNKNOWN STEP	2025-12-21T16:46:35.6176436Z âœ… /home/runner/work/simple_match/simple_match/test/views_shooter_setup_view_uncovered_test.dart: ShooterSetupView uncovered branches shows error for duplicate shooter name
collect-coverage	UNKNOWN STEP	2025-12-21T16:46:35.7593175Z âœ… /home/runner/work/simple_match/simple_match/test/views_shooter_setup_view_uncovered_test.dart: ShooterSetupView uncovered branches shows error for invalid scale factor
collect-coverage	UNKNOWN STEP	2025-12-21T16:46:35.8872955Z âœ… /home/runner/work/simple_match/simple_match/test/views_shooter_setup_view_uncovered_test.dart: ShooterSetupView uncovered branches shows error on invalid scale and empty state
collect-coverage	UNKNOWN STEP	2025-12-21T16:46:36.6740922Z âœ… /home/runner/work/simple_match/simple_match/test/views_match_setup_view_test.dart: MatchSetupView renders title
collect-coverage	UNKNOWN STEP	2025-12-21T16:46:36.8176068Z âœ… /home/runner/work/simple_match/simple_match/test/viewmodel_stage_result_viewmodel_test.dart: getStageRanks computes ordering and adjustedMatchPoint
collect-coverage	UNKNOWN STEP	2025-12-21T16:46:36.8226657Z âœ… /home/runner/work/simple_match/simple_match/test/viewmodel_stage_result_viewmodel_test.dart: updateStatus updates result and saves via persistence
collect-coverage	UNKNOWN STEP	2025-12-21T16:46:38.0143743Z âœ… /home/runner/work/simple_match/simple_match/test/viewmodel_shooter_setup_test.dart: ShooterSetupViewModel can instantiate
collect-coverage	UNKNOWN STEP	2025-12-21T16:46:38.0226945Z âœ… /home/runner/work/simple_match/simple_match/test/viewmodel_shooter_setup_test.dart: ShooterSetupViewModel addShooter adds a shooter
collect-coverage	UNKNOWN STEP	2025-12-21T16:46:38.0257938Z âœ… /home/runner/work/simple_match/simple_match/test/viewmodel_shooter_setup_test.dart: ShooterSetupViewModel addShooter fails for duplicate name
collect-coverage	UNKNOWN STEP	2025-12-21T16:46:38.0278934Z âœ… /home/runner/work/simple_match/simple_match/test/viewmodel_shooter_setup_test.dart: ShooterSetupViewModel addShooter fails for invalid scale
collect-coverage	UNKNOWN STEP	2025-12-21T16:46:38.0302191Z âœ… /home/runner/work/simple_match/simple_match/test/viewmodel_shooter_setup_test.dart: ShooterSetupViewModel editShooter updates scale
collect-coverage	UNKNOWN STEP	2025-12-21T16:46:38.0321371Z âœ… /home/runner/work/simple_match/simple_match/test/viewmodel_shooter_setup_test.dart: ShooterSetupViewModel editShooter fails for missing shooter
collect-coverage	UNKNOWN STEP	2025-12-21T16:46:38.0344811Z âœ… /home/runner/work/simple_match/simple_match/test/viewmodel_shooter_setup_test.dart: ShooterSetupViewModel removeShooter removes shooter
collect-coverage	UNKNOWN STEP	2025-12-21T16:46:38.7875068Z âœ… /home/runner/work/simple_match/simple_match/test/views_main_menu_clear_all_test.dart: Clear All Data button clears repository after confirmation
collect-coverage	UNKNOWN STEP	2025-12-21T16:46:40.2670016Z âœ… /home/runner/work/simple_match/simple_match/test/views_stage_input_view_test.dart: StageInputView renders all input fields and selectors in vertical layout with +/- buttons
collect-coverage	UNKNOWN STEP	2025-12-21T16:46:41.3027557Z âœ… /home/runner/work/simple_match/simple_match/test/views_stage_input_view_test.dart: StageInputView disables submit if input is invalid
collect-coverage	UNKNOWN STEP	2025-12-21T16:46:41.8926810Z âœ… /home/runner/work/simple_match/simple_match/test/views_stage_input_view_uncovered_test.dart: StageInputView uncovered branches shows validation error for incorrect sum
collect-coverage	UNKNOWN STEP	2025-12-21T16:46:41.9820699Z âœ… /home/runner/work/simple_match/simple_match/test/views_stage_input_view_test.dart: StageInputView enables submit and displays hit factors when valid
collect-coverage	UNKNOWN STEP	2025-12-21T16:46:42.7881863Z âœ… /home/runner/work/simple_match/simple_match/test/views_stage_input_view_test.dart: StageInputView submits and displays in result list
collect-coverage	UNKNOWN STEP	2025-12-21T16:46:43.1113714Z âœ… /home/runner/work/simple_match/simple_match/test/views_stage_input_view_uncovered_test.dart: StageInputView uncovered branches all increment/decrement buttons work
collect-coverage	UNKNOWN STEP	2025-12-21T16:46:43.3326200Z âœ… /home/runner/work/simple_match/simple_match/test/views_stage_input_view_test.dart: StageInputView DNF result displays status-only in result list
collect-coverage	UNKNOWN STEP	2025-12-21T16:46:43.5269042Z âœ… /home/runner/work/simple_match/simple_match/test/views_stage_input_view_uncovered_test.dart: StageInputView uncovered branches shows error for negative values
collect-coverage	UNKNOWN STEP	2025-12-21T16:46:43.5558543Z âœ… /home/runner/work/simple_match/simple_match/test/views_stage_input_view_uncovered_test.dart: StageInputView uncovered branches shows empty state if no stages or shooters
collect-coverage	UNKNOWN STEP	2025-12-21T16:46:43.9529814Z âœ… /home/runner/work/simple_match/simple_match/test/views_stage_input_view_uncovered_test.dart: StageInputView uncovered branches can edit and remove a result
collect-coverage	UNKNOWN STEP	2025-12-21T16:46:44.2170280Z âœ… /home/runner/work/simple_match/simple_match/test/views_stage_input_view_test.dart: StageInputView can edit and remove a result
collect-coverage	UNKNOWN STEP	2025-12-21T16:46:44.4392801Z âœ… /home/runner/work/simple_match/simple_match/test/views_stage_input_view_uncovered_test.dart: StageInputView uncovered branches shows hit factor and adjusted hit factor
collect-coverage	UNKNOWN STEP	2025-12-21T16:46:44.4846987Z âœ… /home/runner/work/simple_match/simple_match/test/views_stage_input_view_test.dart: StageInputView DQ-ed shooters are greyed out and unselectable in shooter selector
collect-coverage	UNKNOWN STEP	2025-12-21T16:46:44.9264342Z âœ… /home/runner/work/simple_match/simple_match/test/views_stage_input_view_test.dart: StageInputView DQ requires non-empty RO remark and disables submit when blank
collect-coverage	UNKNOWN STEP	2025-12-21T16:46:45.4399990Z âœ… /home/runner/work/simple_match/simple_match/test/views_stage_input_view_test.dart: StageInputView DQ with RO remark allows submit
collect-coverage	UNKNOWN STEP	2025-12-21T16:46:46.1663023Z âœ… /home/runner/work/simple_match/simple_match/test/views_overall_result_view_uncovered_test.dart: OverallResultView edge case
collect-coverage	UNKNOWN STEP	2025-12-21T16:46:46.4047634Z âœ… /home/runner/work/simple_match/simple_match/test/viewmodel_stage_result_viewmodel_uncovered_test.dart: StageResultViewModel edge cases
collect-coverage	UNKNOWN STEP	2025-12-21T16:46:47.6614032Z âœ… /home/runner/work/simple_match/simple_match/test/viewmodel_match_setup_test.dart: MatchSetupViewModel can instantiate
collect-coverage	UNKNOWN STEP	2025-12-21T16:46:47.6693155Z âœ… /home/runner/work/simple_match/simple_match/test/viewmodel_match_setup_test.dart: MatchSetupViewModel addStage adds a stage and validates input
collect-coverage	UNKNOWN STEP	2025-12-21T16:46:47.6729013Z âœ… /home/runner/work/simple_match/simple_match/test/viewmodel_match_setup_test.dart: MatchSetupViewModel editStage updates scoring shoots and validates input
collect-coverage	UNKNOWN STEP	2025-12-21T16:46:47.6755137Z âœ… /home/runner/work/simple_match/simple_match/test/viewmodel_match_setup_test.dart: MatchSetupViewModel removeStage removes a stage
collect-coverage	UNKNOWN STEP	2025-12-21T16:46:48.6227983Z âœ… /home/runner/work/simple_match/simple_match/test/views_match_setup_view_uncovered_test.dart: MatchSetupView uncovered branches shows error for duplicate stage
collect-coverage	UNKNOWN STEP	2025-12-21T16:46:48.7424554Z âœ… /home/runner/work/simple_match/simple_match/test/views_match_setup_view_uncovered_test.dart: MatchSetupView uncovered branches shows error for invalid stage number
collect-coverage	UNKNOWN STEP	2025-12-21T16:46:48.7947358Z âœ… /home/runner/work/simple_match/simple_match/test/unit/settings_view_bump_coverage_test.dart: call settings view coverage helpers
collect-coverage	UNKNOWN STEP	2025-12-21T16:46:48.8624980Z âœ… /home/runner/work/simple_match/simple_match/test/views_match_setup_view_uncovered_test.dart: MatchSetupView uncovered branches shows error for invalid scoring shoots
collect-coverage	UNKNOWN STEP	2025-12-21T16:46:48.9674915Z âœ… /home/runner/work/simple_match/simple_match/test/views_match_setup_view_uncovered_test.dart: MatchSetupView uncovered branches shows error on invalid input and empty state
collect-coverage	UNKNOWN STEP	2025-12-21T16:46:50.3848980Z âœ… /home/runner/work/simple_match/simple_match/test/unit/settings_view_run_all_helpers_test.dart: runAllSettingsViewCoverageHelpersForTest executes remaining helper blocks
collect-coverage	UNKNOWN STEP	2025-12-21T16:46:50.9464912Z ##[group]âœ… /home/runner/work/simple_match/simple_match/test/unit/settings_view_extra_helpers_test.dart: Import flow replaces extra helper calls
collect-coverage	UNKNOWN STEP	2025-12-21T16:46:50.9467274Z FakePersistence.importBackupFromBytes called dryRun=true backupBeforeRestore=false bytesLen=3
collect-coverage	UNKNOWN STEP	2025-12-21T16:46:50.9468445Z FakePersistence: delegating to importFn
collect-coverage	UNKNOWN STEP	2025-12-21T16:46:50.9469626Z FakePersistence.importBackupFromBytes called dryRun=false backupBeforeRestore=true bytesLen=3
collect-coverage	UNKNOWN STEP	2025-12-21T16:46:50.9470608Z FakePersistence: delegating to importFn
collect-coverage	UNKNOWN STEP	2025-12-21T16:46:50.9471628Z ##[endgroup]
collect-coverage	UNKNOWN STEP	2025-12-21T16:46:51.7109803Z âœ… /home/runner/work/simple_match/simple_match/test/unit/settings_view_marker4_test.dart: exerciseCoverageMarker4 returns a positive sum
collect-coverage	UNKNOWN STEP	2025-12-21T16:46:52.3167995Z âœ… /home/runner/work/simple_match/simple_match/test/unit/settings_view_coverage_helpers_test.dart: exercise settings_view coverage helpers (minimal shim)
collect-coverage	UNKNOWN STEP	2025-12-21T16:46:53.1401380Z ##[group]âœ… /home/runner/work/simple_match/simple_match/test/unit/settings_view_coverage_helpers_test.dart: Import path exercises coverage branches (unit -> widget)
collect-coverage	UNKNOWN STEP	2025-12-21T16:46:53.1413744Z FakePersistence.importBackupFromBytes called dryRun=true backupBeforeRestore=false bytesLen=3
collect-coverage	UNKNOWN STEP	2025-12-21T16:46:53.1415240Z FakePersistence: delegating to importFn
collect-coverage	UNKNOWN STEP	2025-12-21T16:46:53.1416133Z FakePersistence.importBackupFromBytes called dryRun=false backupBeforeRestore=true bytesLen=3
collect-coverage	UNKNOWN STEP	2025-12-21T16:46:53.1417021Z FakePersistence: delegating to importFn
collect-coverage	UNKNOWN STEP	2025-12-21T16:46:53.1418152Z ##[endgroup]
collect-coverage	UNKNOWN STEP	2025-12-21T16:46:53.9836325Z ##[group]âœ… /home/runner/work/simple_match/simple_match/test/unit/settings_view_force_helpers_test.dart: Import path exercises guarded blocks previously hit by force helpers
collect-coverage	UNKNOWN STEP	2025-12-21T16:46:53.9837909Z FakePersistence.importBackupFromBytes called dryRun=true backupBeforeRestore=false bytesLen=3
collect-coverage	UNKNOWN STEP	2025-12-21T16:46:53.9838766Z FakePersistence: delegating to importFn
collect-coverage	UNKNOWN STEP	2025-12-21T16:46:53.9839576Z FakePersistence.importBackupFromBytes called dryRun=false backupBeforeRestore=true bytesLen=3
collect-coverage	UNKNOWN STEP	2025-12-21T16:46:53.9840432Z FakePersistence: delegating to importFn
collect-coverage	UNKNOWN STEP	2025-12-21T16:46:53.9841183Z ##[endgroup]
collect-coverage	UNKNOWN STEP	2025-12-21T16:46:54.3003217Z âœ… /home/runner/work/simple_match/simple_match/test/viewmodel_main_menu_viewmodel_uncovered_test.dart: MainMenuViewModel edge case
collect-coverage	UNKNOWN STEP	2025-12-21T16:46:54.9216988Z âœ… /home/runner/work/simple_match/simple_match/test/viewmodel_main_menu_viewmodel_uncovered_test.dart: navigateTo pushes named route
collect-coverage	UNKNOWN STEP	2025-12-21T16:46:54.9295752Z âœ… /home/runner/work/simple_match/simple_match/test/viewmodel_main_menu_viewmodel_uncovered_test.dart: clearAllData calls repository.clearAllData
collect-coverage	UNKNOWN STEP	2025-12-21T16:46:55.0768613Z âœ… /home/runner/work/simple_match/simple_match/test/persistence_restart_full_integration_test.dart: stages and shooters persist across simulated restart
collect-coverage	UNKNOWN STEP	2025-12-21T16:46:56.9760071Z âœ… /home/runner/work/simple_match/simple_match/test/views_edge_empty_error_test.dart: Widget edge/empty/error coverage MatchSetupView renders with no stages
collect-coverage	UNKNOWN STEP	2025-12-21T16:46:57.0449497Z âœ… /home/runner/work/simple_match/simple_match/test/views_edge_empty_error_test.dart: Widget edge/empty/error coverage ShooterSetupView renders with no shooters
collect-coverage	UNKNOWN STEP	2025-12-21T16:46:57.1307789Z âœ… /home/runner/work/simple_match/simple_match/test/views_edge_empty_error_test.dart: Widget edge/empty/error coverage StageResultView shows no results for stage
collect-coverage	UNKNOWN STEP	2025-12-21T16:46:57.1625337Z âœ… /home/runner/work/simple_match/simple_match/test/views_edge_empty_error_test.dart: Widget edge/empty/error coverage OverallResultView shows no results yet
collect-coverage	UNKNOWN STEP	2025-12-21T16:46:58.4482219Z âœ… /home/runner/work/simple_match/simple_match/test/views_edge_empty_error_test.dart: Widget edge/empty/error coverage StageInputView shows empty state and validation error
collect-coverage	UNKNOWN STEP	2025-12-21T16:46:58.5438879Z âœ… /home/runner/work/simple_match/simple_match/test/views_stage_input_view_uncovered_ui_test.dart: StageInputView uncovered UI/logic Procedure Errors increment/decrement and validation
collect-coverage	UNKNOWN STEP	2025-12-21T16:46:59.0636986Z âœ… /home/runner/work/simple_match/simple_match/test/views_stage_input_view_uncovered_ui_test.dart: StageInputView uncovered UI/logic Shows error if submit with invalid (negative) values
collect-coverage	UNKNOWN STEP	2025-12-21T16:47:00.6240919Z âœ… /home/runner/work/simple_match/simple_match/test/provider_setup_test.dart: Provider tree is set up and provides all viewmodels
collect-coverage	UNKNOWN STEP	2025-12-21T16:47:01.6614818Z âœ… /home/runner/work/simple_match/simple_match/test/navigation_test.dart: Main menu navigation buttons push correct routes
collect-coverage	UNKNOWN STEP	2025-12-21T16:47:02.8306783Z âœ… /home/runner/work/simple_match/simple_match/test/export_utils_io_test.dart: saveExport writes content to file (platform-aware)
collect-coverage	UNKNOWN STEP	2025-12-21T16:47:03.2855513Z âœ… /home/runner/work/simple_match/simple_match/test/views_shooter_setup_view_edge_error_test.dart: ShooterSetupView edge/error coverage Add, edit, cancel, remove, and error flows
collect-coverage	UNKNOWN STEP	2025-12-21T16:47:04.3229654Z âœ… /home/runner/work/simple_match/simple_match/test/coverage_wrapper_test.dart: coverage wrapper for lib/views helper files
collect-coverage	UNKNOWN STEP	2025-12-21T16:47:04.4713125Z âœ… /home/runner/work/simple_match/simple_match/test/migration_v2_default_fields_test.dart: migrateSchema adds default status and roRemark and updates schema version
collect-coverage	UNKNOWN STEP	2025-12-21T16:47:05.6304888Z âœ… /home/runner/work/simple_match/simple_match/test/widgets/settings_view_export_io_integration_test.dart: Export Backup JSON generation (non-override IO path)
collect-coverage	UNKNOWN STEP	2025-12-21T16:47:06.7426187Z ##[group]âœ… /home/runner/work/simple_match/simple_match/test/widgets/settings_view_targeted_final_coverage_test.dart: exportViaWebForTest: web export wrapper updates status using a dummy exporter
collect-coverage	UNKNOWN STEP	2025-12-21T16:47:06.7427544Z FakePersistence.exportBackupJson called
collect-coverage	UNKNOWN STEP	2025-12-21T16:47:06.7428047Z FakePersistence.exportBackupJson returning length=11
collect-coverage	UNKNOWN STEP	2025-12-21T16:47:06.7428932Z ##[endgroup]
collect-coverage	UNKNOWN STEP	2025-12-21T16:47:06.7529826Z ##[group]âœ… /home/runner/work/simple_match/simple_match/test/widgets/settings_view_import_direct_test.dart: Direct import flow (dry-run -> import) with FakePersistence
collect-coverage	UNKNOWN STEP	2025-12-21T16:47:06.7530725Z FakePersistence.importBackupFromBytes called dryRun=true backupBeforeRestore=false bytesLen=150
collect-coverage	UNKNOWN STEP	2025-12-21T16:47:06.7531202Z FakePersistence: delegating to importFn
collect-coverage	UNKNOWN STEP	2025-12-21T16:47:06.7531646Z FakePersistence.importBackupFromBytes called dryRun=false backupBeforeRestore=true bytesLen=150
collect-coverage	UNKNOWN STEP	2025-12-21T16:47:06.7532087Z FakePersistence: delegating to importFn
collect-coverage	UNKNOWN STEP	2025-12-21T16:47:06.7532825Z ##[endgroup]
collect-coverage	UNKNOWN STEP	2025-12-21T16:47:06.8027702Z âœ… /home/runner/work/simple_match/simple_match/test/widgets/settings_view_targeted_final_coverage_test.dart: importViaWebForTest: pickBackupOverride returning null shows no-file SnackBar
collect-coverage	UNKNOWN STEP	2025-12-21T16:47:06.8667546Z ##[group]âœ… /home/runner/work/simple_match/simple_match/test/widgets/settings_view_targeted_final_coverage_test.dart: importFromDocumentsChosenForTest: dry-run failure shows validation message
collect-coverage	UNKNOWN STEP	2025-12-21T16:47:06.8670357Z TESTDBG: importFromDocumentsConfirmedForTest start
collect-coverage	UNKNOWN STEP	2025-12-21T16:47:06.8671747Z TESTDBG: read bytes length=3
collect-coverage	UNKNOWN STEP	2025-12-21T16:47:06.8674332Z FakePersistence.importBackupFromBytes called dryRun=true backupBeforeRestore=false bytesLen=3
collect-coverage	UNKNOWN STEP	2025-12-21T16:47:06.8681319Z FakePersistence: delegating to importFn
collect-coverage	UNKNOWN STEP	2025-12-21T16:47:06.8682212Z TESTDBG: dry-run result success=false counts={} message=validation failed
collect-coverage	UNKNOWN STEP	2025-12-21T16:47:06.8683333Z ##[endgroup]
collect-coverage	UNKNOWN STEP	2025-12-21T16:47:06.9303240Z ##[group]âœ… /home/runner/work/simple_match/simple_match/test/widgets/settings_view_targeted_final_coverage_test.dart: importFromDocumentsChosenForTest: import succeeds but repo.reload throws shows reload failed
collect-coverage	UNKNOWN STEP	2025-12-21T16:47:06.9305299Z TESTDBG: importFromDocumentsConfirmedForTest start
collect-coverage	UNKNOWN STEP	2025-12-21T16:47:06.9306145Z TESTDBG: read bytes length=3
collect-coverage	UNKNOWN STEP	2025-12-21T16:47:06.9307156Z FakePersistence.importBackupFromBytes called dryRun=true backupBeforeRestore=false bytesLen=3
collect-coverage	UNKNOWN STEP	2025-12-21T16:47:06.9308373Z FakePersistence: delegating to importFn
collect-coverage	UNKNOWN STEP	2025-12-21T16:47:06.9309428Z TESTDBG: dry-run result success=true counts={stages: 1, shooters: 1, stageResults: 1} message=null
collect-coverage	UNKNOWN STEP	2025-12-21T16:47:06.9314186Z FakePersistence.importBackupFromBytes called dryRun=false backupBeforeRestore=true bytesLen=3
collect-coverage	UNKNOWN STEP	2025-12-21T16:47:06.9315558Z FakePersistence: delegating to importFn
collect-coverage	UNKNOWN STEP	2025-12-21T16:47:06.9315994Z TESTDBG: import res success=true message=null
collect-coverage	UNKNOWN STEP	2025-12-21T16:47:06.9316697Z ##[endgroup]
collect-coverage	UNKNOWN STEP	2025-12-21T16:47:06.9991653Z âœ… /home/runner/work/simple_match/simple_match/test/widgets/settings_view_targeted_final_coverage_test.dart: exportBackupForTest: documentsDirOverride throwing triggers Export failed
collect-coverage	UNKNOWN STEP	2025-12-21T16:47:07.0480972Z âœ… /home/runner/work/simple_match/simple_match/test/widgets/settings_view_targeted_final_coverage_test.dart: importFromDocumentsForTest: empty documents list shows no-backups SnackBar
collect-coverage	UNKNOWN STEP	2025-12-21T16:47:07.1124334Z ##[group]âœ… /home/runner/work/simple_match/simple_match/test/widgets/settings_view_targeted_final_coverage_test.dart: importFromDocumentsChosenForTest: final import failure sets Import failed status
collect-coverage	UNKNOWN STEP	2025-12-21T16:47:07.1130877Z TESTDBG: importFromDocumentsConfirmedForTest start
collect-coverage	UNKNOWN STEP	2025-12-21T16:47:07.1133121Z TESTDBG: read bytes length=3
collect-coverage	UNKNOWN STEP	2025-12-21T16:47:07.1133878Z FakePersistence.importBackupFromBytes called dryRun=true backupBeforeRestore=false bytesLen=3
collect-coverage	UNKNOWN STEP	2025-12-21T16:47:07.1134551Z FakePersistence: delegating to importFn
collect-coverage	UNKNOWN STEP	2025-12-21T16:47:07.1134989Z TESTDBG: dry-run result success=true counts={stages: 0, shooters: 0, stageResults: 0} message=null
collect-coverage	UNKNOWN STEP	2025-12-21T16:47:07.1135625Z FakePersistence.importBackupFromBytes called dryRun=false backupBeforeRestore=true bytesLen=3
collect-coverage	UNKNOWN STEP	2025-12-21T16:47:07.1136071Z FakePersistence: delegating to importFn
collect-coverage	UNKNOWN STEP	2025-12-21T16:47:07.1136357Z TESTDBG: import res success=false message=final fail
collect-coverage	UNKNOWN STEP	2025-12-21T16:47:07.1136826Z ##[endgroup]
collect-coverage	UNKNOWN STEP	2025-12-21T16:47:08.7927296Z âœ… /home/runner/work/simple_match/simple_match/test/widgets/settings_view_tiny_targets_test.dart: pickBackupOverride returns null -> No file selected
collect-coverage	UNKNOWN STEP	2025-12-21T16:47:08.8778253Z âœ… /home/runner/work/simple_match/simple_match/test/widgets/settings_view_tiny_targets_test.dart: listBackupsOverride empty -> No backup files found
collect-coverage	UNKNOWN STEP	2025-12-21T16:47:09.0415219Z ##[group]âœ… /home/runner/work/simple_match/simple_match/test/widgets/settings_view_tiny_targets_test.dart: pickBackupOverride autoConfirm false -> user cancels confirm dialog
collect-coverage	UNKNOWN STEP	2025-12-21T16:47:09.0416887Z FakePersistence.importBackupFromBytes called dryRun=true backupBeforeRestore=false bytesLen=3
collect-coverage	UNKNOWN STEP	2025-12-21T16:47:09.0417683Z FakePersistence: delegating to importFn
collect-coverage	UNKNOWN STEP	2025-12-21T16:47:09.0418370Z ##[endgroup]
collect-coverage	UNKNOWN STEP	2025-12-21T16:47:09.5058145Z âœ… /home/runner/work/simple_match/simple_match/test/widgets/settings_view_missing_branches_test.dart: Import flow: dismissing Select backup dialog returns early (cancel)
collect-coverage	UNKNOWN STEP	2025-12-21T16:47:09.6247751Z ##[group]âœ… /home/runner/work/simple_match/simple_match/test/widgets/settings_view_missing_branches_test.dart: Export flow: exporter throws shows Export failed SnackBar
collect-coverage	UNKNOWN STEP	2025-12-21T16:47:09.6248994Z FakePersistence.exportBackupJson called
collect-coverage	UNKNOWN STEP	2025-12-21T16:47:09.6249617Z FakePersistence.exportBackupJson returning length=2
collect-coverage	UNKNOWN STEP	2025-12-21T16:47:09.6250275Z ##[endgroup]
collect-coverage	UNKNOWN STEP	2025-12-21T16:47:09.7039023Z âœ… /home/runner/work/simple_match/simple_match/test/widgets/settings_view_missing_branches_test.dart: Export flow: pickBackupOverride returns null shows No file selected
collect-coverage	UNKNOWN STEP	2025-12-21T16:47:09.7715597Z ##[group]âœ… /home/runner/work/simple_match/simple_match/test/widgets/settings_view_missing_branches_test.dart: Export flow: dry-run fails shows validation failed SnackBar
collect-coverage	UNKNOWN STEP	2025-12-21T16:47:09.7717535Z FakePersistence.importBackupFromBytes called dryRun=true backupBeforeRestore=false bytesLen=118
collect-coverage	UNKNOWN STEP	2025-12-21T16:47:09.7718526Z FakePersistence: delegating to importFn
collect-coverage	UNKNOWN STEP	2025-12-21T16:47:09.7720143Z ##[endgroup]
collect-coverage	UNKNOWN STEP	2025-12-21T16:47:09.8277394Z ##[group]âœ… /home/runner/work/simple_match/simple_match/test/widgets/settings_view_missing_branches_test.dart: Import flow: repo.loadAll throws after successful import shows reload failed status
collect-coverage	UNKNOWN STEP	2025-12-21T16:47:09.8279586Z FakePersistence.importBackupFromBytes called dryRun=true backupBeforeRestore=false bytesLen=148
collect-coverage	UNKNOWN STEP	2025-12-21T16:47:09.8280635Z FakePersistence: delegating to importFn
collect-coverage	UNKNOWN STEP	2025-12-21T16:47:09.8282128Z FakePersistence.importBackupFromBytes called dryRun=false backupBeforeRestore=true bytesLen=148
collect-coverage	UNKNOWN STEP	2025-12-21T16:47:09.8283445Z FakePersistence: delegating to importFn
collect-coverage	UNKNOWN STEP	2025-12-21T16:47:09.8284119Z ##[endgroup]
collect-coverage	UNKNOWN STEP	2025-12-21T16:47:09.8941358Z ##[group]âœ… /home/runner/work/simple_match/simple_match/test/widgets/settings_view_missing_branches_test.dart: Force web export/import paths are reachable via state wrappers
collect-coverage	UNKNOWN STEP	2025-12-21T16:47:09.8943154Z FakePersistence.exportBackupJson called
collect-coverage	UNKNOWN STEP	2025-12-21T16:47:09.8943794Z FakePersistence.exportBackupJson returning length=2
collect-coverage	UNKNOWN STEP	2025-12-21T16:47:09.8944694Z FakePersistence.importBackupFromBytes called dryRun=true backupBeforeRestore=false bytesLen=118
collect-coverage	UNKNOWN STEP	2025-12-21T16:47:09.8946786Z FakePersistence: delegating to importFn
collect-coverage	UNKNOWN STEP	2025-12-21T16:47:09.8949143Z FakePersistence.importBackupFromBytes called dryRun=false backupBeforeRestore=true bytesLen=118
collect-coverage	UNKNOWN STEP	2025-12-21T16:47:09.8950544Z FakePersistence: delegating to importFn
collect-coverage	UNKNOWN STEP	2025-12-21T16:47:09.8951658Z ##[endgroup]
collect-coverage	UNKNOWN STEP	2025-12-21T16:47:11.1057959Z ##[group]âœ… /home/runner/work/simple_match/simple_match/test/widgets/settings_view_import_ui_test.dart: Import Backup UI flow (select file, dry-run, restore) updates repository
collect-coverage	UNKNOWN STEP	2025-12-21T16:47:11.1059991Z FakePersistence.importBackupFromBytes called dryRun=true backupBeforeRestore=false bytesLen=150
collect-coverage	UNKNOWN STEP	2025-12-21T16:47:11.1072904Z FakePersistence: returning dryRun success
collect-coverage	UNKNOWN STEP	2025-12-21T16:47:11.1080580Z FakePersistence.importBackupFromBytes called dryRun=false backupBeforeRestore=true bytesLen=150
collect-coverage	UNKNOWN STEP	2025-12-21T16:47:11.1081672Z FakePersistence: returning full import success
collect-coverage	UNKNOWN STEP	2025-12-21T16:47:11.1085478Z ##[endgroup]
collect-coverage	UNKNOWN STEP	2025-12-21T16:47:11.8698813Z ##[group]âœ… /home/runner/work/simple_match/simple_match/test/widgets/settings_view_add_missing_branches_test.dart: importViaWebForTest: final import failure shows Import failed
collect-coverage	UNKNOWN STEP	2025-12-21T16:47:11.8702535Z FakePersistence.importBackupFromBytes called dryRun=true backupBeforeRestore=false bytesLen=3
collect-coverage	UNKNOWN STEP	2025-12-21T16:47:11.8707884Z FakePersistence: delegating to importFn
collect-coverage	UNKNOWN STEP	2025-12-21T16:47:11.8708616Z FakePersistence.importBackupFromBytes called dryRun=false backupBeforeRestore=true bytesLen=3
collect-coverage	UNKNOWN STEP	2025-12-21T16:47:11.8709365Z FakePersistence: delegating to importFn
collect-coverage	UNKNOWN STEP	2025-12-21T16:47:11.8709963Z ##[endgroup]
collect-coverage	UNKNOWN STEP	2025-12-21T16:47:11.9824915Z ##[group]âœ… /home/runner/work/simple_match/simple_match/test/widgets/settings_view_add_missing_branches_test.dart: importFromDocumentsConfirmedForTest: final import failure sets message
collect-coverage	UNKNOWN STEP	2025-12-21T16:47:11.9826790Z TESTDBG: importFromDocumentsConfirmedForTest start
collect-coverage	UNKNOWN STEP	2025-12-21T16:47:11.9827495Z TESTDBG: read bytes length=2
collect-coverage	UNKNOWN STEP	2025-12-21T16:47:11.9828241Z FakePersistence.importBackupFromBytes called dryRun=true backupBeforeRestore=false bytesLen=2
collect-coverage	UNKNOWN STEP	2025-12-21T16:47:11.9828989Z FakePersistence: delegating to importFn
collect-coverage	UNKNOWN STEP	2025-12-21T16:47:11.9829639Z TESTDBG: dry-run result success=true counts={stages: 0, shooters: 0, stageResults: 0} message=null
collect-coverage	UNKNOWN STEP	2025-12-21T16:47:11.9830633Z FakePersistence.importBackupFromBytes called dryRun=false backupBeforeRestore=true bytesLen=2
collect-coverage	UNKNOWN STEP	2025-12-21T16:47:11.9831378Z FakePersistence: delegating to importFn
collect-coverage	UNKNOWN STEP	2025-12-21T16:47:11.9831858Z TESTDBG: import res success=false message=final fail
collect-coverage	UNKNOWN STEP	2025-12-21T16:47:11.9832754Z ##[endgroup]
collect-coverage	UNKNOWN STEP	2025-12-21T16:47:12.0955017Z ##[group]âœ… /home/runner/work/simple_match/simple_match/test/widgets/settings_view_add_missing_branches_test.dart: importFromDocumentsChosenForTest: repo.loadAll throws shows reload failed
collect-coverage	UNKNOWN STEP	2025-12-21T16:47:12.0963699Z TESTDBG: importFromDocumentsConfirmedForTest start
collect-coverage	UNKNOWN STEP	2025-12-21T16:47:12.0964531Z TESTDBG: read bytes length=2
collect-coverage	UNKNOWN STEP	2025-12-21T16:47:12.0965533Z FakePersistence.importBackupFromBytes called dryRun=true backupBeforeRestore=false bytesLen=2
collect-coverage	UNKNOWN STEP	2025-12-21T16:47:12.0966404Z FakePersistence: delegating to importFn
collect-coverage	UNKNOWN STEP	2025-12-21T16:47:12.0967269Z TESTDBG: dry-run result success=true counts={stages: 1, shooters: 1, stageResults: 1} message=null
collect-coverage	UNKNOWN STEP	2025-12-21T16:47:12.0968395Z FakePersistence.importBackupFromBytes called dryRun=false backupBeforeRestore=true bytesLen=2
collect-coverage	UNKNOWN STEP	2025-12-21T16:47:12.0969281Z FakePersistence: delegating to importFn
collect-coverage	UNKNOWN STEP	2025-12-21T16:47:12.0970268Z TESTDBG: import res success=true message=null
collect-coverage	UNKNOWN STEP	2025-12-21T16:47:12.0971096Z ##[endgroup]
collect-coverage	UNKNOWN STEP	2025-12-21T16:47:13.2411019Z ##[group]âœ… /home/runner/work/simple_match/simple_match/test/widgets/settings_view_import_integration_like_test.dart: Import Backup (integration-like) using pickBackupOverride
collect-coverage	UNKNOWN STEP	2025-12-21T16:47:13.2413220Z FakePersistence.importBackupFromBytes called dryRun=true backupBeforeRestore=false bytesLen=150
collect-coverage	UNKNOWN STEP	2025-12-21T16:47:13.2414499Z FakePersistence: returning dryRun success
collect-coverage	UNKNOWN STEP	2025-12-21T16:47:13.2415461Z FakePersistence.importBackupFromBytes called dryRun=false backupBeforeRestore=true bytesLen=150
collect-coverage	UNKNOWN STEP	2025-12-21T16:47:13.2416292Z FakePersistence: returning full import success
collect-coverage	UNKNOWN STEP	2025-12-21T16:47:13.2417008Z ##[endgroup]
collect-coverage	UNKNOWN STEP	2025-12-21T16:47:14.1660714Z ##[group]âœ… /home/runner/work/simple_match/simple_match/test/widgets/settings_view_export_io_test.dart: Export Backup writes a file to documents directory via UI
collect-coverage	UNKNOWN STEP	2025-12-21T16:47:14.1662663Z FakePersistence.exportBackupJson called
collect-coverage	UNKNOWN STEP	2025-12-21T16:47:14.1683075Z FakePersistence.exportBackupJson returning length=2
collect-coverage	UNKNOWN STEP	2025-12-21T16:47:14.1684168Z ##[endgroup]
collect-coverage	UNKNOWN STEP	2025-12-21T16:47:15.2575833Z ##[group]âœ… /home/runner/work/simple_match/simple_match/test/widgets/settings_view_targeted_missing_branches_test.dart: exportBackupForTest hits web-export branch and coverage block
collect-coverage	UNKNOWN STEP	2025-12-21T16:47:15.2577229Z FakePersistence.exportBackupJson called
collect-coverage	UNKNOWN STEP	2025-12-21T16:47:15.2577826Z FakePersistence.exportBackupJson returning length=11
collect-coverage	UNKNOWN STEP	2025-12-21T16:47:15.2579941Z TEST: dummy exporter called with name=simple_match_backup_test-ts.json contentLen=11
collect-coverage	UNKNOWN STEP	2025-12-21T16:47:15.2582256Z ##[endgroup]
collect-coverage	UNKNOWN STEP	2025-12-21T16:47:15.3419468Z ##[group]âœ… /home/runner/work/simple_match/simple_match/test/widgets/settings_view_targeted_missing_branches_test.dart: importFromDocumentsConfirmedForTest dry-run failure shows validation failed
collect-coverage	UNKNOWN STEP	2025-12-21T16:47:15.3420963Z TESTDBG: importFromDocumentsConfirmedForTest start
collect-coverage	UNKNOWN STEP	2025-12-21T16:47:15.3421478Z TESTDBG: read bytes length=32
collect-coverage	UNKNOWN STEP	2025-12-21T16:47:15.3422189Z FakePersistence.importBackupFromBytes called dryRun=true backupBeforeRestore=false bytesLen=32
collect-coverage	UNKNOWN STEP	2025-12-21T16:47:15.3423168Z FakePersistence: delegating to importFn
collect-coverage	UNKNOWN STEP	2025-12-21T16:47:15.3423772Z TESTDBG: dry-run result success=false counts={} message=validation failed
collect-coverage	UNKNOWN STEP	2025-12-21T16:47:15.3424565Z ##[endgroup]
collect-coverage	UNKNOWN STEP	2025-12-21T16:47:15.4163244Z ##[group]âœ… /home/runner/work/simple_match/simple_match/test/widgets/settings_view_targeted_missing_branches_test.dart: importFromDocumentsConfirmedForTest handles repo.loadAll throwing (reload failed)
collect-coverage	UNKNOWN STEP	2025-12-21T16:47:15.4164844Z TESTDBG: importFromDocumentsConfirmedForTest start
collect-coverage	UNKNOWN STEP	2025-12-21T16:47:15.4165400Z TESTDBG: read bytes length=32
collect-coverage	UNKNOWN STEP	2025-12-21T16:47:15.4166177Z FakePersistence.importBackupFromBytes called dryRun=true backupBeforeRestore=false bytesLen=32
collect-coverage	UNKNOWN STEP	2025-12-21T16:47:15.4167006Z FakePersistence: returning dryRun success
collect-coverage	UNKNOWN STEP	2025-12-21T16:47:15.4167791Z TESTDBG: dry-run result success=true counts={stages: 0, shooters: 0, stageResults: 0} message=null
collect-coverage	UNKNOWN STEP	2025-12-21T16:47:15.4168858Z FakePersistence.importBackupFromBytes called dryRun=false backupBeforeRestore=true bytesLen=32
collect-coverage	UNKNOWN STEP	2025-12-21T16:47:15.4169749Z FakePersistence: returning full import success
collect-coverage	UNKNOWN STEP	2025-12-21T16:47:15.4170254Z TESTDBG: import res success=true message=null
collect-coverage	UNKNOWN STEP	2025-12-21T16:47:15.4170919Z ##[endgroup]
collect-coverage	UNKNOWN STEP	2025-12-21T16:47:16.3565964Z ##[group]âœ… /home/runner/work/simple_match/simple_match/test/widgets/settings_view_cover_remaining_test.dart: exporter exception sets Export failed and shows SnackBar
collect-coverage	UNKNOWN STEP	2025-12-21T16:47:16.3573240Z FakePersistence.exportBackupJson called
collect-coverage	UNKNOWN STEP	2025-12-21T16:47:16.3573991Z FakePersistence.exportBackupJson returning length=11
collect-coverage	UNKNOWN STEP	2025-12-21T16:47:16.3574759Z ##[endgroup]
collect-coverage	UNKNOWN STEP	2025-12-21T16:47:16.4454724Z ##[group]âœ… /home/runner/work/simple_match/simple_match/test/widgets/settings_view_cover_remaining_test.dart: force web export path via forceKIsWeb executes exportViaWebForTest
collect-coverage	UNKNOWN STEP	2025-12-21T16:47:16.4456914Z FakePersistence.exportBackupJson called
collect-coverage	UNKNOWN STEP	2025-12-21T16:47:16.4458140Z FakePersistence.exportBackupJson returning length=11
collect-coverage	UNKNOWN STEP	2025-12-21T16:47:16.4467277Z ##[endgroup]
collect-coverage	UNKNOWN STEP	2025-12-21T16:47:16.5147441Z âœ… /home/runner/work/simple_match/simple_match/test/widgets/settings_view_cover_remaining_test.dart: import via web returns no file selected shows SnackBar
collect-coverage	UNKNOWN STEP	2025-12-21T16:47:16.5814461Z ##[group]âœ… /home/runner/work/simple_match/simple_match/test/widgets/settings_view_cover_remaining_test.dart: import dry-run failure shows validation failed message
collect-coverage	UNKNOWN STEP	2025-12-21T16:47:16.5817101Z FakePersistence.importBackupFromBytes called dryRun=true backupBeforeRestore=false bytesLen=2
collect-coverage	UNKNOWN STEP	2025-12-21T16:47:16.5820370Z FakePersistence: delegating to importFn
collect-coverage	UNKNOWN STEP	2025-12-21T16:47:16.5821182Z ##[endgroup]
collect-coverage	UNKNOWN STEP	2025-12-21T16:47:18.6855094Z âœ… /home/runner/work/simple_match/simple_match/test/widgets/settings_view_additional_behavior_test.dart: Import via web: pickBackupOverride returns null shows No file selected
collect-coverage	UNKNOWN STEP	2025-12-21T16:47:18.7586388Z âœ… /home/runner/work/simple_match/simple_match/test/widgets/settings_view_additional_behavior_test.dart: Import from documents: empty listBackupsOverride shows no files SnackBar
collect-coverage	UNKNOWN STEP	2025-12-21T16:47:18.8513821Z ##[group]âœ… /home/runner/work/simple_match/simple_match/test/widgets/settings_view_additional_behavior_test.dart: Import flow: dry-run succeeds but actual import fails shows Import failed SnackBar
collect-coverage	UNKNOWN STEP	2025-12-21T16:47:18.8517170Z FakePersistence.importBackupFromBytes called dryRun=true backupBeforeRestore=false bytesLen=118
collect-coverage	UNKNOWN STEP	2025-12-21T16:47:18.8518069Z FakePersistence: delegating to importFn
collect-coverage	UNKNOWN STEP	2025-12-21T16:47:18.8519476Z FakePersistence.importBackupFromBytes called dryRun=false backupBeforeRestore=true bytesLen=118
collect-coverage	UNKNOWN STEP	2025-12-21T16:47:18.8521505Z FakePersistence: delegating to importFn
collect-coverage	UNKNOWN STEP	2025-12-21T16:47:18.8522150Z ##[endgroup]
collect-coverage	UNKNOWN STEP	2025-12-21T16:47:18.8554149Z âœ… /home/runner/work/simple_match/simple_match/test/widgets/settings_view_additional_behavior_test.dart: call coverage marker static helper
collect-coverage	UNKNOWN STEP	2025-12-21T16:47:18.8954326Z ##[group]âœ… /home/runner/work/simple_match/simple_match/test/widgets/settings_view_coverage_marker_test.dart: Import triggers code paths covered previously by markerLarge
collect-coverage	UNKNOWN STEP	2025-12-21T16:47:18.8958211Z FakePersistence.importBackupFromBytes called dryRun=true backupBeforeRestore=false bytesLen=3
collect-coverage	UNKNOWN STEP	2025-12-21T16:47:18.8958964Z FakePersistence: delegating to importFn
collect-coverage	UNKNOWN STEP	2025-12-21T16:47:18.8959704Z FakePersistence.importBackupFromBytes called dryRun=false backupBeforeRestore=true bytesLen=3
collect-coverage	UNKNOWN STEP	2025-12-21T16:47:18.8960443Z FakePersistence: delegating to importFn
collect-coverage	UNKNOWN STEP	2025-12-21T16:47:18.8961102Z ##[endgroup]
collect-coverage	UNKNOWN STEP	2025-12-21T16:47:18.8983803Z âœ… /home/runner/work/simple_match/simple_match/test/widgets/settings_view_coverage_marker_test.dart: exercise coverage marker returns int
collect-coverage	UNKNOWN STEP	2025-12-21T16:47:20.7666814Z ##[group]âœ… /home/runner/work/simple_match/simple_match/test/widgets/settings_view_web_shim_test.dart: shim: invoke _importViaWeb through state to exercise web branch
collect-coverage	UNKNOWN STEP	2025-12-21T16:47:20.7668945Z FakePersistence.importBackupFromBytes called dryRun=true backupBeforeRestore=false bytesLen=3
collect-coverage	UNKNOWN STEP	2025-12-21T16:47:20.7670262Z FakePersistence: returning dryRun success
collect-coverage	UNKNOWN STEP	2025-12-21T16:47:20.7671389Z FakePersistence.importBackupFromBytes called dryRun=false backupBeforeRestore=true bytesLen=3
collect-coverage	UNKNOWN STEP	2025-12-21T16:47:20.7672487Z FakePersistence: returning full import success
collect-coverage	UNKNOWN STEP	2025-12-21T16:47:20.7673250Z ##[endgroup]
collect-coverage	UNKNOWN STEP	2025-12-21T16:47:21.2558966Z âœ… /home/runner/work/simple_match/simple_match/test/widgets/settings_widget_test.dart: Tapping Settings opens SettingsView
collect-coverage	UNKNOWN STEP	2025-12-21T16:47:21.2948803Z âœ… /home/runner/work/simple_match/simple_match/test/widgets/settings_widget_test.dart: Importing backup updates UI via repository reload
collect-coverage	UNKNOWN STEP	2025-12-21T16:47:22.9745772Z ##[group]âœ… /home/runner/work/simple_match/simple_match/test/widgets/settings_view_export_io_default_test.dart: export uses saveExportOverride and shows exported message
collect-coverage	UNKNOWN STEP	2025-12-21T16:47:22.9747273Z FakePersistence.exportBackupJson called
collect-coverage	UNKNOWN STEP	2025-12-21T16:47:22.9747974Z FakePersistence.exportBackupJson returning length=11
collect-coverage	UNKNOWN STEP	2025-12-21T16:47:22.9748855Z ##[endgroup]
collect-coverage	UNKNOWN STEP	2025-12-21T16:47:23.3745698Z ##[group]âœ… /home/runner/work/simple_match/simple_match/test/widgets/settings_view_missing_branch_more_test.dart: importViaWebForTest final import failure sets Import failed status
collect-coverage	UNKNOWN STEP	2025-12-21T16:47:23.3754568Z FakePersistence.importBackupFromBytes called dryRun=true backupBeforeRestore=false bytesLen=2
collect-coverage	UNKNOWN STEP	2025-12-21T16:47:23.3755405Z FakePersistence: delegating to importFn
collect-coverage	UNKNOWN STEP	2025-12-21T16:47:23.3756159Z FakePersistence.importBackupFromBytes called dryRun=false backupBeforeRestore=true bytesLen=2
collect-coverage	UNKNOWN STEP	2025-12-21T16:47:23.3757046Z FakePersistence: delegating to importFn
collect-coverage	UNKNOWN STEP	2025-12-21T16:47:23.3757782Z ##[endgroup]
collect-coverage	UNKNOWN STEP	2025-12-21T16:47:23.5848044Z ##[group]âœ… /home/runner/work/simple_match/simple_match/test/widgets/settings_view_missing_branch_more_test.dart: importViaWebForTest dialog Cancel returns without import
collect-coverage	UNKNOWN STEP	2025-12-21T16:47:23.5849575Z FakePersistence.importBackupFromBytes called dryRun=true backupBeforeRestore=false bytesLen=2
collect-coverage	UNKNOWN STEP	2025-12-21T16:47:23.5850764Z FakePersistence: delegating to importFn
collect-coverage	UNKNOWN STEP	2025-12-21T16:47:23.5851445Z ##[endgroup]
collect-coverage	UNKNOWN STEP	2025-12-21T16:47:23.6978759Z ##[group]âœ… /home/runner/work/simple_match/simple_match/test/widgets/settings_view_missing_branch_more_test.dart: importFromDocumentsChosenForTest final import failure shows Import failed
collect-coverage	UNKNOWN STEP	2025-12-21T16:47:23.6980765Z FakePersistence.importBackupFromBytes called dryRun=true backupBeforeRestore=false bytesLen=2
collect-coverage	UNKNOWN STEP	2025-12-21T16:47:23.6981584Z FakePersistence: delegating to importFn
collect-coverage	UNKNOWN STEP	2025-12-21T16:47:23.6982509Z FakePersistence.importBackupFromBytes called dryRun=false backupBeforeRestore=true bytesLen=2
collect-coverage	UNKNOWN STEP	2025-12-21T16:47:23.6983252Z FakePersistence: delegating to importFn
collect-coverage	UNKNOWN STEP	2025-12-21T16:47:23.6983901Z ##[endgroup]
collect-coverage	UNKNOWN STEP	2025-12-21T16:47:23.7622945Z ##[group]âœ… /home/runner/work/simple_match/simple_match/test/widgets/settings_view_missing_branch_more_test.dart: importFromDocumentsConfirmedForTest handles repo.loadAll throwing and shows reload-failed
collect-coverage	UNKNOWN STEP	2025-12-21T16:47:23.7624431Z TESTDBG: importFromDocumentsConfirmedForTest start
collect-coverage	UNKNOWN STEP	2025-12-21T16:47:23.7629851Z TESTDBG: read bytes length=2
collect-coverage	UNKNOWN STEP	2025-12-21T16:47:23.7631087Z FakePersistence.importBackupFromBytes called dryRun=true backupBeforeRestore=false bytesLen=2
collect-coverage	UNKNOWN STEP	2025-12-21T16:47:23.7631868Z FakePersistence: delegating to importFn
collect-coverage	UNKNOWN STEP	2025-12-21T16:47:23.7632811Z TESTDBG: dry-run result success=true counts={stages: 1, shooters: 1, stageResults: 1} message=null
collect-coverage	UNKNOWN STEP	2025-12-21T16:47:23.7633783Z FakePersistence.importBackupFromBytes called dryRun=false backupBeforeRestore=true bytesLen=2
collect-coverage	UNKNOWN STEP	2025-12-21T16:47:23.7634516Z FakePersistence: delegating to importFn
collect-coverage	UNKNOWN STEP	2025-12-21T16:47:23.7634955Z TESTDBG: import res success=true message=null
collect-coverage	UNKNOWN STEP	2025-12-21T16:47:23.7635625Z ##[endgroup]
collect-coverage	UNKNOWN STEP	2025-12-21T16:47:23.8498983Z ##[group]âœ… /home/runner/work/simple_match/simple_match/test/widgets/settings_view_missing_branch_more_test.dart: exportBackupForTest with pickBackupOverride and repo.loadAll throwing shows reload-failed
collect-coverage	UNKNOWN STEP	2025-12-21T16:47:23.8501969Z FakePersistence.importBackupFromBytes called dryRun=true backupBeforeRestore=false bytesLen=2
collect-coverage	UNKNOWN STEP	2025-12-21T16:47:23.8502988Z FakePersistence: delegating to importFn
collect-coverage	UNKNOWN STEP	2025-12-21T16:47:23.8503796Z FakePersistence.importBackupFromBytes called dryRun=false backupBeforeRestore=true bytesLen=2
collect-coverage	UNKNOWN STEP	2025-12-21T16:47:23.8504748Z FakePersistence: delegating to importFn
collect-coverage	UNKNOWN STEP	2025-12-21T16:47:23.8505433Z ##[endgroup]
collect-coverage	UNKNOWN STEP	2025-12-21T16:47:23.9478099Z ##[group]âœ… /home/runner/work/simple_match/simple_match/test/widgets/settings_view_missing_branch_more_test.dart: exportBackupForTest with pickBackupOverride final import failure shows Import failed
collect-coverage	UNKNOWN STEP	2025-12-21T16:47:23.9480695Z FakePersistence.importBackupFromBytes called dryRun=true backupBeforeRestore=false bytesLen=2
collect-coverage	UNKNOWN STEP	2025-12-21T16:47:23.9481843Z FakePersistence: delegating to importFn
collect-coverage	UNKNOWN STEP	2025-12-21T16:47:23.9483167Z FakePersistence.importBackupFromBytes called dryRun=false backupBeforeRestore=true bytesLen=2
collect-coverage	UNKNOWN STEP	2025-12-21T16:47:23.9484412Z FakePersistence: delegating to importFn
collect-coverage	UNKNOWN STEP	2025-12-21T16:47:23.9485313Z ##[endgroup]
collect-coverage	UNKNOWN STEP	2025-12-21T16:47:25.0964443Z âœ… /home/runner/work/simple_match/simple_match/test/widgets/settings_view_dialog_confirm_test.dart: pickBackupOverride null shows No file selected SnackBar
collect-coverage	UNKNOWN STEP	2025-12-21T16:47:25.2704308Z âœ… /home/runner/work/simple_match/simple_match/test/widgets/settings_view_dialog_confirm_test.dart: pickBackupOverride with confirm -> user cancels
collect-coverage	UNKNOWN STEP	2025-12-21T16:47:25.3520006Z âœ… /home/runner/work/simple_match/simple_match/test/widgets/settings_view_coverage_boost_test.dart: exerciseCoverageMarker returns a non-zero sum
collect-coverage	UNKNOWN STEP	2025-12-21T16:47:25.3545486Z âœ… /home/runner/work/simple_match/simple_match/test/widgets/settings_view_coverage_boost_test.dart: exerciseCoverageMarker2 returns a non-zero sum
collect-coverage	UNKNOWN STEP	2025-12-21T16:47:25.3565658Z âœ… /home/runner/work/simple_match/simple_match/test/widgets/settings_view_coverage_boost_test.dart: exerciseCoverageMarker3 returns a non-zero sum
collect-coverage	UNKNOWN STEP	2025-12-21T16:47:25.3986690Z âœ… /home/runner/work/simple_match/simple_match/test/widgets/settings_view_dialog_confirm_test.dart: pickBackupOverride with confirm -> user restores
collect-coverage	UNKNOWN STEP	2025-12-21T16:47:25.4466562Z âœ… /home/runner/work/simple_match/simple_match/test/widgets/settings_view_dialog_confirm_test.dart: listBackupsOverride empty shows no-files SnackBar
collect-coverage	UNKNOWN STEP	2025-12-21T16:47:25.5253858Z âœ… /home/runner/work/simple_match/simple_match/test/widgets/settings_view_dialog_confirm_test.dart: listBackupsOverride shows list and restore
collect-coverage	UNKNOWN STEP	2025-12-21T16:47:26.0758172Z ##[group]âœ… /home/runner/work/simple_match/simple_match/test/widgets/settings_view_coverage_boost_test.dart: coverage boost: call common test-only wrappers
collect-coverage	UNKNOWN STEP	2025-12-21T16:47:26.0759421Z FakePersistence.exportBackupJson called
collect-coverage	UNKNOWN STEP	2025-12-21T16:47:26.0759906Z FakePersistence.exportBackupJson returning length=11
collect-coverage	UNKNOWN STEP	2025-12-21T16:47:26.0760546Z ##[endgroup]
collect-coverage	UNKNOWN STEP	2025-12-21T16:47:26.3001057Z ##[group]âœ… /home/runner/work/simple_match/simple_match/test/widgets/settings_view_coverage_boost_test.dart: importViaWebForTest: shows confirm dialog and Restore proceeds
collect-coverage	UNKNOWN STEP	2025-12-21T16:47:26.3005376Z FakePersistence.importBackupFromBytes called dryRun=true backupBeforeRestore=false bytesLen=3
collect-coverage	UNKNOWN STEP	2025-12-21T16:47:26.3006701Z FakePersistence: delegating to importFn
collect-coverage	UNKNOWN STEP	2025-12-21T16:47:26.3007913Z FakePersistence.importBackupFromBytes called dryRun=false backupBeforeRestore=true bytesLen=3
collect-coverage	UNKNOWN STEP	2025-12-21T16:47:26.3008658Z FakePersistence: delegating to importFn
collect-coverage	UNKNOWN STEP	2025-12-21T16:47:26.3009219Z ##[endgroup]
collect-coverage	UNKNOWN STEP	2025-12-21T16:47:26.3775152Z ##[group]âœ… /home/runner/work/simple_match/simple_match/test/widgets/settings_view_coverage_boost_test.dart: forceKIsWeb: _exportBackup and _importBackup branches execute
collect-coverage	UNKNOWN STEP	2025-12-21T16:47:26.3788093Z FakePersistence.exportBackupJson called
collect-coverage	UNKNOWN STEP	2025-12-21T16:47:26.3788676Z FakePersistence.exportBackupJson returning length=2
collect-coverage	UNKNOWN STEP	2025-12-21T16:47:26.3789511Z FakePersistence.importBackupFromBytes called dryRun=true backupBeforeRestore=false bytesLen=3
collect-coverage	UNKNOWN STEP	2025-12-21T16:47:26.3790285Z FakePersistence: delegating to importFn
collect-coverage	UNKNOWN STEP	2025-12-21T16:47:26.3791047Z FakePersistence.importBackupFromBytes called dryRun=false backupBeforeRestore=true bytesLen=3
collect-coverage	UNKNOWN STEP	2025-12-21T16:47:26.3791852Z FakePersistence: delegating to importFn
collect-coverage	UNKNOWN STEP	2025-12-21T16:47:26.3792727Z ##[endgroup]
collect-coverage	UNKNOWN STEP	2025-12-21T16:47:27.5751673Z ##[group]âœ… /home/runner/work/simple_match/simple_match/test/widgets/settings_view_more_branches_test.dart: Import handles final import failure and shows Import failed
collect-coverage	UNKNOWN STEP	2025-12-21T16:47:27.5752878Z FakePersistence.importBackupFromBytes called dryRun=true backupBeforeRestore=false bytesLen=2
collect-coverage	UNKNOWN STEP	2025-12-21T16:47:27.5753406Z FakePersistence: delegating to importFn
collect-coverage	UNKNOWN STEP	2025-12-21T16:47:27.5753915Z FakePersistence.importBackupFromBytes called dryRun=false backupBeforeRestore=true bytesLen=2
collect-coverage	UNKNOWN STEP	2025-12-21T16:47:27.5754442Z FakePersistence: delegating to importFn
collect-coverage	UNKNOWN STEP	2025-12-21T16:47:27.5754878Z ##[endgroup]
collect-coverage	UNKNOWN STEP	2025-12-21T16:47:27.6561859Z ##[group]âœ… /home/runner/work/simple_match/simple_match/test/widgets/settings_view_more_branches_test.dart: Export saveExportOverride throwing shows Export failed
collect-coverage	UNKNOWN STEP	2025-12-21T16:47:27.6563407Z FakePersistence.exportBackupJson called
collect-coverage	UNKNOWN STEP	2025-12-21T16:47:27.6573320Z FakePersistence.exportBackupJson returning length=2
collect-coverage	UNKNOWN STEP	2025-12-21T16:47:27.6574089Z ##[endgroup]
collect-coverage	UNKNOWN STEP	2025-12-21T16:47:27.8229431Z ##[group]âœ… /home/runner/work/simple_match/simple_match/test/widgets/settings_view_more_branches_test.dart: pickBackupOverride without autoConfirm and Cancel returns early
collect-coverage	UNKNOWN STEP	2025-12-21T16:47:27.8231304Z FakePersistence.importBackupFromBytes called dryRun=true backupBeforeRestore=false bytesLen=3
collect-coverage	UNKNOWN STEP	2025-12-21T16:47:27.8231793Z FakePersistence: delegating to importFn
collect-coverage	UNKNOWN STEP	2025-12-21T16:47:27.8232216Z ##[endgroup]
collect-coverage	UNKNOWN STEP	2025-12-21T16:47:27.8739435Z âœ… /home/runner/work/simple_match/simple_match/test/widgets/settings_view_more_branches_test.dart: pickBackupOverride returning null shows No file selected
collect-coverage	UNKNOWN STEP	2025-12-21T16:47:27.9247543Z ##[group]âœ… /home/runner/work/simple_match/simple_match/test/widgets/settings_view_more_branches_test.dart: pickBackupOverride dry-run failure shows validation SnackBar
collect-coverage	UNKNOWN STEP	2025-12-21T16:47:27.9249071Z FakePersistence.importBackupFromBytes called dryRun=true backupBeforeRestore=false bytesLen=32
collect-coverage	UNKNOWN STEP	2025-12-21T16:47:27.9250356Z FakePersistence: delegating to importFn
collect-coverage	UNKNOWN STEP	2025-12-21T16:47:27.9251059Z ##[endgroup]
collect-coverage	UNKNOWN STEP	2025-12-21T16:47:27.9841517Z ##[group]âœ… /home/runner/work/simple_match/simple_match/test/widgets/settings_view_more_branches_test.dart: import non-dry-run failure shows Import failed message
collect-coverage	UNKNOWN STEP	2025-12-21T16:47:27.9843289Z FakePersistence.importBackupFromBytes called dryRun=true backupBeforeRestore=false bytesLen=32
collect-coverage	UNKNOWN STEP	2025-12-21T16:47:27.9844075Z FakePersistence: delegating to importFn
collect-coverage	UNKNOWN STEP	2025-12-21T16:47:27.9844839Z FakePersistence.importBackupFromBytes called dryRun=false backupBeforeRestore=true bytesLen=32
collect-coverage	UNKNOWN STEP	2025-12-21T16:47:27.9845614Z FakePersistence: delegating to importFn
collect-coverage	UNKNOWN STEP	2025-12-21T16:47:27.9846243Z ##[endgroup]
collect-coverage	UNKNOWN STEP	2025-12-21T16:47:28.0490922Z âœ… /home/runner/work/simple_match/simple_match/test/widgets/settings_view_more_branches_test.dart: listBackupsOverride empty shows No backup files found message
collect-coverage	UNKNOWN STEP	2025-12-21T16:47:28.4649196Z ##[group]âœ… /home/runner/work/simple_match/simple_match/test/widgets/settings_view_flow_test.dart: Export Backup invokes saveExportOverride
collect-coverage	UNKNOWN STEP	2025-12-21T16:47:28.4653700Z FakePersistence.exportBackupJson called
collect-coverage	UNKNOWN STEP	2025-12-21T16:47:28.4654215Z FakePersistence.exportBackupJson returning length=2
collect-coverage	UNKNOWN STEP	2025-12-21T16:47:28.4654842Z ##[endgroup]
collect-coverage	UNKNOWN STEP	2025-12-21T16:47:28.4702679Z ##[group]âœ… /home/runner/work/simple_match/simple_match/test/widgets/settings_view_flow_test.dart: Import Backup flow (direct using FakePersistence)
collect-coverage	UNKNOWN STEP	2025-12-21T16:47:28.4704110Z FakePersistence.importBackupFromBytes called dryRun=true backupBeforeRestore=false bytesLen=150
collect-coverage	UNKNOWN STEP	2025-12-21T16:47:28.4704867Z FakePersistence: delegating to importFn
collect-coverage	UNKNOWN STEP	2025-12-21T16:47:28.4705604Z FakePersistence.importBackupFromBytes called dryRun=false backupBeforeRestore=false bytesLen=150
collect-coverage	UNKNOWN STEP	2025-12-21T16:47:28.4706445Z FakePersistence: delegating to importFn
collect-coverage	UNKNOWN STEP	2025-12-21T16:47:28.4707028Z ##[endgroup]
collect-coverage	UNKNOWN STEP	2025-12-21T16:47:30.3719473Z ##[group]âœ… /home/runner/work/simple_match/simple_match/test/widgets/settings_view_more_coverage_test.dart: SettingsView export/import branches (overrides)
collect-coverage	UNKNOWN STEP	2025-12-21T16:47:30.3721247Z FakePersistence.exportBackupJson called
collect-coverage	UNKNOWN STEP	2025-12-21T16:47:30.3722844Z FakePersistence.exportBackupJson returning length=2
collect-coverage	UNKNOWN STEP	2025-12-21T16:47:30.3723551Z FakePersistence.exportBackupJson called
collect-coverage	UNKNOWN STEP	2025-12-21T16:47:30.3724114Z FakePersistence.exportBackupJson returning length=2
collect-coverage	UNKNOWN STEP	2025-12-21T16:47:30.3725001Z FakePersistence.importBackupFromBytes called dryRun=true backupBeforeRestore=false bytesLen=50
collect-coverage	UNKNOWN STEP	2025-12-21T16:47:30.3730410Z FakePersistence: returning dryRun success
collect-coverage	UNKNOWN STEP	2025-12-21T16:47:30.3731215Z FakePersistence.importBackupFromBytes called dryRun=false backupBeforeRestore=true bytesLen=50
collect-coverage	UNKNOWN STEP	2025-12-21T16:47:30.3732034Z FakePersistence: returning full import success
collect-coverage	UNKNOWN STEP	2025-12-21T16:47:30.3732938Z ##[endgroup]
collect-coverage	UNKNOWN STEP	2025-12-21T16:47:30.6224567Z ##[group]âœ… /home/runner/work/simple_match/simple_match/test/widgets/settings_view_range_batch2_test.dart: Web pick override: autoConfirm true -> import successful
collect-coverage	UNKNOWN STEP	2025-12-21T16:47:30.6227551Z FakePersistence.importBackupFromBytes called dryRun=true backupBeforeRestore=false bytesLen=32
collect-coverage	UNKNOWN STEP	2025-12-21T16:47:30.6236946Z FakePersistence: delegating to importFn
collect-coverage	UNKNOWN STEP	2025-12-21T16:47:30.6238176Z FakePersistence.importBackupFromBytes called dryRun=false backupBeforeRestore=true bytesLen=32
collect-coverage	UNKNOWN STEP	2025-12-21T16:47:30.6238953Z FakePersistence: delegating to importFn
collect-coverage	UNKNOWN STEP	2025-12-21T16:47:30.6239623Z ##[endgroup]
collect-coverage	UNKNOWN STEP	2025-12-21T16:47:30.6905493Z ##[group]âœ… /home/runner/work/simple_match/simple_match/test/widgets/settings_view_range_batch2_test.dart: Web pick override: dry-run validation fails (autoConfirm true with bad bytes)
collect-coverage	UNKNOWN STEP	2025-12-21T16:47:30.6907950Z FakePersistence.importBackupFromBytes called dryRun=true backupBeforeRestore=false bytesLen=2
collect-coverage	UNKNOWN STEP	2025-12-21T16:47:30.6909171Z FakePersistence: delegating to importFn
collect-coverage	UNKNOWN STEP	2025-12-21T16:47:30.6910111Z ##[endgroup]
collect-coverage	UNKNOWN STEP	2025-12-21T16:47:30.7601499Z âœ… /home/runner/work/simple_match/simple_match/test/widgets/settings_view_range_batch2_test.dart: pickBackupOverride returns null -> import cancelled path
collect-coverage	UNKNOWN STEP	2025-12-21T16:47:30.8315737Z ##[group]âœ… /home/runner/work/simple_match/simple_match/test/widgets/settings_view_range_batch2_test.dart: Export saveOverride throws -> shows export failed
collect-coverage	UNKNOWN STEP	2025-12-21T16:47:30.8316947Z FakePersistence.exportBackupJson called
collect-coverage	UNKNOWN STEP	2025-12-21T16:47:30.8317486Z FakePersistence.exportBackupJson returning length=2
collect-coverage	UNKNOWN STEP	2025-12-21T16:47:30.8318219Z ##[endgroup]
collect-coverage	UNKNOWN STEP	2025-12-21T16:47:32.3792624Z ##[group]âœ… /home/runner/work/simple_match/simple_match/test/widgets/settings_view_mega_coverage_test.dart: Import flow covers mega helper branches
collect-coverage	UNKNOWN STEP	2025-12-21T16:47:32.3794441Z FakePersistence.importBackupFromBytes called dryRun=true backupBeforeRestore=false bytesLen=3
collect-coverage	UNKNOWN STEP	2025-12-21T16:47:32.3795445Z FakePersistence: delegating to importFn
collect-coverage	UNKNOWN STEP	2025-12-21T16:47:32.3796367Z FakePersistence.importBackupFromBytes called dryRun=false backupBeforeRestore=true bytesLen=3
collect-coverage	UNKNOWN STEP	2025-12-21T16:47:32.3797374Z FakePersistence: delegating to importFn
collect-coverage	UNKNOWN STEP	2025-12-21T16:47:32.3798247Z ##[endgroup]
collect-coverage	UNKNOWN STEP	2025-12-21T16:47:33.0002039Z ##[group]âœ… /home/runner/work/simple_match/simple_match/test/widgets/settings_view_coverage_call_helpers_test.dart: Import flow covers small helpers previously called directly
collect-coverage	UNKNOWN STEP	2025-12-21T16:47:33.0007561Z FakePersistence.importBackupFromBytes called dryRun=true backupBeforeRestore=false bytesLen=3
collect-coverage	UNKNOWN STEP	2025-12-21T16:47:33.0008433Z FakePersistence: delegating to importFn
collect-coverage	UNKNOWN STEP	2025-12-21T16:47:33.0009231Z FakePersistence.importBackupFromBytes called dryRun=false backupBeforeRestore=true bytesLen=3
collect-coverage	UNKNOWN STEP	2025-12-21T16:47:33.0010046Z FakePersistence: delegating to importFn
collect-coverage	UNKNOWN STEP	2025-12-21T16:47:33.0010733Z ##[endgroup]
collect-coverage	UNKNOWN STEP	2025-12-21T16:47:35.0609877Z ##[group]âœ… /home/runner/work/simple_match/simple_match/test/widgets/settings_view_cover_missing_lines_test.dart: exportBackup _exportViaWeb call site executed when forced web
collect-coverage	UNKNOWN STEP	2025-12-21T16:47:35.0611484Z FakePersistence.exportBackupJson called
collect-coverage	UNKNOWN STEP	2025-12-21T16:47:35.0612087Z FakePersistence.exportBackupJson returning length=11
collect-coverage	UNKNOWN STEP	2025-12-21T16:47:35.0617868Z ##[endgroup]
collect-coverage	UNKNOWN STEP	2025-12-21T16:47:35.1735378Z ##[group]âœ… /home/runner/work/simple_match/simple_match/test/widgets/settings_view_cover_missing_lines_test.dart: exportBackup IO path executes exporter and mounted-check
collect-coverage	UNKNOWN STEP	2025-12-21T16:47:35.1737007Z FakePersistence.exportBackupToFile called with path: /tmp/simple_match_test_docsRRNXCC/simple_match_backup_2025-12-21T16-47-35.137847.json
collect-coverage	UNKNOWN STEP	2025-12-21T16:47:35.1737980Z FakePersistence: creating file
collect-coverage	UNKNOWN STEP	2025-12-21T16:47:35.1738357Z FakePersistence: writing file
collect-coverage	UNKNOWN STEP	2025-12-21T16:47:35.1738760Z FakePersistence: write complete
collect-coverage	UNKNOWN STEP	2025-12-21T16:47:35.1739163Z FakePersistence.exportBackupJson called
collect-coverage	UNKNOWN STEP	2025-12-21T16:47:35.1739637Z FakePersistence.exportBackupJson returning length=11
collect-coverage	UNKNOWN STEP	2025-12-21T16:47:35.1740288Z ##[endgroup]
collect-coverage	UNKNOWN STEP	2025-12-21T16:47:35.7582938Z ##[group]âœ… /home/runner/work/simple_match/simple_match/test/widgets/settings_view_web_shims_direct_test.dart: direct exportViaWebForTest updates status and calls exporter
collect-coverage	UNKNOWN STEP	2025-12-21T16:47:35.7584262Z FakePersistence.exportBackupJson called
collect-coverage	UNKNOWN STEP	2025-12-21T16:47:35.7584835Z FakePersistence.exportBackupJson returning length=11
collect-coverage	UNKNOWN STEP	2025-12-21T16:47:35.7585665Z ##[endgroup]
collect-coverage	UNKNOWN STEP	2025-12-21T16:47:35.8530232Z ##[group]âœ… /home/runner/work/simple_match/simple_match/test/widgets/settings_view_web_shims_direct_test.dart: direct importViaWebForTest handles repo.loadAll throwing
collect-coverage	UNKNOWN STEP	2025-12-21T16:47:35.8532948Z FakePersistence.exportBackupJson called
collect-coverage	UNKNOWN STEP	2025-12-21T16:47:35.8533922Z FakePersistence.exportBackupJson returning length=11
collect-coverage	UNKNOWN STEP	2025-12-21T16:47:35.8535158Z FakePersistence.importBackupFromBytes called dryRun=true backupBeforeRestore=false bytesLen=11
collect-coverage	UNKNOWN STEP	2025-12-21T16:47:35.8536225Z FakePersistence: delegating to importFn
collect-coverage	UNKNOWN STEP	2025-12-21T16:47:35.8537272Z FakePersistence.importBackupFromBytes called dryRun=false backupBeforeRestore=true bytesLen=11
collect-coverage	UNKNOWN STEP	2025-12-21T16:47:35.8538571Z FakePersistence: delegating to importFn
collect-coverage	UNKNOWN STEP	2025-12-21T16:47:35.8539700Z ##[endgroup]
collect-coverage	UNKNOWN STEP	2025-12-21T16:47:37.1850798Z ##[group]âœ… /home/runner/work/simple_match/simple_match/test/widgets/settings_view_fill_gaps_test.dart: fill gaps: deterministic exercise of IO/web branches
collect-coverage	UNKNOWN STEP	2025-12-21T16:47:37.1853237Z FakePersistence.exportBackupJson called
collect-coverage	UNKNOWN STEP	2025-12-21T16:47:37.1854886Z FakePersistence.exportBackupJson returning length=11
collect-coverage	UNKNOWN STEP	2025-12-21T16:47:37.1870238Z FakePersistence.exportBackupJson called
collect-coverage	UNKNOWN STEP	2025-12-21T16:47:37.1871260Z FakePersistence.exportBackupJson returning length=11
collect-coverage	UNKNOWN STEP	2025-12-21T16:47:37.1872139Z TESTDBG: importFromDocumentsConfirmedForTest start
collect-coverage	UNKNOWN STEP	2025-12-21T16:47:37.1873044Z TESTDBG: read bytes length=3
collect-coverage	UNKNOWN STEP	2025-12-21T16:47:37.1873976Z FakePersistence.importBackupFromBytes called dryRun=true backupBeforeRestore=false bytesLen=3
collect-coverage	UNKNOWN STEP	2025-12-21T16:47:37.1874959Z FakePersistence: delegating to importFn
collect-coverage	UNKNOWN STEP	2025-12-21T16:47:37.1875627Z TESTDBG: dry-run result success=true counts={} message=null
collect-coverage	UNKNOWN STEP	2025-12-21T16:47:37.1876678Z FakePersistence.importBackupFromBytes called dryRun=false backupBeforeRestore=true bytesLen=3
collect-coverage	UNKNOWN STEP	2025-12-21T16:47:37.1877704Z FakePersistence: delegating to importFn
collect-coverage	UNKNOWN STEP	2025-12-21T16:47:37.1878383Z TESTDBG: import res success=false message=final fail
collect-coverage	UNKNOWN STEP	2025-12-21T16:47:37.1879362Z ##[endgroup]
collect-coverage	UNKNOWN STEP	2025-12-21T16:47:37.8695117Z ##[group]âœ… /home/runner/work/simple_match/simple_match/test/widgets/settings_view_export_web_shim_test.dart: shim: invoke _exportViaWeb through state to exercise web export branch
collect-coverage	UNKNOWN STEP	2025-12-21T16:47:37.8697186Z FakePersistence.exportBackupJson called
collect-coverage	UNKNOWN STEP	2025-12-21T16:47:37.8698075Z FakePersistence.exportBackupJson returning length=11
collect-coverage	UNKNOWN STEP	2025-12-21T16:47:37.8699132Z ##[endgroup]
collect-coverage	UNKNOWN STEP	2025-12-21T16:47:39.3516304Z âœ… /home/runner/work/simple_match/simple_match/test/widgets/settings_view_uncovered_docsdir_test.dart: calling export without documentsDirOverride touches getDocumentsDirectory line
collect-coverage	UNKNOWN STEP	2025-12-21T16:47:39.9136882Z ##[group]âœ… /home/runner/work/simple_match/simple_match/test/widgets/settings_view_additional_targets_test.dart: exportBackupForTest triggers web-export branch when forced web
collect-coverage	UNKNOWN STEP	2025-12-21T16:47:39.9139570Z FakePersistence.exportBackupJson called
collect-coverage	UNKNOWN STEP	2025-12-21T16:47:39.9140186Z FakePersistence.exportBackupJson returning length=11
collect-coverage	UNKNOWN STEP	2025-12-21T16:47:39.9140909Z ##[endgroup]
collect-coverage	UNKNOWN STEP	2025-12-21T16:47:40.1593399Z ##[group]âœ… /home/runner/work/simple_match/simple_match/test/widgets/settings_view_additional_targets_test.dart: importViaWebForTest shows confirm dialog and Cancel returns without import
collect-coverage	UNKNOWN STEP	2025-12-21T16:47:40.1596245Z FakePersistence.importBackupFromBytes called dryRun=true backupBeforeRestore=false bytesLen=2
collect-coverage	UNKNOWN STEP	2025-12-21T16:47:40.1597089Z FakePersistence: delegating to importFn
collect-coverage	UNKNOWN STEP	2025-12-21T16:47:40.1597839Z ##[endgroup]
collect-coverage	UNKNOWN STEP	2025-12-21T16:47:41.3842583Z ##[group]âœ… /home/runner/work/simple_match/simple_match/test/widgets/settings_view_targeted_coverage_test.dart: exercise import/export branches in SettingsView
collect-coverage	UNKNOWN STEP	2025-12-21T16:47:41.3843836Z TESTDBG: importFromDocumentsConfirmedForTest start
collect-coverage	UNKNOWN STEP	2025-12-21T16:47:41.3844358Z TESTDBG: read bytes length=3
collect-coverage	UNKNOWN STEP	2025-12-21T16:47:41.3845045Z FakePersistence.importBackupFromBytes called dryRun=true backupBeforeRestore=false bytesLen=3
collect-coverage	UNKNOWN STEP	2025-12-21T16:47:41.3845840Z FakePersistence: returning dryRun success
collect-coverage	UNKNOWN STEP	2025-12-21T16:47:41.3848186Z TESTDBG: dry-run result success=true counts={stages: 0, shooters: 0, stageResults: 0} message=null
collect-coverage	UNKNOWN STEP	2025-12-21T16:47:41.3849457Z FakePersistence.importBackupFromBytes called dryRun=false backupBeforeRestore=true bytesLen=3
collect-coverage	UNKNOWN STEP	2025-12-21T16:47:41.3850865Z FakePersistence: returning full import success
collect-coverage	UNKNOWN STEP	2025-12-21T16:47:41.3851559Z TESTDBG: import res success=true message=null
collect-coverage	UNKNOWN STEP	2025-12-21T16:47:41.3852005Z TESTDBG: repo.loadAll completed
collect-coverage	UNKNOWN STEP	2025-12-21T16:47:41.3852789Z ##[endgroup]
collect-coverage	UNKNOWN STEP	2025-12-21T16:47:42.4345346Z ##[group]âœ… /home/runner/work/simple_match/simple_match/test/widgets/settings_view_import_reload_failure_test.dart: Import succeeds but repo.loadAll() throws is handled
collect-coverage	UNKNOWN STEP	2025-12-21T16:47:42.4348572Z FakePersistence.exportBackupJson called
collect-coverage	UNKNOWN STEP	2025-12-21T16:47:42.4349201Z FakePersistence.exportBackupJson returning length=79
collect-coverage	UNKNOWN STEP	2025-12-21T16:47:42.4350103Z FakePersistence.importBackupFromBytes called dryRun=true backupBeforeRestore=false bytesLen=79
collect-coverage	UNKNOWN STEP	2025-12-21T16:47:42.4350933Z FakePersistence: returning dryRun success
collect-coverage	UNKNOWN STEP	2025-12-21T16:47:42.4352211Z FakePersistence.importBackupFromBytes called dryRun=false backupBeforeRestore=true bytesLen=79
collect-coverage	UNKNOWN STEP	2025-12-21T16:47:42.4353260Z FakePersistence: returning full import success
collect-coverage	UNKNOWN STEP	2025-12-21T16:47:42.4353949Z ##[endgroup]
collect-coverage	UNKNOWN STEP	2025-12-21T16:47:43.4544704Z ##[group]âœ… /home/runner/work/simple_match/simple_match/test/widgets/settings_view_web_pick_override_test.dart: Web pickBackupOverride autoConfirm import succeeds
collect-coverage	UNKNOWN STEP	2025-12-21T16:47:43.4553449Z FakePersistence.importBackupFromBytes called dryRun=true backupBeforeRestore=false bytesLen=3
collect-coverage	UNKNOWN STEP	2025-12-21T16:47:43.4554346Z FakePersistence: delegating to importFn
collect-coverage	UNKNOWN STEP	2025-12-21T16:47:43.4555134Z FakePersistence.importBackupFromBytes called dryRun=false backupBeforeRestore=true bytesLen=3
collect-coverage	UNKNOWN STEP	2025-12-21T16:47:43.4555983Z FakePersistence: delegating to importFn
collect-coverage	UNKNOWN STEP	2025-12-21T16:47:43.4556731Z ##[endgroup]
collect-coverage	UNKNOWN STEP	2025-12-21T16:47:44.5636385Z âœ… /home/runner/work/simple_match/simple_match/test/widgets/settings_view_web_extra_test.dart: SettingsView web import/export override flow
collect-coverage	UNKNOWN STEP	2025-12-21T16:47:45.6456483Z ##[group]âœ… /home/runner/work/simple_match/simple_match/test/widgets/settings_view_additional_failure_test.dart: Import flow when persistence throws shows Import error SnackBar
collect-coverage	UNKNOWN STEP	2025-12-21T16:47:45.6459391Z FakePersistence.importBackupFromBytes called dryRun=true backupBeforeRestore=false bytesLen=154
collect-coverage	UNKNOWN STEP	2025-12-21T16:47:45.6460313Z FakePersistence: delegating to importFn
collect-coverage	UNKNOWN STEP	2025-12-21T16:47:45.6461082Z ##[endgroup]
collect-coverage	UNKNOWN STEP	2025-12-21T16:47:45.7978689Z ##[group]âœ… /home/runner/work/simple_match/simple_match/test/widgets/settings_view_additional_failure_test.dart: Export Backup with pickBackupOverride exercises import branch and shows success
collect-coverage	UNKNOWN STEP	2025-12-21T16:47:45.7980733Z FakePersistence.importBackupFromBytes called dryRun=true backupBeforeRestore=false bytesLen=157
collect-coverage	UNKNOWN STEP	2025-12-21T16:47:45.7981767Z FakePersistence: delegating to importFn
collect-coverage	UNKNOWN STEP	2025-12-21T16:47:45.7982998Z FakePersistence.importBackupFromBytes called dryRun=false backupBeforeRestore=true bytesLen=157
collect-coverage	UNKNOWN STEP	2025-12-21T16:47:45.7983972Z FakePersistence: delegating to importFn
collect-coverage	UNKNOWN STEP	2025-12-21T16:47:45.7984788Z ##[endgroup]
collect-coverage	UNKNOWN STEP	2025-12-21T16:47:46.5663466Z âœ… /home/runner/work/simple_match/simple_match/test/widgets/settings_view_extra_coverage_test.dart: Export override throwing shows Export failed SnackBar
collect-coverage	UNKNOWN STEP	2025-12-21T16:47:46.6425096Z âœ… /home/runner/work/simple_match/simple_match/test/widgets/settings_view_extra_coverage_test.dart: pickBackupOverride null shows No file selected SnackBar
collect-coverage	UNKNOWN STEP	2025-12-21T16:47:46.7207072Z âœ… /home/runner/work/simple_match/simple_match/test/widgets/settings_view_extra_coverage_test.dart: pickBackupOverride with invalid JSON shows validation failure
collect-coverage	UNKNOWN STEP	2025-12-21T16:47:46.8822837Z âœ… /home/runner/work/simple_match/simple_match/test/widgets/settings_view_extra_coverage_test.dart: pickBackupOverride shows dialog and restore when not autoConfirm
collect-coverage	UNKNOWN STEP	2025-12-21T16:47:46.9729408Z âœ… /home/runner/work/simple_match/simple_match/test/widgets/settings_view_extra_coverage_test.dart: listBackupsOverride + readFileBytesOverride import flow
collect-coverage	UNKNOWN STEP	2025-12-21T16:47:47.1291133Z âœ… /home/runner/work/simple_match/simple_match/test/widgets/settings_view_cover_with_marker_and_wrappers_test.dart: exercise coverage marker returns non-zero
collect-coverage	UNKNOWN STEP	2025-12-21T16:47:47.8561239Z ##[group]âœ… /home/runner/work/simple_match/simple_match/test/widgets/settings_view_cover_with_marker_and_wrappers_test.dart: exportViaWebForTest updates status and calls exporter
collect-coverage	UNKNOWN STEP	2025-12-21T16:47:47.8563970Z FakePersistence.exportBackupJson called
collect-coverage	UNKNOWN STEP	2025-12-21T16:47:47.8564713Z FakePersistence.exportBackupJson returning length=11
collect-coverage	UNKNOWN STEP	2025-12-21T16:47:47.8565485Z ##[endgroup]
collect-coverage	UNKNOWN STEP	2025-12-21T16:47:47.9903689Z ##[group]âœ… /home/runner/work/simple_match/simple_match/test/widgets/settings_view_cover_with_marker_and_wrappers_test.dart: importFromDocumentsConfirmedForTest with dummy chosen file triggers import path
collect-coverage	UNKNOWN STEP	2025-12-21T16:47:47.9917515Z TESTDBG: importFromDocumentsConfirmedForTest start
collect-coverage	UNKNOWN STEP	2025-12-21T16:47:47.9922722Z TESTDBG: read bytes length=3
collect-coverage	UNKNOWN STEP	2025-12-21T16:47:47.9928256Z FakePersistence.importBackupFromBytes called dryRun=true backupBeforeRestore=false bytesLen=3
collect-coverage	UNKNOWN STEP	2025-12-21T16:47:47.9960617Z FakePersistence: returning dryRun success
collect-coverage	UNKNOWN STEP	2025-12-21T16:47:47.9961902Z TESTDBG: dry-run result success=true counts={stages: 0, shooters: 0, stageResults: 0} message=null
collect-coverage	UNKNOWN STEP	2025-12-21T16:47:47.9963425Z FakePersistence.importBackupFromBytes called dryRun=false backupBeforeRestore=true bytesLen=3
collect-coverage	UNKNOWN STEP	2025-12-21T16:47:47.9964476Z FakePersistence: returning full import success
collect-coverage	UNKNOWN STEP	2025-12-21T16:47:47.9965186Z TESTDBG: import res success=true message=null
collect-coverage	UNKNOWN STEP	2025-12-21T16:47:47.9965840Z TESTDBG: repo.loadAll completed
collect-coverage	UNKNOWN STEP	2025-12-21T16:47:47.9966674Z ##[endgroup]
collect-coverage	UNKNOWN STEP	2025-12-21T16:47:48.2780686Z âœ… /home/runner/work/simple_match/simple_match/test/widgets/settings_view_fill_uncovered_test.dart: placeholder to avoid unstable tests
collect-coverage	UNKNOWN STEP	2025-12-21T16:47:50.1889395Z ##[group]âœ… /home/runner/work/simple_match/simple_match/test/widgets/settings_view_extra_confirm_dialogs_test.dart: Import via web without autoConfirm: final import failure sets Import failed status
collect-coverage	UNKNOWN STEP	2025-12-21T16:47:50.1890966Z FakePersistence.importBackupFromBytes called dryRun=true backupBeforeRestore=false bytesLen=3
collect-coverage	UNKNOWN STEP	2025-12-21T16:47:50.1891711Z FakePersistence: delegating to importFn
collect-coverage	UNKNOWN STEP	2025-12-21T16:47:50.1892654Z FakePersistence.importBackupFromBytes called dryRun=false backupBeforeRestore=true bytesLen=3
collect-coverage	UNKNOWN STEP	2025-12-21T16:47:50.1893440Z FakePersistence: delegating to importFn
collect-coverage	UNKNOWN STEP	2025-12-21T16:47:50.1894085Z ##[endgroup]
collect-coverage	UNKNOWN STEP	2025-12-21T16:47:50.2292901Z ##[group]âœ… /home/runner/work/simple_match/simple_match/test/widgets/settings_view_import_from_documents_test.dart: export and importFromDocuments test exercises document import/export paths
collect-coverage	UNKNOWN STEP	2025-12-21T16:47:50.2294371Z TEST: calling exportBackupForTest
collect-coverage	UNKNOWN STEP	2025-12-21T16:47:50.2294863Z FakePersistence.exportBackupJson called
collect-coverage	UNKNOWN STEP	2025-12-21T16:47:50.2295421Z FakePersistence.exportBackupJson returning length=11
collect-coverage	UNKNOWN STEP	2025-12-21T16:47:50.2296286Z TEST: saveExportOverride called with path=simple_match_backup_2025-12-21T16-47-50.089176.json length=11
collect-coverage	UNKNOWN STEP	2025-12-21T16:47:50.2297126Z TEST: saveExportOverride write complete (sync)
collect-coverage	UNKNOWN STEP	2025-12-21T16:47:50.2297683Z TEST: exportBackupForTest returned
collect-coverage	UNKNOWN STEP	2025-12-21T16:47:50.2298161Z TEST: creating tmpFile at /tmp/simple_match_test_backup.json
collect-coverage	UNKNOWN STEP	2025-12-21T16:47:50.2298973Z TEST: calling importFromDocumentsConfirmedForTest with /tmp/simple_match_test_backup.json
collect-coverage	UNKNOWN STEP	2025-12-21T16:47:50.2299844Z TESTDBG: importFromDocumentsConfirmedForTest start
collect-coverage	UNKNOWN STEP	2025-12-21T16:47:50.2300591Z TEST: readFileBytesOverride called with path=/tmp/simple_match_test_backup.json
collect-coverage	UNKNOWN STEP	2025-12-21T16:47:50.2301309Z TEST: readFileBytesOverride exists=true
collect-coverage	UNKNOWN STEP	2025-12-21T16:47:50.2301824Z TEST: readFileBytesOverride read 11 bytes (sync)
collect-coverage	UNKNOWN STEP	2025-12-21T16:47:50.2302492Z TESTDBG: read bytes length=11
collect-coverage	UNKNOWN STEP	2025-12-21T16:47:50.2303270Z FakePersistence.importBackupFromBytes called dryRun=true backupBeforeRestore=false bytesLen=11
collect-coverage	UNKNOWN STEP	2025-12-21T16:47:50.2304112Z FakePersistence: returning dryRun success
collect-coverage	UNKNOWN STEP	2025-12-21T16:47:50.2304871Z TESTDBG: dry-run result success=true counts={stages: 0, shooters: 0, stageResults: 0} message=null
collect-coverage	UNKNOWN STEP	2025-12-21T16:47:50.2305984Z FakePersistence.importBackupFromBytes called dryRun=false backupBeforeRestore=true bytesLen=11
collect-coverage	UNKNOWN STEP	2025-12-21T16:47:50.2306831Z FakePersistence: returning full import success
collect-coverage	UNKNOWN STEP	2025-12-21T16:47:50.2307810Z TESTDBG: import res success=true message=null
collect-coverage	UNKNOWN STEP	2025-12-21T16:47:50.2308304Z TESTDBG: repo.loadAll completed
collect-coverage	UNKNOWN STEP	2025-12-21T16:47:50.2308817Z TEST: importFromDocumentsConfirmedForTest returned
collect-coverage	UNKNOWN STEP	2025-12-21T16:47:50.2309347Z TEST: verifying status text
collect-coverage	UNKNOWN STEP	2025-12-21T16:47:50.2309700Z TEST: done
collect-coverage	UNKNOWN STEP	2025-12-21T16:47:50.2310279Z ##[endgroup]
collect-coverage	UNKNOWN STEP	2025-12-21T16:47:50.3919141Z ##[group]âœ… /home/runner/work/simple_match/simple_match/test/widgets/settings_view_extra_confirm_dialogs_test.dart: Import from documents: confirm dialog and repo.loadAll throws -> reload failed status
collect-coverage	UNKNOWN STEP	2025-12-21T16:47:50.3921948Z FakePersistence.importBackupFromBytes called dryRun=true backupBeforeRestore=false bytesLen=3
collect-coverage	UNKNOWN STEP	2025-12-21T16:47:50.3923184Z FakePersistence: delegating to importFn
collect-coverage	UNKNOWN STEP	2025-12-21T16:47:50.3925660Z FakePersistence.importBackupFromBytes called dryRun=false backupBeforeRestore=true bytesLen=3
collect-coverage	UNKNOWN STEP	2025-12-21T16:47:50.3926705Z FakePersistence: delegating to importFn
collect-coverage	UNKNOWN STEP	2025-12-21T16:47:50.3927258Z ##[endgroup]
collect-coverage	UNKNOWN STEP	2025-12-21T16:47:50.4858550Z ##[group]âœ… /home/runner/work/simple_match/simple_match/test/widgets/settings_view_extra_confirm_dialogs_test.dart: importFromDocumentsChosenForTest: final import failure via chosen file sets Import failed status
collect-coverage	UNKNOWN STEP	2025-12-21T16:47:50.4862549Z FakePersistence.importBackupFromBytes called dryRun=true backupBeforeRestore=false bytesLen=3
collect-coverage	UNKNOWN STEP	2025-12-21T16:47:50.4863972Z FakePersistence: delegating to importFn
collect-coverage	UNKNOWN STEP	2025-12-21T16:47:50.4865129Z FakePersistence.importBackupFromBytes called dryRun=false backupBeforeRestore=true bytesLen=3
collect-coverage	UNKNOWN STEP	2025-12-21T16:47:50.4866728Z FakePersistence: delegating to importFn
collect-coverage	UNKNOWN STEP	2025-12-21T16:47:50.4870010Z ##[endgroup]
collect-coverage	UNKNOWN STEP	2025-12-21T16:47:52.3827396Z âœ… /home/runner/work/simple_match/simple_match/test/widgets/settings_view_import_no_backups_test.dart: Import Backup shows no-files SnackBar when documents dir empty
collect-coverage	UNKNOWN STEP	2025-12-21T16:47:52.5755346Z ##[group]âœ… /home/runner/work/simple_match/simple_match/test/widgets/settings_view_direct_invocations_test.dart: Directly invoke SettingsView test wrappers to exercise branches
collect-coverage	UNKNOWN STEP	2025-12-21T16:47:52.5758657Z TEST: calling exportViaWebForTest
collect-coverage	UNKNOWN STEP	2025-12-21T16:47:52.5759206Z FakePersistence.exportBackupJson called
collect-coverage	UNKNOWN STEP	2025-12-21T16:47:52.5759806Z FakePersistence.exportBackupJson returning length=7
collect-coverage	UNKNOWN STEP	2025-12-21T16:47:52.5760416Z TEST: exportViaWebForTest returned
collect-coverage	UNKNOWN STEP	2025-12-21T16:47:52.5760875Z TEST: calling exportBackupForTest
collect-coverage	UNKNOWN STEP	2025-12-21T16:47:52.5761352Z FakePersistence.exportBackupJson called
collect-coverage	UNKNOWN STEP	2025-12-21T16:47:52.5761908Z FakePersistence.exportBackupJson returning length=7
collect-coverage	UNKNOWN STEP	2025-12-21T16:47:52.5763868Z TEST: exportBackupForTest returned
collect-coverage	UNKNOWN STEP	2025-12-21T16:47:52.5764299Z TEST: calling importViaWebForTest
collect-coverage	UNKNOWN STEP	2025-12-21T16:47:52.5765068Z FakePersistence.importBackupFromBytes called dryRun=true backupBeforeRestore=false bytesLen=3
collect-coverage	UNKNOWN STEP	2025-12-21T16:47:52.5765897Z FakePersistence: delegating to importFn
collect-coverage	UNKNOWN STEP	2025-12-21T16:47:52.5766723Z FakePersistence.importBackupFromBytes called dryRun=false backupBeforeRestore=true bytesLen=3
collect-coverage	UNKNOWN STEP	2025-12-21T16:47:52.5767551Z FakePersistence: delegating to importFn
collect-coverage	UNKNOWN STEP	2025-12-21T16:47:52.5768029Z TEST: importViaWebForTest returned
collect-coverage	UNKNOWN STEP	2025-12-21T16:47:52.5768615Z TEST: calling importFromDocumentsConfirmedForTest on throwingRepo
collect-coverage	UNKNOWN STEP	2025-12-21T16:47:52.5769305Z TESTDBG: importFromDocumentsConfirmedForTest start
collect-coverage	UNKNOWN STEP	2025-12-21T16:47:52.5769840Z TESTDBG: read bytes length=3
collect-coverage	UNKNOWN STEP	2025-12-21T16:47:52.5770579Z FakePersistence.importBackupFromBytes called dryRun=true backupBeforeRestore=false bytesLen=3
collect-coverage	UNKNOWN STEP	2025-12-21T16:47:52.5771415Z FakePersistence: delegating to importFn
collect-coverage	UNKNOWN STEP	2025-12-21T16:47:52.5772139Z TESTDBG: dry-run result success=true counts={stages: 1, shooters: 1, stageResults: 1} message=null
collect-coverage	UNKNOWN STEP	2025-12-21T16:47:52.5773447Z FakePersistence.importBackupFromBytes called dryRun=false backupBeforeRestore=true bytesLen=3
collect-coverage	UNKNOWN STEP	2025-12-21T16:47:52.5774298Z FakePersistence: delegating to importFn
collect-coverage	UNKNOWN STEP	2025-12-21T16:47:52.5774808Z TESTDBG: import res success=true message=null
collect-coverage	UNKNOWN STEP	2025-12-21T16:47:52.5775369Z TEST: importFromDocumentsConfirmedForTest returned
collect-coverage	UNKNOWN STEP	2025-12-21T16:47:52.5776164Z ##[endgroup]
collect-coverage	UNKNOWN STEP	2025-12-21T16:47:54.1406717Z âœ… /home/runner/work/simple_match/simple_match/test/widgets/settings_view_force_all_branches_test.dart: exercise many SettingsView branches via state wrappers (smoke)
collect-coverage	UNKNOWN STEP	2025-12-21T16:47:54.1486449Z âœ… /home/runner/work/simple_match/simple_match/test/widgets/settings_view_force_all_branches_test.dart: exercise error and edge branches (smoke)
collect-coverage	UNKNOWN STEP	2025-12-21T16:47:54.5496178Z ##[group]âœ… /home/runner/work/simple_match/simple_match/test/widgets/settings_view_block_coverage_test.dart: Import flow replaces block coverage helper usage
collect-coverage	UNKNOWN STEP	2025-12-21T16:47:54.5498299Z FakePersistence.importBackupFromBytes called dryRun=true backupBeforeRestore=false bytesLen=3
collect-coverage	UNKNOWN STEP	2025-12-21T16:47:54.5499633Z FakePersistence: delegating to importFn
collect-coverage	UNKNOWN STEP	2025-12-21T16:47:54.5500720Z FakePersistence.importBackupFromBytes called dryRun=false backupBeforeRestore=true bytesLen=3
collect-coverage	UNKNOWN STEP	2025-12-21T16:47:54.5509169Z FakePersistence: delegating to importFn
collect-coverage	UNKNOWN STEP	2025-12-21T16:47:54.5509912Z ##[endgroup]
collect-coverage	UNKNOWN STEP	2025-12-21T16:47:56.1057668Z ##[group]âœ… /home/runner/work/simple_match/simple_match/test/widgets/settings_view_cover_zero_lines_test.dart: export IO path invokes exporter try-block and updates status
collect-coverage	UNKNOWN STEP	2025-12-21T16:47:56.1058895Z TESTDBG: creating tmp dir
collect-coverage	UNKNOWN STEP	2025-12-21T16:47:56.1059382Z TESTDBG: tmp dir created at /tmp/simple_match_test_docsFPLVJN
collect-coverage	UNKNOWN STEP	2025-12-21T16:47:56.1059866Z TESTDBG: about to pump widget
collect-coverage	UNKNOWN STEP	2025-12-21T16:47:56.1060109Z TESTDBG: initial pump requested
collect-coverage	UNKNOWN STEP	2025-12-21T16:47:56.1060339Z TESTDBG: pump completed
collect-coverage	UNKNOWN STEP	2025-12-21T16:47:56.1060591Z TESTDBG: calling exportBackupForTest
collect-coverage	UNKNOWN STEP	2025-12-21T16:47:56.1060868Z FakePersistence.exportBackupJson called
collect-coverage	UNKNOWN STEP	2025-12-21T16:47:56.1061181Z FakePersistence.exportBackupJson returning length=11
collect-coverage	UNKNOWN STEP	2025-12-21T16:47:56.1061484Z TESTDBG: exportBackupForTest returned
collect-coverage	UNKNOWN STEP	2025-12-21T16:47:56.1061889Z ##[endgroup]
collect-coverage	UNKNOWN STEP	2025-12-21T16:47:56.7287334Z ##[group]âœ… /home/runner/work/simple_match/simple_match/test/widgets/settings_view_uncovered_batch2_test.dart: pickBackupOverride confirm dialog then import success
collect-coverage	UNKNOWN STEP	2025-12-21T16:47:56.7289081Z FakePersistence.importBackupFromBytes called dryRun=true backupBeforeRestore=false bytesLen=32
collect-coverage	UNKNOWN STEP	2025-12-21T16:47:56.7290883Z FakePersistence: delegating to importFn
collect-coverage	UNKNOWN STEP	2025-12-21T16:47:56.7291702Z FakePersistence.importBackupFromBytes called dryRun=false backupBeforeRestore=true bytesLen=32
collect-coverage	UNKNOWN STEP	2025-12-21T16:47:56.7292861Z FakePersistence: delegating to importFn
collect-coverage	UNKNOWN STEP	2025-12-21T16:47:56.7293568Z ##[endgroup]
collect-coverage	UNKNOWN STEP	2025-12-21T16:47:56.8025324Z ##[group]âœ… /home/runner/work/simple_match/simple_match/test/widgets/settings_view_uncovered_batch2_test.dart: pickBackupOverride with dry-run failure shows validation message
collect-coverage	UNKNOWN STEP	2025-12-21T16:47:56.8043670Z FakePersistence.importBackupFromBytes called dryRun=true backupBeforeRestore=false bytesLen=1
collect-coverage	UNKNOWN STEP	2025-12-21T16:47:56.8044554Z FakePersistence: delegating to importFn
collect-coverage	UNKNOWN STEP	2025-12-21T16:47:56.8045294Z ##[endgroup]
collect-coverage	UNKNOWN STEP	2025-12-21T16:47:56.9064864Z ##[group]âœ… /home/runner/work/simple_match/simple_match/test/widgets/settings_view_uncovered_batch2_test.dart: saveExportOverride throwing still shows export message
collect-coverage	UNKNOWN STEP	2025-12-21T16:47:56.9066541Z FakePersistence.exportBackupJson called
collect-coverage	UNKNOWN STEP	2025-12-21T16:47:56.9067273Z FakePersistence.exportBackupJson returning length=11
collect-coverage	UNKNOWN STEP	2025-12-21T16:47:56.9068257Z ##[endgroup]
collect-coverage	UNKNOWN STEP	2025-12-21T16:47:57.1544819Z ##[group]âœ… /home/runner/work/simple_match/simple_match/test/widgets/settings_view_uncovered_batch2_test.dart: listBackupsOverride with multiple files and choose second then cancel confirm
collect-coverage	UNKNOWN STEP	2025-12-21T16:47:57.1550603Z FakePersistence.importBackupFromBytes called dryRun=true backupBeforeRestore=false bytesLen=2
collect-coverage	UNKNOWN STEP	2025-12-21T16:47:57.1555908Z FakePersistence: returning dryRun success
collect-coverage	UNKNOWN STEP	2025-12-21T16:47:57.1559439Z ##[endgroup]
collect-coverage	UNKNOWN STEP	2025-12-21T16:47:57.2529958Z âœ… /home/runner/work/simple_match/simple_match/test/widgets/settings_view_uncovered_batch2_test.dart: readFileBytesOverride throws while choosing file shows Import error
collect-coverage	UNKNOWN STEP	2025-12-21T16:47:58.2691975Z ##[group]âœ… /home/runner/work/simple_match/simple_match/test/widgets/settings_view_coverage_extras_test.dart: Import flow covers extras previously exercised by helpers
collect-coverage	UNKNOWN STEP	2025-12-21T16:47:58.2694685Z FakePersistence.importBackupFromBytes called dryRun=true backupBeforeRestore=false bytesLen=3
collect-coverage	UNKNOWN STEP	2025-12-21T16:47:58.2696175Z FakePersistence: delegating to importFn
collect-coverage	UNKNOWN STEP	2025-12-21T16:47:58.2698372Z FakePersistence.importBackupFromBytes called dryRun=false backupBeforeRestore=true bytesLen=3
collect-coverage	UNKNOWN STEP	2025-12-21T16:47:58.2699235Z FakePersistence: delegating to importFn
collect-coverage	UNKNOWN STEP	2025-12-21T16:47:58.2699961Z ##[endgroup]
collect-coverage	UNKNOWN STEP	2025-12-21T16:47:59.2075302Z âœ… /home/runner/work/simple_match/simple_match/test/widgets/settings_view_targeted_missing_branches_2_test.dart: import-from-documents with empty list shows expected message
collect-coverage	UNKNOWN STEP	2025-12-21T16:47:59.3638920Z âœ… /home/runner/work/simple_match/simple_match/test/widgets/settings_view_targeted_missing_branches_2_test.dart: pickBackupOverride null -> Import Backup shows No file selected
collect-coverage	UNKNOWN STEP	2025-12-21T16:47:59.4527787Z ##[group]âœ… /home/runner/work/simple_match/simple_match/test/widgets/settings_view_targeted_missing_branches_2_test.dart: saveExportOverride throws -> Export failed shown
collect-coverage	UNKNOWN STEP	2025-12-21T16:47:59.4530847Z FakePersistence.exportBackupJson called
collect-coverage	UNKNOWN STEP	2025-12-21T16:47:59.4531438Z FakePersistence.exportBackupJson returning length=2
collect-coverage	UNKNOWN STEP	2025-12-21T16:47:59.4532191Z ##[endgroup]
collect-coverage	UNKNOWN STEP	2025-12-21T16:48:00.1934371Z âœ… /home/runner/work/simple_match/simple_match/test/widgets/settings_view_targeted_additional_test.dart: Import: pickBackupOverride null shows No file selected
collect-coverage	UNKNOWN STEP	2025-12-21T16:48:00.3107370Z ##[group]âœ… /home/runner/work/simple_match/simple_match/test/widgets/settings_view_targeted_additional_test.dart: Import: pickBackupOverride dry-run failure shows validation failed
collect-coverage	UNKNOWN STEP	2025-12-21T16:48:00.3109208Z FakePersistence.importBackupFromBytes called dryRun=true backupBeforeRestore=false bytesLen=3
collect-coverage	UNKNOWN STEP	2025-12-21T16:48:00.3110197Z FakePersistence: delegating to importFn
collect-coverage	UNKNOWN STEP	2025-12-21T16:48:00.3111282Z ##[endgroup]
collect-coverage	UNKNOWN STEP	2025-12-21T16:48:00.4310995Z ##[group]âœ… /home/runner/work/simple_match/simple_match/test/widgets/settings_view_targeted_additional_test.dart: Import: repo.loadAll throws shows reload-failed message
collect-coverage	UNKNOWN STEP	2025-12-21T16:48:00.4313369Z FakePersistence.importBackupFromBytes called dryRun=true backupBeforeRestore=false bytesLen=3
collect-coverage	UNKNOWN STEP	2025-12-21T16:48:00.4314332Z FakePersistence: delegating to importFn
collect-coverage	UNKNOWN STEP	2025-12-21T16:48:00.4315306Z FakePersistence.importBackupFromBytes called dryRun=false backupBeforeRestore=true bytesLen=3
collect-coverage	UNKNOWN STEP	2025-12-21T16:48:00.4316173Z FakePersistence: delegating to importFn
collect-coverage	UNKNOWN STEP	2025-12-21T16:48:00.4316922Z ##[endgroup]
collect-coverage	UNKNOWN STEP	2025-12-21T16:48:00.5265532Z ##[group]âœ… /home/runner/work/simple_match/simple_match/test/widgets/settings_view_targeted_additional_test.dart: Export: saveExportOverride path exercised
collect-coverage	UNKNOWN STEP	2025-12-21T16:48:00.5270977Z FakePersistence.exportBackupJson called
collect-coverage	UNKNOWN STEP	2025-12-21T16:48:00.5276803Z FakePersistence.exportBackupJson returning length=11
collect-coverage	UNKNOWN STEP	2025-12-21T16:48:00.5289268Z ##[endgroup]
collect-coverage	UNKNOWN STEP	2025-12-21T16:48:01.5700601Z âœ… /home/runner/work/simple_match/simple_match/test/widgets/settings_view_tiny_variants_test.dart: pickBackupOverride returns null shows No file selected
collect-coverage	UNKNOWN STEP	2025-12-21T16:48:01.6529514Z ##[group]âœ… /home/runner/work/simple_match/simple_match/test/widgets/settings_view_tiny_variants_test.dart: pickBackupOverride dry-run fails shows validation failed
collect-coverage	UNKNOWN STEP	2025-12-21T16:48:01.6531965Z FakePersistence.importBackupFromBytes called dryRun=true backupBeforeRestore=false bytesLen=1
collect-coverage	UNKNOWN STEP	2025-12-21T16:48:01.6536145Z FakePersistence: delegating to importFn
collect-coverage	UNKNOWN STEP	2025-12-21T16:48:01.6537824Z ##[endgroup]
collect-coverage	UNKNOWN STEP	2025-12-21T16:48:01.7292709Z ##[group]âœ… /home/runner/work/simple_match/simple_match/test/widgets/settings_view_tiny_variants_test.dart: saveExportOverride used for export shows exported message
collect-coverage	UNKNOWN STEP	2025-12-21T16:48:01.7296675Z FakePersistence.exportBackupJson called
collect-coverage	UNKNOWN STEP	2025-12-21T16:48:01.7299428Z FakePersistence.exportBackupJson returning length=2
collect-coverage	UNKNOWN STEP	2025-12-21T16:48:01.7301824Z ##[endgroup]
collect-coverage	UNKNOWN STEP	2025-12-21T16:48:02.5925709Z âœ… /home/runner/work/simple_match/simple_match/test/widgets/settings_view_pick_cancel_test.dart: Import flow: pickBackupOverride returns null (user cancelled)
collect-coverage	UNKNOWN STEP	2025-12-21T16:48:03.7357240Z ##[group]âœ… /home/runner/work/simple_match/simple_match/test/widgets/settings_view_web_and_error_paths_test.dart: exportViaWebForTest uses exporter and updates status
collect-coverage	UNKNOWN STEP	2025-12-21T16:48:03.7362709Z FakePersistence.exportBackupJson called
collect-coverage	UNKNOWN STEP	2025-12-21T16:48:03.7365189Z FakePersistence.exportBackupJson returning length=11
collect-coverage	UNKNOWN STEP	2025-12-21T16:48:03.7367147Z ##[endgroup]
collect-coverage	UNKNOWN STEP	2025-12-21T16:48:03.7942489Z ##[group]âœ… /home/runner/work/simple_match/simple_match/test/widgets/settings_view_web_and_error_paths_test.dart: importViaWebForTest dry-run failure shows validation
collect-coverage	UNKNOWN STEP	2025-12-21T16:48:03.7949553Z FakePersistence.importBackupFromBytes called dryRun=true backupBeforeRestore=false bytesLen=3
collect-coverage	UNKNOWN STEP	2025-12-21T16:48:03.7951554Z FakePersistence: delegating to importFn
collect-coverage	UNKNOWN STEP	2025-12-21T16:48:03.7952698Z ##[endgroup]
collect-coverage	UNKNOWN STEP	2025-12-21T16:48:03.8663694Z ##[group]âœ… /home/runner/work/simple_match/simple_match/test/widgets/settings_view_web_and_error_paths_test.dart: importFromDocumentsConfirmedForTest handles repo.loadAll throwing
collect-coverage	UNKNOWN STEP	2025-12-21T16:48:03.8665137Z TESTDBG: importFromDocumentsConfirmedForTest start
collect-coverage	UNKNOWN STEP	2025-12-21T16:48:03.8665663Z TESTDBG: read bytes length=3
collect-coverage	UNKNOWN STEP	2025-12-21T16:48:03.8666372Z FakePersistence.importBackupFromBytes called dryRun=true backupBeforeRestore=false bytesLen=3
collect-coverage	UNKNOWN STEP	2025-12-21T16:48:03.8667157Z FakePersistence: returning dryRun success
collect-coverage	UNKNOWN STEP	2025-12-21T16:48:03.8667994Z TESTDBG: dry-run result success=true counts={stages: 0, shooters: 0, stageResults: 0} message=null
collect-coverage	UNKNOWN STEP	2025-12-21T16:48:03.8669026Z FakePersistence.importBackupFromBytes called dryRun=false backupBeforeRestore=true bytesLen=3
collect-coverage	UNKNOWN STEP	2025-12-21T16:48:03.8669828Z FakePersistence: returning full import success
collect-coverage	UNKNOWN STEP	2025-12-21T16:48:03.8670321Z TESTDBG: import res success=true message=null
collect-coverage	UNKNOWN STEP	2025-12-21T16:48:03.8671005Z ##[endgroup]
collect-coverage	UNKNOWN STEP	2025-12-21T16:48:04.9110094Z ##[group]âœ… /home/runner/work/simple_match/simple_match/test/widgets/settings_view_web_import_test.dart: Web import flow: autoConfirm true and false
collect-coverage	UNKNOWN STEP	2025-12-21T16:48:04.9115698Z FakePersistence.importBackupFromBytes called dryRun=true backupBeforeRestore=false bytesLen=3
collect-coverage	UNKNOWN STEP	2025-12-21T16:48:04.9118556Z FakePersistence: delegating to importFn
collect-coverage	UNKNOWN STEP	2025-12-21T16:48:04.9119412Z FakePersistence.importBackupFromBytes called dryRun=false backupBeforeRestore=true bytesLen=3
collect-coverage	UNKNOWN STEP	2025-12-21T16:48:04.9120261Z FakePersistence: delegating to importFn
collect-coverage	UNKNOWN STEP	2025-12-21T16:48:04.9121072Z FakePersistence.importBackupFromBytes called dryRun=true backupBeforeRestore=false bytesLen=3
collect-coverage	UNKNOWN STEP	2025-12-21T16:48:04.9121906Z FakePersistence: delegating to importFn
collect-coverage	UNKNOWN STEP	2025-12-21T16:48:04.9123071Z FakePersistence.importBackupFromBytes called dryRun=false backupBeforeRestore=true bytesLen=3
collect-coverage	UNKNOWN STEP	2025-12-21T16:48:04.9123936Z FakePersistence: delegating to importFn
collect-coverage	UNKNOWN STEP	2025-12-21T16:48:04.9124664Z ##[endgroup]
collect-coverage	UNKNOWN STEP	2025-12-21T16:48:06.0243115Z ##[group]âœ… /home/runner/work/simple_match/simple_match/test/widgets/settings_view_io_list_import_test.dart: IO list import handles reload failure and shows message
collect-coverage	UNKNOWN STEP	2025-12-21T16:48:06.0245557Z FakePersistence.importBackupFromBytes called dryRun=true backupBeforeRestore=false bytesLen=3
collect-coverage	UNKNOWN STEP	2025-12-21T16:48:06.0246614Z FakePersistence: delegating to importFn
collect-coverage	UNKNOWN STEP	2025-12-21T16:48:06.0249194Z FakePersistence.importBackupFromBytes called dryRun=false backupBeforeRestore=true bytesLen=3
collect-coverage	UNKNOWN STEP	2025-12-21T16:48:06.0249991Z FakePersistence: delegating to importFn
collect-coverage	UNKNOWN STEP	2025-12-21T16:48:06.0250609Z ##[endgroup]
collect-coverage	UNKNOWN STEP	2025-12-21T16:48:06.1617057Z ##[group]âœ… /home/runner/work/simple_match/simple_match/test/widgets/settings_view_io_list_import_test.dart: IO documents listing import flow with SimpleDialog selection
collect-coverage	UNKNOWN STEP	2025-12-21T16:48:06.1618985Z FakePersistence.importBackupFromBytes called dryRun=true backupBeforeRestore=false bytesLen=3
collect-coverage	UNKNOWN STEP	2025-12-21T16:48:06.1619928Z FakePersistence: delegating to importFn
collect-coverage	UNKNOWN STEP	2025-12-21T16:48:06.1622880Z FakePersistence.importBackupFromBytes called dryRun=false backupBeforeRestore=true bytesLen=3
collect-coverage	UNKNOWN STEP	2025-12-21T16:48:06.1623609Z FakePersistence: delegating to importFn
collect-coverage	UNKNOWN STEP	2025-12-21T16:48:06.1624260Z ##[endgroup]
collect-coverage	UNKNOWN STEP	2025-12-21T16:48:07.5482559Z ##[group]âœ… /home/runner/work/simple_match/simple_match/test/widgets/settings_view_exhaustive_test.dart: Exhaustive import scenarios
collect-coverage	UNKNOWN STEP	2025-12-21T16:48:07.5484426Z FakePersistence.importBackupFromBytes called dryRun=true backupBeforeRestore=false bytesLen=32
collect-coverage	UNKNOWN STEP	2025-12-21T16:48:07.5503406Z FakePersistence: delegating to importFn
collect-coverage	UNKNOWN STEP	2025-12-21T16:48:07.5505541Z FakePersistence.importBackupFromBytes called dryRun=false backupBeforeRestore=true bytesLen=32
collect-coverage	UNKNOWN STEP	2025-12-21T16:48:07.5507381Z FakePersistence: delegating to importFn
collect-coverage	UNKNOWN STEP	2025-12-21T16:48:07.5509751Z FakePersistence.importBackupFromBytes called dryRun=true backupBeforeRestore=false bytesLen=32
collect-coverage	UNKNOWN STEP	2025-12-21T16:48:07.5513922Z FakePersistence: delegating to importFn
collect-coverage	UNKNOWN STEP	2025-12-21T16:48:07.5515206Z FakePersistence.importBackupFromBytes called dryRun=true backupBeforeRestore=false bytesLen=32
collect-coverage	UNKNOWN STEP	2025-12-21T16:48:07.5518122Z FakePersistence: delegating to importFn
collect-coverage	UNKNOWN STEP	2025-12-21T16:48:07.5520471Z FakePersistence.importBackupFromBytes called dryRun=false backupBeforeRestore=true bytesLen=32
collect-coverage	UNKNOWN STEP	2025-12-21T16:48:07.5522119Z FakePersistence: delegating to importFn
collect-coverage	UNKNOWN STEP	2025-12-21T16:48:07.5523752Z FakePersistence.importBackupFromBytes called dryRun=true backupBeforeRestore=false bytesLen=32
collect-coverage	UNKNOWN STEP	2025-12-21T16:48:07.5525221Z FakePersistence: delegating to importFn
collect-coverage	UNKNOWN STEP	2025-12-21T16:48:07.5526459Z FakePersistence.importBackupFromBytes called dryRun=false backupBeforeRestore=true bytesLen=32
collect-coverage	UNKNOWN STEP	2025-12-21T16:48:07.5527513Z FakePersistence: delegating to importFn
collect-coverage	UNKNOWN STEP	2025-12-21T16:48:07.5528838Z ##[endgroup]
collect-coverage	UNKNOWN STEP	2025-12-21T16:48:08.3552100Z ##[group]âœ… /home/runner/work/simple_match/simple_match/test/widgets/settings_view_io_override_and_web_test.dart: Export backup uses saveExportOverride and shows status
collect-coverage	UNKNOWN STEP	2025-12-21T16:48:08.3554108Z FakePersistence.exportBackupJson called
collect-coverage	UNKNOWN STEP	2025-12-21T16:48:08.3555403Z FakePersistence.exportBackupJson returning length=11
collect-coverage	UNKNOWN STEP	2025-12-21T16:48:08.3558548Z ##[endgroup]
collect-coverage	UNKNOWN STEP	2025-12-21T16:48:08.4442179Z âœ… /home/runner/work/simple_match/simple_match/test/widgets/settings_view_io_override_and_web_test.dart: Import with pickBackupOverride returning null shows No file selected
collect-coverage	UNKNOWN STEP	2025-12-21T16:48:08.5312203Z ##[group]âœ… /home/runner/work/simple_match/simple_match/test/widgets/settings_view_io_override_and_web_test.dart: Import via web with autoConfirm true performs import and shows success
collect-coverage	UNKNOWN STEP	2025-12-21T16:48:08.5315323Z FakePersistence.importBackupFromBytes called dryRun=true backupBeforeRestore=false bytesLen=3
collect-coverage	UNKNOWN STEP	2025-12-21T16:48:08.5318452Z FakePersistence: delegating to importFn
collect-coverage	UNKNOWN STEP	2025-12-21T16:48:08.5321590Z FakePersistence.importBackupFromBytes called dryRun=false backupBeforeRestore=true bytesLen=3
collect-coverage	UNKNOWN STEP	2025-12-21T16:48:08.5324864Z FakePersistence: delegating to importFn
collect-coverage	UNKNOWN STEP	2025-12-21T16:48:08.5327393Z ##[endgroup]
collect-coverage	UNKNOWN STEP	2025-12-21T16:48:08.6024734Z âœ… /home/runner/work/simple_match/simple_match/test/widgets/settings_view_io_override_and_web_test.dart: ImportFromDocuments shows No backup files found when list is empty
collect-coverage	UNKNOWN STEP	2025-12-21T16:48:09.5963205Z ##[group]âœ… /home/runner/work/simple_match/simple_match/test/widgets/settings_view_export_button_test.dart: Pressing Export Backup calls saveExportOverride
collect-coverage	UNKNOWN STEP	2025-12-21T16:48:09.5971225Z FakePersistence.exportBackupJson called
collect-coverage	UNKNOWN STEP	2025-12-21T16:48:09.5972188Z FakePersistence.exportBackupJson returning length=11
collect-coverage	UNKNOWN STEP	2025-12-21T16:48:09.5973778Z ##[endgroup]
collect-coverage	UNKNOWN STEP	2025-12-21T16:48:10.6500033Z ##[group]âœ… /home/runner/work/simple_match/simple_match/test/widgets/settings_view_coverage_helpers_test.dart: Import path exercised to replace coverage-only helpers
collect-coverage	UNKNOWN STEP	2025-12-21T16:48:10.6501724Z FakePersistence.importBackupFromBytes called dryRun=true backupBeforeRestore=false bytesLen=3
collect-coverage	UNKNOWN STEP	2025-12-21T16:48:10.6502790Z FakePersistence: delegating to importFn
collect-coverage	UNKNOWN STEP	2025-12-21T16:48:10.6504880Z FakePersistence.importBackupFromBytes called dryRun=false backupBeforeRestore=true bytesLen=3
collect-coverage	UNKNOWN STEP	2025-12-21T16:48:10.6505751Z FakePersistence: delegating to importFn
collect-coverage	UNKNOWN STEP	2025-12-21T16:48:10.6506700Z ##[endgroup]
collect-coverage	UNKNOWN STEP	2025-12-21T16:48:11.6841899Z ##[group]âœ… /home/runner/work/simple_match/simple_match/test/widgets/settings_view_instance_wrappers_test.dart: instance wrappers: exportViaWebForTest and importViaWebForTest
collect-coverage	UNKNOWN STEP	2025-12-21T16:48:11.6849269Z FakePersistence.exportBackupJson called
collect-coverage	UNKNOWN STEP	2025-12-21T16:48:11.6850303Z FakePersistence.exportBackupJson returning length=2
collect-coverage	UNKNOWN STEP	2025-12-21T16:48:11.6851179Z FakePersistence.importBackupFromBytes called dryRun=true backupBeforeRestore=false bytesLen=76
collect-coverage	UNKNOWN STEP	2025-12-21T16:48:11.6851961Z FakePersistence: returning dryRun success
collect-coverage	UNKNOWN STEP	2025-12-21T16:48:11.6852993Z FakePersistence.importBackupFromBytes called dryRun=false backupBeforeRestore=true bytesLen=76
collect-coverage	UNKNOWN STEP	2025-12-21T16:48:11.6853753Z FakePersistence: returning full import success
collect-coverage	UNKNOWN STEP	2025-12-21T16:48:11.6854445Z ##[endgroup]
collect-coverage	UNKNOWN STEP	2025-12-21T16:48:11.7509345Z ##[group]âœ… /home/runner/work/simple_match/simple_match/test/widgets/settings_view_instance_wrappers_test.dart: instance wrapper: importFromDocumentsConfirmedForTest
collect-coverage	UNKNOWN STEP	2025-12-21T16:48:11.7511064Z TESTDBG: importFromDocumentsConfirmedForTest start
collect-coverage	UNKNOWN STEP	2025-12-21T16:48:11.7525768Z TESTDBG: read bytes length=76
collect-coverage	UNKNOWN STEP	2025-12-21T16:48:11.7528988Z FakePersistence.importBackupFromBytes called dryRun=true backupBeforeRestore=false bytesLen=76
collect-coverage	UNKNOWN STEP	2025-12-21T16:48:11.7530275Z FakePersistence: returning dryRun success
collect-coverage	UNKNOWN STEP	2025-12-21T16:48:11.7531408Z TESTDBG: dry-run result success=true counts={stages: 0, shooters: 0, stageResults: 0} message=null
collect-coverage	UNKNOWN STEP	2025-12-21T16:48:11.7533111Z FakePersistence.importBackupFromBytes called dryRun=false backupBeforeRestore=true bytesLen=76
collect-coverage	UNKNOWN STEP	2025-12-21T16:48:11.7534200Z FakePersistence: returning full import success
collect-coverage	UNKNOWN STEP	2025-12-21T16:48:11.7535043Z TESTDBG: import res success=true message=null
collect-coverage	UNKNOWN STEP	2025-12-21T16:48:11.7535704Z TESTDBG: repo.loadAll completed
collect-coverage	UNKNOWN STEP	2025-12-21T16:48:11.7536591Z ##[endgroup]
collect-coverage	UNKNOWN STEP	2025-12-21T16:48:12.4554806Z âœ… /home/runner/work/simple_match/simple_match/test/widgets/settings_view_smoke_test.dart: SettingsView pumps without error
collect-coverage	UNKNOWN STEP	2025-12-21T16:48:13.8279104Z ##[group]âœ… /home/runner/work/simple_match/simple_match/test/widgets/settings_view_more_uncovered_test.dart: Export uses documentsDirOverride and shows exported status
collect-coverage	UNKNOWN STEP	2025-12-21T16:48:13.8282549Z FakePersistence.exportBackupToFile called with path: /tmp/simple_match_backup_2025-12-21T16-48-13.751709.json
collect-coverage	UNKNOWN STEP	2025-12-21T16:48:13.8283516Z FakePersistence: creating file
collect-coverage	UNKNOWN STEP	2025-12-21T16:48:13.8284208Z ##[endgroup]
collect-coverage	UNKNOWN STEP	2025-12-21T16:48:13.9439089Z âœ… /home/runner/work/simple_match/simple_match/test/widgets/settings_view_more_uncovered_test.dart: Import with pickBackupOverride returning null shows no file selected
collect-coverage	UNKNOWN STEP	2025-12-21T16:48:14.0234412Z ##[group]âœ… /home/runner/work/simple_match/simple_match/test/widgets/settings_view_more_uncovered_test.dart: Import dry-run failure via pickBackupOverride shows validation failed
collect-coverage	UNKNOWN STEP	2025-12-21T16:48:14.0236068Z FakePersistence.importBackupFromBytes called dryRun=true backupBeforeRestore=false bytesLen=3
collect-coverage	UNKNOWN STEP	2025-12-21T16:48:14.0236915Z FakePersistence: delegating to importFn
collect-coverage	UNKNOWN STEP	2025-12-21T16:48:14.0237648Z ##[endgroup]
collect-coverage	UNKNOWN STEP	2025-12-21T16:48:14.1004846Z ##[group]âœ… /home/runner/work/simple_match/simple_match/test/widgets/settings_view_more_uncovered_test.dart: Import actual import failure shows Import failed status
collect-coverage	UNKNOWN STEP	2025-12-21T16:48:14.1007179Z FakePersistence.importBackupFromBytes called dryRun=true backupBeforeRestore=false bytesLen=3
collect-coverage	UNKNOWN STEP	2025-12-21T16:48:14.1008232Z FakePersistence: delegating to importFn
collect-coverage	UNKNOWN STEP	2025-12-21T16:48:14.1009270Z FakePersistence.importBackupFromBytes called dryRun=false backupBeforeRestore=true bytesLen=3
collect-coverage	UNKNOWN STEP	2025-12-21T16:48:14.1010122Z FakePersistence: delegating to importFn
collect-coverage	UNKNOWN STEP	2025-12-21T16:48:14.1010866Z ##[endgroup]
collect-coverage	UNKNOWN STEP	2025-12-21T16:48:14.1599597Z ##[group]âœ… /home/runner/work/simple_match/simple_match/test/widgets/settings_view_more_uncovered_test.dart: Import succeeds but repo.loadAll throws shows reload failed state
collect-coverage	UNKNOWN STEP	2025-12-21T16:48:14.1600575Z FakePersistence.importBackupFromBytes called dryRun=true backupBeforeRestore=false bytesLen=3
collect-coverage	UNKNOWN STEP	2025-12-21T16:48:14.1601034Z FakePersistence: delegating to importFn
collect-coverage	UNKNOWN STEP	2025-12-21T16:48:14.1601484Z FakePersistence.importBackupFromBytes called dryRun=false backupBeforeRestore=true bytesLen=3
collect-coverage	UNKNOWN STEP	2025-12-21T16:48:14.1602150Z FakePersistence: delegating to importFn
collect-coverage	UNKNOWN STEP	2025-12-21T16:48:14.1603014Z ##[endgroup]
collect-coverage	UNKNOWN STEP	2025-12-21T16:48:14.3508669Z ##[group]âœ… /home/runner/work/simple_match/simple_match/test/widgets/settings_view_more_uncovered_test.dart: Import from documents list and readFileBytesOverride succeeds
collect-coverage	UNKNOWN STEP	2025-12-21T16:48:14.3511326Z FakePersistence.importBackupFromBytes called dryRun=true backupBeforeRestore=false bytesLen=3
collect-coverage	UNKNOWN STEP	2025-12-21T16:48:14.3512240Z FakePersistence: delegating to importFn
collect-coverage	UNKNOWN STEP	2025-12-21T16:48:14.3513303Z ##[endgroup]
collect-coverage	UNKNOWN STEP	2025-12-21T16:48:14.4414623Z âœ… /home/runner/work/simple_match/simple_match/test/widgets/settings_view_more_uncovered_test.dart: Import readFileBytesOverride throws shows Import error
collect-coverage	UNKNOWN STEP	2025-12-21T16:48:14.7470867Z ##[group]âœ… /home/runner/work/simple_match/simple_match/test/widgets/settings_view_export_io_override_test.dart: Export Backup via saveExportOverride writes to temp file
collect-coverage	UNKNOWN STEP	2025-12-21T16:48:14.7474055Z FakePersistence.exportBackupJson called
collect-coverage	UNKNOWN STEP	2025-12-21T16:48:14.7475083Z FakePersistence.exportBackupJson returning length=17
collect-coverage	UNKNOWN STEP	2025-12-21T16:48:14.7476118Z saveOverride called with path: simple_match_backup_2025-12-21T16-48-14.589523.json, content length: 17
collect-coverage	UNKNOWN STEP	2025-12-21T16:48:14.7477543Z saveOverride recorded content for /tmp/simple_match_export_overridePKZTQO/simple_match_backup_2025-12-21T16-48-14.589523.json
collect-coverage	UNKNOWN STEP	2025-12-21T16:48:14.7478910Z ##[endgroup]
collect-coverage	UNKNOWN STEP	2025-12-21T16:48:16.5395427Z ##[group]âœ… /home/runner/work/simple_match/simple_match/test/widgets/settings_view_remaining_branches_test.dart: Dry-run validation failure path (web pick)
collect-coverage	UNKNOWN STEP	2025-12-21T16:48:16.5396949Z FakePersistence.importBackupFromBytes called dryRun=true backupBeforeRestore=false bytesLen=3
collect-coverage	UNKNOWN STEP	2025-12-21T16:48:16.5397775Z FakePersistence: delegating to importFn
collect-coverage	UNKNOWN STEP	2025-12-21T16:48:16.5398440Z ##[endgroup]
collect-coverage	UNKNOWN STEP	2025-12-21T16:48:16.6255597Z ##[group]âœ… /home/runner/work/simple_match/simple_match/test/widgets/settings_view_remaining_branches_test.dart: Import succeeds but repo.loadAll throws (web pick)
collect-coverage	UNKNOWN STEP	2025-12-21T16:48:16.6265153Z FakePersistence.importBackupFromBytes called dryRun=true backupBeforeRestore=false bytesLen=3
collect-coverage	UNKNOWN STEP	2025-12-21T16:48:16.6266104Z FakePersistence: delegating to importFn
collect-coverage	UNKNOWN STEP	2025-12-21T16:48:16.6266990Z FakePersistence.importBackupFromBytes called dryRun=false backupBeforeRestore=true bytesLen=3
collect-coverage	UNKNOWN STEP	2025-12-21T16:48:16.6267823Z FakePersistence: delegating to importFn
collect-coverage	UNKNOWN STEP	2025-12-21T16:48:16.6268613Z ##[endgroup]
collect-coverage	UNKNOWN STEP	2025-12-21T16:48:16.9661443Z ##[group]âœ… /home/runner/work/simple_match/simple_match/test/widgets/settings_view_remaining_branches_test.dart: IO documents-list path: import failed and catch(e) path
collect-coverage	UNKNOWN STEP	2025-12-21T16:48:16.9666820Z FakePersistence.importBackupFromBytes called dryRun=true backupBeforeRestore=false bytesLen=3
collect-coverage	UNKNOWN STEP	2025-12-21T16:48:16.9670979Z FakePersistence: delegating to importFn
collect-coverage	UNKNOWN STEP	2025-12-21T16:48:16.9671777Z FakePersistence.importBackupFromBytes called dryRun=false backupBeforeRestore=true bytesLen=3
collect-coverage	UNKNOWN STEP	2025-12-21T16:48:16.9672819Z FakePersistence: delegating to importFn
collect-coverage	UNKNOWN STEP	2025-12-21T16:48:16.9673534Z ##[endgroup]
collect-coverage	UNKNOWN STEP	2025-12-21T16:48:17.0340843Z âœ… /home/runner/work/simple_match/simple_match/test/views_match_setup_view_logic_test.dart: MatchSetupView adds and displays a stage
collect-coverage	UNKNOWN STEP	2025-12-21T16:48:17.3026906Z âœ… /home/runner/work/simple_match/simple_match/test/views_match_setup_view_logic_test.dart: MatchSetupView rejects duplicate and invalid input
collect-coverage	UNKNOWN STEP	2025-12-21T16:48:18.8568339Z âœ… /home/runner/work/simple_match/simple_match/test/pdf_unicode_export_test.dart: PDF export renders Traditional Chinese shooter names (pdftotext extraction)
collect-coverage	UNKNOWN STEP	2025-12-21T16:48:20.0636717Z âœ… /home/runner/work/simple_match/simple_match/test/models_test.dart: MatchStage constructor assigns values
collect-coverage	UNKNOWN STEP	2025-12-21T16:48:20.0664410Z âœ… /home/runner/work/simple_match/simple_match/test/models_test.dart: Shooter constructor assigns name and default scale
collect-coverage	UNKNOWN STEP	2025-12-21T16:48:20.0695891Z âœ… /home/runner/work/simple_match/simple_match/test/models_test.dart: Shooter constructor assigns custom scale
collect-coverage	UNKNOWN STEP	2025-12-21T16:48:20.0721715Z âœ… /home/runner/work/simple_match/simple_match/test/models_test.dart: StageResult constructor assigns all values
collect-coverage	UNKNOWN STEP	2025-12-21T16:48:20.0741300Z âœ… /home/runner/work/simple_match/simple_match/test/models_test.dart: StageResult constructor uses defaults
collect-coverage	UNKNOWN STEP	2025-12-21T16:48:21.2595177Z ##[group]âœ… /home/runner/work/simple_match/simple_match/test/coverage_diagnostic_test.dart: coverage diagnostic: capture stack frames for helper files (clean)
collect-coverage	UNKNOWN STEP	2025-12-21T16:48:21.2596158Z readFileBytes stack:
collect-coverage	UNKNOWN STEP	2025-12-21T16:48:21.2596434Z #0      _checkForErrorResponse (dart:io/common.dart:58:9)
collect-coverage	UNKNOWN STEP	2025-12-21T16:48:21.2596814Z #1      _File.open.<anonymous closure> (dart:io/file_impl.dart:442:7)
collect-coverage	UNKNOWN STEP	2025-12-21T16:48:21.2597639Z #2      StackZoneSpecification._registerUnaryCallback.<anonymous closure>.<anonymous closure> (package:stack_trace/src/stack_zone_specification.dart:127:36)
collect-coverage	UNKNOWN STEP	2025-12-21T16:48:21.2598481Z #3      StackZoneSpecification._run (package:stack_trace/src/stack_zone_specification.dart:207:15)
collect-coverage	UNKNOWN STEP	2025-12-21T16:48:21.2600212Z #4      StackZoneSpecification._registerUnaryCallback.<anonymous closure> (package:stack_trace/src/stack_zone_specification.dart:127:24)
collect-coverage	UNKNOWN STEP	2025-12-21T16:48:21.2601228Z #5      _rootRunUnary (dart:async/zone.dart:1538:47)
collect-coverage	UNKNOWN STEP	2025-12-21T16:48:21.2601826Z #6      _CustomZone.runUnary (dart:async/zone.dart:1429:19)
collect-coverage	UNKNOWN STEP	2025-12-21T16:48:21.2602691Z <asynchronous suspension>
collect-coverage	UNKNOWN STEP	2025-12-21T16:48:21.2603268Z #7      _File.readAsBytes.<anonymous closure> (dart:io/file_impl.dart:649:24)
collect-coverage	UNKNOWN STEP	2025-12-21T16:48:21.2603912Z <asynchronous suspension>
collect-coverage	UNKNOWN STEP	2025-12-21T16:48:21.2604506Z #8      readFileBytes (package:simple_match/views/io_file_helpers_io.dart:21:10)
collect-coverage	UNKNOWN STEP	2025-12-21T16:48:21.2605137Z <asynchronous suspension>
collect-coverage	UNKNOWN STEP	2025-12-21T16:48:21.2605973Z #9      main.<anonymous closure> (file:///home/runner/work/simple_match/simple_match/test/coverage_diagnostic_test.dart:12:9)
collect-coverage	UNKNOWN STEP	2025-12-21T16:48:21.2606883Z <asynchronous suspension>
collect-coverage	UNKNOWN STEP	2025-12-21T16:48:21.2607632Z #10     Declarer.test.<anonymous closure>.<anonymous closure> (package:test_api/src/backend/declarer.dart:242:9)
collect-coverage	UNKNOWN STEP	2025-12-21T16:48:21.2608443Z <asynchronous suspension>
collect-coverage	UNKNOWN STEP	2025-12-21T16:48:21.2609115Z #11     Declarer.test.<anonymous closure> (package:test_api/src/backend/declarer.dart:240:7)
collect-coverage	UNKNOWN STEP	2025-12-21T16:48:21.2609854Z <asynchronous suspension>
collect-coverage	UNKNOWN STEP	2025-12-21T16:48:21.2610665Z #12     Invoker._waitForOutstandingCallbacks.<anonymous closure> (package:test_api/src/backend/invoker.dart:282:9)
collect-coverage	UNKNOWN STEP	2025-12-21T16:48:21.2611534Z <asynchronous suspension>
collect-coverage	UNKNOWN STEP	2025-12-21T16:48:21.2611844Z 
collect-coverage	UNKNOWN STEP	2025-12-21T16:48:21.2611983Z saveExport stack:
collect-coverage	UNKNOWN STEP	2025-12-21T16:48:21.2612731Z #0      _checkForErrorResponse (dart:io/common.dart:58:9)
collect-coverage	UNKNOWN STEP	2025-12-21T16:48:21.2613467Z #1      _Directory.create.<anonymous closure> (dart:io/directory_impl.dart:130:9)
collect-coverage	UNKNOWN STEP	2025-12-21T16:48:21.2614810Z #2      StackZoneSpecification._registerUnaryCallback.<anonymous closure>.<anonymous closure> (package:stack_trace/src/stack_zone_specification.dart:127:36)
collect-coverage	UNKNOWN STEP	2025-12-21T16:48:21.2616266Z #3      StackZoneSpecification._run (package:stack_trace/src/stack_zone_specification.dart:207:15)
collect-coverage	UNKNOWN STEP	2025-12-21T16:48:21.2617582Z #4      StackZoneSpecification._registerUnaryCallback.<anonymous closure> (package:stack_trace/src/stack_zone_specification.dart:127:24)
collect-coverage	UNKNOWN STEP	2025-12-21T16:48:21.2618655Z #5      _rootRunUnary (dart:async/zone.dart:1538:47)
collect-coverage	UNKNOWN STEP	2025-12-21T16:48:21.2619243Z #6      _CustomZone.runUnary (dart:async/zone.dart:1429:19)
collect-coverage	UNKNOWN STEP	2025-12-21T16:48:21.2619775Z <asynchronous suspension>
collect-coverage	UNKNOWN STEP	2025-12-21T16:48:21.2620472Z #7      _Directory.create.<anonymous closure>.<anonymous closure> (dart:io/directory_impl.dart:118:54)
collect-coverage	UNKNOWN STEP	2025-12-21T16:48:21.2621234Z <asynchronous suspension>
collect-coverage	UNKNOWN STEP	2025-12-21T16:48:21.2621915Z #8      _Directory.create.<anonymous closure>.<anonymous closure> (dart:io/directory_impl.dart:118:54)
collect-coverage	UNKNOWN STEP	2025-12-21T16:48:21.2622884Z <asynchronous suspension>
collect-coverage	UNKNOWN STEP	2025-12-21T16:48:21.2623431Z #9      saveExport (package:simple_match/views/export_utils_io.dart:5:3)
collect-coverage	UNKNOWN STEP	2025-12-21T16:48:21.2624024Z <asynchronous suspension>
collect-coverage	UNKNOWN STEP	2025-12-21T16:48:21.2624870Z #10     main.<anonymous closure> (file:///home/runner/work/simple_match/simple_match/test/coverage_diagnostic_test.dart:18:9)
collect-coverage	UNKNOWN STEP	2025-12-21T16:48:21.2625782Z <asynchronous suspension>
collect-coverage	UNKNOWN STEP	2025-12-21T16:48:21.2626545Z #11     Declarer.test.<anonymous closure>.<anonymous closure> (package:test_api/src/backend/declarer.dart:242:9)
collect-coverage	UNKNOWN STEP	2025-12-21T16:48:21.2627657Z <asynchronous suspension>
collect-coverage	UNKNOWN STEP	2025-12-21T16:48:21.2628320Z #12     Declarer.test.<anonymous closure> (package:test_api/src/backend/declarer.dart:240:7)
collect-coverage	UNKNOWN STEP	2025-12-21T16:48:21.2629055Z <asynchronous suspension>
collect-coverage	UNKNOWN STEP	2025-12-21T16:48:21.2629853Z #13     Invoker._waitForOutstandingCallbacks.<anonymous closure> (package:test_api/src/backend/invoker.dart:282:9)
collect-coverage	UNKNOWN STEP	2025-12-21T16:48:21.2630802Z <asynchronous suspension>
collect-coverage	UNKNOWN STEP	2025-12-21T16:48:21.2631065Z 
collect-coverage	UNKNOWN STEP	2025-12-21T16:48:21.2631207Z downloadPdf stack:
collect-coverage	UNKNOWN STEP	2025-12-21T16:48:21.2632024Z #0      main.<anonymous closure> (file:///home/runner/work/simple_match/simple_match/test/coverage_diagnostic_test.dart:27:52)
collect-coverage	UNKNOWN STEP	2025-12-21T16:48:21.2633173Z <asynchronous suspension>
collect-coverage	UNKNOWN STEP	2025-12-21T16:48:21.2634187Z #1      Declarer.test.<anonymous closure>.<anonymous closure> (package:test_api/src/backend/declarer.dart:242:9)
collect-coverage	UNKNOWN STEP	2025-12-21T16:48:21.2635041Z <asynchronous suspension>
collect-coverage	UNKNOWN STEP	2025-12-21T16:48:21.2635701Z #2      Declarer.test.<anonymous closure> (package:test_api/src/backend/declarer.dart:240:7)
collect-coverage	UNKNOWN STEP	2025-12-21T16:48:21.2636420Z <asynchronous suspension>
collect-coverage	UNKNOWN STEP	2025-12-21T16:48:21.2637162Z #3      Invoker._waitForOutstandingCallbacks.<anonymous closure> (package:test_api/src/backend/invoker.dart:282:9)
collect-coverage	UNKNOWN STEP	2025-12-21T16:48:21.2638021Z <asynchronous suspension>
collect-coverage	UNKNOWN STEP	2025-12-21T16:48:21.2638265Z 
collect-coverage	UNKNOWN STEP	2025-12-21T16:48:21.2638696Z ##[endgroup]
collect-coverage	UNKNOWN STEP	2025-12-21T16:48:21.3507547Z ##[group]âœ… /home/runner/work/simple_match/simple_match/test/views_stage_input_view_full_test.dart: StageInputView full flow: increment, decrement, submit, result display, edit, remove, and validation
collect-coverage	UNKNOWN STEP	2025-12-21T16:48:21.3510048Z DEBUG: Results after edit:
collect-coverage	UNKNOWN STEP	2025-12-21T16:48:21.3511982Z Stage: 1, Shooter: Test, A: 4, C: 3, D: 2, Misses: 0, NoShoots: 0, ProcErr: 0
collect-coverage	UNKNOWN STEP	2025-12-21T16:48:21.3513020Z ##[endgroup]
collect-coverage	UNKNOWN STEP	2025-12-21T16:48:22.4037940Z âœ… /home/runner/work/simple_match/simple_match/test/viewmodel_match_setup_viewmodel_uncovered_test.dart: MatchSetupViewModel edge cases
collect-coverage	UNKNOWN STEP	2025-12-21T16:48:23.5292156Z âœ… /home/runner/work/simple_match/simple_match/test/export_import_widget_test.dart: Widget-hosted Export->Import flow
collect-coverage	UNKNOWN STEP	2025-12-21T16:48:23.5714968Z âœ… /home/runner/work/simple_match/simple_match/test/persistence_backup_integration_test.dart: Persistence backup integration-style export to file and import back restores data
collect-coverage	UNKNOWN STEP	2025-12-21T16:48:25.2153807Z âœ… /home/runner/work/simple_match/simple_match/test/views_main_menu_view_test.dart: MainMenuView renders all buttons
collect-coverage	UNKNOWN STEP	2025-12-21T16:48:25.5649106Z 
collect-coverage	UNKNOWN STEP	2025-12-21T16:48:25.5657703Z ðŸŽ‰ 332 tests passed.
collect-coverage	UNKNOWN STEP	2025-12-21T16:48:25.6575952Z Enabling web and running tests on Chrome...
collect-coverage	UNKNOWN STEP	2025-12-21T16:48:25.7635740Z Setting "enable-web" value to "true".
collect-coverage	UNKNOWN STEP	2025-12-21T16:48:25.7636399Z 
collect-coverage	UNKNOWN STEP	2025-12-21T16:48:25.7636726Z You may need to restart any open editors for them to read new settings.
collect-coverage	UNKNOWN STEP	2025-12-21T16:48:25.7699440Z Running web tests on Chrome (logs -> coverage/web_test.log)
collect-coverage	UNKNOWN STEP	2025-12-21T16:48:25.7700000Z CHROME_EXECUTABLE not set and default macOS path not found; relying on PATH to find Chrome
collect-coverage	UNKNOWN STEP	2025-12-21T16:48:25.8773882Z Flutter: Flutter 3.38.5 â€¢ channel stable â€¢ https://github.com/flutter/flutter.git
collect-coverage	UNKNOWN STEP	2025-12-21T16:48:25.8793312Z Which chrome: /usr/bin/google-chrome
collect-coverage	UNKNOWN STEP	2025-12-21T16:48:25.8793820Z Attempt: flutter test -d chrome --coverage -v
collect-coverage	UNKNOWN STEP	2025-12-21T16:50:44.8098784Z Chrome coverage captured -> coverage/lcov.chrome.info
collect-coverage	UNKNOWN STEP	2025-12-21T16:50:44.8099263Z Merging LCOV files...
collect-coverage	UNKNOWN STEP	2025-12-21T16:50:44.8101760Z ./scripts/collect_coverage.sh: line 72: lcov: command not found
collect-coverage	UNKNOWN STEP	2025-12-21T16:50:44.8122642Z ##[error]Process completed with exit code 127.
collect-coverage	UNKNOWN STEP	2025-12-21T16:50:44.8244336Z Post job cleanup.
collect-coverage	UNKNOWN STEP	2025-12-21T16:50:44.8295610Z Post job cleanup.
collect-coverage	UNKNOWN STEP	2025-12-21T16:50:44.9251149Z [command]/usr/bin/git version
collect-coverage	UNKNOWN STEP	2025-12-21T16:50:44.9289388Z git version 2.52.0
collect-coverage	UNKNOWN STEP	2025-12-21T16:50:44.9333323Z Temporarily overriding HOME='/home/runner/work/_temp/7dad20fb-9b10-4ab4-8ae7-bed140b7c8e2' before making global git config changes
collect-coverage	UNKNOWN STEP	2025-12-21T16:50:44.9334610Z Adding repository directory to the temporary git global config as a safe directory
collect-coverage	UNKNOWN STEP	2025-12-21T16:50:44.9339057Z [command]/usr/bin/git config --global --add safe.directory /home/runner/work/simple_match/simple_match
collect-coverage	UNKNOWN STEP	2025-12-21T16:50:44.9375435Z [command]/usr/bin/git config --local --name-only --get-regexp core\.sshCommand
collect-coverage	UNKNOWN STEP	2025-12-21T16:50:44.9408504Z [command]/usr/bin/git submodule foreach --recursive sh -c "git config --local --name-only --get-regexp 'core\.sshCommand' && git config --local --unset-all 'core.sshCommand' || :"
collect-coverage	UNKNOWN STEP	2025-12-21T16:50:44.9647773Z [command]/usr/bin/git config --local --name-only --get-regexp http\.https\:\/\/github\.com\/\.extraheader
collect-coverage	UNKNOWN STEP	2025-12-21T16:50:44.9670454Z http.https://github.com/.extraheader
collect-coverage	UNKNOWN STEP	2025-12-21T16:50:44.9682778Z [command]/usr/bin/git config --local --unset-all http.https://github.com/.extraheader
collect-coverage	UNKNOWN STEP	2025-12-21T16:50:44.9715432Z [command]/usr/bin/git submodule foreach --recursive sh -c "git config --local --name-only --get-regexp 'http\.https\:\/\/github\.com\/\.extraheader' && git config --local --unset-all 'http.https://github.com/.extraheader' || :"
collect-coverage	UNKNOWN STEP	2025-12-21T16:50:44.9942634Z [command]/usr/bin/git config --local --name-only --get-regexp ^includeIf\.gitdir:
collect-coverage	UNKNOWN STEP	2025-12-21T16:50:44.9974852Z [command]/usr/bin/git submodule foreach --recursive git config --local --show-origin --name-only --get-regexp remote.origin.url
collect-coverage	UNKNOWN STEP	2025-12-21T16:50:45.0340927Z Cleaning up orphan processes
