test	Set up job	ï»¿2025-12-23T16:16:21.0164391Z Current runner version: '2.330.0'
test	Set up job	2025-12-23T16:16:21.0197902Z ##[group]Runner Image Provisioner
test	Set up job	2025-12-23T16:16:21.0199176Z Hosted Compute Agent
test	Set up job	2025-12-23T16:16:21.0200042Z Version: 20251211.462
test	Set up job	2025-12-23T16:16:21.0201059Z Commit: 6cbad8c2bb55d58165063d031ccabf57e2d2db61
test	Set up job	2025-12-23T16:16:21.0202212Z Build Date: 2025-12-11T16:28:49Z
test	Set up job	2025-12-23T16:16:21.0203184Z Worker ID: {ad8c6fc4-9d47-4191-a07c-1842b139cce3}
test	Set up job	2025-12-23T16:16:21.0204675Z ##[endgroup]
test	Set up job	2025-12-23T16:16:21.0205463Z ##[group]Operating System
test	Set up job	2025-12-23T16:16:21.0206544Z Ubuntu
test	Set up job	2025-12-23T16:16:21.0207408Z 24.04.3
test	Set up job	2025-12-23T16:16:21.0208073Z LTS
test	Set up job	2025-12-23T16:16:21.0208927Z ##[endgroup]
test	Set up job	2025-12-23T16:16:21.0209715Z ##[group]Runner Image
test	Set up job	2025-12-23T16:16:21.0210607Z Image: ubuntu-24.04
test	Set up job	2025-12-23T16:16:21.0211384Z Version: 20251215.174.1
test	Set up job	2025-12-23T16:16:21.0213321Z Included Software: https://github.com/actions/runner-images/blob/ubuntu24/20251215.174/images/ubuntu/Ubuntu2404-Readme.md
test	Set up job	2025-12-23T16:16:21.0215963Z Image Release: https://github.com/actions/runner-images/releases/tag/ubuntu24%2F20251215.174
test	Set up job	2025-12-23T16:16:21.0218591Z ##[endgroup]
test	Set up job	2025-12-23T16:16:21.0220479Z ##[group]GITHUB_TOKEN Permissions
test	Set up job	2025-12-23T16:16:21.0222929Z Contents: read
test	Set up job	2025-12-23T16:16:21.0224195Z Metadata: read
test	Set up job	2025-12-23T16:16:21.0225064Z Packages: read
test	Set up job	2025-12-23T16:16:21.0225912Z ##[endgroup]
test	Set up job	2025-12-23T16:16:21.0229220Z Secret source: Actions
test	Set up job	2025-12-23T16:16:21.0230739Z Prepare workflow directory
test	Set up job	2025-12-23T16:16:21.0694060Z Prepare all required actions
test	Set up job	2025-12-23T16:16:21.0751176Z Getting action download info
test	Set up job	2025-12-23T16:16:21.3861686Z Download action repository 'actions/checkout@v4' (SHA:34e114876b0b11c390a56381ad16ebd13914f8d5)
test	Set up job	2025-12-23T16:16:21.4821819Z Download action repository 'actions/setup-java@v4' (SHA:c1e323688fd81a25caa38c78aa6df2d33d3e20d9)
test	Set up job	2025-12-23T16:16:21.7531536Z Download action repository 'subosito/flutter-action@v2' (SHA:fd55f4c5af5b953cc57a2be44cb082c8f6635e8e)
test	Set up job	2025-12-23T16:16:21.8888917Z Download action repository 'actions/upload-artifact@v4' (SHA:ea165f8d65b6e75b540449e92b4886f43607fa02)
test	Set up job	2025-12-23T16:16:22.0028201Z Download action repository 'actions/cache@v4' (SHA:0057852bfaa89a56745cba8c7296529d2fc39830)
test	Set up job	2025-12-23T16:16:22.4749292Z Getting action download info
test	Set up job	2025-12-23T16:16:22.6659040Z Complete job name: test
test	Run actions/checkout@v4	ï»¿2025-12-23T16:16:22.7827249Z ##[group]Run actions/checkout@v4
test	Run actions/checkout@v4	2025-12-23T16:16:22.7828520Z with:
test	Run actions/checkout@v4	2025-12-23T16:16:22.7829218Z   lfs: true
test	Run actions/checkout@v4	2025-12-23T16:16:22.7829966Z   repository: hfcs/simple_match
test	Run actions/checkout@v4	2025-12-23T16:16:22.7831134Z   token: ***
test	Run actions/checkout@v4	2025-12-23T16:16:22.7831869Z   ssh-strict: true
test	Run actions/checkout@v4	2025-12-23T16:16:22.7832619Z   ssh-user: git
test	Run actions/checkout@v4	2025-12-23T16:16:22.7833621Z   persist-credentials: true
test	Run actions/checkout@v4	2025-12-23T16:16:22.7834524Z   clean: true
test	Run actions/checkout@v4	2025-12-23T16:16:22.7835329Z   sparse-checkout-cone-mode: true
test	Run actions/checkout@v4	2025-12-23T16:16:22.7836219Z   fetch-depth: 1
test	Run actions/checkout@v4	2025-12-23T16:16:22.7899656Z   fetch-tags: false
test	Run actions/checkout@v4	2025-12-23T16:16:22.7900635Z   show-progress: true
test	Run actions/checkout@v4	2025-12-23T16:16:22.7901536Z   submodules: false
test	Run actions/checkout@v4	2025-12-23T16:16:22.7902350Z   set-safe-directory: true
test	Run actions/checkout@v4	2025-12-23T16:16:22.7903964Z ##[endgroup]
test	Run actions/checkout@v4	2025-12-23T16:16:22.8997319Z Syncing repository: hfcs/simple_match
test	Run actions/checkout@v4	2025-12-23T16:16:22.8999696Z ##[group]Getting Git version info
test	Run actions/checkout@v4	2025-12-23T16:16:22.9000952Z Working directory is '/home/runner/work/simple_match/simple_match'
test	Run actions/checkout@v4	2025-12-23T16:16:22.9002688Z [command]/usr/bin/git version
test	Run actions/checkout@v4	2025-12-23T16:16:23.0277345Z git version 2.52.0
test	Run actions/checkout@v4	2025-12-23T16:16:23.0341002Z [command]/usr/bin/git lfs version
test	Run actions/checkout@v4	2025-12-23T16:16:23.5815207Z git-lfs/3.7.1 (GitHub; linux amd64; go 1.24.4)
test	Run actions/checkout@v4	2025-12-23T16:16:23.5829609Z ##[endgroup]
test	Run actions/checkout@v4	2025-12-23T16:16:23.5846821Z Temporarily overriding HOME='/home/runner/work/_temp/fa846169-6d2e-4d30-8248-a101a91b24c0' before making global git config changes
test	Run actions/checkout@v4	2025-12-23T16:16:23.5848117Z Adding repository directory to the temporary git global config as a safe directory
test	Run actions/checkout@v4	2025-12-23T16:16:23.5853941Z [command]/usr/bin/git config --global --add safe.directory /home/runner/work/simple_match/simple_match
test	Run actions/checkout@v4	2025-12-23T16:16:23.5888553Z Deleting the contents of '/home/runner/work/simple_match/simple_match'
test	Run actions/checkout@v4	2025-12-23T16:16:23.5892438Z ##[group]Initializing the repository
test	Run actions/checkout@v4	2025-12-23T16:16:23.5896959Z [command]/usr/bin/git init /home/runner/work/simple_match/simple_match
test	Run actions/checkout@v4	2025-12-23T16:16:23.5976354Z hint: Using 'master' as the name for the initial branch. This default branch name
test	Run actions/checkout@v4	2025-12-23T16:16:23.5977230Z hint: will change to "main" in Git 3.0. To configure the initial branch name
test	Run actions/checkout@v4	2025-12-23T16:16:23.5977795Z hint: to use in all of your new repositories, which will suppress this warning,
test	Run actions/checkout@v4	2025-12-23T16:16:23.5978193Z hint: call:
test	Run actions/checkout@v4	2025-12-23T16:16:23.5978381Z hint:
test	Run actions/checkout@v4	2025-12-23T16:16:23.5978653Z hint: 	git config --global init.defaultBranch <name>
test	Run actions/checkout@v4	2025-12-23T16:16:23.5978975Z hint:
test	Run actions/checkout@v4	2025-12-23T16:16:23.5979413Z hint: Names commonly chosen instead of 'master' are 'main', 'trunk' and
test	Run actions/checkout@v4	2025-12-23T16:16:23.5980326Z hint: 'development'. The just-created branch can be renamed via this command:
test	Run actions/checkout@v4	2025-12-23T16:16:23.5981058Z hint:
test	Run actions/checkout@v4	2025-12-23T16:16:23.5981386Z hint: 	git branch -m <name>
test	Run actions/checkout@v4	2025-12-23T16:16:23.5981785Z hint:
test	Run actions/checkout@v4	2025-12-23T16:16:23.5982373Z hint: Disable this message with "git config set advice.defaultBranchName false"
test	Run actions/checkout@v4	2025-12-23T16:16:23.5983629Z Initialized empty Git repository in /home/runner/work/simple_match/simple_match/.git/
test	Run actions/checkout@v4	2025-12-23T16:16:23.5993230Z [command]/usr/bin/git remote add origin https://github.com/hfcs/simple_match
test	Run actions/checkout@v4	2025-12-23T16:16:23.6026252Z ##[endgroup]
test	Run actions/checkout@v4	2025-12-23T16:16:23.6026922Z ##[group]Disabling automatic garbage collection
test	Run actions/checkout@v4	2025-12-23T16:16:23.6031278Z [command]/usr/bin/git config --local gc.auto 0
test	Run actions/checkout@v4	2025-12-23T16:16:23.6056617Z ##[endgroup]
test	Run actions/checkout@v4	2025-12-23T16:16:23.6057238Z ##[group]Setting up auth
test	Run actions/checkout@v4	2025-12-23T16:16:23.6064314Z [command]/usr/bin/git config --local --name-only --get-regexp core\.sshCommand
test	Run actions/checkout@v4	2025-12-23T16:16:23.6093824Z [command]/usr/bin/git submodule foreach --recursive sh -c "git config --local --name-only --get-regexp 'core\.sshCommand' && git config --local --unset-all 'core.sshCommand' || :"
test	Run actions/checkout@v4	2025-12-23T16:16:23.6344039Z [command]/usr/bin/git config --local --name-only --get-regexp http\.https\:\/\/github\.com\/\.extraheader
test	Run actions/checkout@v4	2025-12-23T16:16:23.6372333Z [command]/usr/bin/git submodule foreach --recursive sh -c "git config --local --name-only --get-regexp 'http\.https\:\/\/github\.com\/\.extraheader' && git config --local --unset-all 'http.https://github.com/.extraheader' || :"
test	Run actions/checkout@v4	2025-12-23T16:16:23.6586339Z [command]/usr/bin/git config --local --name-only --get-regexp ^includeIf\.gitdir:
test	Run actions/checkout@v4	2025-12-23T16:16:23.6615597Z [command]/usr/bin/git submodule foreach --recursive git config --local --show-origin --name-only --get-regexp remote.origin.url
test	Run actions/checkout@v4	2025-12-23T16:16:23.6829012Z [command]/usr/bin/git config --local http.https://github.com/.extraheader AUTHORIZATION: basic ***
test	Run actions/checkout@v4	2025-12-23T16:16:23.6862237Z ##[endgroup]
test	Run actions/checkout@v4	2025-12-23T16:16:23.6866151Z [command]/usr/bin/git lfs install --local
test	Run actions/checkout@v4	2025-12-23T16:16:23.7202930Z Updated Git hooks.
test	Run actions/checkout@v4	2025-12-23T16:16:23.7218351Z Git LFS initialized.
test	Run actions/checkout@v4	2025-12-23T16:16:23.7219297Z ##[group]Fetching the repository
test	Run actions/checkout@v4	2025-12-23T16:16:23.7228578Z [command]/usr/bin/git -c protocol.version=2 fetch --no-tags --prune --no-recurse-submodules --depth=1 origin +dcf52f2d086b06ddd6bcfbe940b49aafcc3b4157:refs/remotes/origin/main
test	Run actions/checkout@v4	2025-12-23T16:16:23.9253084Z From https://github.com/hfcs/simple_match
test	Run actions/checkout@v4	2025-12-23T16:16:23.9254700Z  * [new ref]         dcf52f2d086b06ddd6bcfbe940b49aafcc3b4157 -> origin/main
test	Run actions/checkout@v4	2025-12-23T16:16:23.9285217Z ##[endgroup]
test	Run actions/checkout@v4	2025-12-23T16:16:23.9285842Z ##[group]Determining the checkout info
test	Run actions/checkout@v4	2025-12-23T16:16:23.9288642Z ##[endgroup]
test	Run actions/checkout@v4	2025-12-23T16:16:23.9289311Z ##[group]Fetching LFS objects
test	Run actions/checkout@v4	2025-12-23T16:16:23.9294907Z [command]/usr/bin/git lfs fetch origin refs/remotes/origin/main
test	Run actions/checkout@v4	2025-12-23T16:16:23.9506150Z Fetching reference refs/remotes/origin/main
test	Run actions/checkout@v4	2025-12-23T16:16:23.9771843Z ##[endgroup]
test	Run actions/checkout@v4	2025-12-23T16:16:23.9776463Z [command]/usr/bin/git sparse-checkout disable
test	Run actions/checkout@v4	2025-12-23T16:16:23.9816285Z [command]/usr/bin/git config --local --unset-all extensions.worktreeConfig
test	Run actions/checkout@v4	2025-12-23T16:16:23.9840832Z ##[group]Checking out the ref
test	Run actions/checkout@v4	2025-12-23T16:16:23.9846607Z [command]/usr/bin/git checkout --progress --force -B main refs/remotes/origin/main
test	Run actions/checkout@v4	2025-12-23T16:16:24.0076050Z Switched to a new branch 'main'
test	Run actions/checkout@v4	2025-12-23T16:16:24.0078800Z branch 'main' set up to track 'origin/main'.
test	Run actions/checkout@v4	2025-12-23T16:16:24.0317533Z ##[endgroup]
test	Run actions/checkout@v4	2025-12-23T16:16:24.0352825Z [command]/usr/bin/git log -1 --format=%H
test	Run actions/checkout@v4	2025-12-23T16:16:24.0374311Z dcf52f2d086b06ddd6bcfbe940b49aafcc3b4157
test	Setup JDK 21	ï»¿2025-12-23T16:16:24.0614235Z ##[group]Run actions/setup-java@v4
test	Setup JDK 21	2025-12-23T16:16:24.0614542Z with:
test	Setup JDK 21	2025-12-23T16:16:24.0614735Z   distribution: temurin
test	Setup JDK 21	2025-12-23T16:16:24.0614940Z   java-version: 21
test	Setup JDK 21	2025-12-23T16:16:24.0615123Z   java-package: jdk
test	Setup JDK 21	2025-12-23T16:16:24.0615323Z   check-latest: false
test	Setup JDK 21	2025-12-23T16:16:24.0615508Z   server-id: github
test	Setup JDK 21	2025-12-23T16:16:24.0615705Z   server-username: GITHUB_ACTOR
test	Setup JDK 21	2025-12-23T16:16:24.0615935Z   server-password: GITHUB_TOKEN
test	Setup JDK 21	2025-12-23T16:16:24.0616169Z   overwrite-settings: true
test	Setup JDK 21	2025-12-23T16:16:24.0616378Z   job-status: success
test	Setup JDK 21	2025-12-23T16:16:24.0616714Z   token: ***
test	Setup JDK 21	2025-12-23T16:16:24.0616902Z ##[endgroup]
test	Setup JDK 21	2025-12-23T16:16:24.2581936Z ##[group]Installed distributions
test	Setup JDK 21	2025-12-23T16:16:24.2645790Z Resolved Java 21.0.9+10 from tool-cache
test	Setup JDK 21	2025-12-23T16:16:24.2646615Z Setting Java 21.0.9+10 as the default
test	Setup JDK 21	2025-12-23T16:16:24.2659062Z Creating toolchains.xml for JDK version 21 from temurin
test	Setup JDK 21	2025-12-23T16:16:24.2734749Z Writing to /home/runner/.m2/toolchains.xml
test	Setup JDK 21	2025-12-23T16:16:24.2735254Z 
test	Setup JDK 21	2025-12-23T16:16:24.2735547Z Java configuration:
test	Setup JDK 21	2025-12-23T16:16:24.2736858Z   Distribution: temurin
test	Setup JDK 21	2025-12-23T16:16:24.2737380Z   Version: 21.0.9+10
test	Setup JDK 21	2025-12-23T16:16:24.2738254Z   Path: /opt/hostedtoolcache/Java_Temurin-Hotspot_jdk/21.0.9-10/x64
test	Setup JDK 21	2025-12-23T16:16:24.2738941Z 
test	Setup JDK 21	2025-12-23T16:16:24.2739489Z ##[endgroup]
test	Setup JDK 21	2025-12-23T16:16:24.2756937Z Creating settings.xml with server-id: github
test	Setup JDK 21	2025-12-23T16:16:24.2759232Z Writing to /home/runner/.m2/settings.xml
test	Debug: show Java/Gradle info	ï»¿2025-12-23T16:16:24.2881776Z ##[group]Run echo "JAVA_HOME=$JAVA_HOME"
test	Debug: show Java/Gradle info	2025-12-23T16:16:24.2882163Z [36;1mecho "JAVA_HOME=$JAVA_HOME"[0m
test	Debug: show Java/Gradle info	2025-12-23T16:16:24.2882439Z [36;1mjava -version || true[0m
test	Debug: show Java/Gradle info	2025-12-23T16:16:24.2882678Z [36;1mjavac -version || true[0m
test	Debug: show Java/Gradle info	2025-12-23T16:16:24.2882919Z [36;1m./gradlew --version || true[0m
test	Debug: show Java/Gradle info	2025-12-23T16:16:24.2922197Z shell: /usr/bin/bash -e {0}
test	Debug: show Java/Gradle info	2025-12-23T16:16:24.2922462Z env:
test	Debug: show Java/Gradle info	2025-12-23T16:16:24.2922755Z   JAVA_HOME: /opt/hostedtoolcache/Java_Temurin-Hotspot_jdk/21.0.9-10/x64
test	Debug: show Java/Gradle info	2025-12-23T16:16:24.2923243Z   JAVA_HOME_21_X64: /opt/hostedtoolcache/Java_Temurin-Hotspot_jdk/21.0.9-10/x64
test	Debug: show Java/Gradle info	2025-12-23T16:16:24.2923877Z ##[endgroup]
test	Debug: show Java/Gradle info	2025-12-23T16:16:24.2995855Z JAVA_HOME=/opt/hostedtoolcache/Java_Temurin-Hotspot_jdk/21.0.9-10/x64
test	Debug: show Java/Gradle info	2025-12-23T16:16:24.3790343Z openjdk version "21.0.9" 2025-10-21 LTS
test	Debug: show Java/Gradle info	2025-12-23T16:16:24.3791182Z OpenJDK Runtime Environment Temurin-21.0.9+10 (build 21.0.9+10-LTS)
test	Debug: show Java/Gradle info	2025-12-23T16:16:24.3792085Z OpenJDK 64-Bit Server VM Temurin-21.0.9+10 (build 21.0.9+10-LTS, mixed mode, sharing)
test	Debug: show Java/Gradle info	2025-12-23T16:16:24.5655494Z javac 21.0.9
test	Debug: show Java/Gradle info	2025-12-23T16:16:24.5849901Z /home/runner/work/_temp/ba0601cf-2bae-4be6-b52a-990973c644bb.sh: line 4: ./gradlew: No such file or directory
test	Setup Flutter	ï»¿2025-12-23T16:16:24.6001804Z ##[group]Run subosito/flutter-action@v2
test	Setup Flutter	2025-12-23T16:16:24.6002104Z with:
test	Setup Flutter	2025-12-23T16:16:24.6002278Z   channel: stable
test	Setup Flutter	2025-12-23T16:16:24.6002460Z   architecture: X64
test	Setup Flutter	2025-12-23T16:16:24.6002646Z   cache: false
test	Setup Flutter	2025-12-23T16:16:24.6002837Z   pub-cache-path: default
test	Setup Flutter	2025-12-23T16:16:24.6003046Z   dry-run: false
test	Setup Flutter	2025-12-23T16:16:24.6003296Z   git-source: https://github.com/flutter/flutter.git
test	Setup Flutter	2025-12-23T16:16:24.6003875Z env:
test	Setup Flutter	2025-12-23T16:16:24.6004162Z   JAVA_HOME: /opt/hostedtoolcache/Java_Temurin-Hotspot_jdk/21.0.9-10/x64
test	Setup Flutter	2025-12-23T16:16:24.6004628Z   JAVA_HOME_21_X64: /opt/hostedtoolcache/Java_Temurin-Hotspot_jdk/21.0.9-10/x64
test	Setup Flutter	2025-12-23T16:16:24.6004992Z ##[endgroup]
test	Setup Flutter	2025-12-23T16:16:24.6082943Z ##[group]Run chmod +x "$GITHUB_ACTION_PATH/setup.sh"
test	Setup Flutter	2025-12-23T16:16:24.6083321Z [36;1mchmod +x "$GITHUB_ACTION_PATH/setup.sh"[0m
test	Setup Flutter	2025-12-23T16:16:24.6118092Z shell: /usr/bin/bash --noprofile --norc -e -o pipefail {0}
test	Setup Flutter	2025-12-23T16:16:24.6118578Z env:
test	Setup Flutter	2025-12-23T16:16:24.6118873Z   JAVA_HOME: /opt/hostedtoolcache/Java_Temurin-Hotspot_jdk/21.0.9-10/x64
test	Setup Flutter	2025-12-23T16:16:24.6119386Z   JAVA_HOME_21_X64: /opt/hostedtoolcache/Java_Temurin-Hotspot_jdk/21.0.9-10/x64
test	Setup Flutter	2025-12-23T16:16:24.6119751Z ##[endgroup]
test	Setup Flutter	2025-12-23T16:16:24.6229505Z ##[group]Run $GITHUB_ACTION_PATH/setup.sh -p \
test	Setup Flutter	2025-12-23T16:16:24.6229864Z [36;1m$GITHUB_ACTION_PATH/setup.sh -p \[0m
test	Setup Flutter	2025-12-23T16:16:24.6230135Z [36;1m  -n '' \[0m
test	Setup Flutter	2025-12-23T16:16:24.6230327Z [36;1m  -f '' \[0m
test	Setup Flutter	2025-12-23T16:16:24.6230516Z [36;1m  -a 'X64' \[0m
test	Setup Flutter	2025-12-23T16:16:24.6230698Z [36;1m  -k '' \[0m
test	Setup Flutter	2025-12-23T16:16:24.6230873Z [36;1m  -c '' \[0m
test	Setup Flutter	2025-12-23T16:16:24.6231037Z [36;1m  -l '' \[0m
test	Setup Flutter	2025-12-23T16:16:24.6231215Z [36;1m  -d 'default' \[0m
test	Setup Flutter	2025-12-23T16:16:24.6231519Z [36;1m  -g 'https://github.com/flutter/flutter.git' \[0m
test	Setup Flutter	2025-12-23T16:16:24.6231807Z [36;1m  stable[0m
test	Setup Flutter	2025-12-23T16:16:24.6262700Z shell: /usr/bin/bash --noprofile --norc -e -o pipefail {0}
test	Setup Flutter	2025-12-23T16:16:24.6263046Z env:
test	Setup Flutter	2025-12-23T16:16:24.6263323Z   JAVA_HOME: /opt/hostedtoolcache/Java_Temurin-Hotspot_jdk/21.0.9-10/x64
test	Setup Flutter	2025-12-23T16:16:24.6264094Z   JAVA_HOME_21_X64: /opt/hostedtoolcache/Java_Temurin-Hotspot_jdk/21.0.9-10/x64
test	Setup Flutter	2025-12-23T16:16:24.6264443Z ##[endgroup]
test	Setup Flutter	2025-12-23T16:16:24.8226243Z ##[group]Run $GITHUB_ACTION_PATH/setup.sh \
test	Setup Flutter	2025-12-23T16:16:24.8226611Z [36;1m$GITHUB_ACTION_PATH/setup.sh \[0m
test	Setup Flutter	2025-12-23T16:16:24.8226859Z [36;1m  -n '3.38.5' \[0m
test	Setup Flutter	2025-12-23T16:16:24.8227071Z [36;1m  -a 'x64' \[0m
test	Setup Flutter	2025-12-23T16:16:24.8227352Z [36;1m  -c '/opt/hostedtoolcache/flutter/stable-3.38.5-x64' \[0m
test	Setup Flutter	2025-12-23T16:16:24.8227692Z [36;1m  -d '/home/runner/.pub-cache' \[0m
test	Setup Flutter	2025-12-23T16:16:24.8227932Z [36;1m  stable[0m
test	Setup Flutter	2025-12-23T16:16:24.8260028Z shell: /usr/bin/bash --noprofile --norc -e -o pipefail {0}
test	Setup Flutter	2025-12-23T16:16:24.8260362Z env:
test	Setup Flutter	2025-12-23T16:16:24.8260646Z   JAVA_HOME: /opt/hostedtoolcache/Java_Temurin-Hotspot_jdk/21.0.9-10/x64
test	Setup Flutter	2025-12-23T16:16:24.8261128Z   JAVA_HOME_21_X64: /opt/hostedtoolcache/Java_Temurin-Hotspot_jdk/21.0.9-10/x64
test	Setup Flutter	2025-12-23T16:16:24.8261491Z ##[endgroup]
test	Setup Flutter	2025-12-23T16:16:24.9718557Z   % Total    % Received % Xferd  Average Speed   Time    Time     Time  Current
test	Setup Flutter	2025-12-23T16:16:24.9719467Z                                  Dload  Upload   Total   Spent    Left  Speed
test	Setup Flutter	2025-12-23T16:16:24.9719886Z 
test	Setup Flutter	2025-12-23T16:16:25.6799718Z   0     0    0     0    0     0      0      0 --:--:-- --:--:-- --:--:--     0
test	Setup Flutter	2025-12-23T16:16:26.6806632Z   6 1396M    6 91.3M    0     0   129M      0  0:00:10 --:--:--  0:00:10  128M
test	Setup Flutter	2025-12-23T16:16:27.6801764Z  18 1396M   18  254M    0     0   148M      0  0:00:09  0:00:01  0:00:08  148M
test	Setup Flutter	2025-12-23T16:16:28.6802861Z  28 1396M   28  394M    0     0   145M      0  0:00:09  0:00:02  0:00:07  145M
test	Setup Flutter	2025-12-23T16:16:29.6796993Z  35 1396M   35  496M    0     0   133M      0  0:00:10  0:00:03  0:00:07  133M
test	Setup Flutter	2025-12-23T16:16:30.6814506Z  44 1396M   44  624M    0     0   132M      0  0:00:10  0:00:04  0:00:06  132M
test	Setup Flutter	2025-12-23T16:16:31.6802628Z  55 1396M   55  769M    0     0   134M      0  0:00:10  0:00:05  0:00:05  135M
test	Setup Flutter	2025-12-23T16:16:32.6815780Z  64 1396M   64  894M    0     0   133M      0  0:00:10  0:00:06  0:00:04  127M
test	Setup Flutter	2025-12-23T16:16:33.6801635Z  73 1396M   73 1032M    0     0   133M      0  0:00:10  0:00:07  0:00:03  127M
test	Setup Flutter	2025-12-23T16:16:34.6796588Z  85 1396M   85 1189M    0     0   136M      0  0:00:10  0:00:08  0:00:02  138M
test	Setup Flutter	2025-12-23T16:16:35.1009491Z  95 1396M   95 1338M    0     0   137M      0  0:00:10  0:00:09  0:00:01  142M
test	Setup Flutter	2025-12-23T16:16:35.1010237Z 100 1396M  100 1396M    0     0   137M      0  0:00:10  0:00:10 --:--:--  141M
test	Verify Flutter	ï»¿2025-12-23T16:17:24.2506245Z ##[group]Run flutter --version
test	Verify Flutter	2025-12-23T16:17:24.2506552Z [36;1mflutter --version[0m
test	Verify Flutter	2025-12-23T16:17:24.2538991Z shell: /usr/bin/bash -e {0}
test	Verify Flutter	2025-12-23T16:17:24.2539250Z env:
test	Verify Flutter	2025-12-23T16:17:24.2539531Z   JAVA_HOME: /opt/hostedtoolcache/Java_Temurin-Hotspot_jdk/21.0.9-10/x64
test	Verify Flutter	2025-12-23T16:17:24.2539976Z   JAVA_HOME_21_X64: /opt/hostedtoolcache/Java_Temurin-Hotspot_jdk/21.0.9-10/x64
test	Verify Flutter	2025-12-23T16:17:24.2540557Z   FLUTTER_ROOT: /opt/hostedtoolcache/flutter/stable-3.38.5-x64
test	Verify Flutter	2025-12-23T16:17:24.2540869Z   PUB_CACHE: /home/runner/.pub-cache
test	Verify Flutter	2025-12-23T16:17:24.2541099Z ##[endgroup]
test	Verify Flutter	2025-12-23T16:17:24.3670695Z Flutter 3.38.5 â€¢ channel stable â€¢ https://github.com/flutter/flutter.git
test	Verify Flutter	2025-12-23T16:17:24.3710846Z Framework â€¢ revision f6ff1529fd (12 days ago) â€¢ 2025-12-11 11:50:07 -0500
test	Verify Flutter	2025-12-23T16:17:24.3711608Z Engine â€¢ hash c108a94d7a8273e112339e6c6833daa06e723a54 (revision 1527ae0ec5) (12 days ago) â€¢ 2025-12-11 15:04:31.000Z
test	Verify Flutter	2025-12-23T16:17:24.3712150Z Tools â€¢ Dart 3.10.4 â€¢ DevTools 2.51.1
test	Install coverage tools (lcov, poppler-utils, git-lfs)	ï»¿2025-12-23T16:17:24.3736070Z ##[group]Run sudo apt-get update
test	Install coverage tools (lcov, poppler-utils, git-lfs)	2025-12-23T16:17:24.3736395Z [36;1msudo apt-get update[0m
test	Install coverage tools (lcov, poppler-utils, git-lfs)	2025-12-23T16:17:24.3736673Z [36;1msudo apt-get install -y lcov poppler-utils git-lfs[0m
test	Install coverage tools (lcov, poppler-utils, git-lfs)	2025-12-23T16:17:24.3737000Z [36;1mgit lfs install --system || true[0m
test	Install coverage tools (lcov, poppler-utils, git-lfs)	2025-12-23T16:17:24.3737305Z [36;1mgit lfs pull --include="assets/fonts/*" || true[0m
test	Install coverage tools (lcov, poppler-utils, git-lfs)	2025-12-23T16:17:24.3769803Z shell: /usr/bin/bash -e {0}
test	Install coverage tools (lcov, poppler-utils, git-lfs)	2025-12-23T16:17:24.3770033Z env:
test	Install coverage tools (lcov, poppler-utils, git-lfs)	2025-12-23T16:17:24.3770317Z   JAVA_HOME: /opt/hostedtoolcache/Java_Temurin-Hotspot_jdk/21.0.9-10/x64
test	Install coverage tools (lcov, poppler-utils, git-lfs)	2025-12-23T16:17:24.3770772Z   JAVA_HOME_21_X64: /opt/hostedtoolcache/Java_Temurin-Hotspot_jdk/21.0.9-10/x64
test	Install coverage tools (lcov, poppler-utils, git-lfs)	2025-12-23T16:17:24.3771193Z   FLUTTER_ROOT: /opt/hostedtoolcache/flutter/stable-3.38.5-x64
test	Install coverage tools (lcov, poppler-utils, git-lfs)	2025-12-23T16:17:24.3771520Z   PUB_CACHE: /home/runner/.pub-cache
test	Install coverage tools (lcov, poppler-utils, git-lfs)	2025-12-23T16:17:24.3771752Z ##[endgroup]
test	Install coverage tools (lcov, poppler-utils, git-lfs)	2025-12-23T16:17:24.4540428Z Get:1 file:/etc/apt/apt-mirrors.txt Mirrorlist [144 B]
test	Install coverage tools (lcov, poppler-utils, git-lfs)	2025-12-23T16:17:24.4956108Z Hit:2 http://azure.archive.ubuntu.com/ubuntu noble InRelease
test	Install coverage tools (lcov, poppler-utils, git-lfs)	2025-12-23T16:17:24.4971035Z Get:3 http://azure.archive.ubuntu.com/ubuntu noble-updates InRelease [126 kB]
test	Install coverage tools (lcov, poppler-utils, git-lfs)	2025-12-23T16:17:24.4981428Z Hit:6 https://packages.microsoft.com/repos/azure-cli noble InRelease
test	Install coverage tools (lcov, poppler-utils, git-lfs)	2025-12-23T16:17:24.5053592Z Get:7 https://packages.microsoft.com/ubuntu/24.04/prod noble InRelease [3600 B]
test	Install coverage tools (lcov, poppler-utils, git-lfs)	2025-12-23T16:17:24.5057472Z Get:4 http://azure.archive.ubuntu.com/ubuntu noble-backports InRelease [126 kB]
test	Install coverage tools (lcov, poppler-utils, git-lfs)	2025-12-23T16:17:24.5074229Z Get:5 http://azure.archive.ubuntu.com/ubuntu noble-security InRelease [126 kB]
test	Install coverage tools (lcov, poppler-utils, git-lfs)	2025-12-23T16:17:24.6804878Z Get:8 http://azure.archive.ubuntu.com/ubuntu noble-updates/main amd64 Packages [1684 kB]
test	Install coverage tools (lcov, poppler-utils, git-lfs)	2025-12-23T16:17:24.6966703Z Get:9 http://azure.archive.ubuntu.com/ubuntu noble-updates/main Translation-en [311 kB]
test	Install coverage tools (lcov, poppler-utils, git-lfs)	2025-12-23T16:17:24.6999455Z Get:10 http://azure.archive.ubuntu.com/ubuntu noble-updates/main amd64 Components [175 kB]
test	Install coverage tools (lcov, poppler-utils, git-lfs)	2025-12-23T16:17:24.7018389Z Get:11 http://azure.archive.ubuntu.com/ubuntu noble-updates/main amd64 c-n-f Metadata [15.8 kB]
test	Install coverage tools (lcov, poppler-utils, git-lfs)	2025-12-23T16:17:24.7030586Z Get:12 http://azure.archive.ubuntu.com/ubuntu noble-updates/universe amd64 Packages [1506 kB]
test	Install coverage tools (lcov, poppler-utils, git-lfs)	2025-12-23T16:17:24.7119402Z Get:13 http://azure.archive.ubuntu.com/ubuntu noble-updates/universe Translation-en [306 kB]
test	Install coverage tools (lcov, poppler-utils, git-lfs)	2025-12-23T16:17:24.7146888Z Get:14 http://azure.archive.ubuntu.com/ubuntu noble-updates/universe amd64 Components [377 kB]
test	Install coverage tools (lcov, poppler-utils, git-lfs)	2025-12-23T16:17:24.7176399Z Get:15 http://azure.archive.ubuntu.com/ubuntu noble-updates/universe amd64 c-n-f Metadata [31.4 kB]
test	Install coverage tools (lcov, poppler-utils, git-lfs)	2025-12-23T16:17:24.7191257Z Get:16 http://azure.archive.ubuntu.com/ubuntu noble-updates/restricted amd64 Packages [2413 kB]
test	Install coverage tools (lcov, poppler-utils, git-lfs)	2025-12-23T16:17:24.7344846Z Get:17 http://azure.archive.ubuntu.com/ubuntu noble-updates/restricted Translation-en [550 kB]
test	Install coverage tools (lcov, poppler-utils, git-lfs)	2025-12-23T16:17:24.7374866Z Get:24 https://packages.microsoft.com/ubuntu/24.04/prod noble/main armhf Packages [11.4 kB]
test	Install coverage tools (lcov, poppler-utils, git-lfs)	2025-12-23T16:17:24.7425957Z Get:25 https://packages.microsoft.com/ubuntu/24.04/prod noble/main amd64 Packages [77.2 kB]
test	Install coverage tools (lcov, poppler-utils, git-lfs)	2025-12-23T16:17:24.7786515Z Get:26 https://packages.microsoft.com/ubuntu/24.04/prod noble/main arm64 Packages [58.8 kB]
test	Install coverage tools (lcov, poppler-utils, git-lfs)	2025-12-23T16:17:24.7895791Z Get:18 http://azure.archive.ubuntu.com/ubuntu noble-updates/restricted amd64 Components [212 B]
test	Install coverage tools (lcov, poppler-utils, git-lfs)	2025-12-23T16:17:24.7907731Z Get:19 http://azure.archive.ubuntu.com/ubuntu noble-updates/restricted amd64 c-n-f Metadata [516 B]
test	Install coverage tools (lcov, poppler-utils, git-lfs)	2025-12-23T16:17:24.7927428Z Get:20 http://azure.archive.ubuntu.com/ubuntu noble-updates/multiverse amd64 Packages [30.3 kB]
test	Install coverage tools (lcov, poppler-utils, git-lfs)	2025-12-23T16:17:24.7935589Z Get:21 http://azure.archive.ubuntu.com/ubuntu noble-updates/multiverse Translation-en [6048 B]
test	Install coverage tools (lcov, poppler-utils, git-lfs)	2025-12-23T16:17:24.7951268Z Get:22 http://azure.archive.ubuntu.com/ubuntu noble-updates/multiverse amd64 Components [940 B]
test	Install coverage tools (lcov, poppler-utils, git-lfs)	2025-12-23T16:17:24.8028312Z Get:23 http://azure.archive.ubuntu.com/ubuntu noble-updates/multiverse amd64 c-n-f Metadata [488 B]
test	Install coverage tools (lcov, poppler-utils, git-lfs)	2025-12-23T16:17:24.8055613Z Get:27 http://azure.archive.ubuntu.com/ubuntu noble-backports/main amd64 Packages [40.4 kB]
test	Install coverage tools (lcov, poppler-utils, git-lfs)	2025-12-23T16:17:24.8100468Z Get:28 http://azure.archive.ubuntu.com/ubuntu noble-backports/main amd64 Components [7332 B]
test	Install coverage tools (lcov, poppler-utils, git-lfs)	2025-12-23T16:17:24.8102092Z Get:29 http://azure.archive.ubuntu.com/ubuntu noble-backports/main amd64 c-n-f Metadata [368 B]
test	Install coverage tools (lcov, poppler-utils, git-lfs)	2025-12-23T16:17:24.8110202Z Get:30 http://azure.archive.ubuntu.com/ubuntu noble-backports/universe amd64 Packages [29.5 kB]
test	Install coverage tools (lcov, poppler-utils, git-lfs)	2025-12-23T16:17:24.8131583Z Get:31 http://azure.archive.ubuntu.com/ubuntu noble-backports/universe Translation-en [17.9 kB]
test	Install coverage tools (lcov, poppler-utils, git-lfs)	2025-12-23T16:17:24.8178502Z Get:32 http://azure.archive.ubuntu.com/ubuntu noble-backports/universe amd64 Components [10.5 kB]
test	Install coverage tools (lcov, poppler-utils, git-lfs)	2025-12-23T16:17:24.8188768Z Get:33 http://azure.archive.ubuntu.com/ubuntu noble-backports/universe amd64 c-n-f Metadata [1444 B]
test	Install coverage tools (lcov, poppler-utils, git-lfs)	2025-12-23T16:17:24.8215967Z Get:34 http://azure.archive.ubuntu.com/ubuntu noble-backports/restricted amd64 Components [216 B]
test	Install coverage tools (lcov, poppler-utils, git-lfs)	2025-12-23T16:17:24.8641875Z Get:35 http://azure.archive.ubuntu.com/ubuntu noble-backports/multiverse amd64 Components [212 B]
test	Install coverage tools (lcov, poppler-utils, git-lfs)	2025-12-23T16:17:24.8654968Z Get:36 http://azure.archive.ubuntu.com/ubuntu noble-security/main Translation-en [225 kB]
test	Install coverage tools (lcov, poppler-utils, git-lfs)	2025-12-23T16:17:24.8682027Z Get:37 http://azure.archive.ubuntu.com/ubuntu noble-security/main amd64 Components [21.5 kB]
test	Install coverage tools (lcov, poppler-utils, git-lfs)	2025-12-23T16:17:24.8692112Z Get:38 http://azure.archive.ubuntu.com/ubuntu noble-security/main amd64 c-n-f Metadata [9504 B]
test	Install coverage tools (lcov, poppler-utils, git-lfs)	2025-12-23T16:17:24.8704721Z Get:39 http://azure.archive.ubuntu.com/ubuntu noble-security/universe amd64 Components [71.4 kB]
test	Install coverage tools (lcov, poppler-utils, git-lfs)	2025-12-23T16:17:24.8718715Z Get:40 http://azure.archive.ubuntu.com/ubuntu noble-security/restricted amd64 Components [212 B]
test	Install coverage tools (lcov, poppler-utils, git-lfs)	2025-12-23T16:17:24.8730270Z Get:41 http://azure.archive.ubuntu.com/ubuntu noble-security/multiverse amd64 Components [212 B]
test	Install coverage tools (lcov, poppler-utils, git-lfs)	2025-12-23T16:17:33.1120802Z Fetched 8374 kB in 1s (7456 kB/s)
test	Install coverage tools (lcov, poppler-utils, git-lfs)	2025-12-23T16:17:33.8636912Z Reading package lists...
test	Install coverage tools (lcov, poppler-utils, git-lfs)	2025-12-23T16:17:33.8966530Z Reading package lists...
test	Install coverage tools (lcov, poppler-utils, git-lfs)	2025-12-23T16:17:34.0869361Z Building dependency tree...
test	Install coverage tools (lcov, poppler-utils, git-lfs)	2025-12-23T16:17:34.0877015Z Reading state information...
test	Install coverage tools (lcov, poppler-utils, git-lfs)	2025-12-23T16:17:34.2521352Z git-lfs is already the newest version (3.7.1).
test	Install coverage tools (lcov, poppler-utils, git-lfs)	2025-12-23T16:17:34.2522318Z The following additional packages will be installed:
test	Install coverage tools (lcov, poppler-utils, git-lfs)	2025-12-23T16:17:34.2524098Z   libalgorithm-c3-perl libb-hooks-endofscope-perl libb-hooks-op-check-perl
test	Install coverage tools (lcov, poppler-utils, git-lfs)	2025-12-23T16:17:34.2525559Z   libcapture-tiny-perl libclass-c3-perl libclass-c3-xs-perl
test	Install coverage tools (lcov, poppler-utils, git-lfs)	2025-12-23T16:17:34.2526762Z   libclass-data-inheritable-perl libclass-inspector-perl
test	Install coverage tools (lcov, poppler-utils, git-lfs)	2025-12-23T16:17:34.2527754Z   libclass-method-modifiers-perl libclass-singleton-perl
test	Install coverage tools (lcov, poppler-utils, git-lfs)	2025-12-23T16:17:34.2528560Z   libclass-xsaccessor-perl libdata-optlist-perl libdatetime-locale-perl
test	Install coverage tools (lcov, poppler-utils, git-lfs)	2025-12-23T16:17:34.2529454Z   libdatetime-perl libdatetime-timezone-perl libdevel-callchecker-perl
test	Install coverage tools (lcov, poppler-utils, git-lfs)	2025-12-23T16:17:34.2530317Z   libdevel-caller-perl libdevel-lexalias-perl libdevel-stacktrace-perl
test	Install coverage tools (lcov, poppler-utils, git-lfs)	2025-12-23T16:17:34.2531222Z   libdynaloader-functions-perl libeval-closure-perl libexception-class-perl
test	Install coverage tools (lcov, poppler-utils, git-lfs)	2025-12-23T16:17:34.2532103Z   libfile-sharedir-perl libgd-perl libmodule-implementation-perl
test	Install coverage tools (lcov, poppler-utils, git-lfs)	2025-12-23T16:17:34.2532921Z   libmodule-runtime-perl libmro-compat-perl libnamespace-autoclean-perl
test	Install coverage tools (lcov, poppler-utils, git-lfs)	2025-12-23T16:17:34.2533884Z   libnamespace-clean-perl libpackage-stash-perl libpackage-stash-xs-perl
test	Install coverage tools (lcov, poppler-utils, git-lfs)	2025-12-23T16:17:34.2534506Z   libpadwalker-perl libparams-classify-perl libparams-util-perl
test	Install coverage tools (lcov, poppler-utils, git-lfs)	2025-12-23T16:17:34.2535113Z   libparams-validationcompiler-perl libperlio-gzip-perl libpoppler134
test	Install coverage tools (lcov, poppler-utils, git-lfs)	2025-12-23T16:17:34.2536117Z   libreadonly-perl libref-util-perl libref-util-xs-perl librole-tiny-perl
test	Install coverage tools (lcov, poppler-utils, git-lfs)	2025-12-23T16:17:34.2536774Z   libspecio-perl libsub-exporter-perl libsub-exporter-progressive-perl
test	Install coverage tools (lcov, poppler-utils, git-lfs)	2025-12-23T16:17:34.2537422Z   libsub-identify-perl libsub-install-perl libsub-name-perl libsub-quote-perl
test	Install coverage tools (lcov, poppler-utils, git-lfs)	2025-12-23T16:17:34.2538274Z   libtry-tiny-perl libvariable-magic-perl libxstring-perl poppler-data
test	Install coverage tools (lcov, poppler-utils, git-lfs)	2025-12-23T16:17:34.2538738Z Suggested packages:
test	Install coverage tools (lcov, poppler-utils, git-lfs)	2025-12-23T16:17:34.2539190Z   libscalar-number-perl libtest-fatal-perl ghostscript fonts-japanese-mincho
test	Install coverage tools (lcov, poppler-utils, git-lfs)	2025-12-23T16:17:34.2539827Z   | fonts-ipafont-mincho fonts-japanese-gothic | fonts-ipafont-gothic
test	Install coverage tools (lcov, poppler-utils, git-lfs)	2025-12-23T16:17:34.2540442Z   fonts-arphic-ukai fonts-arphic-uming fonts-nanum
test	Install coverage tools (lcov, poppler-utils, git-lfs)	2025-12-23T16:17:34.2855890Z The following NEW packages will be installed:
test	Install coverage tools (lcov, poppler-utils, git-lfs)	2025-12-23T16:17:34.2856682Z   lcov libalgorithm-c3-perl libb-hooks-endofscope-perl
test	Install coverage tools (lcov, poppler-utils, git-lfs)	2025-12-23T16:17:34.2857504Z   libb-hooks-op-check-perl libcapture-tiny-perl libclass-c3-perl
test	Install coverage tools (lcov, poppler-utils, git-lfs)	2025-12-23T16:17:34.2858184Z   libclass-c3-xs-perl libclass-data-inheritable-perl libclass-inspector-perl
test	Install coverage tools (lcov, poppler-utils, git-lfs)	2025-12-23T16:17:34.2858942Z   libclass-method-modifiers-perl libclass-singleton-perl
test	Install coverage tools (lcov, poppler-utils, git-lfs)	2025-12-23T16:17:34.2859688Z   libclass-xsaccessor-perl libdata-optlist-perl libdatetime-locale-perl
test	Install coverage tools (lcov, poppler-utils, git-lfs)	2025-12-23T16:17:34.2860349Z   libdatetime-perl libdatetime-timezone-perl libdevel-callchecker-perl
test	Install coverage tools (lcov, poppler-utils, git-lfs)	2025-12-23T16:17:34.2861158Z   libdevel-caller-perl libdevel-lexalias-perl libdevel-stacktrace-perl
test	Install coverage tools (lcov, poppler-utils, git-lfs)	2025-12-23T16:17:34.2861883Z   libdynaloader-functions-perl libeval-closure-perl libexception-class-perl
test	Install coverage tools (lcov, poppler-utils, git-lfs)	2025-12-23T16:17:34.2862751Z   libfile-sharedir-perl libgd-perl libmodule-implementation-perl
test	Install coverage tools (lcov, poppler-utils, git-lfs)	2025-12-23T16:17:34.2863361Z   libmodule-runtime-perl libmro-compat-perl libnamespace-autoclean-perl
test	Install coverage tools (lcov, poppler-utils, git-lfs)	2025-12-23T16:17:34.2864259Z   libnamespace-clean-perl libpackage-stash-perl libpackage-stash-xs-perl
test	Install coverage tools (lcov, poppler-utils, git-lfs)	2025-12-23T16:17:34.2864870Z   libpadwalker-perl libparams-classify-perl libparams-util-perl
test	Install coverage tools (lcov, poppler-utils, git-lfs)	2025-12-23T16:17:34.2865475Z   libparams-validationcompiler-perl libperlio-gzip-perl libpoppler134
test	Install coverage tools (lcov, poppler-utils, git-lfs)	2025-12-23T16:17:34.2866134Z   libreadonly-perl libref-util-perl libref-util-xs-perl librole-tiny-perl
test	Install coverage tools (lcov, poppler-utils, git-lfs)	2025-12-23T16:17:34.2866766Z   libspecio-perl libsub-exporter-perl libsub-exporter-progressive-perl
test	Install coverage tools (lcov, poppler-utils, git-lfs)	2025-12-23T16:17:34.2867419Z   libsub-identify-perl libsub-install-perl libsub-name-perl libsub-quote-perl
test	Install coverage tools (lcov, poppler-utils, git-lfs)	2025-12-23T16:17:34.2868057Z   libtry-tiny-perl libvariable-magic-perl libxstring-perl poppler-data
test	Install coverage tools (lcov, poppler-utils, git-lfs)	2025-12-23T16:17:34.2868518Z   poppler-utils
test	Install coverage tools (lcov, poppler-utils, git-lfs)	2025-12-23T16:17:34.3053175Z 0 upgraded, 54 newly installed, 0 to remove and 69 not upgraded.
test	Install coverage tools (lcov, poppler-utils, git-lfs)	2025-12-23T16:17:34.3053929Z Need to get 7808 kB of archives.
test	Install coverage tools (lcov, poppler-utils, git-lfs)	2025-12-23T16:17:34.3054473Z After this operation, 49.5 MB of additional disk space will be used.
test	Install coverage tools (lcov, poppler-utils, git-lfs)	2025-12-23T16:17:34.3055156Z Get:1 file:/etc/apt/apt-mirrors.txt Mirrorlist [144 B]
test	Install coverage tools (lcov, poppler-utils, git-lfs)	2025-12-23T16:17:34.4186697Z Get:2 http://azure.archive.ubuntu.com/ubuntu noble/main amd64 poppler-data all 0.4.12-1 [2060 kB]
test	Install coverage tools (lcov, poppler-utils, git-lfs)	2025-12-23T16:17:34.4778988Z Get:3 http://azure.archive.ubuntu.com/ubuntu noble/main amd64 libcapture-tiny-perl all 0.48-2 [20.2 kB]
test	Install coverage tools (lcov, poppler-utils, git-lfs)	2025-12-23T16:17:34.4860490Z Get:4 http://azure.archive.ubuntu.com/ubuntu noble/main amd64 libclass-inspector-perl all 1.36-3 [15.4 kB]
test	Install coverage tools (lcov, poppler-utils, git-lfs)	2025-12-23T16:17:34.4934492Z Get:5 http://azure.archive.ubuntu.com/ubuntu noble/main amd64 libfile-sharedir-perl all 1.118-3 [14.0 kB]
test	Install coverage tools (lcov, poppler-utils, git-lfs)	2025-12-23T16:17:34.5009260Z Get:6 http://azure.archive.ubuntu.com/ubuntu noble/main amd64 libb-hooks-op-check-perl amd64 0.22-3build1 [9518 B]
test	Install coverage tools (lcov, poppler-utils, git-lfs)	2025-12-23T16:17:34.5081763Z Get:7 http://azure.archive.ubuntu.com/ubuntu noble/main amd64 libdynaloader-functions-perl all 0.003-3 [12.1 kB]
test	Install coverage tools (lcov, poppler-utils, git-lfs)	2025-12-23T16:17:34.5154871Z Get:8 http://azure.archive.ubuntu.com/ubuntu noble/main amd64 libdevel-callchecker-perl amd64 0.008-2build3 [13.2 kB]
test	Install coverage tools (lcov, poppler-utils, git-lfs)	2025-12-23T16:17:34.5230833Z Get:9 http://azure.archive.ubuntu.com/ubuntu noble/main amd64 libparams-classify-perl amd64 0.015-2build5 [20.1 kB]
test	Install coverage tools (lcov, poppler-utils, git-lfs)	2025-12-23T16:17:34.5305641Z Get:10 http://azure.archive.ubuntu.com/ubuntu noble/main amd64 libmodule-runtime-perl all 0.016-2 [16.4 kB]
test	Install coverage tools (lcov, poppler-utils, git-lfs)	2025-12-23T16:17:34.5380240Z Get:11 http://azure.archive.ubuntu.com/ubuntu noble/main amd64 libtry-tiny-perl all 0.31-2 [20.8 kB]
test	Install coverage tools (lcov, poppler-utils, git-lfs)	2025-12-23T16:17:34.5455951Z Get:12 http://azure.archive.ubuntu.com/ubuntu noble/main amd64 libmodule-implementation-perl all 0.09-2 [12.0 kB]
test	Install coverage tools (lcov, poppler-utils, git-lfs)	2025-12-23T16:17:34.5531198Z Get:13 http://azure.archive.ubuntu.com/ubuntu noble/main amd64 libsub-exporter-progressive-perl all 0.001013-3 [6718 B]
test	Install coverage tools (lcov, poppler-utils, git-lfs)	2025-12-23T16:17:34.5624630Z Get:14 http://azure.archive.ubuntu.com/ubuntu noble/main amd64 libvariable-magic-perl amd64 0.63-1build3 [35.1 kB]
test	Install coverage tools (lcov, poppler-utils, git-lfs)	2025-12-23T16:17:34.5738573Z Get:15 http://azure.archive.ubuntu.com/ubuntu noble/main amd64 libb-hooks-endofscope-perl all 0.28-1 [15.8 kB]
test	Install coverage tools (lcov, poppler-utils, git-lfs)	2025-12-23T16:17:34.5814579Z Get:16 http://azure.archive.ubuntu.com/ubuntu noble/main amd64 libpackage-stash-perl all 0.40-1 [19.5 kB]
test	Install coverage tools (lcov, poppler-utils, git-lfs)	2025-12-23T16:17:34.5885883Z Get:17 http://azure.archive.ubuntu.com/ubuntu noble/main amd64 libsub-identify-perl amd64 0.14-3build3 [9786 B]
test	Install coverage tools (lcov, poppler-utils, git-lfs)	2025-12-23T16:17:34.5958468Z Get:18 http://azure.archive.ubuntu.com/ubuntu noble/main amd64 libsub-name-perl amd64 0.27-1build3 [10.8 kB]
test	Install coverage tools (lcov, poppler-utils, git-lfs)	2025-12-23T16:17:34.6463270Z Get:19 http://azure.archive.ubuntu.com/ubuntu noble/main amd64 libnamespace-clean-perl all 0.27-2 [14.0 kB]
test	Install coverage tools (lcov, poppler-utils, git-lfs)	2025-12-23T16:17:34.6541450Z Get:20 http://azure.archive.ubuntu.com/ubuntu noble/universe amd64 libnamespace-autoclean-perl all 0.29-2 [11.7 kB]
test	Install coverage tools (lcov, poppler-utils, git-lfs)	2025-12-23T16:17:34.6623881Z Get:21 http://azure.archive.ubuntu.com/ubuntu noble/main amd64 libparams-util-perl amd64 1.102-2build3 [21.2 kB]
test	Install coverage tools (lcov, poppler-utils, git-lfs)	2025-12-23T16:17:34.6731446Z Get:22 http://azure.archive.ubuntu.com/ubuntu noble/main amd64 libsub-install-perl all 0.929-1 [9764 B]
test	Install coverage tools (lcov, poppler-utils, git-lfs)	2025-12-23T16:17:34.6816625Z Get:23 http://azure.archive.ubuntu.com/ubuntu noble/main amd64 libdata-optlist-perl all 0.114-1 [9708 B]
test	Install coverage tools (lcov, poppler-utils, git-lfs)	2025-12-23T16:17:34.6931873Z Get:24 http://azure.archive.ubuntu.com/ubuntu noble/main amd64 libsub-exporter-perl all 0.990-1 [49.0 kB]
test	Install coverage tools (lcov, poppler-utils, git-lfs)	2025-12-23T16:17:34.7012695Z Get:25 http://azure.archive.ubuntu.com/ubuntu noble/universe amd64 libeval-closure-perl all 0.14-3 [10.1 kB]
test	Install coverage tools (lcov, poppler-utils, git-lfs)	2025-12-23T16:17:34.7090273Z Get:26 http://azure.archive.ubuntu.com/ubuntu noble/main amd64 libclass-data-inheritable-perl all 0.08-3 [8084 B]
test	Install coverage tools (lcov, poppler-utils, git-lfs)	2025-12-23T16:17:34.7164391Z Get:27 http://azure.archive.ubuntu.com/ubuntu noble/main amd64 libdevel-stacktrace-perl all 2.0500-1 [22.1 kB]
test	Install coverage tools (lcov, poppler-utils, git-lfs)	2025-12-23T16:17:34.7240826Z Get:28 http://azure.archive.ubuntu.com/ubuntu noble/main amd64 libexception-class-perl all 1.45-1 [28.6 kB]
test	Install coverage tools (lcov, poppler-utils, git-lfs)	2025-12-23T16:17:34.7322065Z Get:29 http://azure.archive.ubuntu.com/ubuntu noble/universe amd64 libparams-validationcompiler-perl all 0.31-1 [28.3 kB]
test	Install coverage tools (lcov, poppler-utils, git-lfs)	2025-12-23T16:17:34.7400950Z Get:30 http://azure.archive.ubuntu.com/ubuntu noble/universe amd64 libalgorithm-c3-perl all 0.11-2 [10.2 kB]
test	Install coverage tools (lcov, poppler-utils, git-lfs)	2025-12-23T16:17:34.7476423Z Get:31 http://azure.archive.ubuntu.com/ubuntu noble/universe amd64 libclass-c3-perl all 0.35-2 [18.4 kB]
test	Install coverage tools (lcov, poppler-utils, git-lfs)	2025-12-23T16:17:34.7549321Z Get:32 http://azure.archive.ubuntu.com/ubuntu noble/universe amd64 libmro-compat-perl all 0.15-2 [10.1 kB]
test	Install coverage tools (lcov, poppler-utils, git-lfs)	2025-12-23T16:17:34.7624666Z Get:33 http://azure.archive.ubuntu.com/ubuntu noble/main amd64 libclass-method-modifiers-perl all 2.15-1 [16.1 kB]
test	Install coverage tools (lcov, poppler-utils, git-lfs)	2025-12-23T16:17:34.7698065Z Get:34 http://azure.archive.ubuntu.com/ubuntu noble/main amd64 librole-tiny-perl all 2.002004-1 [16.3 kB]
test	Install coverage tools (lcov, poppler-utils, git-lfs)	2025-12-23T16:17:34.7810256Z Get:35 http://azure.archive.ubuntu.com/ubuntu noble/main amd64 libsub-quote-perl all 2.006008-1ubuntu1 [20.7 kB]
test	Install coverage tools (lcov, poppler-utils, git-lfs)	2025-12-23T16:17:34.8344901Z Get:36 http://azure.archive.ubuntu.com/ubuntu noble/universe amd64 libxstring-perl amd64 0.005-2build3 [7852 B]
test	Install coverage tools (lcov, poppler-utils, git-lfs)	2025-12-23T16:17:34.8416271Z Get:37 http://azure.archive.ubuntu.com/ubuntu noble/universe amd64 libspecio-perl all 0.48-1 [137 kB]
test	Install coverage tools (lcov, poppler-utils, git-lfs)	2025-12-23T16:17:34.8517657Z Get:38 http://azure.archive.ubuntu.com/ubuntu noble/universe amd64 libdatetime-locale-perl all 1:1.37-1 [2833 kB]
test	Install coverage tools (lcov, poppler-utils, git-lfs)	2025-12-23T16:17:34.8996873Z Get:39 http://azure.archive.ubuntu.com/ubuntu noble/universe amd64 libclass-singleton-perl all 1.6-2 [11.5 kB]
test	Install coverage tools (lcov, poppler-utils, git-lfs)	2025-12-23T16:17:34.9074201Z Get:40 http://azure.archive.ubuntu.com/ubuntu noble/universe amd64 libdatetime-timezone-perl all 1:2.62-1+2024a [262 kB]
test	Install coverage tools (lcov, poppler-utils, git-lfs)	2025-12-23T16:17:34.9205973Z Get:41 http://azure.archive.ubuntu.com/ubuntu noble/universe amd64 libdatetime-perl amd64 2:1.65-1build2 [95.8 kB]
test	Install coverage tools (lcov, poppler-utils, git-lfs)	2025-12-23T16:17:34.9302212Z Get:42 http://azure.archive.ubuntu.com/ubuntu noble/main amd64 libperlio-gzip-perl amd64 0.20-1build4 [14.6 kB]
test	Install coverage tools (lcov, poppler-utils, git-lfs)	2025-12-23T16:17:34.9378508Z Get:43 http://azure.archive.ubuntu.com/ubuntu noble/universe amd64 lcov all 2.0-4ubuntu2 [223 kB]
test	Install coverage tools (lcov, poppler-utils, git-lfs)	2025-12-23T16:17:34.9484989Z Get:44 http://azure.archive.ubuntu.com/ubuntu noble/universe amd64 libclass-c3-xs-perl amd64 0.15-1build6 [16.3 kB]
test	Install coverage tools (lcov, poppler-utils, git-lfs)	2025-12-23T16:17:34.9559767Z Get:45 http://azure.archive.ubuntu.com/ubuntu noble/main amd64 libclass-xsaccessor-perl amd64 1.19-4build4 [33.1 kB]
test	Install coverage tools (lcov, poppler-utils, git-lfs)	2025-12-23T16:17:34.9633798Z Get:46 http://azure.archive.ubuntu.com/ubuntu noble/universe amd64 libpadwalker-perl amd64 2.5-1build6 [15.5 kB]
test	Install coverage tools (lcov, poppler-utils, git-lfs)	2025-12-23T16:17:34.9707198Z Get:47 http://azure.archive.ubuntu.com/ubuntu noble/universe amd64 libdevel-caller-perl amd64 2.07-1build3 [9766 B]
test	Install coverage tools (lcov, poppler-utils, git-lfs)	2025-12-23T16:17:34.9805877Z Get:48 http://azure.archive.ubuntu.com/ubuntu noble/universe amd64 libdevel-lexalias-perl amd64 0.05-3build4 [8014 B]
test	Install coverage tools (lcov, poppler-utils, git-lfs)	2025-12-23T16:17:34.9879991Z Get:49 http://azure.archive.ubuntu.com/ubuntu noble/main amd64 libpackage-stash-xs-perl amd64 0.30-1build4 [18.7 kB]
test	Install coverage tools (lcov, poppler-utils, git-lfs)	2025-12-23T16:17:34.9985251Z Get:50 http://azure.archive.ubuntu.com/ubuntu noble-updates/main amd64 libpoppler134 amd64 24.02.0-1ubuntu9.8 [1118 kB]
test	Install coverage tools (lcov, poppler-utils, git-lfs)	2025-12-23T16:17:35.0313363Z Get:51 http://azure.archive.ubuntu.com/ubuntu noble/universe amd64 libreadonly-perl all 2.050-3 [19.9 kB]
test	Install coverage tools (lcov, poppler-utils, git-lfs)	2025-12-23T16:17:35.0388604Z Get:52 http://azure.archive.ubuntu.com/ubuntu noble/universe amd64 libref-util-perl all 0.204-2 [15.1 kB]
test	Install coverage tools (lcov, poppler-utils, git-lfs)	2025-12-23T16:17:35.0462889Z Get:53 http://azure.archive.ubuntu.com/ubuntu noble/universe amd64 libref-util-xs-perl amd64 0.117-2build4 [12.6 kB]
test	Install coverage tools (lcov, poppler-utils, git-lfs)	2025-12-23T16:17:35.0984482Z Get:54 http://azure.archive.ubuntu.com/ubuntu noble-updates/main amd64 poppler-utils amd64 24.02.0-1ubuntu9.8 [212 kB]
test	Install coverage tools (lcov, poppler-utils, git-lfs)	2025-12-23T16:17:35.1116100Z Get:55 http://azure.archive.ubuntu.com/ubuntu noble/main amd64 libgd-perl amd64 2.78-1build3 [129 kB]
test	Install coverage tools (lcov, poppler-utils, git-lfs)	2025-12-23T16:17:35.4066901Z Fetched 7808 kB in 1s (9550 kB/s)
test	Install coverage tools (lcov, poppler-utils, git-lfs)	2025-12-23T16:17:35.4342419Z Selecting previously unselected package poppler-data.
test	Install coverage tools (lcov, poppler-utils, git-lfs)	2025-12-23T16:17:35.4647211Z (Reading database ... 
test	Install coverage tools (lcov, poppler-utils, git-lfs)	2025-12-23T16:17:35.4647883Z (Reading database ... 5%
test	Install coverage tools (lcov, poppler-utils, git-lfs)	2025-12-23T16:17:35.4648522Z (Reading database ... 10%
test	Install coverage tools (lcov, poppler-utils, git-lfs)	2025-12-23T16:17:35.4648957Z (Reading database ... 15%
test	Install coverage tools (lcov, poppler-utils, git-lfs)	2025-12-23T16:17:35.4649342Z (Reading database ... 20%
test	Install coverage tools (lcov, poppler-utils, git-lfs)	2025-12-23T16:17:35.4649721Z (Reading database ... 25%
test	Install coverage tools (lcov, poppler-utils, git-lfs)	2025-12-23T16:17:35.4650087Z (Reading database ... 30%
test	Install coverage tools (lcov, poppler-utils, git-lfs)	2025-12-23T16:17:35.4650494Z (Reading database ... 35%
test	Install coverage tools (lcov, poppler-utils, git-lfs)	2025-12-23T16:17:35.4650863Z (Reading database ... 40%
test	Install coverage tools (lcov, poppler-utils, git-lfs)	2025-12-23T16:17:35.4651230Z (Reading database ... 45%
test	Install coverage tools (lcov, poppler-utils, git-lfs)	2025-12-23T16:17:35.4651600Z (Reading database ... 50%
test	Install coverage tools (lcov, poppler-utils, git-lfs)	2025-12-23T16:17:35.4735952Z (Reading database ... 55%
test	Install coverage tools (lcov, poppler-utils, git-lfs)	2025-12-23T16:17:35.6118723Z (Reading database ... 60%
test	Install coverage tools (lcov, poppler-utils, git-lfs)	2025-12-23T16:17:35.6852708Z (Reading database ... 65%
test	Install coverage tools (lcov, poppler-utils, git-lfs)	2025-12-23T16:17:35.7623875Z (Reading database ... 70%
test	Install coverage tools (lcov, poppler-utils, git-lfs)	2025-12-23T16:17:35.8215812Z (Reading database ... 75%
test	Install coverage tools (lcov, poppler-utils, git-lfs)	2025-12-23T16:17:36.0142361Z (Reading database ... 80%
test	Install coverage tools (lcov, poppler-utils, git-lfs)	2025-12-23T16:17:36.1589910Z (Reading database ... 85%
test	Install coverage tools (lcov, poppler-utils, git-lfs)	2025-12-23T16:17:36.3267207Z (Reading database ... 90%
test	Install coverage tools (lcov, poppler-utils, git-lfs)	2025-12-23T16:17:36.5112473Z (Reading database ... 95%
test	Install coverage tools (lcov, poppler-utils, git-lfs)	2025-12-23T16:17:36.5112944Z (Reading database ... 100%
test	Install coverage tools (lcov, poppler-utils, git-lfs)	2025-12-23T16:17:36.5113670Z (Reading database ... 217374 files and directories currently installed.)
test	Install coverage tools (lcov, poppler-utils, git-lfs)	2025-12-23T16:17:36.5158895Z Preparing to unpack .../00-poppler-data_0.4.12-1_all.deb ...
test	Install coverage tools (lcov, poppler-utils, git-lfs)	2025-12-23T16:17:36.5181019Z Unpacking poppler-data (0.4.12-1) ...
test	Install coverage tools (lcov, poppler-utils, git-lfs)	2025-12-23T16:17:36.6425205Z Selecting previously unselected package libcapture-tiny-perl.
test	Install coverage tools (lcov, poppler-utils, git-lfs)	2025-12-23T16:17:36.6560707Z Preparing to unpack .../01-libcapture-tiny-perl_0.48-2_all.deb ...
test	Install coverage tools (lcov, poppler-utils, git-lfs)	2025-12-23T16:17:36.6568158Z Unpacking libcapture-tiny-perl (0.48-2) ...
test	Install coverage tools (lcov, poppler-utils, git-lfs)	2025-12-23T16:17:36.6787479Z Selecting previously unselected package libclass-inspector-perl.
test	Install coverage tools (lcov, poppler-utils, git-lfs)	2025-12-23T16:17:36.6916819Z Preparing to unpack .../02-libclass-inspector-perl_1.36-3_all.deb ...
test	Install coverage tools (lcov, poppler-utils, git-lfs)	2025-12-23T16:17:36.6924576Z Unpacking libclass-inspector-perl (1.36-3) ...
test	Install coverage tools (lcov, poppler-utils, git-lfs)	2025-12-23T16:17:36.7136131Z Selecting previously unselected package libfile-sharedir-perl.
test	Install coverage tools (lcov, poppler-utils, git-lfs)	2025-12-23T16:17:36.7266599Z Preparing to unpack .../03-libfile-sharedir-perl_1.118-3_all.deb ...
test	Install coverage tools (lcov, poppler-utils, git-lfs)	2025-12-23T16:17:36.7274244Z Unpacking libfile-sharedir-perl (1.118-3) ...
test	Install coverage tools (lcov, poppler-utils, git-lfs)	2025-12-23T16:17:36.7486105Z Selecting previously unselected package libb-hooks-op-check-perl:amd64.
test	Install coverage tools (lcov, poppler-utils, git-lfs)	2025-12-23T16:17:36.7615207Z Preparing to unpack .../04-libb-hooks-op-check-perl_0.22-3build1_amd64.deb ...
test	Install coverage tools (lcov, poppler-utils, git-lfs)	2025-12-23T16:17:36.7624948Z Unpacking libb-hooks-op-check-perl:amd64 (0.22-3build1) ...
test	Install coverage tools (lcov, poppler-utils, git-lfs)	2025-12-23T16:17:36.7825303Z Selecting previously unselected package libdynaloader-functions-perl.
test	Install coverage tools (lcov, poppler-utils, git-lfs)	2025-12-23T16:17:36.7954418Z Preparing to unpack .../05-libdynaloader-functions-perl_0.003-3_all.deb ...
test	Install coverage tools (lcov, poppler-utils, git-lfs)	2025-12-23T16:17:36.7963973Z Unpacking libdynaloader-functions-perl (0.003-3) ...
test	Install coverage tools (lcov, poppler-utils, git-lfs)	2025-12-23T16:17:36.8161876Z Selecting previously unselected package libdevel-callchecker-perl:amd64.
test	Install coverage tools (lcov, poppler-utils, git-lfs)	2025-12-23T16:17:36.8294929Z Preparing to unpack .../06-libdevel-callchecker-perl_0.008-2build3_amd64.deb ...
test	Install coverage tools (lcov, poppler-utils, git-lfs)	2025-12-23T16:17:36.8302853Z Unpacking libdevel-callchecker-perl:amd64 (0.008-2build3) ...
test	Install coverage tools (lcov, poppler-utils, git-lfs)	2025-12-23T16:17:36.8506756Z Selecting previously unselected package libparams-classify-perl:amd64.
test	Install coverage tools (lcov, poppler-utils, git-lfs)	2025-12-23T16:17:36.8638686Z Preparing to unpack .../07-libparams-classify-perl_0.015-2build5_amd64.deb ...
test	Install coverage tools (lcov, poppler-utils, git-lfs)	2025-12-23T16:17:36.8647363Z Unpacking libparams-classify-perl:amd64 (0.015-2build5) ...
test	Install coverage tools (lcov, poppler-utils, git-lfs)	2025-12-23T16:17:36.8844809Z Selecting previously unselected package libmodule-runtime-perl.
test	Install coverage tools (lcov, poppler-utils, git-lfs)	2025-12-23T16:17:36.8976313Z Preparing to unpack .../08-libmodule-runtime-perl_0.016-2_all.deb ...
test	Install coverage tools (lcov, poppler-utils, git-lfs)	2025-12-23T16:17:36.8984815Z Unpacking libmodule-runtime-perl (0.016-2) ...
test	Install coverage tools (lcov, poppler-utils, git-lfs)	2025-12-23T16:17:36.9175803Z Selecting previously unselected package libtry-tiny-perl.
test	Install coverage tools (lcov, poppler-utils, git-lfs)	2025-12-23T16:17:36.9307669Z Preparing to unpack .../09-libtry-tiny-perl_0.31-2_all.deb ...
test	Install coverage tools (lcov, poppler-utils, git-lfs)	2025-12-23T16:17:36.9315780Z Unpacking libtry-tiny-perl (0.31-2) ...
test	Install coverage tools (lcov, poppler-utils, git-lfs)	2025-12-23T16:17:36.9512225Z Selecting previously unselected package libmodule-implementation-perl.
test	Install coverage tools (lcov, poppler-utils, git-lfs)	2025-12-23T16:17:36.9644923Z Preparing to unpack .../10-libmodule-implementation-perl_0.09-2_all.deb ...
test	Install coverage tools (lcov, poppler-utils, git-lfs)	2025-12-23T16:17:36.9652600Z Unpacking libmodule-implementation-perl (0.09-2) ...
test	Install coverage tools (lcov, poppler-utils, git-lfs)	2025-12-23T16:17:36.9844064Z Selecting previously unselected package libsub-exporter-progressive-perl.
test	Install coverage tools (lcov, poppler-utils, git-lfs)	2025-12-23T16:17:36.9975263Z Preparing to unpack .../11-libsub-exporter-progressive-perl_0.001013-3_all.deb ...
test	Install coverage tools (lcov, poppler-utils, git-lfs)	2025-12-23T16:17:36.9982229Z Unpacking libsub-exporter-progressive-perl (0.001013-3) ...
test	Install coverage tools (lcov, poppler-utils, git-lfs)	2025-12-23T16:17:37.0172139Z Selecting previously unselected package libvariable-magic-perl.
test	Install coverage tools (lcov, poppler-utils, git-lfs)	2025-12-23T16:17:37.0307535Z Preparing to unpack .../12-libvariable-magic-perl_0.63-1build3_amd64.deb ...
test	Install coverage tools (lcov, poppler-utils, git-lfs)	2025-12-23T16:17:37.0315299Z Unpacking libvariable-magic-perl (0.63-1build3) ...
test	Install coverage tools (lcov, poppler-utils, git-lfs)	2025-12-23T16:17:37.0521648Z Selecting previously unselected package libb-hooks-endofscope-perl.
test	Install coverage tools (lcov, poppler-utils, git-lfs)	2025-12-23T16:17:37.0652520Z Preparing to unpack .../13-libb-hooks-endofscope-perl_0.28-1_all.deb ...
test	Install coverage tools (lcov, poppler-utils, git-lfs)	2025-12-23T16:17:37.0660839Z Unpacking libb-hooks-endofscope-perl (0.28-1) ...
test	Install coverage tools (lcov, poppler-utils, git-lfs)	2025-12-23T16:17:37.0866937Z Selecting previously unselected package libpackage-stash-perl.
test	Install coverage tools (lcov, poppler-utils, git-lfs)	2025-12-23T16:17:37.0998761Z Preparing to unpack .../14-libpackage-stash-perl_0.40-1_all.deb ...
test	Install coverage tools (lcov, poppler-utils, git-lfs)	2025-12-23T16:17:37.1006231Z Unpacking libpackage-stash-perl (0.40-1) ...
test	Install coverage tools (lcov, poppler-utils, git-lfs)	2025-12-23T16:17:37.1201361Z Selecting previously unselected package libsub-identify-perl.
test	Install coverage tools (lcov, poppler-utils, git-lfs)	2025-12-23T16:17:37.1333196Z Preparing to unpack .../15-libsub-identify-perl_0.14-3build3_amd64.deb ...
test	Install coverage tools (lcov, poppler-utils, git-lfs)	2025-12-23T16:17:37.1341316Z Unpacking libsub-identify-perl (0.14-3build3) ...
test	Install coverage tools (lcov, poppler-utils, git-lfs)	2025-12-23T16:17:37.1536212Z Selecting previously unselected package libsub-name-perl:amd64.
test	Install coverage tools (lcov, poppler-utils, git-lfs)	2025-12-23T16:17:37.1666560Z Preparing to unpack .../16-libsub-name-perl_0.27-1build3_amd64.deb ...
test	Install coverage tools (lcov, poppler-utils, git-lfs)	2025-12-23T16:17:37.1673944Z Unpacking libsub-name-perl:amd64 (0.27-1build3) ...
test	Install coverage tools (lcov, poppler-utils, git-lfs)	2025-12-23T16:17:37.1864556Z Selecting previously unselected package libnamespace-clean-perl.
test	Install coverage tools (lcov, poppler-utils, git-lfs)	2025-12-23T16:17:37.1993251Z Preparing to unpack .../17-libnamespace-clean-perl_0.27-2_all.deb ...
test	Install coverage tools (lcov, poppler-utils, git-lfs)	2025-12-23T16:17:37.2002315Z Unpacking libnamespace-clean-perl (0.27-2) ...
test	Install coverage tools (lcov, poppler-utils, git-lfs)	2025-12-23T16:17:37.2192112Z Selecting previously unselected package libnamespace-autoclean-perl.
test	Install coverage tools (lcov, poppler-utils, git-lfs)	2025-12-23T16:17:37.2322049Z Preparing to unpack .../18-libnamespace-autoclean-perl_0.29-2_all.deb ...
test	Install coverage tools (lcov, poppler-utils, git-lfs)	2025-12-23T16:17:37.2330036Z Unpacking libnamespace-autoclean-perl (0.29-2) ...
test	Install coverage tools (lcov, poppler-utils, git-lfs)	2025-12-23T16:17:37.2517830Z Selecting previously unselected package libparams-util-perl.
test	Install coverage tools (lcov, poppler-utils, git-lfs)	2025-12-23T16:17:37.2646926Z Preparing to unpack .../19-libparams-util-perl_1.102-2build3_amd64.deb ...
test	Install coverage tools (lcov, poppler-utils, git-lfs)	2025-12-23T16:17:37.2656619Z Unpacking libparams-util-perl (1.102-2build3) ...
test	Install coverage tools (lcov, poppler-utils, git-lfs)	2025-12-23T16:17:37.2851972Z Selecting previously unselected package libsub-install-perl.
test	Install coverage tools (lcov, poppler-utils, git-lfs)	2025-12-23T16:17:37.2980799Z Preparing to unpack .../20-libsub-install-perl_0.929-1_all.deb ...
test	Install coverage tools (lcov, poppler-utils, git-lfs)	2025-12-23T16:17:37.2990104Z Unpacking libsub-install-perl (0.929-1) ...
test	Install coverage tools (lcov, poppler-utils, git-lfs)	2025-12-23T16:17:37.3177680Z Selecting previously unselected package libdata-optlist-perl.
test	Install coverage tools (lcov, poppler-utils, git-lfs)	2025-12-23T16:17:37.3306215Z Preparing to unpack .../21-libdata-optlist-perl_0.114-1_all.deb ...
test	Install coverage tools (lcov, poppler-utils, git-lfs)	2025-12-23T16:17:37.3316674Z Unpacking libdata-optlist-perl (0.114-1) ...
test	Install coverage tools (lcov, poppler-utils, git-lfs)	2025-12-23T16:17:37.3505133Z Selecting previously unselected package libsub-exporter-perl.
test	Install coverage tools (lcov, poppler-utils, git-lfs)	2025-12-23T16:17:37.3651762Z Preparing to unpack .../22-libsub-exporter-perl_0.990-1_all.deb ...
test	Install coverage tools (lcov, poppler-utils, git-lfs)	2025-12-23T16:17:37.3659719Z Unpacking libsub-exporter-perl (0.990-1) ...
test	Install coverage tools (lcov, poppler-utils, git-lfs)	2025-12-23T16:17:37.3877026Z Selecting previously unselected package libeval-closure-perl.
test	Install coverage tools (lcov, poppler-utils, git-lfs)	2025-12-23T16:17:37.4009748Z Preparing to unpack .../23-libeval-closure-perl_0.14-3_all.deb ...
test	Install coverage tools (lcov, poppler-utils, git-lfs)	2025-12-23T16:17:37.4017569Z Unpacking libeval-closure-perl (0.14-3) ...
test	Install coverage tools (lcov, poppler-utils, git-lfs)	2025-12-23T16:17:37.4223068Z Selecting previously unselected package libclass-data-inheritable-perl.
test	Install coverage tools (lcov, poppler-utils, git-lfs)	2025-12-23T16:17:37.4355293Z Preparing to unpack .../24-libclass-data-inheritable-perl_0.08-3_all.deb ...
test	Install coverage tools (lcov, poppler-utils, git-lfs)	2025-12-23T16:17:37.4362780Z Unpacking libclass-data-inheritable-perl (0.08-3) ...
test	Install coverage tools (lcov, poppler-utils, git-lfs)	2025-12-23T16:17:37.4557782Z Selecting previously unselected package libdevel-stacktrace-perl.
test	Install coverage tools (lcov, poppler-utils, git-lfs)	2025-12-23T16:17:37.4688215Z Preparing to unpack .../25-libdevel-stacktrace-perl_2.0500-1_all.deb ...
test	Install coverage tools (lcov, poppler-utils, git-lfs)	2025-12-23T16:17:37.4695937Z Unpacking libdevel-stacktrace-perl (2.0500-1) ...
test	Install coverage tools (lcov, poppler-utils, git-lfs)	2025-12-23T16:17:37.4892870Z Selecting previously unselected package libexception-class-perl.
test	Install coverage tools (lcov, poppler-utils, git-lfs)	2025-12-23T16:17:37.5023970Z Preparing to unpack .../26-libexception-class-perl_1.45-1_all.deb ...
test	Install coverage tools (lcov, poppler-utils, git-lfs)	2025-12-23T16:17:37.5031592Z Unpacking libexception-class-perl (1.45-1) ...
test	Install coverage tools (lcov, poppler-utils, git-lfs)	2025-12-23T16:17:37.5231321Z Selecting previously unselected package libparams-validationcompiler-perl.
test	Install coverage tools (lcov, poppler-utils, git-lfs)	2025-12-23T16:17:37.5396735Z Preparing to unpack .../27-libparams-validationcompiler-perl_0.31-1_all.deb ...
test	Install coverage tools (lcov, poppler-utils, git-lfs)	2025-12-23T16:17:37.5406267Z Unpacking libparams-validationcompiler-perl (0.31-1) ...
test	Install coverage tools (lcov, poppler-utils, git-lfs)	2025-12-23T16:17:37.5617949Z Selecting previously unselected package libalgorithm-c3-perl.
test	Install coverage tools (lcov, poppler-utils, git-lfs)	2025-12-23T16:17:37.5749175Z Preparing to unpack .../28-libalgorithm-c3-perl_0.11-2_all.deb ...
test	Install coverage tools (lcov, poppler-utils, git-lfs)	2025-12-23T16:17:37.5756351Z Unpacking libalgorithm-c3-perl (0.11-2) ...
test	Install coverage tools (lcov, poppler-utils, git-lfs)	2025-12-23T16:17:37.5946645Z Selecting previously unselected package libclass-c3-perl.
test	Install coverage tools (lcov, poppler-utils, git-lfs)	2025-12-23T16:17:37.6076306Z Preparing to unpack .../29-libclass-c3-perl_0.35-2_all.deb ...
test	Install coverage tools (lcov, poppler-utils, git-lfs)	2025-12-23T16:17:37.6084578Z Unpacking libclass-c3-perl (0.35-2) ...
test	Install coverage tools (lcov, poppler-utils, git-lfs)	2025-12-23T16:17:37.6277500Z Selecting previously unselected package libmro-compat-perl.
test	Install coverage tools (lcov, poppler-utils, git-lfs)	2025-12-23T16:17:37.6408405Z Preparing to unpack .../30-libmro-compat-perl_0.15-2_all.deb ...
test	Install coverage tools (lcov, poppler-utils, git-lfs)	2025-12-23T16:17:37.6415721Z Unpacking libmro-compat-perl (0.15-2) ...
test	Install coverage tools (lcov, poppler-utils, git-lfs)	2025-12-23T16:17:37.6608261Z Selecting previously unselected package libclass-method-modifiers-perl.
test	Install coverage tools (lcov, poppler-utils, git-lfs)	2025-12-23T16:17:37.6737673Z Preparing to unpack .../31-libclass-method-modifiers-perl_2.15-1_all.deb ...
test	Install coverage tools (lcov, poppler-utils, git-lfs)	2025-12-23T16:17:37.6746040Z Unpacking libclass-method-modifiers-perl (2.15-1) ...
test	Install coverage tools (lcov, poppler-utils, git-lfs)	2025-12-23T16:17:37.6941690Z Selecting previously unselected package librole-tiny-perl.
test	Install coverage tools (lcov, poppler-utils, git-lfs)	2025-12-23T16:17:37.7069604Z Preparing to unpack .../32-librole-tiny-perl_2.002004-1_all.deb ...
test	Install coverage tools (lcov, poppler-utils, git-lfs)	2025-12-23T16:17:37.7078081Z Unpacking librole-tiny-perl (2.002004-1) ...
test	Install coverage tools (lcov, poppler-utils, git-lfs)	2025-12-23T16:17:37.7284174Z Selecting previously unselected package libsub-quote-perl.
test	Install coverage tools (lcov, poppler-utils, git-lfs)	2025-12-23T16:17:37.7412632Z Preparing to unpack .../33-libsub-quote-perl_2.006008-1ubuntu1_all.deb ...
test	Install coverage tools (lcov, poppler-utils, git-lfs)	2025-12-23T16:17:37.7420781Z Unpacking libsub-quote-perl (2.006008-1ubuntu1) ...
test	Install coverage tools (lcov, poppler-utils, git-lfs)	2025-12-23T16:17:37.7612268Z Selecting previously unselected package libxstring-perl:amd64.
test	Install coverage tools (lcov, poppler-utils, git-lfs)	2025-12-23T16:17:37.7744573Z Preparing to unpack .../34-libxstring-perl_0.005-2build3_amd64.deb ...
test	Install coverage tools (lcov, poppler-utils, git-lfs)	2025-12-23T16:17:37.7752271Z Unpacking libxstring-perl:amd64 (0.005-2build3) ...
test	Install coverage tools (lcov, poppler-utils, git-lfs)	2025-12-23T16:17:37.7948102Z Selecting previously unselected package libspecio-perl.
test	Install coverage tools (lcov, poppler-utils, git-lfs)	2025-12-23T16:17:37.8079373Z Preparing to unpack .../35-libspecio-perl_0.48-1_all.deb ...
test	Install coverage tools (lcov, poppler-utils, git-lfs)	2025-12-23T16:17:37.8087701Z Unpacking libspecio-perl (0.48-1) ...
test	Install coverage tools (lcov, poppler-utils, git-lfs)	2025-12-23T16:17:37.8426758Z Selecting previously unselected package libdatetime-locale-perl.
test	Install coverage tools (lcov, poppler-utils, git-lfs)	2025-12-23T16:17:37.8559021Z Preparing to unpack .../36-libdatetime-locale-perl_1%3a1.37-1_all.deb ...
test	Install coverage tools (lcov, poppler-utils, git-lfs)	2025-12-23T16:17:37.8566075Z Unpacking libdatetime-locale-perl (1:1.37-1) ...
test	Install coverage tools (lcov, poppler-utils, git-lfs)	2025-12-23T16:17:38.4273917Z Selecting previously unselected package libclass-singleton-perl.
test	Install coverage tools (lcov, poppler-utils, git-lfs)	2025-12-23T16:17:38.4429010Z Preparing to unpack .../37-libclass-singleton-perl_1.6-2_all.deb ...
test	Install coverage tools (lcov, poppler-utils, git-lfs)	2025-12-23T16:17:38.4437669Z Unpacking libclass-singleton-perl (1.6-2) ...
test	Install coverage tools (lcov, poppler-utils, git-lfs)	2025-12-23T16:17:38.4629449Z Selecting previously unselected package libdatetime-timezone-perl.
test	Install coverage tools (lcov, poppler-utils, git-lfs)	2025-12-23T16:17:38.4774362Z Preparing to unpack .../38-libdatetime-timezone-perl_1%3a2.62-1+2024a_all.deb ...
test	Install coverage tools (lcov, poppler-utils, git-lfs)	2025-12-23T16:17:38.4782339Z Unpacking libdatetime-timezone-perl (1:2.62-1+2024a) ...
test	Install coverage tools (lcov, poppler-utils, git-lfs)	2025-12-23T16:17:38.5665399Z Selecting previously unselected package libdatetime-perl.
test	Install coverage tools (lcov, poppler-utils, git-lfs)	2025-12-23T16:17:38.5817286Z Preparing to unpack .../39-libdatetime-perl_2%3a1.65-1build2_amd64.deb ...
test	Install coverage tools (lcov, poppler-utils, git-lfs)	2025-12-23T16:17:38.5824292Z Unpacking libdatetime-perl (2:1.65-1build2) ...
test	Install coverage tools (lcov, poppler-utils, git-lfs)	2025-12-23T16:17:38.6047805Z Selecting previously unselected package libperlio-gzip-perl.
test	Install coverage tools (lcov, poppler-utils, git-lfs)	2025-12-23T16:17:38.6194678Z Preparing to unpack .../40-libperlio-gzip-perl_0.20-1build4_amd64.deb ...
test	Install coverage tools (lcov, poppler-utils, git-lfs)	2025-12-23T16:17:38.6203355Z Unpacking libperlio-gzip-perl (0.20-1build4) ...
test	Install coverage tools (lcov, poppler-utils, git-lfs)	2025-12-23T16:17:38.6409503Z Selecting previously unselected package lcov.
test	Install coverage tools (lcov, poppler-utils, git-lfs)	2025-12-23T16:17:38.6556693Z Preparing to unpack .../41-lcov_2.0-4ubuntu2_all.deb ...
test	Install coverage tools (lcov, poppler-utils, git-lfs)	2025-12-23T16:17:38.6564762Z Unpacking lcov (2.0-4ubuntu2) ...
test	Install coverage tools (lcov, poppler-utils, git-lfs)	2025-12-23T16:17:38.6895358Z Selecting previously unselected package libclass-c3-xs-perl.
test	Install coverage tools (lcov, poppler-utils, git-lfs)	2025-12-23T16:17:38.7041267Z Preparing to unpack .../42-libclass-c3-xs-perl_0.15-1build6_amd64.deb ...
test	Install coverage tools (lcov, poppler-utils, git-lfs)	2025-12-23T16:17:38.7049758Z Unpacking libclass-c3-xs-perl (0.15-1build6) ...
test	Install coverage tools (lcov, poppler-utils, git-lfs)	2025-12-23T16:17:38.7252757Z Selecting previously unselected package libclass-xsaccessor-perl.
test	Install coverage tools (lcov, poppler-utils, git-lfs)	2025-12-23T16:17:38.7392876Z Preparing to unpack .../43-libclass-xsaccessor-perl_1.19-4build4_amd64.deb ...
test	Install coverage tools (lcov, poppler-utils, git-lfs)	2025-12-23T16:17:38.7400220Z Unpacking libclass-xsaccessor-perl (1.19-4build4) ...
test	Install coverage tools (lcov, poppler-utils, git-lfs)	2025-12-23T16:17:38.7604990Z Selecting previously unselected package libpadwalker-perl.
test	Install coverage tools (lcov, poppler-utils, git-lfs)	2025-12-23T16:17:38.7744646Z Preparing to unpack .../44-libpadwalker-perl_2.5-1build6_amd64.deb ...
test	Install coverage tools (lcov, poppler-utils, git-lfs)	2025-12-23T16:17:38.7752156Z Unpacking libpadwalker-perl (2.5-1build6) ...
test	Install coverage tools (lcov, poppler-utils, git-lfs)	2025-12-23T16:17:38.7949371Z Selecting previously unselected package libdevel-caller-perl:amd64.
test	Install coverage tools (lcov, poppler-utils, git-lfs)	2025-12-23T16:17:38.8084420Z Preparing to unpack .../45-libdevel-caller-perl_2.07-1build3_amd64.deb ...
test	Install coverage tools (lcov, poppler-utils, git-lfs)	2025-12-23T16:17:38.8092574Z Unpacking libdevel-caller-perl:amd64 (2.07-1build3) ...
test	Install coverage tools (lcov, poppler-utils, git-lfs)	2025-12-23T16:17:38.8283779Z Selecting previously unselected package libdevel-lexalias-perl.
test	Install coverage tools (lcov, poppler-utils, git-lfs)	2025-12-23T16:17:38.8423272Z Preparing to unpack .../46-libdevel-lexalias-perl_0.05-3build4_amd64.deb ...
test	Install coverage tools (lcov, poppler-utils, git-lfs)	2025-12-23T16:17:38.8430730Z Unpacking libdevel-lexalias-perl (0.05-3build4) ...
test	Install coverage tools (lcov, poppler-utils, git-lfs)	2025-12-23T16:17:38.8623684Z Selecting previously unselected package libpackage-stash-xs-perl:amd64.
test	Install coverage tools (lcov, poppler-utils, git-lfs)	2025-12-23T16:17:38.8759865Z Preparing to unpack .../47-libpackage-stash-xs-perl_0.30-1build4_amd64.deb ...
test	Install coverage tools (lcov, poppler-utils, git-lfs)	2025-12-23T16:17:38.8767792Z Unpacking libpackage-stash-xs-perl:amd64 (0.30-1build4) ...
test	Install coverage tools (lcov, poppler-utils, git-lfs)	2025-12-23T16:17:38.8982944Z Selecting previously unselected package libpoppler134:amd64.
test	Install coverage tools (lcov, poppler-utils, git-lfs)	2025-12-23T16:17:38.9138830Z Preparing to unpack .../48-libpoppler134_24.02.0-1ubuntu9.8_amd64.deb ...
test	Install coverage tools (lcov, poppler-utils, git-lfs)	2025-12-23T16:17:38.9157369Z Unpacking libpoppler134:amd64 (24.02.0-1ubuntu9.8) ...
test	Install coverage tools (lcov, poppler-utils, git-lfs)	2025-12-23T16:17:38.9508055Z Selecting previously unselected package libreadonly-perl.
test	Install coverage tools (lcov, poppler-utils, git-lfs)	2025-12-23T16:17:38.9654629Z Preparing to unpack .../49-libreadonly-perl_2.050-3_all.deb ...
test	Install coverage tools (lcov, poppler-utils, git-lfs)	2025-12-23T16:17:38.9662677Z Unpacking libreadonly-perl (2.050-3) ...
test	Install coverage tools (lcov, poppler-utils, git-lfs)	2025-12-23T16:17:38.9877847Z Selecting previously unselected package libref-util-perl.
test	Install coverage tools (lcov, poppler-utils, git-lfs)	2025-12-23T16:17:39.0021947Z Preparing to unpack .../50-libref-util-perl_0.204-2_all.deb ...
test	Install coverage tools (lcov, poppler-utils, git-lfs)	2025-12-23T16:17:39.0030051Z Unpacking libref-util-perl (0.204-2) ...
test	Install coverage tools (lcov, poppler-utils, git-lfs)	2025-12-23T16:17:39.0228792Z Selecting previously unselected package libref-util-xs-perl.
test	Install coverage tools (lcov, poppler-utils, git-lfs)	2025-12-23T16:17:39.0369164Z Preparing to unpack .../51-libref-util-xs-perl_0.117-2build4_amd64.deb ...
test	Install coverage tools (lcov, poppler-utils, git-lfs)	2025-12-23T16:17:39.0376647Z Unpacking libref-util-xs-perl (0.117-2build4) ...
test	Install coverage tools (lcov, poppler-utils, git-lfs)	2025-12-23T16:17:39.0583990Z Selecting previously unselected package poppler-utils.
test	Install coverage tools (lcov, poppler-utils, git-lfs)	2025-12-23T16:17:39.0740732Z Preparing to unpack .../52-poppler-utils_24.02.0-1ubuntu9.8_amd64.deb ...
test	Install coverage tools (lcov, poppler-utils, git-lfs)	2025-12-23T16:17:39.0748777Z Unpacking poppler-utils (24.02.0-1ubuntu9.8) ...
test	Install coverage tools (lcov, poppler-utils, git-lfs)	2025-12-23T16:17:39.1125010Z Selecting previously unselected package libgd-perl.
test	Install coverage tools (lcov, poppler-utils, git-lfs)	2025-12-23T16:17:39.1270852Z Preparing to unpack .../53-libgd-perl_2.78-1build3_amd64.deb ...
test	Install coverage tools (lcov, poppler-utils, git-lfs)	2025-12-23T16:17:39.1279471Z Unpacking libgd-perl (2.78-1build3) ...
test	Install coverage tools (lcov, poppler-utils, git-lfs)	2025-12-23T16:17:39.1761835Z Setting up libclass-inspector-perl (1.36-3) ...
test	Install coverage tools (lcov, poppler-utils, git-lfs)	2025-12-23T16:17:39.1786851Z Setting up libdynaloader-functions-perl (0.003-3) ...
test	Install coverage tools (lcov, poppler-utils, git-lfs)	2025-12-23T16:17:39.1806186Z Setting up libclass-method-modifiers-perl (2.15-1) ...
test	Install coverage tools (lcov, poppler-utils, git-lfs)	2025-12-23T16:17:39.1825265Z Setting up libref-util-xs-perl (0.117-2build4) ...
test	Install coverage tools (lcov, poppler-utils, git-lfs)	2025-12-23T16:17:39.1845184Z Setting up libpoppler134:amd64 (24.02.0-1ubuntu9.8) ...
test	Install coverage tools (lcov, poppler-utils, git-lfs)	2025-12-23T16:17:39.1865159Z Setting up libsub-identify-perl (0.14-3build3) ...
test	Install coverage tools (lcov, poppler-utils, git-lfs)	2025-12-23T16:17:39.1884284Z Setting up libtry-tiny-perl (0.31-2) ...
test	Install coverage tools (lcov, poppler-utils, git-lfs)	2025-12-23T16:17:39.1908836Z Setting up libclass-singleton-perl (1.6-2) ...
test	Install coverage tools (lcov, poppler-utils, git-lfs)	2025-12-23T16:17:39.1933861Z Setting up libpadwalker-perl (2.5-1build6) ...
test	Install coverage tools (lcov, poppler-utils, git-lfs)	2025-12-23T16:17:39.1956707Z Setting up libxstring-perl:amd64 (0.005-2build3) ...
test	Install coverage tools (lcov, poppler-utils, git-lfs)	2025-12-23T16:17:39.1982625Z Setting up libclass-c3-xs-perl (0.15-1build6) ...
test	Install coverage tools (lcov, poppler-utils, git-lfs)	2025-12-23T16:17:39.2011426Z Setting up libdevel-caller-perl:amd64 (2.07-1build3) ...
test	Install coverage tools (lcov, poppler-utils, git-lfs)	2025-12-23T16:17:39.2031270Z Setting up libsub-install-perl (0.929-1) ...
test	Install coverage tools (lcov, poppler-utils, git-lfs)	2025-12-23T16:17:39.2055609Z Setting up poppler-data (0.4.12-1) ...
test	Install coverage tools (lcov, poppler-utils, git-lfs)	2025-12-23T16:17:39.2131152Z Setting up libgd-perl (2.78-1build3) ...
test	Install coverage tools (lcov, poppler-utils, git-lfs)	2025-12-23T16:17:39.2153691Z Setting up libreadonly-perl (2.050-3) ...
test	Install coverage tools (lcov, poppler-utils, git-lfs)	2025-12-23T16:17:39.2181939Z Setting up libdevel-lexalias-perl (0.05-3build4) ...
test	Install coverage tools (lcov, poppler-utils, git-lfs)	2025-12-23T16:17:39.2204276Z Setting up libpackage-stash-xs-perl:amd64 (0.30-1build4) ...
test	Install coverage tools (lcov, poppler-utils, git-lfs)	2025-12-23T16:17:39.2275306Z Setting up libclass-data-inheritable-perl (0.08-3) ...
test	Install coverage tools (lcov, poppler-utils, git-lfs)	2025-12-23T16:17:39.2295057Z Setting up libalgorithm-c3-perl (0.11-2) ...
test	Install coverage tools (lcov, poppler-utils, git-lfs)	2025-12-23T16:17:39.2315184Z Setting up libref-util-perl (0.204-2) ...
test	Install coverage tools (lcov, poppler-utils, git-lfs)	2025-12-23T16:17:39.2337263Z Setting up libvariable-magic-perl (0.63-1build3) ...
test	Install coverage tools (lcov, poppler-utils, git-lfs)	2025-12-23T16:17:39.2355648Z Setting up libb-hooks-op-check-perl:amd64 (0.22-3build1) ...
test	Install coverage tools (lcov, poppler-utils, git-lfs)	2025-12-23T16:17:39.2380168Z Setting up libparams-util-perl (1.102-2build3) ...
test	Install coverage tools (lcov, poppler-utils, git-lfs)	2025-12-23T16:17:39.2398959Z Setting up libsub-exporter-progressive-perl (0.001013-3) ...
test	Install coverage tools (lcov, poppler-utils, git-lfs)	2025-12-23T16:17:39.2418557Z Setting up libcapture-tiny-perl (0.48-2) ...
test	Install coverage tools (lcov, poppler-utils, git-lfs)	2025-12-23T16:17:39.2439377Z Setting up libsub-name-perl:amd64 (0.27-1build3) ...
test	Install coverage tools (lcov, poppler-utils, git-lfs)	2025-12-23T16:17:39.2486330Z Setting up librole-tiny-perl (2.002004-1) ...
test	Install coverage tools (lcov, poppler-utils, git-lfs)	2025-12-23T16:17:39.2504640Z Setting up libfile-sharedir-perl (1.118-3) ...
test	Install coverage tools (lcov, poppler-utils, git-lfs)	2025-12-23T16:17:39.2526246Z Setting up libsub-quote-perl (2.006008-1ubuntu1) ...
test	Install coverage tools (lcov, poppler-utils, git-lfs)	2025-12-23T16:17:39.2551625Z Setting up libdevel-stacktrace-perl (2.0500-1) ...
test	Install coverage tools (lcov, poppler-utils, git-lfs)	2025-12-23T16:17:39.2575530Z Setting up libclass-xsaccessor-perl (1.19-4build4) ...
test	Install coverage tools (lcov, poppler-utils, git-lfs)	2025-12-23T16:17:39.2635900Z Setting up poppler-utils (24.02.0-1ubuntu9.8) ...
test	Install coverage tools (lcov, poppler-utils, git-lfs)	2025-12-23T16:17:39.2656305Z Setting up libperlio-gzip-perl (0.20-1build4) ...
test	Install coverage tools (lcov, poppler-utils, git-lfs)	2025-12-23T16:17:39.2677104Z Setting up libexception-class-perl (1.45-1) ...
test	Install coverage tools (lcov, poppler-utils, git-lfs)	2025-12-23T16:17:39.2699575Z Setting up libclass-c3-perl (0.35-2) ...
test	Install coverage tools (lcov, poppler-utils, git-lfs)	2025-12-23T16:17:39.2721592Z Setting up libdevel-callchecker-perl:amd64 (0.008-2build3) ...
test	Install coverage tools (lcov, poppler-utils, git-lfs)	2025-12-23T16:17:39.2745382Z Setting up libdata-optlist-perl (0.114-1) ...
test	Install coverage tools (lcov, poppler-utils, git-lfs)	2025-12-23T16:17:39.2768210Z Setting up libmro-compat-perl (0.15-2) ...
test	Install coverage tools (lcov, poppler-utils, git-lfs)	2025-12-23T16:17:39.2787906Z Setting up libsub-exporter-perl (0.990-1) ...
test	Install coverage tools (lcov, poppler-utils, git-lfs)	2025-12-23T16:17:39.2807409Z Setting up libeval-closure-perl (0.14-3) ...
test	Install coverage tools (lcov, poppler-utils, git-lfs)	2025-12-23T16:17:39.2828015Z Setting up libparams-validationcompiler-perl (0.31-1) ...
test	Install coverage tools (lcov, poppler-utils, git-lfs)	2025-12-23T16:17:39.2849189Z Setting up libparams-classify-perl:amd64 (0.015-2build5) ...
test	Install coverage tools (lcov, poppler-utils, git-lfs)	2025-12-23T16:17:39.2874126Z Setting up libmodule-runtime-perl (0.016-2) ...
test	Install coverage tools (lcov, poppler-utils, git-lfs)	2025-12-23T16:17:39.2895640Z Setting up libmodule-implementation-perl (0.09-2) ...
test	Install coverage tools (lcov, poppler-utils, git-lfs)	2025-12-23T16:17:39.2916146Z Setting up libpackage-stash-perl (0.40-1) ...
test	Install coverage tools (lcov, poppler-utils, git-lfs)	2025-12-23T16:17:39.2954550Z Setting up libspecio-perl (0.48-1) ...
test	Install coverage tools (lcov, poppler-utils, git-lfs)	2025-12-23T16:17:39.2975500Z Setting up libb-hooks-endofscope-perl (0.28-1) ...
test	Install coverage tools (lcov, poppler-utils, git-lfs)	2025-12-23T16:17:39.2994686Z Setting up libnamespace-clean-perl (0.27-2) ...
test	Install coverage tools (lcov, poppler-utils, git-lfs)	2025-12-23T16:17:39.3014819Z Setting up libnamespace-autoclean-perl (0.29-2) ...
test	Install coverage tools (lcov, poppler-utils, git-lfs)	2025-12-23T16:17:39.3037631Z Setting up libdatetime-locale-perl (1:1.37-1) ...
test	Install coverage tools (lcov, poppler-utils, git-lfs)	2025-12-23T16:17:39.3089698Z Setting up libdatetime-timezone-perl (1:2.62-1+2024a) ...
test	Install coverage tools (lcov, poppler-utils, git-lfs)	2025-12-23T16:17:39.3109549Z Setting up libdatetime-perl (2:1.65-1build2) ...
test	Install coverage tools (lcov, poppler-utils, git-lfs)	2025-12-23T16:17:39.3129073Z Setting up lcov (2.0-4ubuntu2) ...
test	Install coverage tools (lcov, poppler-utils, git-lfs)	2025-12-23T16:17:39.3160973Z Processing triggers for fontconfig (2.15.0-1.1ubuntu2) ...
test	Install coverage tools (lcov, poppler-utils, git-lfs)	2025-12-23T16:17:39.3624718Z Processing triggers for libc-bin (2.39-0ubuntu8.6) ...
test	Install coverage tools (lcov, poppler-utils, git-lfs)	2025-12-23T16:17:39.3942894Z Processing triggers for man-db (2.12.0-4build2) ...
test	Install coverage tools (lcov, poppler-utils, git-lfs)	2025-12-23T16:17:39.3967996Z Not building database; man-db/auto-update is not 'true'.
test	Install coverage tools (lcov, poppler-utils, git-lfs)	2025-12-23T16:17:40.0500888Z 
test	Install coverage tools (lcov, poppler-utils, git-lfs)	2025-12-23T16:17:40.0502450Z Running kernel seems to be up-to-date.
test	Install coverage tools (lcov, poppler-utils, git-lfs)	2025-12-23T16:17:40.0502822Z 
test	Install coverage tools (lcov, poppler-utils, git-lfs)	2025-12-23T16:17:40.0502978Z No services need to be restarted.
test	Install coverage tools (lcov, poppler-utils, git-lfs)	2025-12-23T16:17:40.0503251Z 
test	Install coverage tools (lcov, poppler-utils, git-lfs)	2025-12-23T16:17:40.0503612Z No containers need to be restarted.
test	Install coverage tools (lcov, poppler-utils, git-lfs)	2025-12-23T16:17:40.0503887Z 
test	Install coverage tools (lcov, poppler-utils, git-lfs)	2025-12-23T16:17:40.0504077Z No user sessions are running outdated binaries.
test	Install coverage tools (lcov, poppler-utils, git-lfs)	2025-12-23T16:17:40.0504420Z 
test	Install coverage tools (lcov, poppler-utils, git-lfs)	2025-12-23T16:17:40.0504767Z No VM guests are running outdated hypervisor (qemu) binaries on this host.
test	Install coverage tools (lcov, poppler-utils, git-lfs)	2025-12-23T16:17:40.9063259Z warning: current user is not root/admin, system install is likely to fail.
test	Install coverage tools (lcov, poppler-utils, git-lfs)	2025-12-23T16:17:40.9204087Z Updated Git hooks.
test	Install coverage tools (lcov, poppler-utils, git-lfs)	2025-12-23T16:17:40.9204589Z Git LFS initialized.
test	Write CI diagnostics	ï»¿2025-12-23T16:17:40.9490999Z ##[group]Run set -eux
test	Write CI diagnostics	2025-12-23T16:17:40.9491286Z [36;1mset -eux[0m
test	Write CI diagnostics	2025-12-23T16:17:40.9491476Z [36;1mout=ci-diagnostics.txt[0m
test	Write CI diagnostics	2025-12-23T16:17:40.9491745Z [36;1mecho "=== CI Diagnostics: $(date -u) ===" > "$out"[0m
test	Write CI diagnostics	2025-12-23T16:17:40.9492112Z [36;1mecho "Java:" >> "$out"; java -version 2>&1 | sed -n '1,5p' >> "$out" || true[0m
test	Write CI diagnostics	2025-12-23T16:17:40.9492541Z [36;1mecho "Javac:" >> "$out"; javac -version 2>&1 | sed -n '1,5p' >> "$out" || true[0m
test	Write CI diagnostics	2025-12-23T16:17:40.9492975Z [36;1mecho "Flutter:" >> "$out"; flutter --version 2>&1 | sed -n '1,5p' >> "$out" || true[0m
test	Write CI diagnostics	2025-12-23T16:17:40.9493594Z [36;1mecho "Which flutter: $(which flutter || true)" >> "$out"[0m
test	Write CI diagnostics	2025-12-23T16:17:40.9494169Z [36;1mecho "pdftotext:" >> "$out"; pdftotext -v 2>&1 | sed -n '1,5p' >> "$out" || echo "pdftotext not installed" >> "$out"[0m
test	Write CI diagnostics	2025-12-23T16:17:40.9494744Z [36;1mecho "git-lfs:" >> "$out"; git lfs --version 2>&1 | sed -n '1,5p' >> "$out" || echo "git-lfs not installed" >> "$out"[0m
test	Write CI diagnostics	2025-12-23T16:17:40.9495505Z [36;1mecho "lcov:" >> "$out"; lcov --version 2>&1 | sed -n '1,5p' >> "$out" || echo "lcov not installed" >> "$out"[0m
test	Write CI diagnostics	2025-12-23T16:17:40.9528139Z shell: /usr/bin/bash -e {0}
test	Write CI diagnostics	2025-12-23T16:17:40.9528360Z env:
test	Write CI diagnostics	2025-12-23T16:17:40.9528630Z   JAVA_HOME: /opt/hostedtoolcache/Java_Temurin-Hotspot_jdk/21.0.9-10/x64
test	Write CI diagnostics	2025-12-23T16:17:40.9529081Z   JAVA_HOME_21_X64: /opt/hostedtoolcache/Java_Temurin-Hotspot_jdk/21.0.9-10/x64
test	Write CI diagnostics	2025-12-23T16:17:40.9529513Z   FLUTTER_ROOT: /opt/hostedtoolcache/flutter/stable-3.38.5-x64
test	Write CI diagnostics	2025-12-23T16:17:40.9529827Z   PUB_CACHE: /home/runner/.pub-cache
test	Write CI diagnostics	2025-12-23T16:17:40.9530050Z ##[endgroup]
test	Write CI diagnostics	2025-12-23T16:17:40.9579789Z + out=ci-diagnostics.txt
test	Write CI diagnostics	2025-12-23T16:17:40.9582376Z ++ date -u
test	Write CI diagnostics	2025-12-23T16:17:40.9592695Z + echo '=== CI Diagnostics: Tue Dec 23 16:17:40 UTC 2025 ==='
test	Write CI diagnostics	2025-12-23T16:17:40.9593231Z + echo Java:
test	Write CI diagnostics	2025-12-23T16:17:40.9596010Z + java -version
test	Write CI diagnostics	2025-12-23T16:17:40.9596966Z + sed -n 1,5p
test	Write CI diagnostics	2025-12-23T16:17:40.9876794Z + echo Javac:
test	Write CI diagnostics	2025-12-23T16:17:40.9879275Z + javac -version
test	Write CI diagnostics	2025-12-23T16:17:40.9880659Z + sed -n 1,5p
test	Write CI diagnostics	2025-12-23T16:17:41.1363033Z + echo Flutter:
test	Write CI diagnostics	2025-12-23T16:17:41.1365264Z + flutter --version
test	Write CI diagnostics	2025-12-23T16:17:41.1366403Z + sed -n 1,5p
test	Write CI diagnostics	2025-12-23T16:17:41.2492322Z ++ which flutter
test	Write CI diagnostics	2025-12-23T16:17:41.2508298Z + echo 'Which flutter: /opt/hostedtoolcache/flutter/stable-3.38.5-x64/bin/flutter'
test	Write CI diagnostics	2025-12-23T16:17:41.2508963Z + echo pdftotext:
test	Write CI diagnostics	2025-12-23T16:17:41.2510897Z + pdftotext -v
test	Write CI diagnostics	2025-12-23T16:17:41.2512684Z + sed -n 1,5p
test	Write CI diagnostics	2025-12-23T16:17:41.2613287Z + echo git-lfs:
test	Write CI diagnostics	2025-12-23T16:17:41.2616035Z + git lfs --version
test	Write CI diagnostics	2025-12-23T16:17:41.2617263Z + sed -n 1,5p
test	Write CI diagnostics	2025-12-23T16:17:41.2704388Z + echo lcov:
test	Write CI diagnostics	2025-12-23T16:17:41.2706815Z + lcov --version
test	Write CI diagnostics	2025-12-23T16:17:41.2707856Z + sed -n 1,5p
test	Upload CI diagnostics	ï»¿2025-12-23T16:17:41.4571652Z ##[group]Run actions/upload-artifact@v4
test	Upload CI diagnostics	2025-12-23T16:17:41.4571935Z with:
test	Upload CI diagnostics	2025-12-23T16:17:41.4572098Z   name: ci-diagnostics
test	Upload CI diagnostics	2025-12-23T16:17:41.4572306Z   path: ci-diagnostics.txt
test	Upload CI diagnostics	2025-12-23T16:17:41.4572511Z   if-no-files-found: warn
test	Upload CI diagnostics	2025-12-23T16:17:41.4572721Z   compression-level: 6
test	Upload CI diagnostics	2025-12-23T16:17:41.4572900Z   overwrite: false
test	Upload CI diagnostics	2025-12-23T16:17:41.4573086Z   include-hidden-files: false
test	Upload CI diagnostics	2025-12-23T16:17:41.4573279Z env:
test	Upload CI diagnostics	2025-12-23T16:17:41.4573700Z   JAVA_HOME: /opt/hostedtoolcache/Java_Temurin-Hotspot_jdk/21.0.9-10/x64
test	Upload CI diagnostics	2025-12-23T16:17:41.4574156Z   JAVA_HOME_21_X64: /opt/hostedtoolcache/Java_Temurin-Hotspot_jdk/21.0.9-10/x64
test	Upload CI diagnostics	2025-12-23T16:17:41.4574559Z   FLUTTER_ROOT: /opt/hostedtoolcache/flutter/stable-3.38.5-x64
test	Upload CI diagnostics	2025-12-23T16:17:41.4574882Z   PUB_CACHE: /home/runner/.pub-cache
test	Upload CI diagnostics	2025-12-23T16:17:41.4575109Z ##[endgroup]
test	Upload CI diagnostics	2025-12-23T16:17:41.6678784Z With the provided path, there will be 1 file uploaded
test	Upload CI diagnostics	2025-12-23T16:17:41.6683970Z Artifact name is valid!
test	Upload CI diagnostics	2025-12-23T16:17:41.6685432Z Root directory input is valid!
test	Upload CI diagnostics	2025-12-23T16:17:41.7637896Z Beginning upload of artifact content to blob storage
test	Upload CI diagnostics	2025-12-23T16:17:41.8107973Z Uploaded bytes 715
test	Upload CI diagnostics	2025-12-23T16:17:41.8281836Z Finished uploading artifact content to blob storage!
test	Upload CI diagnostics	2025-12-23T16:17:41.8285159Z SHA256 digest of uploaded artifact zip is fcda386962f8717f770fcb047f517a36b4a8ce6bc2a78c469b2568f80a2ee2fa
test	Upload CI diagnostics	2025-12-23T16:17:41.8286588Z Finalizing artifact upload
test	Upload CI diagnostics	2025-12-23T16:17:41.9137750Z Artifact ci-diagnostics.zip successfully finalized. Artifact ID 4954743403
test	Upload CI diagnostics	2025-12-23T16:17:41.9139519Z Artifact ci-diagnostics has been successfully uploaded! Final size is 715 bytes. Artifact ID is 4954743403
test	Upload CI diagnostics	2025-12-23T16:17:41.9149667Z Artifact download URL: https://github.com/hfcs/simple_match/actions/runs/20465838257/artifacts/4954743403
test	Debug: print environment and tools	ï»¿2025-12-23T16:17:41.9251524Z ##[group]Run set -eux
test	Debug: print environment and tools	2025-12-23T16:17:41.9251791Z [36;1mset -eux[0m
test	Debug: print environment and tools	2025-12-23T16:17:41.9251983Z [36;1mecho "===== ENV ====="[0m
test	Debug: print environment and tools	2025-12-23T16:17:41.9252201Z [36;1muname -a || true[0m
test	Debug: print environment and tools	2025-12-23T16:17:41.9252418Z [36;1mecho "JAVA_HOME=$JAVA_HOME"[0m
test	Debug: print environment and tools	2025-12-23T16:17:41.9252660Z [36;1mjava -version || true[0m
test	Debug: print environment and tools	2025-12-23T16:17:41.9252879Z [36;1mjavac -version || true[0m
test	Debug: print environment and tools	2025-12-23T16:17:41.9253132Z [36;1mecho "Flutter:" && flutter --version || true[0m
test	Debug: print environment and tools	2025-12-23T16:17:41.9254243Z [36;1mecho "Which flutter: $(which flutter || true)"[0m
test	Debug: print environment and tools	2025-12-23T16:17:41.9254638Z [36;1mecho "pdftotext:" && pdftotext -v || echo "pdftotext not installed"[0m
test	Debug: print environment and tools	2025-12-23T16:17:41.9255069Z [36;1mecho "git-lfs:" && git lfs --version || echo "git-lfs not installed"[0m
test	Debug: print environment and tools	2025-12-23T16:17:41.9255485Z [36;1mecho "lcov:" && lcov --version || echo "lcov not installed"[0m
test	Debug: print environment and tools	2025-12-23T16:17:41.9288677Z shell: /usr/bin/bash -e {0}
test	Debug: print environment and tools	2025-12-23T16:17:41.9288913Z env:
test	Debug: print environment and tools	2025-12-23T16:17:41.9289241Z   JAVA_HOME: /opt/hostedtoolcache/Java_Temurin-Hotspot_jdk/21.0.9-10/x64
test	Debug: print environment and tools	2025-12-23T16:17:41.9289730Z   JAVA_HOME_21_X64: /opt/hostedtoolcache/Java_Temurin-Hotspot_jdk/21.0.9-10/x64
test	Debug: print environment and tools	2025-12-23T16:17:41.9290160Z   FLUTTER_ROOT: /opt/hostedtoolcache/flutter/stable-3.38.5-x64
test	Debug: print environment and tools	2025-12-23T16:17:41.9290490Z   PUB_CACHE: /home/runner/.pub-cache
test	Debug: print environment and tools	2025-12-23T16:17:41.9290722Z ##[endgroup]
test	Debug: print environment and tools	2025-12-23T16:17:41.9343292Z + echo '===== ENV ====='
test	Debug: print environment and tools	2025-12-23T16:17:41.9343922Z ===== ENV =====
test	Debug: print environment and tools	2025-12-23T16:17:41.9344460Z + uname -a
test	Debug: print environment and tools	2025-12-23T16:17:41.9354343Z Linux runnervmh13bl 6.11.0-1018-azure #18~24.04.1-Ubuntu SMP Sat Jun 28 04:46:03 UTC 2025 x86_64 x86_64 x86_64 GNU/Linux
test	Debug: print environment and tools	2025-12-23T16:17:41.9355862Z + echo JAVA_HOME=/opt/hostedtoolcache/Java_Temurin-Hotspot_jdk/21.0.9-10/x64
test	Debug: print environment and tools	2025-12-23T16:17:41.9356501Z + java -version
test	Debug: print environment and tools	2025-12-23T16:17:41.9357743Z JAVA_HOME=/opt/hostedtoolcache/Java_Temurin-Hotspot_jdk/21.0.9-10/x64
test	Debug: print environment and tools	2025-12-23T16:17:41.9597610Z openjdk version "21.0.9" 2025-10-21 LTS
test	Debug: print environment and tools	2025-12-23T16:17:41.9598896Z OpenJDK Runtime Environment Temurin-21.0.9+10 (build 21.0.9+10-LTS)
test	Debug: print environment and tools	2025-12-23T16:17:41.9600734Z OpenJDK 64-Bit Server VM Temurin-21.0.9+10 (build 21.0.9+10-LTS, mixed mode, sharing)
test	Debug: print environment and tools	2025-12-23T16:17:41.9641482Z + javac -version
test	Debug: print environment and tools	2025-12-23T16:17:42.0696939Z javac 21.0.9
test	Debug: print environment and tools	2025-12-23T16:17:42.0835803Z + echo Flutter:
test	Debug: print environment and tools	2025-12-23T16:17:42.0836162Z + flutter --version
test	Debug: print environment and tools	2025-12-23T16:17:42.0836466Z Flutter:
test	Debug: print environment and tools	2025-12-23T16:17:42.1797984Z Flutter 3.38.5 â€¢ channel stable â€¢ https://github.com/flutter/flutter.git
test	Debug: print environment and tools	2025-12-23T16:17:42.1799046Z Framework â€¢ revision f6ff1529fd (12 days ago) â€¢ 2025-12-11 11:50:07 -0500
test	Debug: print environment and tools	2025-12-23T16:17:42.1800210Z Engine â€¢ hash c108a94d7a8273e112339e6c6833daa06e723a54 (revision 1527ae0ec5) (12 days ago) â€¢ 2025-12-11 15:04:31.000Z
test	Debug: print environment and tools	2025-12-23T16:17:42.1800921Z Tools â€¢ Dart 3.10.4 â€¢ DevTools 2.51.1
test	Debug: print environment and tools	2025-12-23T16:17:42.1835988Z ++ which flutter
test	Debug: print environment and tools	2025-12-23T16:17:42.1848445Z + echo 'Which flutter: /opt/hostedtoolcache/flutter/stable-3.38.5-x64/bin/flutter'
test	Debug: print environment and tools	2025-12-23T16:17:42.1849109Z + echo pdftotext:
test	Debug: print environment and tools	2025-12-23T16:17:42.1849446Z + pdftotext -v
test	Debug: print environment and tools	2025-12-23T16:17:42.1850020Z Which flutter: /opt/hostedtoolcache/flutter/stable-3.38.5-x64/bin/flutter
test	Debug: print environment and tools	2025-12-23T16:17:42.1851519Z pdftotext:
test	Debug: print environment and tools	2025-12-23T16:17:42.1920036Z pdftotext version 24.02.0
test	Debug: print environment and tools	2025-12-23T16:17:42.1920659Z Copyright 2005-2024 The Poppler Developers - http://poppler.freedesktop.org
test	Debug: print environment and tools	2025-12-23T16:17:42.1921325Z Copyright 1996-2011, 2022 Glyph & Cog, LLC
test	Debug: print environment and tools	2025-12-23T16:17:42.1930248Z + echo git-lfs:
test	Debug: print environment and tools	2025-12-23T16:17:42.1930601Z git-lfs:
test	Debug: print environment and tools	2025-12-23T16:17:42.1930892Z + git lfs --version
test	Debug: print environment and tools	2025-12-23T16:17:42.2017162Z git-lfs/3.7.1 (GitHub; linux amd64; go 1.24.4)
test	Debug: print environment and tools	2025-12-23T16:17:42.2027892Z + echo lcov:
test	Debug: print environment and tools	2025-12-23T16:17:42.2028199Z lcov:
test	Debug: print environment and tools	2025-12-23T16:17:42.2028495Z + lcov --version
test	Debug: print environment and tools	2025-12-23T16:17:42.3668438Z lcov: LCOV version 2.0-1
test	Cache Flutter Pub packages	ï»¿2025-12-23T16:17:42.4779484Z ##[group]Run actions/cache@v4
test	Cache Flutter Pub packages	2025-12-23T16:17:42.4779733Z with:
test	Cache Flutter Pub packages	2025-12-23T16:17:42.4779908Z   path: ~/.pub-cache
test	Cache Flutter Pub packages	
test	Cache Flutter Pub packages	2025-12-23T16:17:42.4780252Z   key: Linux-pub-11c962e0daf3758977c45a8dc3e808d1118c607c88c7d4d6cf9e1482829858fc
test	Cache Flutter Pub packages	2025-12-23T16:17:42.4780638Z   restore-keys: Linux-pub-
test	Cache Flutter Pub packages	
test	Cache Flutter Pub packages	2025-12-23T16:17:42.4780872Z   enableCrossOsArchive: false
test	Cache Flutter Pub packages	2025-12-23T16:17:42.4781096Z   fail-on-cache-miss: false
test	Cache Flutter Pub packages	2025-12-23T16:17:42.4781299Z   lookup-only: false
test	Cache Flutter Pub packages	2025-12-23T16:17:42.4781482Z   save-always: false
test	Cache Flutter Pub packages	2025-12-23T16:17:42.4781654Z env:
test	Cache Flutter Pub packages	2025-12-23T16:17:42.4781923Z   JAVA_HOME: /opt/hostedtoolcache/Java_Temurin-Hotspot_jdk/21.0.9-10/x64
test	Cache Flutter Pub packages	2025-12-23T16:17:42.4782360Z   JAVA_HOME_21_X64: /opt/hostedtoolcache/Java_Temurin-Hotspot_jdk/21.0.9-10/x64
test	Cache Flutter Pub packages	2025-12-23T16:17:42.4782970Z   FLUTTER_ROOT: /opt/hostedtoolcache/flutter/stable-3.38.5-x64
test	Cache Flutter Pub packages	2025-12-23T16:17:42.4783283Z   PUB_CACHE: /home/runner/.pub-cache
test	Cache Flutter Pub packages	2025-12-23T16:17:42.4783774Z ##[endgroup]
test	Cache Flutter Pub packages	2025-12-23T16:17:42.7037738Z Cache hit for: Linux-pub-11c962e0daf3758977c45a8dc3e808d1118c607c88c7d4d6cf9e1482829858fc
test	Cache Flutter Pub packages	2025-12-23T16:17:42.9972988Z Received 40113154 of 40113154 (100.0%), 147.7 MBs/sec
test	Cache Flutter Pub packages	2025-12-23T16:17:42.9974828Z Cache Size: ~38 MB (40113154 B)
test	Cache Flutter Pub packages	2025-12-23T16:17:43.0004929Z [command]/usr/bin/tar -xf /home/runner/work/_temp/5a624f24-6d09-4174-8ccf-84dd7bc05457/cache.tzst -P -C /home/runner/work/simple_match/simple_match --use-compress-program unzstd
test	Cache Flutter Pub packages	2025-12-23T16:17:43.6003178Z Cache restored successfully
test	Cache Flutter Pub packages	2025-12-23T16:17:43.6168659Z Cache restored from key: Linux-pub-11c962e0daf3758977c45a8dc3e808d1118c607c88c7d4d6cf9e1482829858fc
test	Install dependencies	ï»¿2025-12-23T16:17:43.6275439Z ##[group]Run flutter pub get
test	Install dependencies	2025-12-23T16:17:43.6275775Z [36;1mflutter pub get[0m
test	Install dependencies	2025-12-23T16:17:43.6308384Z shell: /usr/bin/bash -e {0}
test	Install dependencies	2025-12-23T16:17:43.6308629Z env:
test	Install dependencies	2025-12-23T16:17:43.6308934Z   JAVA_HOME: /opt/hostedtoolcache/Java_Temurin-Hotspot_jdk/21.0.9-10/x64
test	Install dependencies	2025-12-23T16:17:43.6309418Z   JAVA_HOME_21_X64: /opt/hostedtoolcache/Java_Temurin-Hotspot_jdk/21.0.9-10/x64
test	Install dependencies	2025-12-23T16:17:43.6309880Z   FLUTTER_ROOT: /opt/hostedtoolcache/flutter/stable-3.38.5-x64
test	Install dependencies	2025-12-23T16:17:43.6310218Z   PUB_CACHE: /home/runner/.pub-cache
test	Install dependencies	2025-12-23T16:17:43.6310471Z ##[endgroup]
test	Install dependencies	2025-12-23T16:17:44.4318495Z Resolving dependencies...
test	Install dependencies	2025-12-23T16:17:44.7585424Z Downloading packages...
test	Install dependencies	2025-12-23T16:17:44.7633319Z   _fe_analyzer_shared 89.0.0 (92.0.0 available)
test	Install dependencies	2025-12-23T16:17:44.7634032Z   analyzer 8.2.0 (9.0.0 available)
test	Install dependencies	2025-12-23T16:17:44.7634438Z   build 4.0.0 (4.0.3 available)
test	Install dependencies	2025-12-23T16:17:44.7634837Z   build_daemon 4.0.4 (4.1.1 available)
test	Install dependencies	2025-12-23T16:17:44.7635269Z   build_runner 2.8.0 (2.10.4 available)
test	Install dependencies	2025-12-23T16:17:44.7635760Z   built_value 8.12.0 (8.12.1 available)
test	Install dependencies	2025-12-23T16:17:44.7636191Z   characters 1.4.0 (1.4.1 available)
test	Install dependencies	2025-12-23T16:17:44.7636595Z   crypto 3.0.6 (3.0.7 available)
test	Install dependencies	2025-12-23T16:17:44.7636995Z   dart_style 3.1.2 (3.1.3 available)
test	Install dependencies	2025-12-23T16:17:44.7637406Z   flutter_lints 5.0.0 (6.0.0 available)
test	Install dependencies	2025-12-23T16:17:44.7637810Z   http 1.5.0 (1.6.0 available)
test	Install dependencies	2025-12-23T16:17:44.7638169Z   image 4.5.4 (4.7.2 available)
test	Install dependencies	2025-12-23T16:17:44.7638526Z   lints 5.1.1 (6.0.0 available)
test	Install dependencies	2025-12-23T16:17:44.7638876Z   matcher 0.12.17 (0.12.18 available)
test	Install dependencies	2025-12-23T16:17:44.7639335Z   material_color_utilities 0.11.1 (0.13.0 available)
test	Install dependencies	2025-12-23T16:17:44.7639817Z > meta 1.17.0 (was 1.16.0)
test	Install dependencies	2025-12-23T16:17:44.7640166Z   mockito 5.5.1 (5.6.1 available)
test	Install dependencies	2025-12-23T16:17:44.7640603Z   path_provider_android 2.2.18 (2.2.22 available)
test	Install dependencies	2025-12-23T16:17:44.7641110Z   path_provider_foundation 2.4.2 (2.5.1 available)
test	Install dependencies	2025-12-23T16:17:44.7641588Z   shared_preferences 2.5.3 (2.5.4 available)
test	Install dependencies	2025-12-23T16:17:44.7642087Z   shared_preferences_android 2.4.13 (2.4.18 available)
test	Install dependencies	2025-12-23T16:17:44.7642641Z   shared_preferences_foundation 2.5.4 (2.5.6 available)
test	Install dependencies	2025-12-23T16:17:44.7643137Z   source_gen 4.0.1 (4.1.1 available)
test	Install dependencies	2025-12-23T16:17:44.7643798Z > test_api 0.7.7 (was 0.7.6) (0.7.8 available)
test	Install dependencies	2025-12-23T16:17:44.7644240Z   watcher 1.1.3 (1.2.0 available)
test	Install dependencies	2025-12-23T16:17:44.7644635Z Changed 2 dependencies!
test	Install dependencies	2025-12-23T16:17:44.7645174Z 24 packages have newer versions incompatible with dependency constraints.
test	Install dependencies	2025-12-23T16:17:44.7645828Z Try `flutter pub outdated` for more information.
test	Install pdftotext (poppler-utils)	ï»¿2025-12-23T16:17:45.1931926Z ##[group]Run sudo apt-get update
test	Install pdftotext (poppler-utils)	2025-12-23T16:17:45.1932245Z [36;1msudo apt-get update[0m
test	Install pdftotext (poppler-utils)	2025-12-23T16:17:45.1932519Z [36;1msudo apt-get install -y poppler-utils[0m
test	Install pdftotext (poppler-utils)	2025-12-23T16:17:45.1964706Z shell: /usr/bin/bash -e {0}
test	Install pdftotext (poppler-utils)	2025-12-23T16:17:45.1964950Z env:
test	Install pdftotext (poppler-utils)	2025-12-23T16:17:45.1965248Z   JAVA_HOME: /opt/hostedtoolcache/Java_Temurin-Hotspot_jdk/21.0.9-10/x64
test	Install pdftotext (poppler-utils)	2025-12-23T16:17:45.1965723Z   JAVA_HOME_21_X64: /opt/hostedtoolcache/Java_Temurin-Hotspot_jdk/21.0.9-10/x64
test	Install pdftotext (poppler-utils)	2025-12-23T16:17:45.1966328Z   FLUTTER_ROOT: /opt/hostedtoolcache/flutter/stable-3.38.5-x64
test	Install pdftotext (poppler-utils)	2025-12-23T16:17:45.1966663Z   PUB_CACHE: /home/runner/.pub-cache
test	Install pdftotext (poppler-utils)	2025-12-23T16:17:45.1966900Z ##[endgroup]
test	Install pdftotext (poppler-utils)	2025-12-23T16:17:45.2665859Z Get:1 file:/etc/apt/apt-mirrors.txt Mirrorlist [144 B]
test	Install pdftotext (poppler-utils)	2025-12-23T16:17:45.2953990Z Hit:2 http://azure.archive.ubuntu.com/ubuntu noble InRelease
test	Install pdftotext (poppler-utils)	2025-12-23T16:17:45.2969240Z Hit:3 http://azure.archive.ubuntu.com/ubuntu noble-updates InRelease
test	Install pdftotext (poppler-utils)	2025-12-23T16:17:45.2976858Z Hit:4 http://azure.archive.ubuntu.com/ubuntu noble-backports InRelease
test	Install pdftotext (poppler-utils)	2025-12-23T16:17:45.2984926Z Hit:5 http://azure.archive.ubuntu.com/ubuntu noble-security InRelease
test	Install pdftotext (poppler-utils)	2025-12-23T16:17:45.3009775Z Hit:6 https://packages.microsoft.com/repos/azure-cli noble InRelease
test	Install pdftotext (poppler-utils)	2025-12-23T16:17:45.3074022Z Hit:7 https://packages.microsoft.com/ubuntu/24.04/prod noble InRelease
test	Install pdftotext (poppler-utils)	2025-12-23T16:17:46.4759322Z Reading package lists...
test	Install pdftotext (poppler-utils)	2025-12-23T16:17:46.5082393Z Reading package lists...
test	Install pdftotext (poppler-utils)	2025-12-23T16:17:46.6701430Z Building dependency tree...
test	Install pdftotext (poppler-utils)	2025-12-23T16:17:46.6709335Z Reading state information...
test	Install pdftotext (poppler-utils)	2025-12-23T16:17:46.8432679Z poppler-utils is already the newest version (24.02.0-1ubuntu9.8).
test	Install pdftotext (poppler-utils)	2025-12-23T16:17:46.8433287Z 0 upgraded, 0 newly installed, 0 to remove and 69 not upgraded.
test	Verify installed tools	ï»¿2025-12-23T16:17:46.8474298Z ##[group]Run echo "Flutter:" && flutter --version || true
test	Verify installed tools	2025-12-23T16:17:46.8474718Z [36;1mecho "Flutter:" && flutter --version || true[0m
test	Verify installed tools	2025-12-23T16:17:46.8475125Z [36;1mecho "pdftotext (poppler):" && pdftotext -v || echo "pdftotext not present"[0m
test	Verify installed tools	2025-12-23T16:17:46.8475585Z [36;1mecho "git-lfs:" && git lfs --version || echo "git-lfs not present"[0m
test	Verify installed tools	2025-12-23T16:17:46.8508445Z shell: /usr/bin/bash -e {0}
test	Verify installed tools	2025-12-23T16:17:46.8508678Z env:
test	Verify installed tools	2025-12-23T16:17:46.8508961Z   JAVA_HOME: /opt/hostedtoolcache/Java_Temurin-Hotspot_jdk/21.0.9-10/x64
test	Verify installed tools	2025-12-23T16:17:46.8509437Z   JAVA_HOME_21_X64: /opt/hostedtoolcache/Java_Temurin-Hotspot_jdk/21.0.9-10/x64
test	Verify installed tools	2025-12-23T16:17:46.8509864Z   FLUTTER_ROOT: /opt/hostedtoolcache/flutter/stable-3.38.5-x64
test	Verify installed tools	2025-12-23T16:17:46.8510205Z   PUB_CACHE: /home/runner/.pub-cache
test	Verify installed tools	2025-12-23T16:17:46.8510443Z ##[endgroup]
test	Verify installed tools	2025-12-23T16:17:46.8562025Z Flutter:
test	Verify installed tools	2025-12-23T16:17:46.9566562Z Flutter 3.38.5 â€¢ channel stable â€¢ https://github.com/flutter/flutter.git
test	Verify installed tools	2025-12-23T16:17:46.9567334Z Framework â€¢ revision f6ff1529fd (12 days ago) â€¢ 2025-12-11 11:50:07 -0500
test	Verify installed tools	2025-12-23T16:17:46.9568150Z Engine â€¢ hash c108a94d7a8273e112339e6c6833daa06e723a54 (revision 1527ae0ec5) (12 days ago) â€¢ 2025-12-11 15:04:31.000Z
test	Verify installed tools	2025-12-23T16:17:46.9568834Z Tools â€¢ Dart 3.10.4 â€¢ DevTools 2.51.1
test	Verify installed tools	2025-12-23T16:17:46.9606327Z pdftotext (poppler):
test	Verify installed tools	2025-12-23T16:17:46.9675348Z pdftotext version 24.02.0
test	Verify installed tools	2025-12-23T16:17:46.9676038Z Copyright 2005-2024 The Poppler Developers - http://poppler.freedesktop.org
test	Verify installed tools	2025-12-23T16:17:46.9676570Z Copyright 1996-2011, 2022 Glyph & Cog, LLC
test	Verify installed tools	2025-12-23T16:17:46.9684309Z git-lfs:
test	Verify installed tools	2025-12-23T16:17:46.9764537Z git-lfs/3.7.1 (GitHub; linux amd64; go 1.24.4)
test	Run tests with coverage	ï»¿2025-12-23T16:17:46.9808726Z ##[group]Run flutter test --coverage
test	Run tests with coverage	2025-12-23T16:17:46.9809267Z [36;1mflutter test --coverage[0m
test	Run tests with coverage	2025-12-23T16:17:46.9855089Z shell: /usr/bin/bash -e {0}
test	Run tests with coverage	2025-12-23T16:17:46.9855493Z env:
test	Run tests with coverage	2025-12-23T16:17:46.9855976Z   JAVA_HOME: /opt/hostedtoolcache/Java_Temurin-Hotspot_jdk/21.0.9-10/x64
test	Run tests with coverage	2025-12-23T16:17:46.9856812Z   JAVA_HOME_21_X64: /opt/hostedtoolcache/Java_Temurin-Hotspot_jdk/21.0.9-10/x64
test	Run tests with coverage	2025-12-23T16:17:46.9857593Z   FLUTTER_ROOT: /opt/hostedtoolcache/flutter/stable-3.38.5-x64
test	Run tests with coverage	2025-12-23T16:17:46.9858176Z   PUB_CACHE: /home/runner/.pub-cache
test	Run tests with coverage	2025-12-23T16:17:46.9858608Z ##[endgroup]
test	Run tests with coverage	2025-12-23T16:17:47.5671918Z Error detected in pubspec.yaml:
test	Run tests with coverage	2025-12-23T16:17:47.5682950Z No file or variants found for asset: assets/fonts/NotoSerifHK-wght.ttf.
test	Run tests with coverage	2025-12-23T16:17:47.5683662Z 
test	Run tests with coverage	2025-12-23T16:17:47.5793343Z Error: Failed to build asset bundle
test	Run tests with coverage	2025-12-23T16:17:47.5868511Z ##[error]Process completed with exit code 1.
test	Post Setup Flutter	ï»¿2025-12-23T16:17:47.5998966Z Post job cleanup.
test	Post Setup JDK 21	ï»¿2025-12-23T16:17:47.6047053Z Post job cleanup.
test	Post Run actions/checkout@v4	ï»¿2025-12-23T16:17:47.7779194Z Post job cleanup.
test	Post Run actions/checkout@v4	2025-12-23T16:17:47.8731904Z [command]/usr/bin/git version
test	Post Run actions/checkout@v4	2025-12-23T16:17:47.8770343Z git version 2.52.0
test	Post Run actions/checkout@v4	2025-12-23T16:17:47.8816933Z Temporarily overriding HOME='/home/runner/work/_temp/cbbed684-a284-44e4-ac56-78cb25fe7929' before making global git config changes
test	Post Run actions/checkout@v4	2025-12-23T16:17:47.8818234Z Adding repository directory to the temporary git global config as a safe directory
test	Post Run actions/checkout@v4	2025-12-23T16:17:47.8830314Z [command]/usr/bin/git config --global --add safe.directory /home/runner/work/simple_match/simple_match
test	Post Run actions/checkout@v4	2025-12-23T16:17:47.8865077Z [command]/usr/bin/git config --local --name-only --get-regexp core\.sshCommand
test	Post Run actions/checkout@v4	2025-12-23T16:17:47.8900424Z [command]/usr/bin/git submodule foreach --recursive sh -c "git config --local --name-only --get-regexp 'core\.sshCommand' && git config --local --unset-all 'core.sshCommand' || :"
test	Post Run actions/checkout@v4	2025-12-23T16:17:47.9157577Z [command]/usr/bin/git config --local --name-only --get-regexp http\.https\:\/\/github\.com\/\.extraheader
test	Post Run actions/checkout@v4	2025-12-23T16:17:47.9182213Z http.https://github.com/.extraheader
test	Post Run actions/checkout@v4	2025-12-23T16:17:47.9196026Z [command]/usr/bin/git config --local --unset-all http.https://github.com/.extraheader
test	Post Run actions/checkout@v4	2025-12-23T16:17:47.9230885Z [command]/usr/bin/git submodule foreach --recursive sh -c "git config --local --name-only --get-regexp 'http\.https\:\/\/github\.com\/\.extraheader' && git config --local --unset-all 'http.https://github.com/.extraheader' || :"
test	Post Run actions/checkout@v4	2025-12-23T16:17:47.9480474Z [command]/usr/bin/git config --local --name-only --get-regexp ^includeIf\.gitdir:
test	Post Run actions/checkout@v4	2025-12-23T16:17:47.9516024Z [command]/usr/bin/git submodule foreach --recursive git config --local --show-origin --name-only --get-regexp remote.origin.url
test	Complete job	ï»¿2025-12-23T16:17:47.9880141Z Cleaning up orphan processes
