build_and_deploy	Set up job	ï»¿2025-12-23T16:46:19.9809951Z Current runner version: '2.330.0'
build_and_deploy	Set up job	2025-12-23T16:46:19.9840800Z ##[group]Runner Image Provisioner
build_and_deploy	Set up job	2025-12-23T16:46:19.9841833Z Hosted Compute Agent
build_and_deploy	Set up job	2025-12-23T16:46:19.9842577Z Version: 20251211.462
build_and_deploy	Set up job	2025-12-23T16:46:19.9843338Z Commit: 6cbad8c2bb55d58165063d031ccabf57e2d2db61
build_and_deploy	Set up job	2025-12-23T16:46:19.9844222Z Build Date: 2025-12-11T16:28:49Z
build_and_deploy	Set up job	2025-12-23T16:46:19.9845284Z Worker ID: ***dea317e9-f089-48ec-ab26-2f9bebe30dc4***
build_and_deploy	Set up job	2025-12-23T16:46:19.9846136Z ##[endgroup]
build_and_deploy	Set up job	2025-12-23T16:46:19.9846804Z ##[group]Operating System
build_and_deploy	Set up job	2025-12-23T16:46:19.9847499Z Ubuntu
build_and_deploy	Set up job	2025-12-23T16:46:19.9848092Z 24.04.3
build_and_deploy	Set up job	2025-12-23T16:46:19.9848834Z LTS
build_and_deploy	Set up job	2025-12-23T16:46:19.9849455Z ##[endgroup]
build_and_deploy	Set up job	2025-12-23T16:46:19.9850132Z ##[group]Runner Image
build_and_deploy	Set up job	2025-12-23T16:46:19.9850856Z Image: ubuntu-24.04
build_and_deploy	Set up job	2025-12-23T16:46:19.9851531Z Version: 20251215.174.1
build_and_deploy	Set up job	2025-12-23T16:46:19.9852699Z Included Software: https://github.com/actions/runner-images/blob/ubuntu24/20251215.174/images/ubuntu/Ubuntu2404-Readme.md
build_and_deploy	Set up job	2025-12-23T16:46:19.9854190Z Image Release: https://github.com/actions/runner-images/releases/tag/ubuntu24%2F20251215.174
build_and_deploy	Set up job	2025-12-23T16:46:19.9855524Z ##[endgroup]
build_and_deploy	Set up job	2025-12-23T16:46:19.9857101Z ##[group]GITHUB_TOKEN Permissions
build_and_deploy	Set up job	2025-12-23T16:46:19.9859927Z Contents: read
build_and_deploy	Set up job	2025-12-23T16:46:19.9860660Z Metadata: read
build_and_deploy	Set up job	2025-12-23T16:46:19.9861287Z Packages: read
build_and_deploy	Set up job	2025-12-23T16:46:19.9861905Z ##[endgroup]
build_and_deploy	Set up job	2025-12-23T16:46:19.9864393Z Secret source: Actions
build_and_deploy	Set up job	2025-12-23T16:46:19.9865543Z Prepare workflow directory
build_and_deploy	Set up job	2025-12-23T16:46:20.0263946Z Prepare all required actions
build_and_deploy	Set up job	2025-12-23T16:46:20.0323073Z Getting action download info
build_and_deploy	Set up job	2025-12-23T16:46:20.3717409Z Download action repository 'actions/checkout@v4' (SHA:34e114876b0b11c390a56381ad16ebd13914f8d5)
build_and_deploy	Set up job	2025-12-23T16:46:20.4532041Z Download action repository 'subosito/flutter-action@v2' (SHA:fd55f4c5af5b953cc57a2be44cb082c8f6635e8e)
build_and_deploy	Set up job	2025-12-23T16:46:20.7626899Z Download action repository 'actions/cache@v4' (SHA:0057852bfaa89a56745cba8c7296529d2fc39830)
build_and_deploy	Set up job	2025-12-23T16:46:20.8453320Z Download action repository 'FirebaseExtended/action-hosting-deploy@v0' (SHA:e2eda2e106cfa35cdbcf4ac9ddaf6c4756df2c8c)
build_and_deploy	Set up job	2025-12-23T16:46:21.2710589Z Getting action download info
build_and_deploy	Set up job	2025-12-23T16:46:21.4388258Z Complete job name: build_and_deploy
build_and_deploy	Run actions/checkout@v4	ï»¿2025-12-23T16:46:21.5060737Z ##[group]Run actions/checkout@v4
build_and_deploy	Run actions/checkout@v4	2025-12-23T16:46:21.5061813Z with:
build_and_deploy	Run actions/checkout@v4	2025-12-23T16:46:21.5062414Z   repository: hfcs/simple_match
build_and_deploy	Run actions/checkout@v4	2025-12-23T16:46:21.5063318Z   token: ***
build_and_deploy	Run actions/checkout@v4	2025-12-23T16:46:21.5063881Z   ssh-strict: true
build_and_deploy	Run actions/checkout@v4	2025-12-23T16:46:21.5064464Z   ssh-user: git
build_and_deploy	Run actions/checkout@v4	2025-12-23T16:46:21.5065055Z   persist-credentials: true
build_and_deploy	Run actions/checkout@v4	2025-12-23T16:46:21.5065697Z   clean: true
build_and_deploy	Run actions/checkout@v4	2025-12-23T16:46:21.5066284Z   sparse-checkout-cone-mode: true
build_and_deploy	Run actions/checkout@v4	2025-12-23T16:46:21.5066957Z   fetch-depth: 1
build_and_deploy	Run actions/checkout@v4	2025-12-23T16:46:21.5067539Z   fetch-tags: false
build_and_deploy	Run actions/checkout@v4	2025-12-23T16:46:21.5068127Z   show-progress: true
build_and_deploy	Run actions/checkout@v4	2025-12-23T16:46:21.5068917Z   lfs: false
build_and_deploy	Run actions/checkout@v4	2025-12-23T16:46:21.5069532Z   submodules: false
build_and_deploy	Run actions/checkout@v4	2025-12-23T16:46:21.5070140Z   set-safe-directory: true
build_and_deploy	Run actions/checkout@v4	2025-12-23T16:46:21.5071016Z ##[endgroup]
build_and_deploy	Run actions/checkout@v4	2025-12-23T16:46:21.6124326Z Syncing repository: hfcs/simple_match
build_and_deploy	Run actions/checkout@v4	2025-12-23T16:46:21.6126796Z ##[group]Getting Git version info
build_and_deploy	Run actions/checkout@v4	2025-12-23T16:46:21.6127800Z Working directory is '/home/runner/work/simple_match/simple_match'
build_and_deploy	Run actions/checkout@v4	2025-12-23T16:46:21.6129373Z [command]/usr/bin/git version
build_and_deploy	Run actions/checkout@v4	2025-12-23T16:46:21.6177559Z git version 2.52.0
build_and_deploy	Run actions/checkout@v4	2025-12-23T16:46:21.6201869Z ##[endgroup]
build_and_deploy	Run actions/checkout@v4	2025-12-23T16:46:21.6225953Z Temporarily overriding HOME='/home/runner/work/_temp/bb417439-8811-4607-a7ca-38da7a98613f' before making global git config changes
build_and_deploy	Run actions/checkout@v4	2025-12-23T16:46:21.6229434Z Adding repository directory to the temporary git global config as a safe directory
build_and_deploy	Run actions/checkout@v4	2025-12-23T16:46:21.6232675Z [command]/usr/bin/git config --global --add safe.directory /home/runner/work/simple_match/simple_match
build_and_deploy	Run actions/checkout@v4	2025-12-23T16:46:21.6271474Z Deleting the contents of '/home/runner/work/simple_match/simple_match'
build_and_deploy	Run actions/checkout@v4	2025-12-23T16:46:21.6275104Z ##[group]Initializing the repository
build_and_deploy	Run actions/checkout@v4	2025-12-23T16:46:21.6280170Z [command]/usr/bin/git init /home/runner/work/simple_match/simple_match
build_and_deploy	Run actions/checkout@v4	2025-12-23T16:46:21.6372292Z hint: Using 'master' as the name for the initial branch. This default branch name
build_and_deploy	Run actions/checkout@v4	2025-12-23T16:46:21.6374678Z hint: will change to "main" in Git 3.0. To configure the initial branch name
build_and_deploy	Run actions/checkout@v4	2025-12-23T16:46:21.6376732Z hint: to use in all of your new repositories, which will suppress this warning,
build_and_deploy	Run actions/checkout@v4	2025-12-23T16:46:21.6377649Z hint: call:
build_and_deploy	Run actions/checkout@v4	2025-12-23T16:46:21.6378195Z hint:
build_and_deploy	Run actions/checkout@v4	2025-12-23T16:46:21.6379296Z hint: 	git config --global init.defaultBranch <name>
build_and_deploy	Run actions/checkout@v4	2025-12-23T16:46:21.6380058Z hint:
build_and_deploy	Run actions/checkout@v4	2025-12-23T16:46:21.6381270Z hint: Names commonly chosen instead of 'master' are 'main', 'trunk' and
build_and_deploy	Run actions/checkout@v4	2025-12-23T16:46:21.6382390Z hint: 'development'. The just-created branch can be renamed via this command:
build_and_deploy	Run actions/checkout@v4	2025-12-23T16:46:21.6383274Z hint:
build_and_deploy	Run actions/checkout@v4	2025-12-23T16:46:21.6383823Z hint: 	git branch -m <name>
build_and_deploy	Run actions/checkout@v4	2025-12-23T16:46:21.6384448Z hint:
build_and_deploy	Run actions/checkout@v4	2025-12-23T16:46:21.6385216Z hint: Disable this message with "git config set advice.defaultBranchName false"
build_and_deploy	Run actions/checkout@v4	2025-12-23T16:46:21.6386754Z Initialized empty Git repository in /home/runner/work/simple_match/simple_match/.git/
build_and_deploy	Run actions/checkout@v4	2025-12-23T16:46:21.6389071Z [command]/usr/bin/git remote add origin https://github.com/hfcs/simple_match
build_and_deploy	Run actions/checkout@v4	2025-12-23T16:46:21.6415414Z ##[endgroup]
build_and_deploy	Run actions/checkout@v4	2025-12-23T16:46:21.6416460Z ##[group]Disabling automatic garbage collection
build_and_deploy	Run actions/checkout@v4	2025-12-23T16:46:21.6419103Z [command]/usr/bin/git config --local gc.auto 0
build_and_deploy	Run actions/checkout@v4	2025-12-23T16:46:21.6445281Z ##[endgroup]
build_and_deploy	Run actions/checkout@v4	2025-12-23T16:46:21.6447032Z ##[group]Setting up auth
build_and_deploy	Run actions/checkout@v4	2025-12-23T16:46:21.6453405Z [command]/usr/bin/git config --local --name-only --get-regexp core\.sshCommand
build_and_deploy	Run actions/checkout@v4	2025-12-23T16:46:21.6480122Z [command]/usr/bin/git submodule foreach --recursive sh -c "git config --local --name-only --get-regexp 'core\.sshCommand' && git config --local --unset-all 'core.sshCommand' || :"
build_and_deploy	Run actions/checkout@v4	2025-12-23T16:46:21.6764803Z [command]/usr/bin/git config --local --name-only --get-regexp http\.https\:\/\/github\.com\/\.extraheader
build_and_deploy	Run actions/checkout@v4	2025-12-23T16:46:21.6789962Z [command]/usr/bin/git submodule foreach --recursive sh -c "git config --local --name-only --get-regexp 'http\.https\:\/\/github\.com\/\.extraheader' && git config --local --unset-all 'http.https://github.com/.extraheader' || :"
build_and_deploy	Run actions/checkout@v4	2025-12-23T16:46:21.6956444Z [command]/usr/bin/git config --local --name-only --get-regexp ^includeIf\.gitdir:
build_and_deploy	Run actions/checkout@v4	2025-12-23T16:46:21.6987396Z [command]/usr/bin/git submodule foreach --recursive git config --local --show-origin --name-only --get-regexp remote.origin.url
build_and_deploy	Run actions/checkout@v4	2025-12-23T16:46:21.7160916Z [command]/usr/bin/git config --local http.https://github.com/.extraheader AUTHORIZATION: basic ***
build_and_deploy	Run actions/checkout@v4	2025-12-23T16:46:21.7187992Z ##[endgroup]
build_and_deploy	Run actions/checkout@v4	2025-12-23T16:46:21.7195749Z ##[group]Fetching the repository
build_and_deploy	Run actions/checkout@v4	2025-12-23T16:46:21.7197300Z [command]/usr/bin/git -c protocol.version=2 fetch --no-tags --prune --no-recurse-submodules --depth=1 origin +e46383a9bc1bcb2cfbf5977013d4b4bdc18f6da8:refs/remotes/origin/main
build_and_deploy	Run actions/checkout@v4	2025-12-23T16:46:22.0446618Z From https://github.com/hfcs/simple_match
build_and_deploy	Run actions/checkout@v4	2025-12-23T16:46:22.0449074Z  * [new ref]         e46383a9bc1bcb2cfbf5977013d4b4bdc18f6da8 -> origin/main
build_and_deploy	Run actions/checkout@v4	2025-12-23T16:46:22.0480581Z ##[endgroup]
build_and_deploy	Run actions/checkout@v4	2025-12-23T16:46:22.0483677Z ##[group]Determining the checkout info
build_and_deploy	Run actions/checkout@v4	2025-12-23T16:46:22.0486882Z ##[endgroup]
build_and_deploy	Run actions/checkout@v4	2025-12-23T16:46:22.0490008Z [command]/usr/bin/git sparse-checkout disable
build_and_deploy	Run actions/checkout@v4	2025-12-23T16:46:22.0525959Z [command]/usr/bin/git config --local --unset-all extensions.worktreeConfig
build_and_deploy	Run actions/checkout@v4	2025-12-23T16:46:22.0550479Z ##[group]Checking out the ref
build_and_deploy	Run actions/checkout@v4	2025-12-23T16:46:22.0553066Z [command]/usr/bin/git checkout --progress --force -B main refs/remotes/origin/main
build_and_deploy	Run actions/checkout@v4	2025-12-23T16:46:22.0727145Z Switched to a new branch 'main'
build_and_deploy	Run actions/checkout@v4	2025-12-23T16:46:22.0729369Z branch 'main' set up to track 'origin/main'.
build_and_deploy	Run actions/checkout@v4	2025-12-23T16:46:22.0735118Z ##[endgroup]
build_and_deploy	Run actions/checkout@v4	2025-12-23T16:46:22.0767362Z [command]/usr/bin/git log -1 --format=%H
build_and_deploy	Run actions/checkout@v4	2025-12-23T16:46:22.0786391Z e46383a9bc1bcb2cfbf5977013d4b4bdc18f6da8
build_and_deploy	Setup Flutter	ï»¿2025-12-23T16:46:22.1282474Z ##[group]Run subosito/flutter-action@v2
build_and_deploy	Setup Flutter	2025-12-23T16:46:22.1283861Z with:
build_and_deploy	Setup Flutter	2025-12-23T16:46:22.1284860Z   channel: stable
build_and_deploy	Setup Flutter	2025-12-23T16:46:22.1285923Z   architecture: X64
build_and_deploy	Setup Flutter	2025-12-23T16:46:22.1287161Z   cache: false
build_and_deploy	Setup Flutter	2025-12-23T16:46:22.1288230Z   pub-cache-path: default
build_and_deploy	Setup Flutter	2025-12-23T16:46:22.1289513Z   dry-run: false
build_and_deploy	Setup Flutter	2025-12-23T16:46:22.1290776Z   git-source: https://github.com/flutter/flutter.git
build_and_deploy	Setup Flutter	2025-12-23T16:46:22.1292228Z ##[endgroup]
build_and_deploy	Setup Flutter	2025-12-23T16:46:22.1444298Z ##[group]Run chmod +x "$GITHUB_ACTION_PATH/setup.sh"
build_and_deploy	Setup Flutter	2025-12-23T16:46:22.1446108Z [36;1mchmod +x "$GITHUB_ACTION_PATH/setup.sh"[0m
build_and_deploy	Setup Flutter	2025-12-23T16:46:22.1475616Z shell: /usr/bin/bash --noprofile --norc -e -o pipefail ***0***
build_and_deploy	Setup Flutter	2025-12-23T16:46:22.1477220Z ##[endgroup]
build_and_deploy	Setup Flutter	2025-12-23T16:46:22.1652726Z ##[group]Run $GITHUB_ACTION_PATH/setup.sh -p \
build_and_deploy	Setup Flutter	2025-12-23T16:46:22.1654302Z [36;1m$GITHUB_ACTION_PATH/setup.sh -p \[0m
build_and_deploy	Setup Flutter	2025-12-23T16:46:22.1655614Z [36;1m  -n '' \[0m
build_and_deploy	Setup Flutter	2025-12-23T16:46:22.1656665Z [36;1m  -f '' \[0m
build_and_deploy	Setup Flutter	2025-12-23T16:46:22.1657721Z [36;1m  -a 'X64' \[0m
build_and_deploy	Setup Flutter	2025-12-23T16:46:22.1659128Z [36;1m  -k '' \[0m
build_and_deploy	Setup Flutter	2025-12-23T16:46:22.1660200Z [36;1m  -c '' \[0m
build_and_deploy	Setup Flutter	2025-12-23T16:46:22.1661247Z [36;1m  -l '' \[0m
build_and_deploy	Setup Flutter	2025-12-23T16:46:22.1662320Z [36;1m  -d 'default' \[0m
build_and_deploy	Setup Flutter	2025-12-23T16:46:22.1663684Z [36;1m  -g 'https://github.com/flutter/flutter.git' \[0m
build_and_deploy	Setup Flutter	2025-12-23T16:46:22.1665067Z [36;1m  stable[0m
build_and_deploy	Setup Flutter	2025-12-23T16:46:22.1689728Z shell: /usr/bin/bash --noprofile --norc -e -o pipefail ***0***
build_and_deploy	Setup Flutter	2025-12-23T16:46:22.1691289Z ##[endgroup]
build_and_deploy	Setup Flutter	2025-12-23T16:46:22.3788457Z ##[group]Run $GITHUB_ACTION_PATH/setup.sh \
build_and_deploy	Setup Flutter	2025-12-23T16:46:22.3789997Z [36;1m$GITHUB_ACTION_PATH/setup.sh \[0m
build_and_deploy	Setup Flutter	2025-12-23T16:46:22.3791210Z [36;1m  -n '3.38.5' \[0m
build_and_deploy	Setup Flutter	2025-12-23T16:46:22.3792249Z [36;1m  -a 'x64' \[0m
build_and_deploy	Setup Flutter	2025-12-23T16:46:22.3793493Z [36;1m  -c '/opt/hostedtoolcache/flutter/stable-3.38.5-x64' \[0m
build_and_deploy	Setup Flutter	2025-12-23T16:46:22.3794938Z [36;1m  -d '/home/runner/.pub-cache' \[0m
build_and_deploy	Setup Flutter	2025-12-23T16:46:22.3796095Z [36;1m  stable[0m
build_and_deploy	Setup Flutter	2025-12-23T16:46:22.3821135Z shell: /usr/bin/bash --noprofile --norc -e -o pipefail ***0***
build_and_deploy	Setup Flutter	2025-12-23T16:46:22.3822622Z ##[endgroup]
build_and_deploy	Setup Flutter	2025-12-23T16:46:22.5558743Z   % Total    % Received % Xferd  Average Speed   Time    Time     Time  Current
build_and_deploy	Setup Flutter	2025-12-23T16:46:22.5561924Z                                  Dload  Upload   Total   Spent    Left  Speed
build_and_deploy	Setup Flutter	2025-12-23T16:46:22.5562922Z 
build_and_deploy	Setup Flutter	2025-12-23T16:46:22.7747452Z   0     0    0     0    0     0      0      0 --:--:-- --:--:-- --:--:--     0
build_and_deploy	Setup Flutter	2025-12-23T16:46:23.7693282Z   0 1396M    0 6187k    0     0  27.5M      0  0:00:50 --:--:--  0:00:50 27.5M
build_and_deploy	Setup Flutter	2025-12-23T16:46:24.7694458Z   7 1396M    7  105M    0     0  87.0M      0  0:00:16  0:00:01  0:00:15 87.0M
build_and_deploy	Setup Flutter	2025-12-23T16:46:25.7693581Z  14 1396M   14  208M    0     0  94.0M      0  0:00:14  0:00:02  0:00:12 94.0M
build_and_deploy	Setup Flutter	2025-12-23T16:46:26.7694222Z  21 1396M   21  305M    0     0  94.9M      0  0:00:14  0:00:03  0:00:11 94.9M
build_and_deploy	Setup Flutter	2025-12-23T16:46:27.7693060Z  28 1396M   28  400M    0     0  95.0M      0  0:00:14  0:00:04  0:00:10 95.0M
build_and_deploy	Setup Flutter	2025-12-23T16:46:28.7691984Z  36 1396M   36  513M    0     0  98.5M      0  0:00:14  0:00:05  0:00:09  101M
build_and_deploy	Setup Flutter	2025-12-23T16:46:29.7694780Z  44 1396M   44  616M    0     0  99.2M      0  0:00:14  0:00:06  0:00:08  102M
build_and_deploy	Setup Flutter	2025-12-23T16:46:30.7731086Z  51 1396M   51  717M    0     0  99.5M      0  0:00:14  0:00:07  0:00:07  101M
build_and_deploy	Setup Flutter	2025-12-23T16:46:31.7696692Z  59 1396M   59  829M    0     0   100M      0  0:00:13  0:00:08  0:00:05  104M
build_and_deploy	Setup Flutter	2025-12-23T16:46:32.7695725Z  67 1396M   67  938M    0     0   101M      0  0:00:13  0:00:09  0:00:04  107M
build_and_deploy	Setup Flutter	2025-12-23T16:46:33.7698877Z  75 1396M   75 1054M    0     0   103M      0  0:00:13  0:00:10  0:00:03  108M
build_and_deploy	Setup Flutter	2025-12-23T16:46:34.7691055Z  82 1396M   82 1154M    0     0   102M      0  0:00:13  0:00:11  0:00:02  107M
build_and_deploy	Setup Flutter	2025-12-23T16:46:35.7691724Z  90 1396M   90 1267M    0     0   103M      0  0:00:13  0:00:12  0:00:01  109M
build_and_deploy	Setup Flutter	2025-12-23T16:46:35.8910101Z  99 1396M   99 1385M    0     0   104M      0  0:00:13  0:00:13 --:--:--  111M
build_and_deploy	Setup Flutter	2025-12-23T16:46:35.8911337Z 100 1396M  100 1396M    0     0   104M      0  0:00:13  0:00:13 --:--:--  111M
build_and_deploy	Verify Flutter	ï»¿2025-12-23T16:47:26.8189650Z ##[group]Run flutter --version
build_and_deploy	Verify Flutter	2025-12-23T16:47:26.8190026Z [36;1mflutter --version[0m
build_and_deploy	Verify Flutter	2025-12-23T16:47:26.8212624Z shell: /usr/bin/bash -e ***0***
build_and_deploy	Verify Flutter	2025-12-23T16:47:26.8213117Z env:
build_and_deploy	Verify Flutter	2025-12-23T16:47:26.8213446Z   FLUTTER_ROOT: /opt/hostedtoolcache/flutter/stable-3.38.5-x64
build_and_deploy	Verify Flutter	2025-12-23T16:47:26.8213834Z   PUB_CACHE: /home/runner/.pub-cache
build_and_deploy	Verify Flutter	2025-12-23T16:47:26.8214126Z ##[endgroup]
build_and_deploy	Verify Flutter	2025-12-23T16:47:27.3424661Z Flutter 3.38.5 â€¢ channel stable â€¢ https://github.com/flutter/flutter.git
build_and_deploy	Verify Flutter	2025-12-23T16:47:27.3425545Z Framework â€¢ revision f6ff1529fd (12 days ago) â€¢ 2025-12-11 11:50:07 -0500
build_and_deploy	Verify Flutter	2025-12-23T16:47:27.3426650Z Engine â€¢ hash c108a94d7a8273e112339e6c6833daa06e723a54 (revision 1527ae0ec5) (12 days ago) â€¢ 2025-12-11 15:04:31.000Z
build_and_deploy	Verify Flutter	2025-12-23T16:47:27.3427398Z Tools â€¢ Dart 3.10.4 â€¢ DevTools 2.51.1
build_and_deploy	Cache Flutter Pub packages	ï»¿2025-12-23T16:47:27.4416351Z ##[group]Run actions/cache@v4
build_and_deploy	Cache Flutter Pub packages	2025-12-23T16:47:27.4416704Z with:
build_and_deploy	Cache Flutter Pub packages	2025-12-23T16:47:27.4416951Z   path: ~/.pub-cache
build_and_deploy	Cache Flutter Pub packages	
build_and_deploy	Cache Flutter Pub packages	2025-12-23T16:47:27.4417463Z   key: Linux-pub-11c962e0daf3758977c45a8dc3e808d1118c607c88c7d4d6cf9e1482829858fc
build_and_deploy	Cache Flutter Pub packages	2025-12-23T16:47:27.4417960Z   restore-keys: Linux-pub-
build_and_deploy	Cache Flutter Pub packages	
build_and_deploy	Cache Flutter Pub packages	2025-12-23T16:47:27.4418261Z   enableCrossOsArchive: false
build_and_deploy	Cache Flutter Pub packages	2025-12-23T16:47:27.4418751Z   fail-on-cache-miss: false
build_and_deploy	Cache Flutter Pub packages	2025-12-23T16:47:27.4419030Z   lookup-only: false
build_and_deploy	Cache Flutter Pub packages	2025-12-23T16:47:27.4419286Z   save-always: false
build_and_deploy	Cache Flutter Pub packages	2025-12-23T16:47:27.4419530Z env:
build_and_deploy	Cache Flutter Pub packages	2025-12-23T16:47:27.4419836Z   FLUTTER_ROOT: /opt/hostedtoolcache/flutter/stable-3.38.5-x64
build_and_deploy	Cache Flutter Pub packages	2025-12-23T16:47:27.4420219Z   PUB_CACHE: /home/runner/.pub-cache
build_and_deploy	Cache Flutter Pub packages	2025-12-23T16:47:27.4420508Z ##[endgroup]
build_and_deploy	Cache Flutter Pub packages	2025-12-23T16:47:27.6816058Z Cache hit for: Linux-pub-11c962e0daf3758977c45a8dc3e808d1118c607c88c7d4d6cf9e1482829858fc
build_and_deploy	Cache Flutter Pub packages	2025-12-23T16:47:28.2761219Z Received 40113154 of 40113154 (100.0%), 80.4 MBs/sec
build_and_deploy	Cache Flutter Pub packages	2025-12-23T16:47:28.2761891Z Cache Size: ~38 MB (40113154 B)
build_and_deploy	Cache Flutter Pub packages	2025-12-23T16:47:28.2792686Z [command]/usr/bin/tar -xf /home/runner/work/_temp/2afe92c8-c27d-4b12-8bf0-2a118130b95a/cache.tzst -P -C /home/runner/work/simple_match/simple_match --use-compress-program unzstd
build_and_deploy	Cache Flutter Pub packages	2025-12-23T16:47:28.6428838Z Cache restored successfully
build_and_deploy	Cache Flutter Pub packages	2025-12-23T16:47:28.6555315Z Cache restored from key: Linux-pub-11c962e0daf3758977c45a8dc3e808d1118c607c88c7d4d6cf9e1482829858fc
build_and_deploy	Install dependencies	ï»¿2025-12-23T16:47:28.6636099Z ##[group]Run flutter pub get
build_and_deploy	Install dependencies	2025-12-23T16:47:28.6636464Z [36;1mflutter pub get[0m
build_and_deploy	Install dependencies	2025-12-23T16:47:28.6656750Z shell: /usr/bin/bash -e ***0***
build_and_deploy	Install dependencies	2025-12-23T16:47:28.6657101Z env:
build_and_deploy	Install dependencies	2025-12-23T16:47:28.6657428Z   FLUTTER_ROOT: /opt/hostedtoolcache/flutter/stable-3.38.5-x64
build_and_deploy	Install dependencies	2025-12-23T16:47:28.6657818Z   PUB_CACHE: /home/runner/.pub-cache
build_and_deploy	Install dependencies	2025-12-23T16:47:28.6658130Z ##[endgroup]
build_and_deploy	Install dependencies	2025-12-23T16:47:29.4739557Z Resolving dependencies...
build_and_deploy	Install dependencies	2025-12-23T16:47:29.8284242Z Downloading packages...
build_and_deploy	Install dependencies	2025-12-23T16:47:29.8330130Z   _fe_analyzer_shared 89.0.0 (92.0.0 available)
build_and_deploy	Install dependencies	2025-12-23T16:47:29.8330827Z   analyzer 8.2.0 (9.0.0 available)
build_and_deploy	Install dependencies	2025-12-23T16:47:29.8331348Z   build 4.0.0 (4.0.3 available)
build_and_deploy	Install dependencies	2025-12-23T16:47:29.8331868Z   build_daemon 4.0.4 (4.1.1 available)
build_and_deploy	Install dependencies	2025-12-23T16:47:29.8332413Z   build_runner 2.8.0 (2.10.4 available)
build_and_deploy	Install dependencies	2025-12-23T16:47:29.8332920Z   built_value 8.12.0 (8.12.1 available)
build_and_deploy	Install dependencies	2025-12-23T16:47:29.8333449Z   characters 1.4.0 (1.4.1 available)
build_and_deploy	Install dependencies	2025-12-23T16:47:29.8333948Z   crypto 3.0.6 (3.0.7 available)
build_and_deploy	Install dependencies	2025-12-23T16:47:29.8334570Z   dart_style 3.1.2 (3.1.3 available)
build_and_deploy	Install dependencies	2025-12-23T16:47:29.8335074Z   flutter_lints 5.0.0 (6.0.0 available)
build_and_deploy	Install dependencies	2025-12-23T16:47:29.8335561Z   http 1.5.0 (1.6.0 available)
build_and_deploy	Install dependencies	2025-12-23T16:47:29.8336016Z   image 4.5.4 (4.7.2 available)
build_and_deploy	Install dependencies	2025-12-23T16:47:29.8336555Z   lints 5.1.1 (6.0.0 available)
build_and_deploy	Install dependencies	2025-12-23T16:47:29.8337080Z   matcher 0.12.17 (0.12.18 available)
build_and_deploy	Install dependencies	2025-12-23T16:47:29.8337830Z   material_color_utilities 0.11.1 (0.13.0 available)
build_and_deploy	Install dependencies	2025-12-23T16:47:29.8338695Z > meta 1.17.0 (was 1.16.0)
build_and_deploy	Install dependencies	2025-12-23T16:47:29.8339200Z   mockito 5.5.1 (5.6.1 available)
build_and_deploy	Install dependencies	2025-12-23T16:47:29.8339803Z   path_provider_android 2.2.18 (2.2.22 available)
build_and_deploy	Install dependencies	2025-12-23T16:47:29.8340477Z   path_provider_foundation 2.4.2 (2.5.1 available)
build_and_deploy	Install dependencies	2025-12-23T16:47:29.8341172Z   shared_preferences 2.5.3 (2.5.4 available)
build_and_deploy	Install dependencies	2025-12-23T16:47:29.8341927Z   shared_preferences_android 2.4.13 (2.4.18 available)
build_and_deploy	Install dependencies	2025-12-23T16:47:29.8342672Z   shared_preferences_foundation 2.5.4 (2.5.6 available)
build_and_deploy	Install dependencies	2025-12-23T16:47:29.8343768Z   source_gen 4.0.1 (4.1.1 available)
build_and_deploy	Install dependencies	2025-12-23T16:47:29.8344444Z > test_api 0.7.7 (was 0.7.6) (0.7.8 available)
build_and_deploy	Install dependencies	2025-12-23T16:47:29.8345088Z   watcher 1.1.3 (1.2.0 available)
build_and_deploy	Install dependencies	2025-12-23T16:47:29.8345672Z Changed 2 dependencies!
build_and_deploy	Install dependencies	2025-12-23T16:47:29.8346507Z 24 packages have newer versions incompatible with dependency constraints.
build_and_deploy	Install dependencies	2025-12-23T16:47:29.8347406Z Try `flutter pub outdated` for more information.
build_and_deploy	Run ./build.sh web --release	ï»¿2025-12-23T16:47:30.2307347Z ##[group]Run ./build.sh web --release
build_and_deploy	Run ./build.sh web --release	2025-12-23T16:47:30.2307764Z [36;1m./build.sh web --release[0m
build_and_deploy	Run ./build.sh web --release	2025-12-23T16:47:30.2327588Z shell: /usr/bin/bash -e ***0***
build_and_deploy	Run ./build.sh web --release	2025-12-23T16:47:30.2327928Z env:
build_and_deploy	Run ./build.sh web --release	2025-12-23T16:47:30.2328258Z   FLUTTER_ROOT: /opt/hostedtoolcache/flutter/stable-3.38.5-x64
build_and_deploy	Run ./build.sh web --release	2025-12-23T16:47:30.2328860Z   PUB_CACHE: /home/runner/.pub-cache
build_and_deploy	Run ./build.sh web --release	2025-12-23T16:47:30.2329169Z ##[endgroup]
build_and_deploy	Run ./build.sh web --release	2025-12-23T16:47:30.2405028Z Downloading NotoSerifHK from https://github.com/notofonts/noto-cjk/raw/refs/heads/main/google-fonts/NotoSerifHK%5Bwght%5D.ttf and saving as NotoSerifHK-wght.ttf...
build_and_deploy	Run ./build.sh web --release	2025-12-23T16:47:30.2449283Z   % Total    % Received % Xferd  Average Speed   Time    Time     Time  Current
build_and_deploy	Run ./build.sh web --release	2025-12-23T16:47:30.2450058Z                                  Dload  Upload   Total   Spent    Left  Speed
build_and_deploy	Run ./build.sh web --release	2025-12-23T16:47:30.2450345Z 
build_and_deploy	Run ./build.sh web --release	2025-12-23T16:47:30.3702420Z   0     0    0     0    0     0      0      0 --:--:-- --:--:-- --:--:--     0
build_and_deploy	Run ./build.sh web --release	2025-12-23T16:47:30.3703207Z   0     0    0     0    0     0      0      0 --:--:-- --:--:-- --:--:--     0
build_and_deploy	Run ./build.sh web --release	2025-12-23T16:47:30.8600581Z 
build_and_deploy	Run ./build.sh web --release	2025-12-23T16:47:30.9064891Z   0 16.0M    0 16375    0     0  26613      0  0:10:32 --:--:--  0:10:32 26613
build_and_deploy	Run ./build.sh web --release	2025-12-23T16:47:30.9065653Z 100 16.0M  100 16.0M    0     0  24.2M      0 --:--:-- --:--:-- --:--:--  348M
build_and_deploy	Run ./build.sh web --release	2025-12-23T16:47:30.9288278Z Font downloaded to assets/fonts/NotoSerifHK-wght.ttf.
build_and_deploy	Run ./build.sh web --release	2025-12-23T16:47:30.9387232Z Also created compatibility copy assets/fonts/NotoSerifHK[wght].ttf if permissions allow.
build_and_deploy	Run ./build.sh web --release	2025-12-23T16:48:23.9253725Z Compiling lib/main.dart for the Web...                          
build_and_deploy	Run ./build.sh web --release	2025-12-23T16:48:23.9262696Z Wasm dry run findings:
build_and_deploy	Run ./build.sh web --release	2025-12-23T16:48:23.9263324Z Found incompatibilities with WebAssembly.
build_and_deploy	Run ./build.sh web --release	2025-12-23T16:48:23.9265064Z 
build_and_deploy	Run ./build.sh web --release	2025-12-23T16:48:23.9265919Z package:simple_match/views/export_utils_web.dart 4:1 - dart:html unsupported (0)
build_and_deploy	Run ./build.sh web --release	2025-12-23T16:48:23.9267015Z package:simple_match/views/io_file_helpers_web.dart 6:1 - dart:html unsupported (0)
build_and_deploy	Run ./build.sh web --release	2025-12-23T16:48:23.9268339Z package:simple_match/views/io_file_helpers_web.dart 7:1 - JS interop library 'dart:js_util' can't be imported when compiling to Wasm. (2)
build_and_deploy	Run ./build.sh web --release	2025-12-23T16:48:23.9270168Z file:///home/runner/.pub-cache/hosted/pub.dev/image-4.5.4/lib/src/exif/ifd_directory.dart 174:26 - avoid_double_and_int_checks lint violation: Explicit check for double or int. (13)
build_and_deploy	Run ./build.sh web --release	2025-12-23T16:48:23.9271965Z file:///home/runner/.pub-cache/hosted/pub.dev/image-4.5.4/lib/src/exif/ifd_directory.dart 183:26 - avoid_double_and_int_checks lint violation: Explicit check for double or int. (13)
build_and_deploy	Run ./build.sh web --release	2025-12-23T16:48:23.9272889Z 
build_and_deploy	Run ./build.sh web --release	2025-12-23T16:48:23.9273590Z Consider addressing these issues to enable wasm builds. See docs for more info: https://docs.flutter.dev/platform-integration/web/wasm
build_and_deploy	Run ./build.sh web --release	2025-12-23T16:48:23.9274399Z 
build_and_deploy	Run ./build.sh web --release	2025-12-23T16:48:23.9274644Z Use --no-wasm-dry-run to disable these warnings.
build_and_deploy	Run ./build.sh web --release	2025-12-23T16:48:25.9145570Z Font asset "CupertinoIcons.ttf" was tree-shaken, reducing it from 257628 to 1472 bytes (99.4% reduction). Tree-shaking can be disabled by providing the --no-tree-shake-icons flag when building your app.
build_and_deploy	Run ./build.sh web --release	2025-12-23T16:48:25.9153130Z Font asset "MaterialIcons-Regular.otf" was tree-shaken, reducing it from 1645184 to 10348 bytes (99.4% reduction). Tree-shaking can be disabled by providing the --no-tree-shake-icons flag when building your app.
build_and_deploy	Run ./build.sh web --release	2025-12-23T16:48:26.9122959Z Compiling lib/main.dart for the Web...                             55.5s
build_and_deploy	Run ./build.sh web --release	2025-12-23T16:48:26.9130740Z âœ“ Built build/web
build_and_deploy	Run FirebaseExtended/action-hosting-deploy@v0	ï»¿2025-12-23T16:48:26.9320550Z ##[group]Run FirebaseExtended/action-hosting-deploy@v0
build_and_deploy	Run FirebaseExtended/action-hosting-deploy@v0	2025-12-23T16:48:26.9320935Z with:
build_and_deploy	Run FirebaseExtended/action-hosting-deploy@v0	2025-12-23T16:48:26.9321300Z   repoToken: ***
build_and_deploy	Run FirebaseExtended/action-hosting-deploy@v0	2025-12-23T16:48:26.9330391Z   firebaseServiceAccount: ***
build_and_deploy	Run FirebaseExtended/action-hosting-deploy@v0	
build_and_deploy	Run FirebaseExtended/action-hosting-deploy@v0	2025-12-23T16:48:26.9330689Z   channelId: live
build_and_deploy	Run FirebaseExtended/action-hosting-deploy@v0	2025-12-23T16:48:26.9330951Z   projectId: dt-simple-match
build_and_deploy	Run FirebaseExtended/action-hosting-deploy@v0	2025-12-23T16:48:26.9331240Z   expires: 7d
build_and_deploy	Run FirebaseExtended/action-hosting-deploy@v0	2025-12-23T16:48:26.9331479Z   entryPoint: .
build_and_deploy	Run FirebaseExtended/action-hosting-deploy@v0	2025-12-23T16:48:26.9331753Z   firebaseToolsVersion: latest
build_and_deploy	Run FirebaseExtended/action-hosting-deploy@v0	2025-12-23T16:48:26.9332039Z   disableComment: false
build_and_deploy	Run FirebaseExtended/action-hosting-deploy@v0	2025-12-23T16:48:26.9332298Z   force: false
build_and_deploy	Run FirebaseExtended/action-hosting-deploy@v0	2025-12-23T16:48:26.9332541Z env:
build_and_deploy	Run FirebaseExtended/action-hosting-deploy@v0	2025-12-23T16:48:26.9332838Z   FLUTTER_ROOT: /opt/hostedtoolcache/flutter/stable-3.38.5-x64
build_and_deploy	Run FirebaseExtended/action-hosting-deploy@v0	2025-12-23T16:48:26.9333211Z   PUB_CACHE: /home/runner/.pub-cache
build_and_deploy	Run FirebaseExtended/action-hosting-deploy@v0	2025-12-23T16:48:26.9333529Z   FIREBASE_CLI_EXPERIMENTS: webframeworks
build_and_deploy	Run FirebaseExtended/action-hosting-deploy@v0	2025-12-23T16:48:26.9333823Z ##[endgroup]
build_and_deploy	Run FirebaseExtended/action-hosting-deploy@v0	2025-12-23T16:48:26.9970881Z ##[group]Verifying firebase.json exists
build_and_deploy	Run FirebaseExtended/action-hosting-deploy@v0	2025-12-23T16:48:26.9975020Z firebase.json file found. Continuing deploy.
build_and_deploy	Run FirebaseExtended/action-hosting-deploy@v0	2025-12-23T16:48:26.9978838Z ##[endgroup]
build_and_deploy	Run FirebaseExtended/action-hosting-deploy@v0	2025-12-23T16:48:26.9979787Z ##[group]Setting up CLI credentials
build_and_deploy	Run FirebaseExtended/action-hosting-deploy@v0	2025-12-23T16:48:26.9992994Z Created a temporary file with Application Default Credentials.
build_and_deploy	Run FirebaseExtended/action-hosting-deploy@v0	2025-12-23T16:48:26.9994139Z ##[endgroup]
build_and_deploy	Run FirebaseExtended/action-hosting-deploy@v0	2025-12-23T16:48:26.9994890Z ##[group]Deploying to production site
build_and_deploy	Run FirebaseExtended/action-hosting-deploy@v0	2025-12-23T16:48:27.0034677Z [command]/usr/local/bin/npx firebase-tools@latest deploy --only hosting --project dt-simple-match --json
build_and_deploy	Run FirebaseExtended/action-hosting-deploy@v0	2025-12-23T16:48:31.5114103Z npm warn exec The following package was not found and will be installed: firebase-tools@15.1.0
build_and_deploy	Run FirebaseExtended/action-hosting-deploy@v0	2025-12-23T16:48:46.0578370Z npm warn deprecated node-domexception@1.0.0: Use your platform's native DOMException instead
build_and_deploy	Run FirebaseExtended/action-hosting-deploy@v0	2025-12-23T16:49:42.0217669Z Compiling lib/main.dart for the Web...                          
build_and_deploy	Run FirebaseExtended/action-hosting-deploy@v0	2025-12-23T16:49:42.0225593Z Wasm dry run findings:
build_and_deploy	Run FirebaseExtended/action-hosting-deploy@v0	2025-12-23T16:49:42.0226810Z Found incompatibilities with WebAssembly.
build_and_deploy	Run FirebaseExtended/action-hosting-deploy@v0	2025-12-23T16:49:42.0227404Z 
build_and_deploy	Run FirebaseExtended/action-hosting-deploy@v0	2025-12-23T16:49:42.0227900Z package:simple_match/views/export_utils_web.dart 4:1 - dart:html unsupported (0)
build_and_deploy	Run FirebaseExtended/action-hosting-deploy@v0	2025-12-23T16:49:42.0229153Z package:simple_match/views/io_file_helpers_web.dart 6:1 - dart:html unsupported (0)
build_and_deploy	Run FirebaseExtended/action-hosting-deploy@v0	2025-12-23T16:49:42.0230565Z package:simple_match/views/io_file_helpers_web.dart 7:1 - JS interop library 'dart:js_util' can't be imported when compiling to Wasm. (2)
build_and_deploy	Run FirebaseExtended/action-hosting-deploy@v0	2025-12-23T16:49:42.0232595Z file:///home/runner/.pub-cache/hosted/pub.dev/image-4.5.4/lib/src/exif/ifd_directory.dart 174:26 - avoid_double_and_int_checks lint violation: Explicit check for double or int. (13)
build_and_deploy	Run FirebaseExtended/action-hosting-deploy@v0	2025-12-23T16:49:42.0234333Z file:///home/runner/.pub-cache/hosted/pub.dev/image-4.5.4/lib/src/exif/ifd_directory.dart 183:26 - avoid_double_and_int_checks lint violation: Explicit check for double or int. (13)
build_and_deploy	Run FirebaseExtended/action-hosting-deploy@v0	2025-12-23T16:49:42.0235434Z 
build_and_deploy	Run FirebaseExtended/action-hosting-deploy@v0	2025-12-23T16:49:42.0236271Z Consider addressing these issues to enable wasm builds. See docs for more info: https://docs.flutter.dev/platform-integration/web/wasm
build_and_deploy	Run FirebaseExtended/action-hosting-deploy@v0	2025-12-23T16:49:42.0237280Z 
build_and_deploy	Run FirebaseExtended/action-hosting-deploy@v0	2025-12-23T16:49:42.0237581Z Use --no-wasm-dry-run to disable these warnings.
build_and_deploy	Run FirebaseExtended/action-hosting-deploy@v0	2025-12-23T16:49:42.8969976Z Compiling lib/main.dart for the Web...                             48.1s
build_and_deploy	Run FirebaseExtended/action-hosting-deploy@v0	2025-12-23T16:49:42.8988816Z âœ“ Built build/web
build_and_deploy	Run FirebaseExtended/action-hosting-deploy@v0	2025-12-23T16:49:46.1410354Z ***
build_and_deploy	Run FirebaseExtended/action-hosting-deploy@v0	2025-12-23T16:49:46.1411467Z   "status": "success",
build_and_deploy	Run FirebaseExtended/action-hosting-deploy@v0	2025-12-23T16:49:46.1412118Z   "result": ***
build_and_deploy	Run FirebaseExtended/action-hosting-deploy@v0	2025-12-23T16:49:46.1412950Z     "hosting": "projects/564627646033/sites/dt-simple-match/versions/d1dba5f8cad50894"
build_and_deploy	Run FirebaseExtended/action-hosting-deploy@v0	2025-12-23T16:49:46.1413511Z   ***
build_and_deploy	Run FirebaseExtended/action-hosting-deploy@v0	2025-12-23T16:49:46.1818826Z ***::endgroup::
build_and_deploy	Run FirebaseExtended/action-hosting-deploy@v0	2025-12-23T16:49:46.1825972Z ***
build_and_deploy	Run FirebaseExtended/action-hosting-deploy@v0	2025-12-23T16:49:46.1826587Z   details_url: 'https://dt-simple-match.web.app/',
build_and_deploy	Run FirebaseExtended/action-hosting-deploy@v0	2025-12-23T16:49:46.1827180Z   conclusion: 'success',
build_and_deploy	Run FirebaseExtended/action-hosting-deploy@v0	2025-12-23T16:49:46.1827609Z   output: ***
build_and_deploy	Run FirebaseExtended/action-hosting-deploy@v0	2025-12-23T16:49:46.1827953Z     title: 'Production deploy succeeded',
build_and_deploy	Run FirebaseExtended/action-hosting-deploy@v0	2025-12-23T16:49:46.1828796Z     summary: '[dt-simple-match.web.app](https://dt-simple-match.web.app/)'
build_and_deploy	Run FirebaseExtended/action-hosting-deploy@v0	2025-12-23T16:49:46.1829389Z   ***
build_and_deploy	Run FirebaseExtended/action-hosting-deploy@v0	2025-12-23T16:49:46.1829666Z ***
build_and_deploy	Post Cache Flutter Pub packages	ï»¿2025-12-23T16:49:46.2883174Z Post job cleanup.
build_and_deploy	Post Cache Flutter Pub packages	2025-12-23T16:49:46.4370399Z Cache hit occurred on the primary key Linux-pub-11c962e0daf3758977c45a8dc3e808d1118c607c88c7d4d6cf9e1482829858fc, not saving cache.
build_and_deploy	Post Setup Flutter	ï»¿2025-12-23T16:49:46.4517386Z Post job cleanup.
build_and_deploy	Post Run actions/checkout@v4	ï»¿2025-12-23T16:49:46.4573076Z Post job cleanup.
build_and_deploy	Post Run actions/checkout@v4	2025-12-23T16:49:46.5481987Z [command]/usr/bin/git version
build_and_deploy	Post Run actions/checkout@v4	2025-12-23T16:49:46.5515610Z git version 2.52.0
build_and_deploy	Post Run actions/checkout@v4	2025-12-23T16:49:46.5554995Z Temporarily overriding HOME='/home/runner/work/_temp/90ca8715-8b10-47ae-b780-d594cfb43234' before making global git config changes
build_and_deploy	Post Run actions/checkout@v4	2025-12-23T16:49:46.5556267Z Adding repository directory to the temporary git global config as a safe directory
build_and_deploy	Post Run actions/checkout@v4	2025-12-23T16:49:46.5561543Z [command]/usr/bin/git config --global --add safe.directory /home/runner/work/simple_match/simple_match
build_and_deploy	Post Run actions/checkout@v4	2025-12-23T16:49:46.5597041Z [command]/usr/bin/git config --local --name-only --get-regexp core\.sshCommand
build_and_deploy	Post Run actions/checkout@v4	2025-12-23T16:49:46.5627612Z [command]/usr/bin/git submodule foreach --recursive sh -c "git config --local --name-only --get-regexp 'core\.sshCommand' && git config --local --unset-all 'core.sshCommand' || :"
build_and_deploy	Post Run actions/checkout@v4	2025-12-23T16:49:46.5820345Z [command]/usr/bin/git config --local --name-only --get-regexp http\.https\:\/\/github\.com\/\.extraheader
build_and_deploy	Post Run actions/checkout@v4	2025-12-23T16:49:46.5841107Z http.https://github.com/.extraheader
build_and_deploy	Post Run actions/checkout@v4	2025-12-23T16:49:46.5853816Z [command]/usr/bin/git config --local --unset-all http.https://github.com/.extraheader
build_and_deploy	Post Run actions/checkout@v4	2025-12-23T16:49:46.5881895Z [command]/usr/bin/git submodule foreach --recursive sh -c "git config --local --name-only --get-regexp 'http\.https\:\/\/github\.com\/\.extraheader' && git config --local --unset-all 'http.https://github.com/.extraheader' || :"
build_and_deploy	Post Run actions/checkout@v4	2025-12-23T16:49:46.6065902Z [command]/usr/bin/git config --local --name-only --get-regexp ^includeIf\.gitdir:
build_and_deploy	Post Run actions/checkout@v4	2025-12-23T16:49:46.6095516Z [command]/usr/bin/git submodule foreach --recursive git config --local --show-origin --name-only --get-regexp remote.origin.url
build_and_deploy	Complete job	ï»¿2025-12-23T16:49:46.6370466Z Cleaning up orphan processes
